The '--headless' CLI argument is deprecated. Omit '--viz' for default headless. If config visualizers are enabled and you want to force headless, use '--viz none'.
Loading user config located at: '/workspace/WBC-AGILE/.venv/lib/python3.12/site-packages/isaacsim/kit/data/Kit/IsaacLab/3.0/user.config.json'
2026-09-02T04:54:07Z [0ms] [Warning] [omni.ext.plugin] [ext: isaaclab_visualizers] Extensions config 'extension.toml' doesn't exist '/workspace/WBC-AGILE/.venv/lib/python3.12/site-packages/isaaclab/source/isaaclab_visualizers' or '/workspace/WBC-AGILE/.venv/lib/python3.12/site-packages/isaaclab/source/isaaclab_visualizers/config'
WARNING: All log messages before absl::InitializeLog() is called are written to STDERR
E0000 00:00:1788324847.521403  380201 descriptor_database.cc:633] File already exists in database: grpc/health/v1/health.proto
W0000 00:00:1788324847.521432  380201 message.cc:301] Protobuf GeneratedMessageFactory: File is already registered: grpc/health/v1/health.proto
2026-09-02T04:54:07Z [378ms] [Warning] [omni.usd_config.extension] Enable omni.materialx.libs extension to use MaterialX
2026-09-02T04:54:07Z [429ms] [Warning] [omni.platforminfo.plugin] failed to open the default display.  Can't verify X Server version.
2026-09-02T04:54:07Z [429ms] [Error] [omni.ext.plugin] Could not load the dynamic library from /workspace/WBC-AGILE/.venv/lib/python3.12/site-packages/isaacsim/extscache/omni.usd.libs-1.0.3+6312fa25.lx64.r.cp312/bin/libMaterialXRenderHw.so. Error: libXt.so.6: cannot open shared object file: No such file or directory (note that this may be caused by a dependent library)
2026-09-02T04:54:07Z [429ms] [Error] [omni.ext.plugin] Could not load the dynamic library from /workspace/WBC-AGILE/.venv/lib/python3.12/site-packages/isaacsim/extscache/omni.usd.libs-1.0.3+6312fa25.lx64.r.cp312/bin/libMaterialXRenderGlsl.so. Error: libXt.so.6: cannot open shared object file: No such file or directory (note that this may be caused by a dependent library)
2026-09-02T04:54:07Z [430ms] [Error] [omni.ext.plugin] Could not load the dynamic library from /workspace/WBC-AGILE/.venv/lib/python3.12/site-packages/isaacsim/extscache/omni.usd.libs-1.0.3+6312fa25.lx64.r.cp312/bin/libusd_usdBakeMtlx.so. Error: libXt.so.6: cannot open shared object file: No such file or directory (note that this may be caused by a dependent library)
2026-09-02T04:54:08Z [1,108ms] [Warning] [isaacsim.core.simulation_manager.plugin] USD stage is not available; stage-opened subscription is deferred
2026-09-02T04:54:08Z [1,108ms] [Warning] [isaacsim.core.simulation_manager.plugin] USD stage is not available; stage-opened subscription is deferred
[ISAACLAB] AppLauncher initialization complete
[ablate] AGILE_ABLATE=nophysics AGILE_NVTX=1
[ablate]   SimulationContext.step -> no-op (PhysX solve removed)
[ablate]   nvtx act/process <- ActionManager.process_action
[ablate]   nvtx act/apply <- ActionManager.apply_action
[ablate]   nvtx sim/write <- InteractiveScene.write_data_to_sim
[ablate]   nvtx sim/step <- SimulationContext.step
[ablate]   nvtx sim/readback <- InteractiveScene.update
[ablate]   nvtx mdp/command <- CommandManager.compute
[ablate]   nvtx mdp/reward <- RewardManager.compute
[ablate]   nvtx mdp/termination <- TerminationManager.compute
[ablate]   nvtx mdp/observation <- ObservationManager.compute
[ablate]   nvtx mdp/reset <- ManagerBasedRLEnv._reset_idx
[ablate]   nvtx env/step <- ManagerBasedRLEnv.step
[INFO]: Parsing configuration from: agile.rl_env.tasks.stand_up.g1.height_tracking_env_cfg:G1HeightTrackingEnvCfg
[INFO]: Parsing configuration from: agile.rl_env.tasks.stand_up.g1.agents.rsl_rl_ppo_cfg:G1HeightTrackingPpoRunnerCfg
[INFO] Logging experiment in directory: /workspace/WBC-AGILE/logs/rsl_rl/height_tracking_g1
Exact experiment name requested from command line: 2026-09-02_04-54-17
2026-09-02T04:54:17Z [10,273ms] [Warning] [isaaclab_physx.physics.physx_manager] TGS solver with enable_external_forces_every_iteration=False may cause noisy velocities.
[INFO]: Base environment:
	Environment device    : cuda:0
	Environment seed      : 42
	Physics step-size     : 0.005
	Rendering step-size   : 0.02
	Environment step-size : 0.02
[INFO] Generating terrains based on curriculum took Last: 0.217901 s
[INFO]: Registered backend 'physx' for factory Articulation.
[INFO]: Setting variant selection 'PhysX' for variant set 'Physics' on prim '/World/envs/env_0/Robot'.
[INFO]: Setting variant selection 'None' for variant set 'left_hand' on prim '/World/envs/env_0/Robot'.
[INFO]: Setting variant selection 'None' for variant set 'right_hand' on prim '/World/envs/env_0/Robot'.
[INFO]: Registered backend 'physx' for factory FrameView.
[INFO]: Registered backend 'physx' for factory ContactSensor.
[INFO]: Registered backend 'physx' for factory RayCaster.
[INFO]: Physics scene prim path: /physicsScene
[INFO]: Time taken for scene creation Last: 2.259508 s, Mean: 2.259508 s, Std: 0.000000 s, N: 1
[INFO]: Scene manager:  <class InteractiveScene>
	Number of environments: 512
	Environment spacing   : 2.5
	Source prim name      : /World/envs/env_0
	Global prim paths     : ['/World/ground']
	Replicate physics     : True
2026-09-02T04:54:23Z [15,704ms] [Warning] [usdrt.population.plugin] Last global time was not created. Did you call setEnableUsdNoticeHandling?
[INFO]: Simulation parameters for joints in /World/envs/env_.*/Robot:
+---------------------------------------------------------------------------------------------------------------------------------------------------------------------------------+
|                                                        Simulation Joint Information (Prim path: /World/envs/env_.*/Robot)                                                       |
+-------+----------------------------+-----------+---------+----------+-----------------+------------------+------------------+-----------------+-----------------+---------------+
| Index | Name                       | Stiffness | Damping | Armature | Static Friction | Dynamic Friction | Viscous Friction | Position Limits | Velocity Limits | Effort Limits |
+-------+----------------------------+-----------+---------+----------+-----------------+------------------+------------------+-----------------+-----------------+---------------+
|   0   | left_hip_pitch_joint       |   0.000   |  0.000  |  0.020   |      0.010      |      0.000       |      0.000       | [-2.531, 2.880] |      32.000     |     88.000    |
|   1   | right_hip_pitch_joint      |   0.000   |  0.000  |  0.020   |      0.010      |      0.000       |      0.000       | [-2.531, 2.880] |      32.000     |     88.000    |
|   2   | waist_yaw_joint            |   0.000   |  0.000  |  0.020   |      0.010      |      0.000       |      0.000       | [-2.618, 2.618] |      32.000     |     88.000    |
|   3   | left_hip_roll_joint        |   0.000   |  0.000  |  0.020   |      0.010      |      0.000       |      0.000       | [-0.524, 2.967] |      32.000     |     88.000    |
|   4   | right_hip_roll_joint       |   0.000   |  0.000  |  0.020   |      0.010      |      0.000       |      0.000       | [-2.967, 0.524] |      32.000     |     88.000    |
|   5   | waist_roll_joint           |   0.000   |  0.000  |  0.020   |      0.010      |      0.000       |      0.000       | [-0.520, 0.520] |      37.000     |     50.000    |
|   6   | left_hip_yaw_joint         |   0.000   |  0.000  |  0.020   |      0.010      |      0.000       |      0.000       | [-2.758, 2.758] |      32.000     |     88.000    |
|   7   | right_hip_yaw_joint        |   0.000   |  0.000  |  0.020   |      0.010      |      0.000       |      0.000       | [-2.758, 2.758] |      32.000     |     88.000    |
|   8   | waist_pitch_joint          |   0.000   |  0.000  |  0.020   |      0.010      |      0.000       |      0.000       | [-0.520, 0.520] |      37.000     |     50.000    |
|   9   | left_knee_joint            |   0.000   |  0.000  |  0.020   |      0.010      |      0.000       |      0.000       | [-0.087, 2.880] |      20.000     |    139.000    |
|   10  | right_knee_joint           |   0.000   |  0.000  |  0.020   |      0.010      |      0.000       |      0.000       | [-0.087, 2.880] |      20.000     |    139.000    |
|   11  | left_shoulder_pitch_joint  |   0.000   |  0.000  |  0.020   |      0.010      |      0.000       |      0.000       | [-3.089, 2.670] |      37.000     |     25.000    |
|   12  | right_shoulder_pitch_joint |   0.000   |  0.000  |  0.020   |      0.010      |      0.000       |      0.000       | [-3.089, 2.670] |      37.000     |     25.000    |
|   13  | left_ankle_pitch_joint     |   0.000   |  0.000  |  0.020   |      0.010      |      0.000       |      0.000       | [-0.873, 0.524] |      37.000     |     50.000    |
|   14  | right_ankle_pitch_joint    |   0.000   |  0.000  |  0.020   |      0.010      |      0.000       |      0.000       | [-0.873, 0.524] |      37.000     |     50.000    |
|   15  | left_shoulder_roll_joint   |   0.000   |  0.000  |  0.020   |      0.010      |      0.000       |      0.000       | [-1.588, 2.251] |      37.000     |     25.000    |
|   16  | right_shoulder_roll_joint  |   0.000   |  0.000  |  0.020   |      0.010      |      0.000       |      0.000       | [-2.251, 1.588] |      37.000     |     25.000    |
|   17  | left_ankle_roll_joint      |   0.000   |  0.000  |  0.020   |      0.010      |      0.000       |      0.000       | [-0.262, 0.262] |      37.000     |     50.000    |
|   18  | right_ankle_roll_joint     |   0.000   |  0.000  |  0.020   |      0.010      |      0.000       |      0.000       | [-0.262, 0.262] |      37.000     |     50.000    |
|   19  | left_shoulder_yaw_joint    |   0.000   |  0.000  |  0.020   |      0.010      |      0.000       |      0.000       | [-2.618, 2.618] |      37.000     |     25.000    |
|   20  | right_shoulder_yaw_joint   |   0.000   |  0.000  |  0.020   |      0.010      |      0.000       |      0.000       | [-2.618, 2.618] |      37.000     |     25.000    |
|   21  | left_elbow_joint           |   0.000   |  0.000  |  0.020   |      0.010      |      0.000       |      0.000       | [-1.047, 2.094] |      37.000     |     25.000    |
|   22  | right_elbow_joint          |   0.000   |  0.000  |  0.020   |      0.010      |      0.000       |      0.000       | [-1.047, 2.094] |      37.000     |     25.000    |
|   23  | left_wrist_roll_joint      |   0.000   |  0.000  |  0.020   |      0.010      |      0.000       |      0.000       | [-1.972, 1.972] |      37.000     |     25.000    |
|   24  | right_wrist_roll_joint     |   0.000   |  0.000  |  0.020   |      0.010      |      0.000       |      0.000       | [-1.972, 1.972] |      37.000     |     25.000    |
|   25  | left_wrist_pitch_joint     |   0.000   |  0.000  |  0.020   |      0.010      |      0.000       |      0.000       | [-1.614, 1.614] |      22.000     |     5.000     |
|   26  | right_wrist_pitch_joint    |   0.000   |  0.000  |  0.020   |      0.010      |      0.000       |      0.000       | [-1.614, 1.614] |      22.000     |     5.000     |
|   27  | left_wrist_yaw_joint       |   0.000   |  0.000  |  0.020   |      0.010      |      0.000       |      0.000       | [-1.614, 1.614] |      22.000     |     5.000     |
|   28  | right_wrist_yaw_joint      |   0.000   |  0.000  |  0.020   |      0.010      |      0.000       |      0.000       | [-1.614, 1.614] |      22.000     |     5.000     |
+-------+----------------------------+-----------+---------+----------+-----------------+------------------+------------------+-----------------+-----------------+---------------+
[INFO]: Read mesh prim: /World/ground/terrain/mesh with 369728 vertices and 2097240 faces.
[INFO]: Time taken for simulation start Last: 4.155046 s, Mean: 4.155046 s, Std: 0.000000 s, N: 1
[INFO] Command Manager:  <CommandManager> contains 1 active terms.
+--------------------------------------+
|         Active Command Terms         |
+-------+--------+---------------------+
| Index | Name   |         Type        |
+-------+--------+---------------------+
|   0   | height | SmoothHeightCommand |
+-------+--------+---------------------+

[INFO] Event Manager:  <EventManager> contains 3 active terms.
+----------------------------------------+
| Active Event Terms in Mode: 'startup'  |
+--------+-------------------------------+
| Index  | Name                          |
+--------+-------------------------------+
|   0    | randomize_physics_material    |
|   1    | randomize_actuator_gains      |
|   2    | randomize_bodies_mass         |
|   3    | randomize_base_mass           |
|   4    | randomize_base_com            |
+--------+-------------------------------+
+---------------------------------------------------------------------------+
|                   Active Event Terms in Mode: 'interval'                  |
+-------+-----------------------------------------+-------------------------+
| Index | Name                                    | Interval time range (s) |
+-------+-----------------------------------------+-------------------------+
|   0   | push_robot                              |       (0.0, 10.0)       |
|   1   | apply_external_force_torque             |       (0.0, 10.0)       |
|   2   | apply_external_force_torque_extremities |       (0.0, 10.0)       |
+-------+-----------------------------------------+-------------------------+
+----------------------------------+
| Active Event Terms in Mode: 'reset' |
+------------+---------------------+
|   Index    | Name                |
+------------+---------------------+
|     0      | reset_base          |
+------------+---------------------+

[INFO] Recorder Manager:  <RecorderManager> contains 0 active terms.
+---------------------+
| Active Recorder Terms |
+-----------+---------+
|   Index   | Name    |
+-----------+---------+
+-----------+---------+

[INFO]: Resolved joint names for the action term JointPositionAction: ['left_hip_pitch_joint', 'right_hip_pitch_joint', 'waist_yaw_joint', 'left_hip_roll_joint', 'right_hip_roll_joint', 'waist_roll_joint', 'left_hip_yaw_joint', 'right_hip_yaw_joint', 'waist_pitch_joint', 'left_knee_joint', 'right_knee_joint', 'left_shoulder_pitch_joint', 'right_shoulder_pitch_joint', 'left_ankle_pitch_joint', 'right_ankle_pitch_joint', 'left_shoulder_roll_joint', 'right_shoulder_roll_joint', 'left_ankle_roll_joint', 'right_ankle_roll_joint', 'left_shoulder_yaw_joint', 'right_shoulder_yaw_joint', 'left_elbow_joint', 'right_elbow_joint', 'left_wrist_roll_joint', 'right_wrist_roll_joint', 'left_wrist_pitch_joint', 'right_wrist_pitch_joint', 'left_wrist_yaw_joint', 'right_wrist_yaw_joint'] [[0, 1, 2, 3, 4, 5, 6, 7, 8, 9, 10, 11, 12, 13, 14, 15, 16, 17, 18, 19, 20, 21, 22, 23, 24, 25, 26, 27, 28]]
[INFO] Action Manager:  <ActionManager> contains 2 active terms.
+------------------------------------+
|  Active Action Terms (shape: 29)   |
+--------+-------------+-------------+
| Index  | Name        |   Dimension |
+--------+-------------+-------------+
|   0    | joint_pos   |          29 |
|   1    | lift        |           0 |
+--------+-------------+-------------+

[INFO] Observation Manager: <ObservationManager> contains 2 groups.
+----------------------------------------------+
| Active Observation Terms in Group: 'policy'  |
+---------+------------------------+-----------+
|  Index  | Name                   |   Shape   |
+---------+------------------------+-----------+
|    0    | base_ang_vel           |   (5, 3)  |
|    1    | projected_gravity      |   (5, 3)  |
|    2    | joint_pos              |  (5, 29)  |
|    3    | joint_vel              |  (5, 29)  |
|    4    | actions                |  (5, 29)  |
|    5    | height_command         |   (5, 1)  |
+---------+------------------------+-----------+
+----------------------------------------------+
| Active Observation Terms in Group: 'critic'  |
+---------+------------------------+-----------+
|  Index  | Name                   |   Shape   |
+---------+------------------------+-----------+
|    0    | projected_gravity      |   (5, 3)  |
|    1    | base_lin_vel           |   (5, 3)  |
|    2    | base_ang_vel           |   (5, 3)  |
|    3    | joint_pos              |  (5, 29)  |
|    4    | joint_vel              |  (5, 29)  |
|    5    | actions                |  (5, 29)  |
|    6    | contact_forces         |  (5, 30)  |
|    7    | base_height            |   (5, 1)  |
|    8    | height_command         |   (5, 1)  |
+---------+------------------------+-----------+

[INFO] Termination Manager:  <TerminationManager> contains 2 active terms.
+----------------------------------+
|     Active Termination Terms     |
+-------+---------------+----------+
| Index | Name          | Time Out |
+-------+---------------+----------+
|   0   | time_out      |   True   |
|   1   | invalid_state |  False   |
+-------+---------------+----------+

[INFO] Reward Manager:  <RewardManager> contains 32 active terms.
+--------------------------------------------+
|            Active Reward Terms             |
+-------+-------------------------+----------+
| Index | Name                    |   Weight |
+-------+-------------------------+----------+
|   0   | joint_torques_l2        |   -5e-05 |
|   1   | torque_limits           |    -0.01 |
|   2   | joint_acc_l2            | -2.5e-08 |
|   3   | joint_pos_limits        |     -0.1 |
|   4   | joint_vel_limits        |    -0.01 |
|   5   | action_rate             |     -1.0 |
|   6   | action_rate_rate        |    -0.15 |
|   7   | joint_vel_l2            |   -0.001 |
|   8   | joint_tracking_error    |     -0.5 |
|   9   | base_height_rough       |      4.0 |
|   10  | base_height_medium      |      8.0 |
|   11  | base_height_fine        |     16.0 |
|   12  | relaxation              |     -1.0 |
|   13  | joint_deviation_l1      |     -0.5 |
|   14  | joint_deviation_l1_arms |     -0.5 |
|   15  | ankle_torques           |   -0.001 |
|   16  | not_moving              |     -1.0 |
|   17  | torso_upright           |     -1.0 |
|   18  | severely_tilted         |     -5.0 |
|   19  | torso_roll              |     -5.0 |
|   20  | forward_pitch           |    -10.0 |
|   21  | illegal_contacts        |     -2.0 |
|   22  | feet_distance           |     -5.0 |
|   23  | feet_distance_standing  |    -10.0 |
|   24  | ground_unloaded         |     -2.0 |
|   25  | flat_feet               |     -1.0 |
|   26  | feet_slide              |     -1.0 |
|   27  | feet_yaw_mean           |     -2.0 |
|   28  | completely_airborne     |    -50.0 |
|   29  | body_velocity           |     -0.1 |
|   30  | ground_slam             |     -1.0 |
|   31  | torso_slam              |     -5.0 |
+-------+-------------------------+----------+

[INFO] Curriculum Manager:  <CurriculumManager> contains 8 active terms.
+---------------------------------+
|     Active Curriculum Terms     |
+-------+-------------------------+
| Index | Name                    |
+-------+-------------------------+
|   0   | adaptive_lift           |
|   1   | terrain_levels          |
|   2   | polish_action_rate_rate |
|   3   | polish_ground_slam      |
|   4   | polish_torso_slam       |
|   5   | polish_not_moving       |
|   6   | polish_joint_vel_l2     |
|   7   | random_fallen_states    |
+-------+-------------------------+

[INFO]: Completed setting up the environment...
/workspace/WBC-AGILE/.venv/lib/python3.12/site-packages/rsl_rl/utils/utils.py:220: UserWarning: The observation configuration dictionary 'obs_groups' is empty and thus likely not configured. Consider configuring the 'obs_groups' dictionary explicitly
  warnings.warn(
/workspace/WBC-AGILE/.venv/lib/python3.12/site-packages/rsl_rl/utils/utils.py:251: UserWarning: The observation configuration dictionary 'obs_groups' does not contain the 'actor' key. As an observation group with the name 'policy' was found, this is assumed to be the appropriate observation. Consider adding the 'actor' key to the 'obs_groups' dictionary for clarity. This behavior will be removed in a future version.
  warnings.warn(
/workspace/WBC-AGILE/.venv/lib/python3.12/site-packages/rsl_rl/utils/utils.py:243: UserWarning: The observation configuration dictionary 'obs_groups' does not contain the 'critic' key. As an observation group with the name 'critic' was found, this is assumed to be the appropriate observation. Consider adding the 'critic' key to the 'obs_groups' dictionary for clarity. This behavior will be removed in a future version.
  warnings.warn(
--------------------------------------------------------------------------------
Resolved observation sets: 
	 actor :  ['policy']
	 critic :  ['critic']
--------------------------------------------------------------------------------
Actor Model: MLPModel(
  (obs_normalizer): Identity()
  (distribution): GaussianDistribution()
  (mlp): MLP(
    (0): Linear(in_features=470, out_features=256, bias=True)
    (1): ELU(alpha=1.0)
    (2): Linear(in_features=256, out_features=256, bias=True)
    (3): ELU(alpha=1.0)
    (4): Linear(in_features=256, out_features=128, bias=True)
    (5): ELU(alpha=1.0)
    (6): Linear(in_features=128, out_features=29, bias=True)
  )
)
Critic Model: MLPModel(
  (obs_normalizer): Identity()
  (mlp): MLP(
    (0): Linear(in_features=640, out_features=512, bias=True)
    (1): ELU(alpha=1.0)
    (2): Linear(in_features=512, out_features=256, bias=True)
    (3): ELU(alpha=1.0)
    (4): Linear(in_features=256, out_features=128, bias=True)
    (5): ELU(alpha=1.0)
    (6): Linear(in_features=128, out_features=1, bias=True)
  )
)
Storing git diff for 'WBC-AGILE' in: /workspace/WBC-AGILE/logs/rsl_rl/height_tracking_g1/2026-09-02_04-54-17_height_tracking_g1/git/WBC-AGILE.diff
Could not find git repository in /workspace/bench/scripts/train_ablate.py. Skipping.
################################################################################
[1m                             Learning iteration 0/5                             [0m 

                               Run name: height_tracking_g1
                            Total steps: 12288 
                       Steps per second: 6464 
                        Collection time: 1.688s 
                          Learning time: 0.213s 
                        Mean value loss: 6.8595
                    Mean surrogate loss: 0.0175
                      Mean entropy loss: 41.1245
                     Mean symmetry loss: 0.0038
                   Mean l2c2_actor loss: 0.0015
                  Mean l2c2_critic loss: 0.0018
                            Mean reward: -30.55
                    Mean episode length: 11.60
                        Mean action std: 1.00
                    Entropy coefficient: 0.002500
          Curriculum/polish_ground_slam: -1.0000
  Episode_Reward/feet_distance_standing: 0.0000
              Episode_Reward/torso_roll: -0.0041
               Curriculum/adaptive_lift: 1.0000
      Episode_Reward/joint_deviation_l1: -0.0053
         Episode_Reward/severely_tilted: 0.0000
        Episode_Reward/action_rate_rate: -0.3255
              Episode_Reward/feet_slide: 0.0000
           Episode_Termination/time_out: 0.0164
      Episode_Termination/invalid_state: 0.0000
           Episode_Reward/forward_pitch: -0.0000
           Episode_Reward/feet_yaw_mean: -0.0000
        Episode_Reward/joint_pos_limits: -0.0002
        Episode_Reward/joint_vel_limits: 0.0000
           Episode_Reward/torso_upright: 0.0000
              Episode_Reward/torso_slam: 0.0000
         Curriculum/polish_joint_vel_l2: -0.0010
      Episode_Reward/base_height_medium: 0.0583
           Episode_Reward/torque_limits: -0.0151
     Episode_Reward/completely_airborne: -0.7361
               Episode_Reward/flat_feet: -0.0164
        Curriculum/random_fallen_states: 0.0000
     Curriculum/polish_action_rate_rate: -0.1500
        Episode_Reward/base_height_fine: 0.0936
              Curriculum/terrain_levels: 0.0000
            Episode_Reward/joint_acc_l2: 0.0000
             Episode_Reward/ground_slam: 0.0000
       Episode_Reward/base_height_rough: 0.0379
              Episode_Reward/relaxation: -0.0206
            Episode_Reward/joint_vel_l2: -0.0000
           Episode_Reward/feet_distance: 0.0000
        Episode_Reward/illegal_contacts: 0.0000
 Episode_Reward/joint_deviation_l1_arms: -0.0000
           Curriculum/polish_torso_slam: -5.0000
           Curriculum/polish_not_moving: -1.0000
           Episode_Reward/body_velocity: -0.0012
             Episode_Reward/action_rate: -0.7787
    Episode_Reward/joint_tracking_error: -0.0407
           Episode_Reward/ankle_torques: -0.0051
        Episode_Reward/joint_torques_l2: -0.0174
         Episode_Reward/ground_unloaded: -0.0279
              Episode_Reward/not_moving: -0.0099
            Metrics/height/height_error: 0.0000
--------------------------------------------------------------------------------
                         Iteration time: 1.90s
                           Time elapsed: 0:00:01
                                    ETA: 0:00:07

################################################################################
[1m                             Learning iteration 1/5                             [0m 

                               Run name: height_tracking_g1
                            Total steps: 24576 
                       Steps per second: 12440 
                        Collection time: 0.878s 
                          Learning time: 0.110s 
                        Mean value loss: 7.1138
                    Mean surrogate loss: 0.0031
                      Mean entropy loss: 41.0980
                     Mean symmetry loss: 0.0028
                   Mean l2c2_actor loss: 0.0017
                  Mean l2c2_critic loss: 0.0076
                            Mean reward: -71.33
                    Mean episode length: 23.87
                        Mean action std: 1.00
                    Entropy coefficient: 0.002500
          Curriculum/polish_ground_slam: -1.0000
  Episode_Reward/feet_distance_standing: 0.0000
              Episode_Reward/torso_roll: -0.0095
               Curriculum/adaptive_lift: 1.0000
      Episode_Reward/joint_deviation_l1: -0.0089
         Episode_Reward/severely_tilted: 0.0000
        Episode_Reward/action_rate_rate: -1.2730
              Episode_Reward/feet_slide: 0.0000
           Episode_Termination/time_out: 0.0470
      Episode_Termination/invalid_state: 0.0000
           Episode_Reward/forward_pitch: -0.0000
           Episode_Reward/feet_yaw_mean: -0.0000
        Episode_Reward/joint_pos_limits: -0.0006
        Episode_Reward/joint_vel_limits: 0.0000
           Episode_Reward/torso_upright: 0.0000
              Episode_Reward/torso_slam: 0.0000
         Curriculum/polish_joint_vel_l2: -0.0010
      Episode_Reward/base_height_medium: 0.1396
           Episode_Reward/torque_limits: -0.0577
     Episode_Reward/completely_airborne: -2.3750
               Episode_Reward/flat_feet: -0.1024
        Curriculum/random_fallen_states: 0.0000
     Curriculum/polish_action_rate_rate: -0.1500
        Episode_Reward/base_height_fine: 0.1583
              Curriculum/terrain_levels: 0.0000
            Episode_Reward/joint_acc_l2: 0.0000
             Episode_Reward/ground_slam: 0.0000
       Episode_Reward/base_height_rough: 0.1067
              Episode_Reward/relaxation: -0.7893
            Episode_Reward/joint_vel_l2: -0.0000
           Episode_Reward/feet_distance: 0.0000
        Episode_Reward/illegal_contacts: 0.0000
 Episode_Reward/joint_deviation_l1_arms: -0.0000
           Curriculum/polish_torso_slam: -5.0000
           Curriculum/polish_not_moving: -1.0000
           Episode_Reward/body_velocity: -0.0046
             Episode_Reward/action_rate: -2.8444
    Episode_Reward/joint_tracking_error: -0.1439
           Episode_Reward/ankle_torques: -0.0155
        Episode_Reward/joint_torques_l2: -0.0588
         Episode_Reward/ground_unloaded: -0.0327
              Episode_Reward/not_moving: -0.0030
            Metrics/height/height_error: 0.0000
--------------------------------------------------------------------------------
                         Iteration time: 0.99s
                           Time elapsed: 0:00:02
                                    ETA: 0:00:04

################################################################################
[1m                             Learning iteration 2/5                             [0m 

                               Run name: height_tracking_g1
                            Total steps: 36864 
                       Steps per second: 16800 
                        Collection time: 0.622s 
                          Learning time: 0.110s 
                        Mean value loss: 6.9025
                    Mean surrogate loss: -0.0154
                      Mean entropy loss: 40.9977
                     Mean symmetry loss: 0.0016
                   Mean l2c2_actor loss: 0.0023
                  Mean l2c2_critic loss: 0.0157
                            Mean reward: -110.50
                    Mean episode length: 37.69
                        Mean action std: 0.99
                    Entropy coefficient: 0.002500
          Curriculum/polish_ground_slam: -1.0000
  Episode_Reward/feet_distance_standing: 0.0000
              Episode_Reward/torso_roll: -0.0237
               Curriculum/adaptive_lift: 1.0000
      Episode_Reward/joint_deviation_l1: -0.0216
         Episode_Reward/severely_tilted: 0.0000
        Episode_Reward/action_rate_rate: -2.0310
              Episode_Reward/feet_slide: 0.0000
           Episode_Termination/time_out: 0.0774
      Episode_Termination/invalid_state: 0.0000
           Episode_Reward/forward_pitch: -0.0000
           Episode_Reward/feet_yaw_mean: -0.0000
        Episode_Reward/joint_pos_limits: -0.0010
        Episode_Reward/joint_vel_limits: 0.0000
           Episode_Reward/torso_upright: 0.0000
              Episode_Reward/torso_slam: 0.0000
         Curriculum/polish_joint_vel_l2: -0.0010
      Episode_Reward/base_height_medium: 0.0742
           Episode_Reward/torque_limits: -0.0889
     Episode_Reward/completely_airborne: -3.9722
               Episode_Reward/flat_feet: -0.1522
        Curriculum/random_fallen_states: 0.0000
     Curriculum/polish_action_rate_rate: -0.1500
        Episode_Reward/base_height_fine: 0.0703
              Curriculum/terrain_levels: 0.0000
            Episode_Reward/joint_acc_l2: 0.0000
             Episode_Reward/ground_slam: 0.0000
       Episode_Reward/base_height_rough: 0.0908
              Episode_Reward/relaxation: -0.6265
            Episode_Reward/joint_vel_l2: -0.0000
           Episode_Reward/feet_distance: 0.0000
        Episode_Reward/illegal_contacts: 0.0000
 Episode_Reward/joint_deviation_l1_arms: -0.0000
           Curriculum/polish_torso_slam: -5.0000
           Curriculum/polish_not_moving: -1.0000
           Episode_Reward/body_velocity: -0.0350
             Episode_Reward/action_rate: -4.5615
    Episode_Reward/joint_tracking_error: -0.2314
           Episode_Reward/ankle_torques: -0.0278
        Episode_Reward/joint_torques_l2: -0.0991
         Episode_Reward/ground_unloaded: -0.1089
              Episode_Reward/not_moving: -0.0013
            Metrics/height/height_error: 0.0000
--------------------------------------------------------------------------------
                         Iteration time: 0.73s
                           Time elapsed: 0:00:03
                                    ETA: 0:00:02

################################################################################
[1m                             Learning iteration 3/5                             [0m 

                               Run name: height_tracking_g1
                            Total steps: 49152 
                       Steps per second: 16298 
                        Collection time: 0.645s 
                          Learning time: 0.109s 
                        Mean value loss: 6.7452
                    Mean surrogate loss: -0.0138
                      Mean entropy loss: 40.9249
                     Mean symmetry loss: 0.0012
                   Mean l2c2_actor loss: 0.0026
                  Mean l2c2_critic loss: 0.0143
                            Mean reward: -157.11
                    Mean episode length: 53.38
                        Mean action std: 0.99
                    Entropy coefficient: 0.002500
          Curriculum/polish_ground_slam: -1.0000
  Episode_Reward/feet_distance_standing: 0.0000
              Episode_Reward/torso_roll: -0.0369
               Curriculum/adaptive_lift: 0.9999
      Episode_Reward/joint_deviation_l1: -0.0406
         Episode_Reward/severely_tilted: 0.0000
        Episode_Reward/action_rate_rate: -2.8821
              Episode_Reward/feet_slide: 0.0000
           Episode_Termination/time_out: 0.1148
      Episode_Termination/invalid_state: 0.0000
           Episode_Reward/forward_pitch: -0.0000
           Episode_Reward/feet_yaw_mean: -0.0000
        Episode_Reward/joint_pos_limits: -0.0014
        Episode_Reward/joint_vel_limits: 0.0000
           Episode_Reward/torso_upright: 0.0000
              Episode_Reward/torso_slam: 0.0000
         Curriculum/polish_joint_vel_l2: -0.0010
      Episode_Reward/base_height_medium: 0.1747
           Episode_Reward/torque_limits: -0.1269
     Episode_Reward/completely_airborne: -5.5944
               Episode_Reward/flat_feet: -0.1386
        Curriculum/random_fallen_states: 0.0000
     Curriculum/polish_action_rate_rate: -0.1500
        Episode_Reward/base_height_fine: 0.2320
              Curriculum/terrain_levels: 0.0000
            Episode_Reward/joint_acc_l2: 0.0000
             Episode_Reward/ground_slam: 0.0000
       Episode_Reward/base_height_rough: 0.1389
              Episode_Reward/relaxation: -1.5050
            Episode_Reward/joint_vel_l2: -0.0000
           Episode_Reward/feet_distance: 0.0000
        Episode_Reward/illegal_contacts: 0.0000
 Episode_Reward/joint_deviation_l1_arms: -0.0000
           Curriculum/polish_torso_slam: -5.0000
           Curriculum/polish_not_moving: -1.0000
           Episode_Reward/body_velocity: -0.0271
             Episode_Reward/action_rate: -6.4320
    Episode_Reward/joint_tracking_error: -0.3276
           Episode_Reward/ankle_torques: -0.0374
        Episode_Reward/joint_torques_l2: -0.1408
         Episode_Reward/ground_unloaded: -0.1069
              Episode_Reward/not_moving: -0.0039
            Metrics/height/height_error: 0.0000
--------------------------------------------------------------------------------
                         Iteration time: 0.75s
                           Time elapsed: 0:00:04
                                    ETA: 0:00:01

################################################################################
[1m                             Learning iteration 4/5                             [0m 

                               Run name: height_tracking_g1
                            Total steps: 61440 
                       Steps per second: 15310 
                        Collection time: 0.693s 
                          Learning time: 0.110s 
                        Mean value loss: 6.5466
                    Mean surrogate loss: -0.0214
                      Mean entropy loss: 40.8402
                     Mean symmetry loss: 0.0010
                   Mean l2c2_actor loss: 0.0034
                  Mean l2c2_critic loss: 0.0175
                            Mean reward: -190.29
                    Mean episode length: 64.97
                        Mean action std: 0.99
                    Entropy coefficient: 0.002500
          Curriculum/polish_ground_slam: -1.0000
  Episode_Reward/feet_distance_standing: 0.0000
              Episode_Reward/torso_roll: -0.0817
               Curriculum/adaptive_lift: 0.9990
      Episode_Reward/joint_deviation_l1: -0.0492
         Episode_Reward/severely_tilted: 0.0000
        Episode_Reward/action_rate_rate: -3.7635
              Episode_Reward/feet_slide: 0.0000
           Episode_Termination/time_out: 0.1548
      Episode_Termination/invalid_state: 0.0000
           Episode_Reward/forward_pitch: -0.0000
           Episode_Reward/feet_yaw_mean: -0.0000
        Episode_Reward/joint_pos_limits: -0.0018
        Episode_Reward/joint_vel_limits: 0.0000
           Episode_Reward/torso_upright: 0.0000
              Episode_Reward/torso_slam: 0.0000
         Curriculum/polish_joint_vel_l2: -0.0010
      Episode_Reward/base_height_medium: 0.4156
           Episode_Reward/torque_limits: -0.1614
     Episode_Reward/completely_airborne: -7.1778
               Episode_Reward/flat_feet: -0.2269
        Curriculum/random_fallen_states: 0.0000
     Curriculum/polish_action_rate_rate: -0.1500
        Episode_Reward/base_height_fine: 0.4616
              Curriculum/terrain_levels: 0.0000
            Episode_Reward/joint_acc_l2: 0.0000
             Episode_Reward/ground_slam: 0.0000
       Episode_Reward/base_height_rough: 0.3133
              Episode_Reward/relaxation: -0.6536
            Episode_Reward/joint_vel_l2: -0.0000
           Episode_Reward/feet_distance: 0.0000
        Episode_Reward/illegal_contacts: 0.0000
 Episode_Reward/joint_deviation_l1_arms: -0.0000
           Curriculum/polish_torso_slam: -5.0000
           Curriculum/polish_not_moving: -1.0000
           Episode_Reward/body_velocity: -0.0353
             Episode_Reward/action_rate: -8.3912
    Episode_Reward/joint_tracking_error: -0.4245
           Episode_Reward/ankle_torques: -0.0504
        Episode_Reward/joint_torques_l2: -0.1835
         Episode_Reward/ground_unloaded: -0.2367
              Episode_Reward/not_moving: -0.0409
            Metrics/height/height_error: 0.2434
--------------------------------------------------------------------------------
                         Iteration time: 0.80s
                           Time elapsed: 0:00:05
                                    ETA: 0:00:00

[INFO]: SimulationContext cleared
