The '--headless' CLI argument is deprecated. Omit '--viz' for default headless. If config visualizers are enabled and you want to force headless, use '--viz none'.
Loading user config located at: '/workspace/WBC-AGILE/.venv/lib/python3.12/site-packages/isaacsim/kit/data/Kit/IsaacLab/3.0/user.config.json'
2026-09-02T04:55:36Z [0ms] [Warning] [omni.ext.plugin] [ext: isaaclab_visualizers] Extensions config 'extension.toml' doesn't exist '/workspace/WBC-AGILE/.venv/lib/python3.12/site-packages/isaaclab/source/isaaclab_visualizers' or '/workspace/WBC-AGILE/.venv/lib/python3.12/site-packages/isaaclab/source/isaaclab_visualizers/config'
WARNING: All log messages before absl::InitializeLog() is called are written to STDERR
E0000 00:00:1788324936.742307  380503 descriptor_database.cc:633] File already exists in database: grpc/health/v1/health.proto
W0000 00:00:1788324936.742331  380503 message.cc:301] Protobuf GeneratedMessageFactory: File is already registered: grpc/health/v1/health.proto
2026-09-02T04:55:37Z [365ms] [Warning] [omni.usd_config.extension] Enable omni.materialx.libs extension to use MaterialX
2026-09-02T04:55:37Z [413ms] [Error] [omni.ext.plugin] Could not load the dynamic library from /workspace/WBC-AGILE/.venv/lib/python3.12/site-packages/isaacsim/extscache/omni.usd.libs-1.0.3+6312fa25.lx64.r.cp312/bin/libMaterialXRenderHw.so. Error: libXt.so.6: cannot open shared object file: No such file or directory (note that this may be caused by a dependent library)
2026-09-02T04:55:37Z [413ms] [Warning] [omni.platforminfo.plugin] failed to open the default display.  Can't verify X Server version.
2026-09-02T04:55:37Z [413ms] [Error] [omni.ext.plugin] Could not load the dynamic library from /workspace/WBC-AGILE/.venv/lib/python3.12/site-packages/isaacsim/extscache/omni.usd.libs-1.0.3+6312fa25.lx64.r.cp312/bin/libMaterialXRenderGlsl.so. Error: libXt.so.6: cannot open shared object file: No such file or directory (note that this may be caused by a dependent library)
2026-09-02T04:55:37Z [414ms] [Error] [omni.ext.plugin] Could not load the dynamic library from /workspace/WBC-AGILE/.venv/lib/python3.12/site-packages/isaacsim/extscache/omni.usd.libs-1.0.3+6312fa25.lx64.r.cp312/bin/libusd_usdBakeMtlx.so. Error: libXt.so.6: cannot open shared object file: No such file or directory (note that this may be caused by a dependent library)
2026-09-02T04:55:37Z [1,050ms] [Warning] [isaacsim.core.simulation_manager.plugin] USD stage is not available; stage-opened subscription is deferred
2026-09-02T04:55:37Z [1,050ms] [Warning] [isaacsim.core.simulation_manager.plugin] USD stage is not available; stage-opened subscription is deferred
[ISAACLAB] AppLauncher initialization complete
[ablate] no-op (AGILE_ABLATE=none, AGILE_NVTX=0)
[INFO]: Parsing configuration from: agile.rl_env.tasks.stand_up.g1.height_tracking_env_cfg:G1HeightTrackingEnvCfg
[INFO]: Parsing configuration from: agile.rl_env.tasks.stand_up.g1.agents.rsl_rl_ppo_cfg:G1HeightTrackingPpoRunnerCfg
[INFO] Logging experiment in directory: /workspace/WBC-AGILE/logs/rsl_rl/height_tracking_g1
Exact experiment name requested from command line: 2026-09-02_04-55-46
2026-09-02T04:55:46Z [10,311ms] [Warning] [isaaclab_physx.physics.physx_manager] TGS solver with enable_external_forces_every_iteration=False may cause noisy velocities.
[INFO]: Base environment:
	Environment device    : cuda:0
	Environment seed      : 42
	Physics step-size     : 0.005
	Rendering step-size   : 0.02
	Environment step-size : 0.02
[INFO] Generating terrains based on curriculum took Last: 0.218920 s
[INFO]: Registered backend 'physx' for factory Articulation.
[INFO]: Setting variant selection 'PhysX' for variant set 'Physics' on prim '/World/envs/env_0/Robot'.
[INFO]: Setting variant selection 'None' for variant set 'left_hand' on prim '/World/envs/env_0/Robot'.
[INFO]: Setting variant selection 'None' for variant set 'right_hand' on prim '/World/envs/env_0/Robot'.
[INFO]: Registered backend 'physx' for factory FrameView.
[INFO]: Registered backend 'physx' for factory ContactSensor.
[INFO]: Registered backend 'physx' for factory RayCaster.
[INFO]: Physics scene prim path: /physicsScene
[INFO]: Time taken for scene creation Last: 8.162954 s, Mean: 8.162954 s, Std: 0.000000 s, N: 1
[INFO]: Scene manager:  <class InteractiveScene>
	Number of environments: 4096
	Environment spacing   : 2.5
	Source prim name      : /World/envs/env_0
	Global prim paths     : ['/World/ground']
	Replicate physics     : True
2026-09-02T04:56:14Z [37,757ms] [Warning] [usdrt.population.plugin] Last global time was not created. Did you call setEnableUsdNoticeHandling?
[INFO]: Simulation parameters for joints in /World/envs/env_.*/Robot:
+---------------------------------------------------------------------------------------------------------------------------------------------------------------------------------+
|                                                        Simulation Joint Information (Prim path: /World/envs/env_.*/Robot)                                                       |
+-------+----------------------------+-----------+---------+----------+-----------------+------------------+------------------+-----------------+-----------------+---------------+
| Index | Name                       | Stiffness | Damping | Armature | Static Friction | Dynamic Friction | Viscous Friction | Position Limits | Velocity Limits | Effort Limits |
+-------+----------------------------+-----------+---------+----------+-----------------+------------------+------------------+-----------------+-----------------+---------------+
|   0   | left_hip_pitch_joint       |   0.000   |  0.000  |  0.020   |      0.010      |      0.000       |      0.000       | [-2.531, 2.880] |      32.000     |     88.000    |
|   1   | right_hip_pitch_joint      |   0.000   |  0.000  |  0.020   |      0.010      |      0.000       |      0.000       | [-2.531, 2.880] |      32.000     |     88.000    |
|   2   | waist_yaw_joint            |   0.000   |  0.000  |  0.020   |      0.010      |      0.000       |      0.000       | [-2.618, 2.618] |      32.000     |     88.000    |
|   3   | left_hip_roll_joint        |   0.000   |  0.000  |  0.020   |      0.010      |      0.000       |      0.000       | [-0.524, 2.967] |      32.000     |     88.000    |
|   4   | right_hip_roll_joint       |   0.000   |  0.000  |  0.020   |      0.010      |      0.000       |      0.000       | [-2.967, 0.524] |      32.000     |     88.000    |
|   5   | waist_roll_joint           |   0.000   |  0.000  |  0.020   |      0.010      |      0.000       |      0.000       | [-0.520, 0.520] |      37.000     |     50.000    |
|   6   | left_hip_yaw_joint         |   0.000   |  0.000  |  0.020   |      0.010      |      0.000       |      0.000       | [-2.758, 2.758] |      32.000     |     88.000    |
|   7   | right_hip_yaw_joint        |   0.000   |  0.000  |  0.020   |      0.010      |      0.000       |      0.000       | [-2.758, 2.758] |      32.000     |     88.000    |
|   8   | waist_pitch_joint          |   0.000   |  0.000  |  0.020   |      0.010      |      0.000       |      0.000       | [-0.520, 0.520] |      37.000     |     50.000    |
|   9   | left_knee_joint            |   0.000   |  0.000  |  0.020   |      0.010      |      0.000       |      0.000       | [-0.087, 2.880] |      20.000     |    139.000    |
|   10  | right_knee_joint           |   0.000   |  0.000  |  0.020   |      0.010      |      0.000       |      0.000       | [-0.087, 2.880] |      20.000     |    139.000    |
|   11  | left_shoulder_pitch_joint  |   0.000   |  0.000  |  0.020   |      0.010      |      0.000       |      0.000       | [-3.089, 2.670] |      37.000     |     25.000    |
|   12  | right_shoulder_pitch_joint |   0.000   |  0.000  |  0.020   |      0.010      |      0.000       |      0.000       | [-3.089, 2.670] |      37.000     |     25.000    |
|   13  | left_ankle_pitch_joint     |   0.000   |  0.000  |  0.020   |      0.010      |      0.000       |      0.000       | [-0.873, 0.524] |      37.000     |     50.000    |
|   14  | right_ankle_pitch_joint    |   0.000   |  0.000  |  0.020   |      0.010      |      0.000       |      0.000       | [-0.873, 0.524] |      37.000     |     50.000    |
|   15  | left_shoulder_roll_joint   |   0.000   |  0.000  |  0.020   |      0.010      |      0.000       |      0.000       | [-1.588, 2.251] |      37.000     |     25.000    |
|   16  | right_shoulder_roll_joint  |   0.000   |  0.000  |  0.020   |      0.010      |      0.000       |      0.000       | [-2.251, 1.588] |      37.000     |     25.000    |
|   17  | left_ankle_roll_joint      |   0.000   |  0.000  |  0.020   |      0.010      |      0.000       |      0.000       | [-0.262, 0.262] |      37.000     |     50.000    |
|   18  | right_ankle_roll_joint     |   0.000   |  0.000  |  0.020   |      0.010      |      0.000       |      0.000       | [-0.262, 0.262] |      37.000     |     50.000    |
|   19  | left_shoulder_yaw_joint    |   0.000   |  0.000  |  0.020   |      0.010      |      0.000       |      0.000       | [-2.618, 2.618] |      37.000     |     25.000    |
|   20  | right_shoulder_yaw_joint   |   0.000   |  0.000  |  0.020   |      0.010      |      0.000       |      0.000       | [-2.618, 2.618] |      37.000     |     25.000    |
|   21  | left_elbow_joint           |   0.000   |  0.000  |  0.020   |      0.010      |      0.000       |      0.000       | [-1.047, 2.094] |      37.000     |     25.000    |
|   22  | right_elbow_joint          |   0.000   |  0.000  |  0.020   |      0.010      |      0.000       |      0.000       | [-1.047, 2.094] |      37.000     |     25.000    |
|   23  | left_wrist_roll_joint      |   0.000   |  0.000  |  0.020   |      0.010      |      0.000       |      0.000       | [-1.972, 1.972] |      37.000     |     25.000    |
|   24  | right_wrist_roll_joint     |   0.000   |  0.000  |  0.020   |      0.010      |      0.000       |      0.000       | [-1.972, 1.972] |      37.000     |     25.000    |
|   25  | left_wrist_pitch_joint     |   0.000   |  0.000  |  0.020   |      0.010      |      0.000       |      0.000       | [-1.614, 1.614] |      22.000     |     5.000     |
|   26  | right_wrist_pitch_joint    |   0.000   |  0.000  |  0.020   |      0.010      |      0.000       |      0.000       | [-1.614, 1.614] |      22.000     |     5.000     |
|   27  | left_wrist_yaw_joint       |   0.000   |  0.000  |  0.020   |      0.010      |      0.000       |      0.000       | [-1.614, 1.614] |      22.000     |     5.000     |
|   28  | right_wrist_yaw_joint      |   0.000   |  0.000  |  0.020   |      0.010      |      0.000       |      0.000       | [-1.614, 1.614] |      22.000     |     5.000     |
+-------+----------------------------+-----------+---------+----------+-----------------+------------------+------------------+-----------------+-----------------+---------------+
[INFO]: Read mesh prim: /World/ground/terrain/mesh with 369728 vertices and 2097240 faces.
[INFO]: Time taken for simulation start Last: 29.685994 s, Mean: 29.685994 s, Std: 0.000000 s, N: 1
[INFO] Command Manager:  <CommandManager> contains 1 active terms.
+--------------------------------------+
|         Active Command Terms         |
+-------+--------+---------------------+
| Index | Name   |         Type        |
+-------+--------+---------------------+
|   0   | height | SmoothHeightCommand |
+-------+--------+---------------------+

[INFO] Event Manager:  <EventManager> contains 3 active terms.
+----------------------------------------+
| Active Event Terms in Mode: 'startup'  |
+--------+-------------------------------+
| Index  | Name                          |
+--------+-------------------------------+
|   0    | randomize_physics_material    |
|   1    | randomize_actuator_gains      |
|   2    | randomize_bodies_mass         |
|   3    | randomize_base_mass           |
|   4    | randomize_base_com            |
+--------+-------------------------------+
+---------------------------------------------------------------------------+
|                   Active Event Terms in Mode: 'interval'                  |
+-------+-----------------------------------------+-------------------------+
| Index | Name                                    | Interval time range (s) |
+-------+-----------------------------------------+-------------------------+
|   0   | push_robot                              |       (0.0, 10.0)       |
|   1   | apply_external_force_torque             |       (0.0, 10.0)       |
|   2   | apply_external_force_torque_extremities |       (0.0, 10.0)       |
+-------+-----------------------------------------+-------------------------+
+----------------------------------+
| Active Event Terms in Mode: 'reset' |
+------------+---------------------+
|   Index    | Name                |
+------------+---------------------+
|     0      | reset_base          |
+------------+---------------------+

[INFO] Recorder Manager:  <RecorderManager> contains 0 active terms.
+---------------------+
| Active Recorder Terms |
+-----------+---------+
|   Index   | Name    |
+-----------+---------+
+-----------+---------+

[INFO]: Resolved joint names for the action term JointPositionAction: ['left_hip_pitch_joint', 'right_hip_pitch_joint', 'waist_yaw_joint', 'left_hip_roll_joint', 'right_hip_roll_joint', 'waist_roll_joint', 'left_hip_yaw_joint', 'right_hip_yaw_joint', 'waist_pitch_joint', 'left_knee_joint', 'right_knee_joint', 'left_shoulder_pitch_joint', 'right_shoulder_pitch_joint', 'left_ankle_pitch_joint', 'right_ankle_pitch_joint', 'left_shoulder_roll_joint', 'right_shoulder_roll_joint', 'left_ankle_roll_joint', 'right_ankle_roll_joint', 'left_shoulder_yaw_joint', 'right_shoulder_yaw_joint', 'left_elbow_joint', 'right_elbow_joint', 'left_wrist_roll_joint', 'right_wrist_roll_joint', 'left_wrist_pitch_joint', 'right_wrist_pitch_joint', 'left_wrist_yaw_joint', 'right_wrist_yaw_joint'] [[0, 1, 2, 3, 4, 5, 6, 7, 8, 9, 10, 11, 12, 13, 14, 15, 16, 17, 18, 19, 20, 21, 22, 23, 24, 25, 26, 27, 28]]
[INFO] Action Manager:  <ActionManager> contains 2 active terms.
+------------------------------------+
|  Active Action Terms (shape: 29)   |
+--------+-------------+-------------+
| Index  | Name        |   Dimension |
+--------+-------------+-------------+
|   0    | joint_pos   |          29 |
|   1    | lift        |           0 |
+--------+-------------+-------------+

[INFO] Observation Manager: <ObservationManager> contains 2 groups.
+----------------------------------------------+
| Active Observation Terms in Group: 'policy'  |
+---------+------------------------+-----------+
|  Index  | Name                   |   Shape   |
+---------+------------------------+-----------+
|    0    | base_ang_vel           |   (5, 3)  |
|    1    | projected_gravity      |   (5, 3)  |
|    2    | joint_pos              |  (5, 29)  |
|    3    | joint_vel              |  (5, 29)  |
|    4    | actions                |  (5, 29)  |
|    5    | height_command         |   (5, 1)  |
+---------+------------------------+-----------+
+----------------------------------------------+
| Active Observation Terms in Group: 'critic'  |
+---------+------------------------+-----------+
|  Index  | Name                   |   Shape   |
+---------+------------------------+-----------+
|    0    | projected_gravity      |   (5, 3)  |
|    1    | base_lin_vel           |   (5, 3)  |
|    2    | base_ang_vel           |   (5, 3)  |
|    3    | joint_pos              |  (5, 29)  |
|    4    | joint_vel              |  (5, 29)  |
|    5    | actions                |  (5, 29)  |
|    6    | contact_forces         |  (5, 30)  |
|    7    | base_height            |   (5, 1)  |
|    8    | height_command         |   (5, 1)  |
+---------+------------------------+-----------+

[INFO] Termination Manager:  <TerminationManager> contains 2 active terms.
+----------------------------------+
|     Active Termination Terms     |
+-------+---------------+----------+
| Index | Name          | Time Out |
+-------+---------------+----------+
|   0   | time_out      |   True   |
|   1   | invalid_state |  False   |
+-------+---------------+----------+

[INFO] Reward Manager:  <RewardManager> contains 32 active terms.
+--------------------------------------------+
|            Active Reward Terms             |
+-------+-------------------------+----------+
| Index | Name                    |   Weight |
+-------+-------------------------+----------+
|   0   | joint_torques_l2        |   -5e-05 |
|   1   | torque_limits           |    -0.01 |
|   2   | joint_acc_l2            | -2.5e-08 |
|   3   | joint_pos_limits        |     -0.1 |
|   4   | joint_vel_limits        |    -0.01 |
|   5   | action_rate             |     -1.0 |
|   6   | action_rate_rate        |    -0.15 |
|   7   | joint_vel_l2            |   -0.001 |
|   8   | joint_tracking_error    |     -0.5 |
|   9   | base_height_rough       |      4.0 |
|   10  | base_height_medium      |      8.0 |
|   11  | base_height_fine        |     16.0 |
|   12  | relaxation              |     -1.0 |
|   13  | joint_deviation_l1      |     -0.5 |
|   14  | joint_deviation_l1_arms |     -0.5 |
|   15  | ankle_torques           |   -0.001 |
|   16  | not_moving              |     -1.0 |
|   17  | torso_upright           |     -1.0 |
|   18  | severely_tilted         |     -5.0 |
|   19  | torso_roll              |     -5.0 |
|   20  | forward_pitch           |    -10.0 |
|   21  | illegal_contacts        |     -2.0 |
|   22  | feet_distance           |     -5.0 |
|   23  | feet_distance_standing  |    -10.0 |
|   24  | ground_unloaded         |     -2.0 |
|   25  | flat_feet               |     -1.0 |
|   26  | feet_slide              |     -1.0 |
|   27  | feet_yaw_mean           |     -2.0 |
|   28  | completely_airborne     |    -50.0 |
|   29  | body_velocity           |     -0.1 |
|   30  | ground_slam             |     -1.0 |
|   31  | torso_slam              |     -5.0 |
+-------+-------------------------+----------+

[INFO] Curriculum Manager:  <CurriculumManager> contains 8 active terms.
+---------------------------------+
|     Active Curriculum Terms     |
+-------+-------------------------+
| Index | Name                    |
+-------+-------------------------+
|   0   | adaptive_lift           |
|   1   | terrain_levels          |
|   2   | polish_action_rate_rate |
|   3   | polish_ground_slam      |
|   4   | polish_torso_slam       |
|   5   | polish_not_moving       |
|   6   | polish_joint_vel_l2     |
|   7   | random_fallen_states    |
+-------+-------------------------+

[INFO]: Completed setting up the environment...
/workspace/WBC-AGILE/.venv/lib/python3.12/site-packages/rsl_rl/utils/utils.py:220: UserWarning: The observation configuration dictionary 'obs_groups' is empty and thus likely not configured. Consider configuring the 'obs_groups' dictionary explicitly
  warnings.warn(
/workspace/WBC-AGILE/.venv/lib/python3.12/site-packages/rsl_rl/utils/utils.py:251: UserWarning: The observation configuration dictionary 'obs_groups' does not contain the 'actor' key. As an observation group with the name 'policy' was found, this is assumed to be the appropriate observation. Consider adding the 'actor' key to the 'obs_groups' dictionary for clarity. This behavior will be removed in a future version.
  warnings.warn(
/workspace/WBC-AGILE/.venv/lib/python3.12/site-packages/rsl_rl/utils/utils.py:243: UserWarning: The observation configuration dictionary 'obs_groups' does not contain the 'critic' key. As an observation group with the name 'critic' was found, this is assumed to be the appropriate observation. Consider adding the 'critic' key to the 'obs_groups' dictionary for clarity. This behavior will be removed in a future version.
  warnings.warn(
--------------------------------------------------------------------------------
Resolved observation sets: 
	 actor :  ['policy']
	 critic :  ['critic']
--------------------------------------------------------------------------------
Actor Model: MLPModel(
  (obs_normalizer): Identity()
  (distribution): GaussianDistribution()
  (mlp): MLP(
    (0): Linear(in_features=470, out_features=256, bias=True)
    (1): ELU(alpha=1.0)
    (2): Linear(in_features=256, out_features=256, bias=True)
    (3): ELU(alpha=1.0)
    (4): Linear(in_features=256, out_features=128, bias=True)
    (5): ELU(alpha=1.0)
    (6): Linear(in_features=128, out_features=29, bias=True)
  )
)
Critic Model: MLPModel(
  (obs_normalizer): Identity()
  (mlp): MLP(
    (0): Linear(in_features=640, out_features=512, bias=True)
    (1): ELU(alpha=1.0)
    (2): Linear(in_features=512, out_features=256, bias=True)
    (3): ELU(alpha=1.0)
    (4): Linear(in_features=256, out_features=128, bias=True)
    (5): ELU(alpha=1.0)
    (6): Linear(in_features=128, out_features=1, bias=True)
  )
)
Storing git diff for 'WBC-AGILE' in: /workspace/WBC-AGILE/logs/rsl_rl/height_tracking_g1/2026-09-02_04-55-46_height_tracking_g1/git/WBC-AGILE.diff
Could not find git repository in /workspace/bench/scripts/train_ablate.py. Skipping.
2026-09-02T04:56:26Z [49,471ms] [Error] [omni.physx.plugin] PhysX error: The application needs to increase PxGpuDynamicsMemoryConfig::foundLostAggregatePairsCapacity to 41906252, otherwise, the simulation will miss interactions, FILE /builds/omniverse/physics/physx/source/gpubroadphase/src/PxgAABBManager.cpp, LINE 1304
################################################################################
[1m                            Learning iteration 0/20                             [0m 

                               Run name: height_tracking_g1
                            Total steps: 98304 
                       Steps per second: 5671 
                        Collection time: 16.977s 
                          Learning time: 0.355s 
                        Mean value loss: 5.1613
                    Mean surrogate loss: 0.0342
                      Mean entropy loss: 41.0869
                     Mean symmetry loss: 0.0028
                   Mean l2c2_actor loss: 0.0011
                  Mean l2c2_critic loss: 0.0077
                            Mean reward: -35.93
                    Mean episode length: 14.50
                        Mean action std: 1.00
                    Entropy coefficient: 0.002500
            Episode_Reward/joint_acc_l2: -0.0100
    Episode_Reward/joint_tracking_error: -0.0566
           Episode_Reward/forward_pitch: -0.0080
        Episode_Reward/base_height_fine: 0.0999
          Curriculum/polish_ground_slam: -1.0000
             Episode_Reward/ground_slam: -0.0610
     Episode_Reward/completely_airborne: -0.2584
            Metrics/height/height_error: 0.0000
        Curriculum/random_fallen_states: 0.0000
      Episode_Reward/joint_deviation_l1: -0.0202
              Episode_Reward/torso_slam: -0.0633
         Episode_Reward/severely_tilted: -0.0001
           Episode_Reward/torque_limits: -0.0214
           Episode_Reward/torso_upright: 0.0000
     Curriculum/polish_action_rate_rate: -0.1500
             Episode_Reward/action_rate: -0.9274
           Episode_Reward/ankle_torques: -0.0051
           Episode_Reward/feet_yaw_mean: -0.0111
              Curriculum/terrain_levels: 0.0000
           Curriculum/polish_not_moving: -1.0000
           Episode_Termination/time_out: 0.0169
        Episode_Reward/joint_vel_limits: -0.0000
         Curriculum/polish_joint_vel_l2: -0.0010
        Episode_Reward/joint_pos_limits: -0.0001
         Episode_Reward/ground_unloaded: -0.0165
           Episode_Reward/feet_distance: -0.0024
           Curriculum/polish_torso_slam: -5.0000
  Episode_Reward/feet_distance_standing: -0.0027
      Episode_Termination/invalid_state: 0.0010
        Episode_Reward/joint_torques_l2: -0.0189
       Episode_Reward/base_height_rough: 0.0373
           Episode_Reward/body_velocity: -0.0743
               Episode_Reward/flat_feet: -0.0273
      Episode_Reward/base_height_medium: 0.0594
              Episode_Reward/feet_slide: -0.0117
               Curriculum/adaptive_lift: 1.0000
            Episode_Reward/joint_vel_l2: -0.0264
              Episode_Reward/torso_roll: -0.0201
 Episode_Reward/joint_deviation_l1_arms: -0.0071
              Episode_Reward/not_moving: -0.0675
        Episode_Reward/action_rate_rate: -0.3988
        Episode_Reward/illegal_contacts: -0.0004
              Episode_Reward/relaxation: -0.1374
--------------------------------------------------------------------------------
                         Iteration time: 17.33s
                           Time elapsed: 0:00:17
                                    ETA: 0:05:29

################################################################################
[1m                            Learning iteration 1/20                             [0m 

                               Run name: height_tracking_g1
                            Total steps: 196608 
                       Steps per second: 12242 
                        Collection time: 7.796s 
                          Learning time: 0.234s 
                        Mean value loss: 5.4001
                    Mean surrogate loss: 0.0052
                      Mean entropy loss: 41.0343
                     Mean symmetry loss: 0.0016
                   Mean l2c2_actor loss: 0.0011
                  Mean l2c2_critic loss: 0.0201
                            Mean reward: -106.00
                    Mean episode length: 41.66
                        Mean action std: 0.99
                    Entropy coefficient: 0.002500
            Episode_Reward/joint_acc_l2: -0.0161
    Episode_Reward/joint_tracking_error: -0.1722
           Episode_Reward/forward_pitch: -0.0284
        Episode_Reward/base_height_fine: 0.3361
          Curriculum/polish_ground_slam: -1.0000
             Episode_Reward/ground_slam: -0.1364
     Episode_Reward/completely_airborne: -0.8156
            Metrics/height/height_error: 0.0000
        Curriculum/random_fallen_states: 0.0000
      Episode_Reward/joint_deviation_l1: -0.0635
              Episode_Reward/torso_slam: -0.0964
         Episode_Reward/severely_tilted: -0.0037
           Episode_Reward/torque_limits: -0.0625
           Episode_Reward/torso_upright: 0.0000
     Curriculum/polish_action_rate_rate: -0.1500
             Episode_Reward/action_rate: -2.7626
           Episode_Reward/ankle_torques: -0.0134
           Episode_Reward/feet_yaw_mean: -0.0341
              Curriculum/terrain_levels: 0.0000
           Curriculum/polish_not_moving: -1.0000
           Episode_Termination/time_out: 0.0483
        Episode_Reward/joint_vel_limits: -0.0001
         Curriculum/polish_joint_vel_l2: -0.0010
        Episode_Reward/joint_pos_limits: -0.0003
         Episode_Reward/ground_unloaded: -0.0442
           Episode_Reward/feet_distance: -0.0133
           Curriculum/polish_torso_slam: -5.0000
  Episode_Reward/feet_distance_standing: -0.0165
      Episode_Termination/invalid_state: 0.0017
        Episode_Reward/joint_torques_l2: -0.0538
       Episode_Reward/base_height_rough: 0.1201
           Episode_Reward/body_velocity: -0.2612
               Episode_Reward/flat_feet: -0.0974
      Episode_Reward/base_height_medium: 0.1962
              Episode_Reward/feet_slide: -0.0425
               Curriculum/adaptive_lift: 1.0000
            Episode_Reward/joint_vel_l2: -0.0776
              Episode_Reward/torso_roll: -0.0645
 Episode_Reward/joint_deviation_l1_arms: -0.0273
              Episode_Reward/not_moving: -0.2680
        Episode_Reward/action_rate_rate: -1.2247
        Episode_Reward/illegal_contacts: -0.0040
              Episode_Reward/relaxation: -0.4118
--------------------------------------------------------------------------------
                         Iteration time: 8.03s
                           Time elapsed: 0:00:25
                                    ETA: 0:03:48

################################################################################
[1m                            Learning iteration 2/20                             [0m 

                               Run name: height_tracking_g1
                            Total steps: 294912 
                       Steps per second: 14381 
                        Collection time: 6.602s 
                          Learning time: 0.233s 
                        Mean value loss: 4.8505
                    Mean surrogate loss: -0.0066
                      Mean entropy loss: 40.8311
                     Mean symmetry loss: 0.0007
                   Mean l2c2_actor loss: 0.0013
                  Mean l2c2_critic loss: 0.0278
                            Mean reward: -159.23
                    Mean episode length: 61.50
                        Mean action std: 0.99
                    Entropy coefficient: 0.002500
            Episode_Reward/joint_acc_l2: -0.0264
    Episode_Reward/joint_tracking_error: -0.2890
           Episode_Reward/forward_pitch: -0.1064
        Episode_Reward/base_height_fine: 0.3931
          Curriculum/polish_ground_slam: -1.0000
             Episode_Reward/ground_slam: -0.2329
     Episode_Reward/completely_airborne: -1.2451
            Metrics/height/height_error: 0.0000
        Curriculum/random_fallen_states: 0.0000
      Episode_Reward/joint_deviation_l1: -0.0774
              Episode_Reward/torso_slam: -0.1874
         Episode_Reward/severely_tilted: -0.0030
           Episode_Reward/torque_limits: -0.1028
           Episode_Reward/torso_upright: -0.0003
     Curriculum/polish_action_rate_rate: -0.1500
             Episode_Reward/action_rate: -4.6640
           Episode_Reward/ankle_torques: -0.0201
           Episode_Reward/feet_yaw_mean: -0.0580
              Curriculum/terrain_levels: 0.0000
           Curriculum/polish_not_moving: -1.0000
           Episode_Termination/time_out: 0.0819
        Episode_Reward/joint_vel_limits: -0.0002
         Curriculum/polish_joint_vel_l2: -0.0010
        Episode_Reward/joint_pos_limits: -0.0004
         Episode_Reward/ground_unloaded: -0.0652
           Episode_Reward/feet_distance: -0.0257
           Curriculum/polish_torso_slam: -5.0000
  Episode_Reward/feet_distance_standing: -0.0216
      Episode_Termination/invalid_state: 0.0017
        Episode_Reward/joint_torques_l2: -0.0854
       Episode_Reward/base_height_rough: 0.1710
           Episode_Reward/body_velocity: -0.4371
               Episode_Reward/flat_feet: -0.1847
      Episode_Reward/base_height_medium: 0.2482
              Episode_Reward/feet_slide: -0.0643
               Curriculum/adaptive_lift: 0.9984
            Episode_Reward/joint_vel_l2: -0.1306
              Episode_Reward/torso_roll: -0.1093
 Episode_Reward/joint_deviation_l1_arms: -0.0377
              Episode_Reward/not_moving: -0.2833
        Episode_Reward/action_rate_rate: -2.0826
        Episode_Reward/illegal_contacts: -0.0168
              Episode_Reward/relaxation: -0.8700
--------------------------------------------------------------------------------
                         Iteration time: 6.84s
                           Time elapsed: 0:00:32
                                    ETA: 0:03:02

################################################################################
[1m                            Learning iteration 3/20                             [0m 

                               Run name: height_tracking_g1
                            Total steps: 393216 
                       Steps per second: 16408 
                        Collection time: 5.758s 
                          Learning time: 0.233s 
                        Mean value loss: 4.3916
                    Mean surrogate loss: -0.0116
                      Mean entropy loss: 40.6437
                     Mean symmetry loss: 0.0005
                   Mean l2c2_actor loss: 0.0015
                  Mean l2c2_critic loss: 0.0303
                            Mean reward: -226.99
                    Mean episode length: 89.12
                        Mean action std: 0.98
                    Entropy coefficient: 0.002500
            Episode_Reward/joint_acc_l2: -0.0327
    Episode_Reward/joint_tracking_error: -0.3900
           Episode_Reward/forward_pitch: -0.1466
        Episode_Reward/base_height_fine: 0.8453
          Curriculum/polish_ground_slam: -1.0000
             Episode_Reward/ground_slam: -0.3227
     Episode_Reward/completely_airborne: -1.9457
            Metrics/height/height_error: 0.0000
        Curriculum/random_fallen_states: 0.0000
      Episode_Reward/joint_deviation_l1: -0.1446
              Episode_Reward/torso_slam: -0.2432
         Episode_Reward/severely_tilted: -0.0126
           Episode_Reward/torque_limits: -0.1411
           Episode_Reward/torso_upright: -0.0052
     Curriculum/polish_action_rate_rate: -0.1500
             Episode_Reward/action_rate: -6.4158
           Episode_Reward/ankle_torques: -0.0252
           Episode_Reward/feet_yaw_mean: -0.0827
              Curriculum/terrain_levels: 0.0000
           Curriculum/polish_not_moving: -1.0000
           Episode_Termination/time_out: 0.1119
        Episode_Reward/joint_vel_limits: -0.0003
         Curriculum/polish_joint_vel_l2: -0.0010
        Episode_Reward/joint_pos_limits: -0.0006
         Episode_Reward/ground_unloaded: -0.1004
           Episode_Reward/feet_distance: -0.0377
           Curriculum/polish_torso_slam: -5.0000
  Episode_Reward/feet_distance_standing: -0.0455
      Episode_Termination/invalid_state: 0.0022
        Episode_Reward/joint_torques_l2: -0.1159
       Episode_Reward/base_height_rough: 0.2890
           Episode_Reward/body_velocity: -0.5913
               Episode_Reward/flat_feet: -0.2545
      Episode_Reward/base_height_medium: 0.4859
              Episode_Reward/feet_slide: -0.1005
               Curriculum/adaptive_lift: 0.9960
            Episode_Reward/joint_vel_l2: -0.1850
              Episode_Reward/torso_roll: -0.1593
 Episode_Reward/joint_deviation_l1_arms: -0.0666
              Episode_Reward/not_moving: -0.6682
        Episode_Reward/action_rate_rate: -2.8690
        Episode_Reward/illegal_contacts: -0.0260
              Episode_Reward/relaxation: -0.9005
--------------------------------------------------------------------------------
                         Iteration time: 5.99s
                           Time elapsed: 0:00:38
                                    ETA: 0:02:32

################################################################################
[1m                            Learning iteration 4/20                             [0m 

                               Run name: height_tracking_g1
                            Total steps: 491520 
                       Steps per second: 18012 
                        Collection time: 5.224s 
                          Learning time: 0.234s 
                        Mean value loss: 4.2179
                    Mean surrogate loss: -0.0126
                      Mean entropy loss: 40.5106
                     Mean symmetry loss: 0.0005
                   Mean l2c2_actor loss: 0.0018
                  Mean l2c2_critic loss: 0.0204
                            Mean reward: -277.02
                    Mean episode length: 110.57
                        Mean action std: 0.98
                    Entropy coefficient: 0.002500
            Episode_Reward/joint_acc_l2: -0.0456
    Episode_Reward/joint_tracking_error: -0.5061
           Episode_Reward/forward_pitch: -0.2380
        Episode_Reward/base_height_fine: 1.1570
          Curriculum/polish_ground_slam: -1.0000
             Episode_Reward/ground_slam: -0.4127
     Episode_Reward/completely_airborne: -2.3403
            Metrics/height/height_error: 0.0311
        Curriculum/random_fallen_states: 0.0000
      Episode_Reward/joint_deviation_l1: -0.1454
              Episode_Reward/torso_slam: -0.3073
         Episode_Reward/severely_tilted: -0.0064
           Episode_Reward/torque_limits: -0.1863
           Episode_Reward/torso_upright: -0.0070
     Curriculum/polish_action_rate_rate: -0.1500
             Episode_Reward/action_rate: -8.2572
           Episode_Reward/ankle_torques: -0.0331
           Episode_Reward/feet_yaw_mean: -0.0881
              Curriculum/terrain_levels: 0.0000
           Curriculum/polish_not_moving: -1.0000
           Episode_Termination/time_out: 0.1440
        Episode_Reward/joint_vel_limits: -0.0003
         Curriculum/polish_joint_vel_l2: -0.0010
        Episode_Reward/joint_pos_limits: -0.0007
         Episode_Reward/ground_unloaded: -0.1475
           Episode_Reward/feet_distance: -0.0466
           Curriculum/polish_torso_slam: -5.0000
  Episode_Reward/feet_distance_standing: -0.0464
      Episode_Termination/invalid_state: 0.0022
        Episode_Reward/joint_torques_l2: -0.1559
       Episode_Reward/base_height_rough: 0.3980
           Episode_Reward/body_velocity: -0.6764
               Episode_Reward/flat_feet: -0.3791
      Episode_Reward/base_height_medium: 0.6664
              Episode_Reward/feet_slide: -0.1260
               Curriculum/adaptive_lift: 0.9936
            Episode_Reward/joint_vel_l2: -0.2308
              Episode_Reward/torso_roll: -0.1859
 Episode_Reward/joint_deviation_l1_arms: -0.0720
              Episode_Reward/not_moving: -0.8816
        Episode_Reward/action_rate_rate: -3.6948
        Episode_Reward/illegal_contacts: -0.0398
              Episode_Reward/relaxation: -1.0475
--------------------------------------------------------------------------------
                         Iteration time: 5.46s
                           Time elapsed: 0:00:43
                                    ETA: 0:02:10

################################################################################
[1m                            Learning iteration 5/20                             [0m 

                               Run name: height_tracking_g1
                            Total steps: 589824 
                       Steps per second: 19269 
                        Collection time: 4.868s 
                          Learning time: 0.233s 
                        Mean value loss: 4.0075
                    Mean surrogate loss: -0.0126
                      Mean entropy loss: 40.3688
                     Mean symmetry loss: 0.0004
                   Mean l2c2_actor loss: 0.0020
                  Mean l2c2_critic loss: 0.0092
                            Mean reward: -340.01
                    Mean episode length: 134.28
                        Mean action std: 0.97
                    Entropy coefficient: 0.002500
            Episode_Reward/joint_acc_l2: -0.0597
    Episode_Reward/joint_tracking_error: -0.5939
           Episode_Reward/forward_pitch: -0.2727
        Episode_Reward/base_height_fine: 1.3105
          Curriculum/polish_ground_slam: -1.0000
             Episode_Reward/ground_slam: -0.4974
     Episode_Reward/completely_airborne: -2.8988
            Metrics/height/height_error: 0.0303
        Curriculum/random_fallen_states: 0.0000
      Episode_Reward/joint_deviation_l1: -0.1646
              Episode_Reward/torso_slam: -0.3797
         Episode_Reward/severely_tilted: -0.0089
           Episode_Reward/torque_limits: -0.2199
           Episode_Reward/torso_upright: -0.0092
     Curriculum/polish_action_rate_rate: -0.1500
             Episode_Reward/action_rate: -9.8051
           Episode_Reward/ankle_torques: -0.0470
           Episode_Reward/feet_yaw_mean: -0.0893
              Curriculum/terrain_levels: 0.0000
           Curriculum/polish_not_moving: -1.0000
           Episode_Termination/time_out: 0.1720
        Episode_Reward/joint_vel_limits: -0.0004
         Curriculum/polish_joint_vel_l2: -0.0010
        Episode_Reward/joint_pos_limits: -0.0008
         Episode_Reward/ground_unloaded: -0.1618
           Episode_Reward/feet_distance: -0.0573
           Curriculum/polish_torso_slam: -5.0000
  Episode_Reward/feet_distance_standing: -0.0500
      Episode_Termination/invalid_state: 0.0024
        Episode_Reward/joint_torques_l2: -0.1918
       Episode_Reward/base_height_rough: 0.4588
           Episode_Reward/body_velocity: -0.8097
               Episode_Reward/flat_feet: -0.4584
      Episode_Reward/base_height_medium: 0.7546
              Episode_Reward/feet_slide: -0.1461
               Curriculum/adaptive_lift: 0.9912
            Episode_Reward/joint_vel_l2: -0.2770
              Episode_Reward/torso_roll: -0.2335
 Episode_Reward/joint_deviation_l1_arms: -0.0803
              Episode_Reward/not_moving: -1.0142
        Episode_Reward/action_rate_rate: -4.3857
        Episode_Reward/illegal_contacts: -0.0492
              Episode_Reward/relaxation: -1.5255
--------------------------------------------------------------------------------
                         Iteration time: 5.10s
                           Time elapsed: 0:00:48
                                    ETA: 0:01:53

################################################################################
[1m                            Learning iteration 6/20                             [0m 

                               Run name: height_tracking_g1
                            Total steps: 688128 
                       Steps per second: 20323 
                        Collection time: 4.603s 
                          Learning time: 0.234s 
                        Mean value loss: 3.9016
                    Mean surrogate loss: -0.0120
                      Mean entropy loss: 40.2655
                     Mean symmetry loss: 0.0005
                   Mean l2c2_actor loss: 0.0022
                  Mean l2c2_critic loss: 0.0083
                            Mean reward: -390.77
                    Mean episode length: 159.60
                        Mean action std: 0.97
                    Entropy coefficient: 0.002500
            Episode_Reward/joint_acc_l2: -0.0617
    Episode_Reward/joint_tracking_error: -0.7119
           Episode_Reward/forward_pitch: -0.3396
        Episode_Reward/base_height_fine: 1.9031
          Curriculum/polish_ground_slam: -1.0000
             Episode_Reward/ground_slam: -0.5913
     Episode_Reward/completely_airborne: -3.5409
            Metrics/height/height_error: 0.0278
        Curriculum/random_fallen_states: 0.0000
      Episode_Reward/joint_deviation_l1: -0.2278
              Episode_Reward/torso_slam: -0.4333
         Episode_Reward/severely_tilted: -0.0082
           Episode_Reward/torque_limits: -0.2532
           Episode_Reward/torso_upright: -0.0152
     Curriculum/polish_action_rate_rate: -0.1500
             Episode_Reward/action_rate: -11.6327
           Episode_Reward/ankle_torques: -0.0461
           Episode_Reward/feet_yaw_mean: -0.1156
              Curriculum/terrain_levels: 0.0000
           Curriculum/polish_not_moving: -1.0000
           Episode_Termination/time_out: 0.2049
        Episode_Reward/joint_vel_limits: -0.0005
         Curriculum/polish_joint_vel_l2: -0.0010
        Episode_Reward/joint_pos_limits: -0.0010
         Episode_Reward/ground_unloaded: -0.2156
           Episode_Reward/feet_distance: -0.0626
           Curriculum/polish_torso_slam: -5.0000
  Episode_Reward/feet_distance_standing: -0.0641
      Episode_Termination/invalid_state: 0.0033
        Episode_Reward/joint_torques_l2: -0.2142
       Episode_Reward/base_height_rough: 0.6137
           Episode_Reward/body_velocity: -0.9731
               Episode_Reward/flat_feet: -0.5485
      Episode_Reward/base_height_medium: 1.0597
              Episode_Reward/feet_slide: -0.1910
               Curriculum/adaptive_lift: 0.9888
            Episode_Reward/joint_vel_l2: -0.3365
              Episode_Reward/torso_roll: -0.2754
 Episode_Reward/joint_deviation_l1_arms: -0.1057
              Episode_Reward/not_moving: -1.5543
        Episode_Reward/action_rate_rate: -5.2017
        Episode_Reward/illegal_contacts: -0.0640
              Episode_Reward/relaxation: -1.3853
--------------------------------------------------------------------------------
                         Iteration time: 4.84s
                           Time elapsed: 0:00:53
                                    ETA: 0:01:39

################################################################################
[1m                            Learning iteration 7/20                             [0m 

                               Run name: height_tracking_g1
                            Total steps: 786432 
                       Steps per second: 21044 
                        Collection time: 4.437s 
                          Learning time: 0.234s 
                        Mean value loss: 3.6849
                    Mean surrogate loss: -0.0118
                      Mean entropy loss: 40.1022
                     Mean symmetry loss: 0.0005
                   Mean l2c2_actor loss: 0.0025
                  Mean l2c2_critic loss: 0.0042
                            Mean reward: -443.91
                    Mean episode length: 182.61
                        Mean action std: 0.96
                    Entropy coefficient: 0.002500
            Episode_Reward/joint_acc_l2: -0.0684
    Episode_Reward/joint_tracking_error: -0.7979
           Episode_Reward/forward_pitch: -0.3861
        Episode_Reward/base_height_fine: 2.0224
          Curriculum/polish_ground_slam: -1.0000
             Episode_Reward/ground_slam: -0.6623
     Episode_Reward/completely_airborne: -3.6652
            Metrics/height/height_error: 0.0394
        Curriculum/random_fallen_states: 0.0000
      Episode_Reward/joint_deviation_l1: -0.1987
              Episode_Reward/torso_slam: -0.4613
         Episode_Reward/severely_tilted: -0.0085
           Episode_Reward/torque_limits: -0.2882
           Episode_Reward/torso_upright: -0.0142
     Curriculum/polish_action_rate_rate: -0.1500
             Episode_Reward/action_rate: -13.3422
           Episode_Reward/ankle_torques: -0.0649
           Episode_Reward/feet_yaw_mean: -0.1379
              Curriculum/terrain_levels: 0.0000
           Curriculum/polish_not_moving: -1.0000
           Episode_Termination/time_out: 0.2378
        Episode_Reward/joint_vel_limits: -0.0005
         Curriculum/polish_joint_vel_l2: -0.0010
        Episode_Reward/joint_pos_limits: -0.0012
         Episode_Reward/ground_unloaded: -0.2462
           Episode_Reward/feet_distance: -0.0702
           Curriculum/polish_torso_slam: -5.0000
  Episode_Reward/feet_distance_standing: -0.0597
      Episode_Termination/invalid_state: 0.0035
        Episode_Reward/joint_torques_l2: -0.2430
       Episode_Reward/base_height_rough: 0.6907
           Episode_Reward/body_velocity: -1.0129
               Episode_Reward/flat_feet: -0.6706
      Episode_Reward/base_height_medium: 1.1601
              Episode_Reward/feet_slide: -0.2053
               Curriculum/adaptive_lift: 0.9864
            Episode_Reward/joint_vel_l2: -0.3703
              Episode_Reward/torso_roll: -0.3050
 Episode_Reward/joint_deviation_l1_arms: -0.0997
              Episode_Reward/not_moving: -1.5016
        Episode_Reward/action_rate_rate: -5.9667
        Episode_Reward/illegal_contacts: -0.0742
              Episode_Reward/relaxation: -1.6350
--------------------------------------------------------------------------------
                         Iteration time: 4.67s
                           Time elapsed: 0:00:58
                                    ETA: 0:01:27

################################################################################
[1m                            Learning iteration 8/20                             [0m 

                               Run name: height_tracking_g1
                            Total steps: 884736 
                       Steps per second: 21958 
                        Collection time: 4.243s 
                          Learning time: 0.234s 
                        Mean value loss: 3.5809
                    Mean surrogate loss: -0.0103
                      Mean entropy loss: 39.9428
                     Mean symmetry loss: 0.0006
                   Mean l2c2_actor loss: 0.0026
                  Mean l2c2_critic loss: 0.0044
                            Mean reward: -505.10
                    Mean episode length: 204.63
                        Mean action std: 0.96
                    Entropy coefficient: 0.002500
            Episode_Reward/joint_acc_l2: -0.0881
    Episode_Reward/joint_tracking_error: -0.9040
           Episode_Reward/forward_pitch: -0.4832
        Episode_Reward/base_height_fine: 2.0360
          Curriculum/polish_ground_slam: -1.0000
             Episode_Reward/ground_slam: -0.7343
     Episode_Reward/completely_airborne: -4.4328
            Metrics/height/height_error: 0.0382
        Curriculum/random_fallen_states: 0.0000
      Episode_Reward/joint_deviation_l1: -0.2599
              Episode_Reward/torso_slam: -0.5053
         Episode_Reward/severely_tilted: -0.0015
           Episode_Reward/torque_limits: -0.3258
           Episode_Reward/torso_upright: -0.0178
     Curriculum/polish_action_rate_rate: -0.1500
             Episode_Reward/action_rate: -15.0427
           Episode_Reward/ankle_torques: -0.0669
           Episode_Reward/feet_yaw_mean: -0.1175
              Curriculum/terrain_levels: 0.0000
           Curriculum/polish_not_moving: -1.0000
           Episode_Termination/time_out: 0.2707
        Episode_Reward/joint_vel_limits: -0.0005
         Curriculum/polish_joint_vel_l2: -0.0010
        Episode_Reward/joint_pos_limits: -0.0013
         Episode_Reward/ground_unloaded: -0.2514
           Episode_Reward/feet_distance: -0.0842
           Curriculum/polish_torso_slam: -5.0000
  Episode_Reward/feet_distance_standing: -0.0777
      Episode_Termination/invalid_state: 0.0038
        Episode_Reward/joint_torques_l2: -0.2958
       Episode_Reward/base_height_rough: 0.7309
           Episode_Reward/body_velocity: -1.1775
               Episode_Reward/flat_feet: -0.7421
      Episode_Reward/base_height_medium: 1.1821
              Episode_Reward/feet_slide: -0.2305
               Curriculum/adaptive_lift: 0.9841
            Episode_Reward/joint_vel_l2: -0.4175
              Episode_Reward/torso_roll: -0.3437
 Episode_Reward/joint_deviation_l1_arms: -0.1241
              Episode_Reward/not_moving: -1.5766
        Episode_Reward/action_rate_rate: -6.7234
        Episode_Reward/illegal_contacts: -0.1009
              Episode_Reward/relaxation: -2.4457
--------------------------------------------------------------------------------
                         Iteration time: 4.48s
                           Time elapsed: 0:01:02
                                    ETA: 0:01:16

################################################################################
[1m                            Learning iteration 9/20                             [0m 

                               Run name: height_tracking_g1
                            Total steps: 983040 
                       Steps per second: 22367 
                        Collection time: 4.161s 
                          Learning time: 0.234s 
                        Mean value loss: 3.4716
                    Mean surrogate loss: -0.0103
                      Mean entropy loss: 39.7587
                     Mean symmetry loss: 0.0006
                   Mean l2c2_actor loss: 0.0028
                  Mean l2c2_critic loss: 0.0036
                            Mean reward: -546.21
                    Mean episode length: 228.17
                        Mean action std: 0.95
                    Entropy coefficient: 0.002500
            Episode_Reward/joint_acc_l2: -0.0982
    Episode_Reward/joint_tracking_error: -0.9959
           Episode_Reward/forward_pitch: -0.5132
        Episode_Reward/base_height_fine: 2.7623
          Curriculum/polish_ground_slam: -1.0000
             Episode_Reward/ground_slam: -0.8521
     Episode_Reward/completely_airborne: -4.4938
            Metrics/height/height_error: 0.0397
        Curriculum/random_fallen_states: 0.0000
      Episode_Reward/joint_deviation_l1: -0.2405
              Episode_Reward/torso_slam: -0.6341
         Episode_Reward/severely_tilted: -0.0057
           Episode_Reward/torque_limits: -0.3668
           Episode_Reward/torso_upright: -0.0204
     Curriculum/polish_action_rate_rate: -0.1500
             Episode_Reward/action_rate: -16.8205
           Episode_Reward/ankle_torques: -0.0775
           Episode_Reward/feet_yaw_mean: -0.1311
              Curriculum/terrain_levels: 0.0000
           Curriculum/polish_not_moving: -1.0000
           Episode_Termination/time_out: 0.3013
        Episode_Reward/joint_vel_limits: -0.0006
         Curriculum/polish_joint_vel_l2: -0.0010
        Episode_Reward/joint_pos_limits: -0.0014
         Episode_Reward/ground_unloaded: -0.3212
           Episode_Reward/feet_distance: -0.0880
           Curriculum/polish_torso_slam: -5.0000
  Episode_Reward/feet_distance_standing: -0.0737
      Episode_Termination/invalid_state: 0.0040
        Episode_Reward/joint_torques_l2: -0.3191
       Episode_Reward/base_height_rough: 0.9071
           Episode_Reward/body_velocity: -1.2322
               Episode_Reward/flat_feet: -0.8637
      Episode_Reward/base_height_medium: 1.5514
              Episode_Reward/feet_slide: -0.2494
               Curriculum/adaptive_lift: 0.9817
            Episode_Reward/joint_vel_l2: -0.4641
              Episode_Reward/torso_roll: -0.3827
 Episode_Reward/joint_deviation_l1_arms: -0.1218
              Episode_Reward/not_moving: -2.1457
        Episode_Reward/action_rate_rate: -7.5201
        Episode_Reward/illegal_contacts: -0.0996
              Episode_Reward/relaxation: -2.1440
--------------------------------------------------------------------------------
                         Iteration time: 4.39s
                           Time elapsed: 0:01:07
                                    ETA: 0:01:07

################################################################################
[1m                            Learning iteration 10/20                            [0m 

                               Run name: height_tracking_g1
                            Total steps: 1081344 
                       Steps per second: 22779 
                        Collection time: 4.081s 
                          Learning time: 0.234s 
                        Mean value loss: 3.4366
                    Mean surrogate loss: -0.0107
                      Mean entropy loss: 39.6494
                     Mean symmetry loss: 0.0007
                   Mean l2c2_actor loss: 0.0030
                  Mean l2c2_critic loss: 0.0037
                            Mean reward: -614.83
                    Mean episode length: 254.41
                        Mean action std: 0.95
                    Entropy coefficient: 0.002500
            Episode_Reward/joint_acc_l2: -0.1059
    Episode_Reward/joint_tracking_error: -1.0959
           Episode_Reward/forward_pitch: -0.6209
        Episode_Reward/base_height_fine: 2.8345
          Curriculum/polish_ground_slam: -1.0000
             Episode_Reward/ground_slam: -0.8893
     Episode_Reward/completely_airborne: -5.3158
            Metrics/height/height_error: 0.0449
        Curriculum/random_fallen_states: 0.0000
      Episode_Reward/joint_deviation_l1: -0.3054
              Episode_Reward/torso_slam: -0.5945
         Episode_Reward/severely_tilted: -0.0138
           Episode_Reward/torque_limits: -0.3970
           Episode_Reward/torso_upright: -0.0266
     Curriculum/polish_action_rate_rate: -0.1500
             Episode_Reward/action_rate: -18.4624
           Episode_Reward/ankle_torques: -0.0993
           Episode_Reward/feet_yaw_mean: -0.1408
              Curriculum/terrain_levels: 0.0000
           Curriculum/polish_not_moving: -1.0000
           Episode_Termination/time_out: 0.3291
        Episode_Reward/joint_vel_limits: -0.0007
         Curriculum/polish_joint_vel_l2: -0.0010
        Episode_Reward/joint_pos_limits: -0.0016
         Episode_Reward/ground_unloaded: -0.3369
           Episode_Reward/feet_distance: -0.1112
           Curriculum/polish_torso_slam: -5.0000
  Episode_Reward/feet_distance_standing: -0.0980
      Episode_Termination/invalid_state: 0.0042
        Episode_Reward/joint_torques_l2: -0.3501
       Episode_Reward/base_height_rough: 0.9613
           Episode_Reward/body_velocity: -1.3433
               Episode_Reward/flat_feet: -0.9103
      Episode_Reward/base_height_medium: 1.6179
              Episode_Reward/feet_slide: -0.2796
               Curriculum/adaptive_lift: 0.9794
            Episode_Reward/joint_vel_l2: -0.5205
              Episode_Reward/torso_roll: -0.4309
 Episode_Reward/joint_deviation_l1_arms: -0.1528
              Episode_Reward/not_moving: -2.1756
        Episode_Reward/action_rate_rate: -8.2451
        Episode_Reward/illegal_contacts: -0.1233
              Episode_Reward/relaxation: -2.6553
--------------------------------------------------------------------------------
                         Iteration time: 4.32s
                           Time elapsed: 0:01:11
                                    ETA: 0:00:58

################################################################################
[1m                            Learning iteration 11/20                            [0m 

                               Run name: height_tracking_g1
                            Total steps: 1179648 
                       Steps per second: 23141 
                        Collection time: 4.015s 
                          Learning time: 0.233s 
                        Mean value loss: 3.2723
                    Mean surrogate loss: -0.0091
                      Mean entropy loss: 39.4707
                     Mean symmetry loss: 0.0007
                   Mean l2c2_actor loss: 0.0032
                  Mean l2c2_critic loss: 0.0028
                            Mean reward: -675.50
                    Mean episode length: 281.48
                        Mean action std: 0.94
                    Entropy coefficient: 0.002500
            Episode_Reward/joint_acc_l2: -0.1120
    Episode_Reward/joint_tracking_error: -1.1821
           Episode_Reward/forward_pitch: -0.7163
        Episode_Reward/base_height_fine: 2.8941
          Curriculum/polish_ground_slam: -1.0000
             Episode_Reward/ground_slam: -0.9998
     Episode_Reward/completely_airborne: -5.9272
            Metrics/height/height_error: 0.0366
        Curriculum/random_fallen_states: 0.0000
      Episode_Reward/joint_deviation_l1: -0.3313
              Episode_Reward/torso_slam: -0.6950
         Episode_Reward/severely_tilted: -0.0032
           Episode_Reward/torque_limits: -0.4252
           Episode_Reward/torso_upright: -0.0285
     Curriculum/polish_action_rate_rate: -0.1500
             Episode_Reward/action_rate: -20.0212
           Episode_Reward/ankle_torques: -0.0862
           Episode_Reward/feet_yaw_mean: -0.1430
              Curriculum/terrain_levels: 0.0000
           Curriculum/polish_not_moving: -1.0000
           Episode_Termination/time_out: 0.3595
        Episode_Reward/joint_vel_limits: -0.0007
         Curriculum/polish_joint_vel_l2: -0.0010
        Episode_Reward/joint_pos_limits: -0.0016
         Episode_Reward/ground_unloaded: -0.3278
           Episode_Reward/feet_distance: -0.1112
           Curriculum/polish_torso_slam: -5.0000
  Episode_Reward/feet_distance_standing: -0.0984
      Episode_Termination/invalid_state: 0.0042
        Episode_Reward/joint_torques_l2: -0.3814
       Episode_Reward/base_height_rough: 1.0261
           Episode_Reward/body_velocity: -1.4613
               Episode_Reward/flat_feet: -1.0347
      Episode_Reward/base_height_medium: 1.6738
              Episode_Reward/feet_slide: -0.3173
               Curriculum/adaptive_lift: 0.9771
            Episode_Reward/joint_vel_l2: -0.5666
              Episode_Reward/torso_roll: -0.4558
 Episode_Reward/joint_deviation_l1_arms: -0.1601
              Episode_Reward/not_moving: -2.2113
        Episode_Reward/action_rate_rate: -8.9457
        Episode_Reward/illegal_contacts: -0.1391
              Episode_Reward/relaxation: -3.1874
--------------------------------------------------------------------------------
                         Iteration time: 4.25s
                           Time elapsed: 0:01:15
                                    ETA: 0:00:50

################################################################################
[1m                            Learning iteration 12/20                            [0m 

                               Run name: height_tracking_g1
                            Total steps: 1277952 
                       Steps per second: 23431 
                        Collection time: 3.961s 
                          Learning time: 0.234s 
                        Mean value loss: 3.2257
                    Mean surrogate loss: -0.0103
                      Mean entropy loss: 39.3639
                     Mean symmetry loss: 0.0008
                   Mean l2c2_actor loss: 0.0033
                  Mean l2c2_critic loss: 0.0028
                            Mean reward: -737.37
                    Mean episode length: 303.96
                        Mean action std: 0.94
                    Entropy coefficient: 0.002500
            Episode_Reward/joint_acc_l2: -0.1137
    Episode_Reward/joint_tracking_error: -1.2756
           Episode_Reward/forward_pitch: -0.8306
        Episode_Reward/base_height_fine: 3.2386
          Curriculum/polish_ground_slam: -1.0000
             Episode_Reward/ground_slam: -1.1256
     Episode_Reward/completely_airborne: -6.3493
            Metrics/height/height_error: 0.0300
        Curriculum/random_fallen_states: 0.0000
      Episode_Reward/joint_deviation_l1: -0.3377
              Episode_Reward/torso_slam: -0.8379
         Episode_Reward/severely_tilted: -0.0063
           Episode_Reward/torque_limits: -0.4565
           Episode_Reward/torso_upright: -0.0287
     Curriculum/polish_action_rate_rate: -0.1500
             Episode_Reward/action_rate: -21.6706
           Episode_Reward/ankle_torques: -0.0900
           Episode_Reward/feet_yaw_mean: -0.1651
              Curriculum/terrain_levels: 0.0000
           Curriculum/polish_not_moving: -1.0000
           Episode_Termination/time_out: 0.3967
        Episode_Reward/joint_vel_limits: -0.0007
         Curriculum/polish_joint_vel_l2: -0.0010
        Episode_Reward/joint_pos_limits: -0.0017
         Episode_Reward/ground_unloaded: -0.3434
           Episode_Reward/feet_distance: -0.1171
           Curriculum/polish_torso_slam: -5.0000
  Episode_Reward/feet_distance_standing: -0.0939
      Episode_Termination/invalid_state: 0.0043
        Episode_Reward/joint_torques_l2: -0.4033
       Episode_Reward/base_height_rough: 1.1051
           Episode_Reward/body_velocity: -1.5546
               Episode_Reward/flat_feet: -1.1871
      Episode_Reward/base_height_medium: 1.8353
              Episode_Reward/feet_slide: -0.3510
               Curriculum/adaptive_lift: 0.9748
            Episode_Reward/joint_vel_l2: -0.6097
              Episode_Reward/torso_roll: -0.5116
 Episode_Reward/joint_deviation_l1_arms: -0.1611
              Episode_Reward/not_moving: -2.5232
        Episode_Reward/action_rate_rate: -9.6839
        Episode_Reward/illegal_contacts: -0.1690
              Episode_Reward/relaxation: -3.7876
--------------------------------------------------------------------------------
                         Iteration time: 4.20s
                           Time elapsed: 0:01:19
                                    ETA: 0:00:43

################################################################################
[1m                            Learning iteration 13/20                            [0m 

                               Run name: height_tracking_g1
                            Total steps: 1376256 
                       Steps per second: 23647 
                        Collection time: 3.923s 
                          Learning time: 0.234s 
                        Mean value loss: 3.0736
                    Mean surrogate loss: -0.0094
                      Mean entropy loss: 39.1799
                     Mean symmetry loss: 0.0009
                   Mean l2c2_actor loss: 0.0035
                  Mean l2c2_critic loss: 0.0027
                            Mean reward: -770.33
                    Mean episode length: 325.96
                        Mean action std: 0.93
                    Entropy coefficient: 0.002500
            Episode_Reward/joint_acc_l2: -0.1258
    Episode_Reward/joint_tracking_error: -1.3898
           Episode_Reward/forward_pitch: -0.8183
        Episode_Reward/base_height_fine: 3.8065
          Curriculum/polish_ground_slam: -1.0000
             Episode_Reward/ground_slam: -1.1389
     Episode_Reward/completely_airborne: -6.7104
            Metrics/height/height_error: 0.0482
        Curriculum/random_fallen_states: 0.0000
      Episode_Reward/joint_deviation_l1: -0.3799
              Episode_Reward/torso_slam: -0.6995
         Episode_Reward/severely_tilted: -0.0152
           Episode_Reward/torque_limits: -0.5032
           Episode_Reward/torso_upright: -0.0353
     Curriculum/polish_action_rate_rate: -0.1500
             Episode_Reward/action_rate: -23.3135
           Episode_Reward/ankle_torques: -0.1013
           Episode_Reward/feet_yaw_mean: -0.2323
              Curriculum/terrain_levels: 0.0000
           Curriculum/polish_not_moving: -1.0000
           Episode_Termination/time_out: 0.4321
        Episode_Reward/joint_vel_limits: -0.0008
         Curriculum/polish_joint_vel_l2: -0.0010
        Episode_Reward/joint_pos_limits: -0.0020
         Episode_Reward/ground_unloaded: -0.4417
           Episode_Reward/feet_distance: -0.1286
           Curriculum/polish_torso_slam: -5.0000
  Episode_Reward/feet_distance_standing: -0.1235
      Episode_Termination/invalid_state: 0.0044
        Episode_Reward/joint_torques_l2: -0.4331
       Episode_Reward/base_height_rough: 1.2689
           Episode_Reward/body_velocity: -1.7220
               Episode_Reward/flat_feet: -1.1997
      Episode_Reward/base_height_medium: 2.1487
              Episode_Reward/feet_slide: -0.3718
               Curriculum/adaptive_lift: 0.9724
            Episode_Reward/joint_vel_l2: -0.6575
              Episode_Reward/torso_roll: -0.5376
 Episode_Reward/joint_deviation_l1_arms: -0.1885
              Episode_Reward/not_moving: -2.9905
        Episode_Reward/action_rate_rate: -10.4130
        Episode_Reward/illegal_contacts: -0.1606
              Episode_Reward/relaxation: -2.9721
--------------------------------------------------------------------------------
                         Iteration time: 4.16s
                           Time elapsed: 0:01:24
                                    ETA: 0:00:36

################################################################################
[1m                            Learning iteration 14/20                            [0m 

                               Run name: height_tracking_g1
                            Total steps: 1474560 
                       Steps per second: 23852 
                        Collection time: 3.888s 
                          Learning time: 0.234s 
                        Mean value loss: 2.9888
                    Mean surrogate loss: -0.0098
                      Mean entropy loss: 39.0496
                     Mean symmetry loss: 0.0010
                   Mean l2c2_actor loss: 0.0036
                  Mean l2c2_critic loss: 0.0022
                            Mean reward: -818.74
                    Mean episode length: 351.03
                        Mean action std: 0.93
                    Entropy coefficient: 0.002500
            Episode_Reward/joint_acc_l2: -0.1325
    Episode_Reward/joint_tracking_error: -1.4640
           Episode_Reward/forward_pitch: -0.6557
        Episode_Reward/base_height_fine: 4.0630
          Curriculum/polish_ground_slam: -1.0000
             Episode_Reward/ground_slam: -1.2426
     Episode_Reward/completely_airborne: -7.8007
            Metrics/height/height_error: 0.0427
        Curriculum/random_fallen_states: 0.0000
      Episode_Reward/joint_deviation_l1: -0.3974
              Episode_Reward/torso_slam: -0.9202
         Episode_Reward/severely_tilted: -0.0021
           Episode_Reward/torque_limits: -0.5127
           Episode_Reward/torso_upright: -0.0370
     Curriculum/polish_action_rate_rate: -0.1500
             Episode_Reward/action_rate: -24.8851
           Episode_Reward/ankle_torques: -0.1294
           Episode_Reward/feet_yaw_mean: -0.2074
              Curriculum/terrain_levels: 0.0000
           Curriculum/polish_not_moving: -1.0000
           Episode_Termination/time_out: 0.4616
        Episode_Reward/joint_vel_limits: -0.0009
         Curriculum/polish_joint_vel_l2: -0.0010
        Episode_Reward/joint_pos_limits: -0.0022
         Episode_Reward/ground_unloaded: -0.4626
           Episode_Reward/feet_distance: -0.1398
           Curriculum/polish_torso_slam: -5.0000
  Episode_Reward/feet_distance_standing: -0.1083
      Episode_Termination/invalid_state: 0.0044
        Episode_Reward/joint_torques_l2: -0.4613
       Episode_Reward/base_height_rough: 1.3480
           Episode_Reward/body_velocity: -1.8444
               Episode_Reward/flat_feet: -1.3582
      Episode_Reward/base_height_medium: 2.2684
              Episode_Reward/feet_slide: -0.4078
               Curriculum/adaptive_lift: 0.9701
            Episode_Reward/joint_vel_l2: -0.7006
              Episode_Reward/torso_roll: -0.5694
 Episode_Reward/joint_deviation_l1_arms: -0.1955
              Episode_Reward/not_moving: -3.2173
        Episode_Reward/action_rate_rate: -11.1092
        Episode_Reward/illegal_contacts: -0.1284
              Episode_Reward/relaxation: -3.2938
--------------------------------------------------------------------------------
                         Iteration time: 4.12s
                           Time elapsed: 0:01:28
                                    ETA: 0:00:29

################################################################################
[1m                            Learning iteration 15/20                            [0m 

                               Run name: height_tracking_g1
                            Total steps: 1572864 
                       Steps per second: 23965 
                        Collection time: 3.869s 
                          Learning time: 0.233s 
                        Mean value loss: 2.8651
                    Mean surrogate loss: -0.0079
                      Mean entropy loss: 38.8755
                     Mean symmetry loss: 0.0010
                   Mean l2c2_actor loss: 0.0038
                  Mean l2c2_critic loss: 0.0027
                            Mean reward: -882.46
                    Mean episode length: 375.68
                        Mean action std: 0.93
                    Entropy coefficient: 0.002500
            Episode_Reward/joint_acc_l2: -0.1560
    Episode_Reward/joint_tracking_error: -1.5738
           Episode_Reward/forward_pitch: -0.6446
        Episode_Reward/base_height_fine: 4.4610
          Curriculum/polish_ground_slam: -1.0000
             Episode_Reward/ground_slam: -1.2782
     Episode_Reward/completely_airborne: -8.1436
            Metrics/height/height_error: 0.0524
        Curriculum/random_fallen_states: 0.0000
      Episode_Reward/joint_deviation_l1: -0.3928
              Episode_Reward/torso_slam: -0.8880
         Episode_Reward/severely_tilted: -0.0065
           Episode_Reward/torque_limits: -0.5800
           Episode_Reward/torso_upright: -0.0378
     Curriculum/polish_action_rate_rate: -0.1500
             Episode_Reward/action_rate: -26.3959
           Episode_Reward/ankle_torques: -0.1131
           Episode_Reward/feet_yaw_mean: -0.2288
              Curriculum/terrain_levels: 0.0000
           Curriculum/polish_not_moving: -1.0000
           Episode_Termination/time_out: 0.4904
        Episode_Reward/joint_vel_limits: -0.0009
         Curriculum/polish_joint_vel_l2: -0.0010
        Episode_Reward/joint_pos_limits: -0.0024
         Episode_Reward/ground_unloaded: -0.5201
           Episode_Reward/feet_distance: -0.1627
           Curriculum/polish_torso_slam: -5.0000
  Episode_Reward/feet_distance_standing: -0.1137
      Episode_Termination/invalid_state: 0.0044
        Episode_Reward/joint_torques_l2: -0.5189
       Episode_Reward/base_height_rough: 1.4726
           Episode_Reward/body_velocity: -1.9903
               Episode_Reward/flat_feet: -1.4443
      Episode_Reward/base_height_medium: 2.5049
              Episode_Reward/feet_slide: -0.4133
               Curriculum/adaptive_lift: 0.9678
            Episode_Reward/joint_vel_l2: -0.7371
              Episode_Reward/torso_roll: -0.6464
 Episode_Reward/joint_deviation_l1_arms: -0.1924
              Episode_Reward/not_moving: -3.5149
        Episode_Reward/action_rate_rate: -11.7789
        Episode_Reward/illegal_contacts: -0.1296
              Episode_Reward/relaxation: -3.6034
--------------------------------------------------------------------------------
                         Iteration time: 4.10s
                           Time elapsed: 0:01:32
                                    ETA: 0:00:23

################################################################################
[1m                            Learning iteration 16/20                            [0m 

                               Run name: height_tracking_g1
                            Total steps: 1671168 
                       Steps per second: 24050 
                        Collection time: 3.854s 
                          Learning time: 0.233s 
                        Mean value loss: 2.8000
                    Mean surrogate loss: -0.0107
                      Mean entropy loss: 38.7662
                     Mean symmetry loss: 0.0009
                   Mean l2c2_actor loss: 0.0040
                  Mean l2c2_critic loss: 0.0025
                            Mean reward: -912.08
                    Mean episode length: 397.73
                        Mean action std: 0.92
                    Entropy coefficient: 0.002500
            Episode_Reward/joint_acc_l2: -0.1527
    Episode_Reward/joint_tracking_error: -1.6482
           Episode_Reward/forward_pitch: -0.8550
        Episode_Reward/base_height_fine: 5.3543
          Curriculum/polish_ground_slam: -1.0000
             Episode_Reward/ground_slam: -1.3476
     Episode_Reward/completely_airborne: -9.1682
            Metrics/height/height_error: 0.0470
        Curriculum/random_fallen_states: 0.0000
      Episode_Reward/joint_deviation_l1: -0.5917
              Episode_Reward/torso_slam: -0.8717
         Episode_Reward/severely_tilted: -0.0032
           Episode_Reward/torque_limits: -0.6046
           Episode_Reward/torso_upright: -0.0571
     Curriculum/polish_action_rate_rate: -0.1500
             Episode_Reward/action_rate: -27.9353
           Episode_Reward/ankle_torques: -0.1249
           Episode_Reward/feet_yaw_mean: -0.1982
              Curriculum/terrain_levels: 0.0000
           Curriculum/polish_not_moving: -1.0000
           Episode_Termination/time_out: 0.5216
        Episode_Reward/joint_vel_limits: -0.0011
         Curriculum/polish_joint_vel_l2: -0.0010
        Episode_Reward/joint_pos_limits: -0.0023
         Episode_Reward/ground_unloaded: -0.5900
           Episode_Reward/feet_distance: -0.1532
           Curriculum/polish_torso_slam: -5.0000
  Episode_Reward/feet_distance_standing: -0.1501
      Episode_Termination/invalid_state: 0.0044
        Episode_Reward/joint_torques_l2: -0.5243
       Episode_Reward/base_height_rough: 1.6492
           Episode_Reward/body_velocity: -2.1280
               Episode_Reward/flat_feet: -1.4094
      Episode_Reward/base_height_medium: 2.9315
              Episode_Reward/feet_slide: -0.4880
               Curriculum/adaptive_lift: 0.9655
            Episode_Reward/joint_vel_l2: -0.8296
              Episode_Reward/torso_roll: -0.6326
 Episode_Reward/joint_deviation_l1_arms: -0.2809
              Episode_Reward/not_moving: -4.3600
        Episode_Reward/action_rate_rate: -12.4715
        Episode_Reward/illegal_contacts: -0.1632
              Episode_Reward/relaxation: -2.8511
--------------------------------------------------------------------------------
                         Iteration time: 4.09s
                           Time elapsed: 0:01:36
                                    ETA: 0:00:17

################################################################################
[1m                            Learning iteration 17/20                            [0m 

                               Run name: height_tracking_g1
                            Total steps: 1769472 
                       Steps per second: 24288 
                        Collection time: 3.813s 
                          Learning time: 0.234s 
                        Mean value loss: 2.7288
                    Mean surrogate loss: -0.0085
                      Mean entropy loss: 38.6454
                     Mean symmetry loss: 0.0011
                   Mean l2c2_actor loss: 0.0042
                  Mean l2c2_critic loss: 0.0028
                            Mean reward: -974.63
                    Mean episode length: 418.92
                        Mean action std: 0.92
                    Entropy coefficient: 0.002500
            Episode_Reward/joint_acc_l2: -0.1501
    Episode_Reward/joint_tracking_error: -1.7326
           Episode_Reward/forward_pitch: -1.1265
        Episode_Reward/base_height_fine: 4.3662
          Curriculum/polish_ground_slam: -1.0000
             Episode_Reward/ground_slam: -1.5134
     Episode_Reward/completely_airborne: -8.8665
            Metrics/height/height_error: 0.0408
        Curriculum/random_fallen_states: 0.0000
      Episode_Reward/joint_deviation_l1: -0.4506
              Episode_Reward/torso_slam: -1.0721
         Episode_Reward/severely_tilted: -0.0028
           Episode_Reward/torque_limits: -0.6158
           Episode_Reward/torso_upright: -0.0402
     Curriculum/polish_action_rate_rate: -0.1500
             Episode_Reward/action_rate: -29.2154
           Episode_Reward/ankle_torques: -0.1273
           Episode_Reward/feet_yaw_mean: -0.2604
              Curriculum/terrain_levels: 0.0000
           Curriculum/polish_not_moving: -1.0000
           Episode_Termination/time_out: 0.5532
        Episode_Reward/joint_vel_limits: -0.0010
         Curriculum/polish_joint_vel_l2: -0.0010
        Episode_Reward/joint_pos_limits: -0.0026
         Episode_Reward/ground_unloaded: -0.5010
           Episode_Reward/feet_distance: -0.1670
           Curriculum/polish_torso_slam: -5.0000
  Episode_Reward/feet_distance_standing: -0.1308
      Episode_Termination/invalid_state: 0.0044
        Episode_Reward/joint_torques_l2: -0.5384
       Episode_Reward/base_height_rough: 1.5213
           Episode_Reward/body_velocity: -2.1134
               Episode_Reward/flat_feet: -1.6951
      Episode_Reward/base_height_medium: 2.4715
              Episode_Reward/feet_slide: -0.4727
               Curriculum/adaptive_lift: 0.9631
            Episode_Reward/joint_vel_l2: -0.8446
              Episode_Reward/torso_roll: -0.6751
 Episode_Reward/joint_deviation_l1_arms: -0.2117
              Episode_Reward/not_moving: -3.4678
        Episode_Reward/action_rate_rate: -13.0288
        Episode_Reward/illegal_contacts: -0.2312
              Episode_Reward/relaxation: -4.6889
--------------------------------------------------------------------------------
                         Iteration time: 4.05s
                           Time elapsed: 0:01:40
                                    ETA: 0:00:11

################################################################################
[1m                            Learning iteration 18/20                            [0m 

                               Run name: height_tracking_g1
                            Total steps: 1867776 
                       Steps per second: 24210 
                        Collection time: 3.827s 
                          Learning time: 0.234s 
                        Mean value loss: 2.6248
                    Mean surrogate loss: -0.0081
                      Mean entropy loss: 38.4910
                     Mean symmetry loss: 0.0011
                   Mean l2c2_actor loss: 0.0045
                  Mean l2c2_critic loss: 0.0022
                            Mean reward: -1030.00
                    Mean episode length: 447.73
                        Mean action std: 0.91
                    Entropy coefficient: 0.002500
            Episode_Reward/joint_acc_l2: -0.1745
    Episode_Reward/joint_tracking_error: -1.8305
           Episode_Reward/forward_pitch: -1.3256
        Episode_Reward/base_height_fine: 5.1976
          Curriculum/polish_ground_slam: -1.0000
             Episode_Reward/ground_slam: -1.4759
     Episode_Reward/completely_airborne: -9.3007
            Metrics/height/height_error: 0.0456
        Curriculum/random_fallen_states: 0.0000
      Episode_Reward/joint_deviation_l1: -0.5508
              Episode_Reward/torso_slam: -0.9754
         Episode_Reward/severely_tilted: -0.0044
           Episode_Reward/torque_limits: -0.6422
           Episode_Reward/torso_upright: -0.0622
     Curriculum/polish_action_rate_rate: -0.1500
             Episode_Reward/action_rate: -30.7142
           Episode_Reward/ankle_torques: -0.1386
           Episode_Reward/feet_yaw_mean: -0.2179
              Curriculum/terrain_levels: 0.0000
           Curriculum/polish_not_moving: -1.0000
           Episode_Termination/time_out: 0.5847
        Episode_Reward/joint_vel_limits: -0.0011
         Curriculum/polish_joint_vel_l2: -0.0010
        Episode_Reward/joint_pos_limits: -0.0025
         Episode_Reward/ground_unloaded: -0.5634
           Episode_Reward/feet_distance: -0.1684
           Curriculum/polish_torso_slam: -5.0000
  Episode_Reward/feet_distance_standing: -0.1559
      Episode_Termination/invalid_state: 0.0049
        Episode_Reward/joint_torques_l2: -0.6011
       Episode_Reward/base_height_rough: 1.7269
           Episode_Reward/body_velocity: -2.2116
               Episode_Reward/flat_feet: -1.7097
      Episode_Reward/base_height_medium: 2.9186
              Episode_Reward/feet_slide: -0.5096
               Curriculum/adaptive_lift: 0.9608
            Episode_Reward/joint_vel_l2: -0.8903
              Episode_Reward/torso_roll: -0.7178
 Episode_Reward/joint_deviation_l1_arms: -0.2723
              Episode_Reward/not_moving: -4.0813
        Episode_Reward/action_rate_rate: -13.6853
        Episode_Reward/illegal_contacts: -0.2694
              Episode_Reward/relaxation: -4.4541
--------------------------------------------------------------------------------
                         Iteration time: 4.06s
                           Time elapsed: 0:01:44
                                    ETA: 0:00:05

################################################################################
[1m                            Learning iteration 19/20                            [0m 

                               Run name: height_tracking_g1
                            Total steps: 1966080 
                       Steps per second: 24342 
                        Collection time: 3.804s 
                          Learning time: 0.235s 
                        Mean value loss: 2.5550
                    Mean surrogate loss: -0.0099
                      Mean entropy loss: 38.3949
                     Mean symmetry loss: 0.0011
                   Mean l2c2_actor loss: 0.0046
                  Mean l2c2_critic loss: 0.0020
                            Mean reward: -1086.16
                    Mean episode length: 471.08
                        Mean action std: 0.91
                    Entropy coefficient: 0.002500
            Episode_Reward/joint_acc_l2: -0.1750
    Episode_Reward/joint_tracking_error: -1.9018
           Episode_Reward/forward_pitch: -1.3480
        Episode_Reward/base_height_fine: 5.4380
          Curriculum/polish_ground_slam: -1.0000
             Episode_Reward/ground_slam: -1.6140
     Episode_Reward/completely_airborne: -10.3335
            Metrics/height/height_error: 0.0443
        Curriculum/random_fallen_states: 0.0000
      Episode_Reward/joint_deviation_l1: -0.6279
              Episode_Reward/torso_slam: -1.0973
         Episode_Reward/severely_tilted: -0.0050
           Episode_Reward/torque_limits: -0.6766
           Episode_Reward/torso_upright: -0.0632
     Curriculum/polish_action_rate_rate: -0.1500
             Episode_Reward/action_rate: -32.3841
           Episode_Reward/ankle_torques: -0.1341
           Episode_Reward/feet_yaw_mean: -0.2266
              Curriculum/terrain_levels: 0.0000
           Curriculum/polish_not_moving: -1.0000
           Episode_Termination/time_out: 0.6193
        Episode_Reward/joint_vel_limits: -0.0011
         Curriculum/polish_joint_vel_l2: -0.0010
        Episode_Reward/joint_pos_limits: -0.0025
         Episode_Reward/ground_unloaded: -0.5602
           Episode_Reward/feet_distance: -0.1815
           Curriculum/polish_torso_slam: -5.0000
  Episode_Reward/feet_distance_standing: -0.1746
      Episode_Termination/invalid_state: 0.0049
        Episode_Reward/joint_torques_l2: -0.6211
       Episode_Reward/base_height_rough: 1.8198
           Episode_Reward/body_velocity: -2.3259
               Episode_Reward/flat_feet: -1.7848
      Episode_Reward/base_height_medium: 3.0691
              Episode_Reward/feet_slide: -0.5662
               Curriculum/adaptive_lift: 0.9585
            Episode_Reward/joint_vel_l2: -0.9342
              Episode_Reward/torso_roll: -0.7607
 Episode_Reward/joint_deviation_l1_arms: -0.2873
              Episode_Reward/not_moving: -4.2261
        Episode_Reward/action_rate_rate: -14.4269
        Episode_Reward/illegal_contacts: -0.2659
              Episode_Reward/relaxation: -5.1131
--------------------------------------------------------------------------------
                         Iteration time: 4.04s
                           Time elapsed: 0:01:48
                                    ETA: 0:00:00

[INFO]: SimulationContext cleared
