The '--headless' CLI argument is deprecated. Omit '--viz' for default headless. If config visualizers are enabled and you want to force headless, use '--viz none'.
Loading user config located at: '/workspace/WBC-AGILE/.venv/lib/python3.12/site-packages/isaacsim/kit/data/Kit/IsaacLab/3.0/user.config.json'
2026-09-02T04:59:31Z [0ms] [Warning] [omni.ext.plugin] [ext: isaaclab_visualizers] Extensions config 'extension.toml' doesn't exist '/workspace/WBC-AGILE/.venv/lib/python3.12/site-packages/isaaclab/source/isaaclab_visualizers' or '/workspace/WBC-AGILE/.venv/lib/python3.12/site-packages/isaaclab/source/isaaclab_visualizers/config'
WARNING: All log messages before absl::InitializeLog() is called are written to STDERR
E0000 00:00:1788325171.676666  405606 descriptor_database.cc:633] File already exists in database: grpc/health/v1/health.proto
W0000 00:00:1788325171.676697  405606 message.cc:301] Protobuf GeneratedMessageFactory: File is already registered: grpc/health/v1/health.proto
2026-09-02T04:59:31Z [354ms] [Warning] [omni.usd_config.extension] Enable omni.materialx.libs extension to use MaterialX
2026-09-02T04:59:31Z [360ms] [Warning] [omni.platforminfo.plugin] failed to open the default display.  Can't verify X Server version.
2026-09-02T04:59:32Z [402ms] [Error] [omni.ext.plugin] Could not load the dynamic library from /workspace/WBC-AGILE/.venv/lib/python3.12/site-packages/isaacsim/extscache/omni.usd.libs-1.0.3+6312fa25.lx64.r.cp312/bin/libMaterialXRenderHw.so. Error: libXt.so.6: cannot open shared object file: No such file or directory (note that this may be caused by a dependent library)
2026-09-02T04:59:32Z [402ms] [Error] [omni.ext.plugin] Could not load the dynamic library from /workspace/WBC-AGILE/.venv/lib/python3.12/site-packages/isaacsim/extscache/omni.usd.libs-1.0.3+6312fa25.lx64.r.cp312/bin/libMaterialXRenderGlsl.so. Error: libXt.so.6: cannot open shared object file: No such file or directory (note that this may be caused by a dependent library)
2026-09-02T04:59:32Z [403ms] [Error] [omni.ext.plugin] Could not load the dynamic library from /workspace/WBC-AGILE/.venv/lib/python3.12/site-packages/isaacsim/extscache/omni.usd.libs-1.0.3+6312fa25.lx64.r.cp312/bin/libusd_usdBakeMtlx.so. Error: libXt.so.6: cannot open shared object file: No such file or directory (note that this may be caused by a dependent library)
2026-09-02T04:59:32Z [961ms] [Warning] [isaacsim.core.simulation_manager.plugin] USD stage is not available; stage-opened subscription is deferred
2026-09-02T04:59:32Z [961ms] [Warning] [isaacsim.core.simulation_manager.plugin] USD stage is not available; stage-opened subscription is deferred
[ISAACLAB] AppLauncher initialization complete
[ablate] AGILE_ABLATE=nophysics_noreadback AGILE_NVTX=0
[ablate]   SimulationContext.step -> no-op (PhysX solve removed)
[ablate]   InteractiveScene.update -> no-op (sensor readback removed)
[INFO]: Parsing configuration from: agile.rl_env.tasks.stand_up.g1.height_tracking_env_cfg:G1HeightTrackingEnvCfg
[INFO]: Parsing configuration from: agile.rl_env.tasks.stand_up.g1.agents.rsl_rl_ppo_cfg:G1HeightTrackingPpoRunnerCfg
[INFO] Logging experiment in directory: /workspace/WBC-AGILE/logs/rsl_rl/height_tracking_g1
Exact experiment name requested from command line: 2026-09-02_04-59-41
2026-09-02T04:59:41Z [10,377ms] [Warning] [isaaclab_physx.physics.physx_manager] TGS solver with enable_external_forces_every_iteration=False may cause noisy velocities.
[INFO]: Base environment:
	Environment device    : cuda:0
	Environment seed      : 42
	Physics step-size     : 0.005
	Rendering step-size   : 0.02
	Environment step-size : 0.02
[INFO] Generating terrains based on curriculum took Last: 0.222019 s
[INFO]: Registered backend 'physx' for factory Articulation.
[INFO]: Setting variant selection 'PhysX' for variant set 'Physics' on prim '/World/envs/env_0/Robot'.
[INFO]: Setting variant selection 'None' for variant set 'left_hand' on prim '/World/envs/env_0/Robot'.
[INFO]: Setting variant selection 'None' for variant set 'right_hand' on prim '/World/envs/env_0/Robot'.
[INFO]: Registered backend 'physx' for factory FrameView.
[INFO]: Registered backend 'physx' for factory ContactSensor.
[INFO]: Registered backend 'physx' for factory RayCaster.
[INFO]: Physics scene prim path: /physicsScene
[INFO]: Time taken for scene creation Last: 8.233720 s, Mean: 8.233720 s, Std: 0.000000 s, N: 1
[INFO]: Scene manager:  <class InteractiveScene>
	Number of environments: 4096
	Environment spacing   : 2.5
	Source prim name      : /World/envs/env_0
	Global prim paths     : ['/World/ground']
	Replicate physics     : True
2026-09-02T05:00:09Z [37,935ms] [Warning] [usdrt.population.plugin] Last global time was not created. Did you call setEnableUsdNoticeHandling?
[INFO]: Simulation parameters for joints in /World/envs/env_.*/Robot:
+---------------------------------------------------------------------------------------------------------------------------------------------------------------------------------+
|                                                        Simulation Joint Information (Prim path: /World/envs/env_.*/Robot)                                                       |
+-------+----------------------------+-----------+---------+----------+-----------------+------------------+------------------+-----------------+-----------------+---------------+
| Index | Name                       | Stiffness | Damping | Armature | Static Friction | Dynamic Friction | Viscous Friction | Position Limits | Velocity Limits | Effort Limits |
+-------+----------------------------+-----------+---------+----------+-----------------+------------------+------------------+-----------------+-----------------+---------------+
|   0   | left_hip_pitch_joint       |   0.000   |  0.000  |  0.020   |      0.010      |      0.000       |      0.000       | [-2.531, 2.880] |      32.000     |     88.000    |
|   1   | right_hip_pitch_joint      |   0.000   |  0.000  |  0.020   |      0.010      |      0.000       |      0.000       | [-2.531, 2.880] |      32.000     |     88.000    |
|   2   | waist_yaw_joint            |   0.000   |  0.000  |  0.020   |      0.010      |      0.000       |      0.000       | [-2.618, 2.618] |      32.000     |     88.000    |
|   3   | left_hip_roll_joint        |   0.000   |  0.000  |  0.020   |      0.010      |      0.000       |      0.000       | [-0.524, 2.967] |      32.000     |     88.000    |
|   4   | right_hip_roll_joint       |   0.000   |  0.000  |  0.020   |      0.010      |      0.000       |      0.000       | [-2.967, 0.524] |      32.000     |     88.000    |
|   5   | waist_roll_joint           |   0.000   |  0.000  |  0.020   |      0.010      |      0.000       |      0.000       | [-0.520, 0.520] |      37.000     |     50.000    |
|   6   | left_hip_yaw_joint         |   0.000   |  0.000  |  0.020   |      0.010      |      0.000       |      0.000       | [-2.758, 2.758] |      32.000     |     88.000    |
|   7   | right_hip_yaw_joint        |   0.000   |  0.000  |  0.020   |      0.010      |      0.000       |      0.000       | [-2.758, 2.758] |      32.000     |     88.000    |
|   8   | waist_pitch_joint          |   0.000   |  0.000  |  0.020   |      0.010      |      0.000       |      0.000       | [-0.520, 0.520] |      37.000     |     50.000    |
|   9   | left_knee_joint            |   0.000   |  0.000  |  0.020   |      0.010      |      0.000       |      0.000       | [-0.087, 2.880] |      20.000     |    139.000    |
|   10  | right_knee_joint           |   0.000   |  0.000  |  0.020   |      0.010      |      0.000       |      0.000       | [-0.087, 2.880] |      20.000     |    139.000    |
|   11  | left_shoulder_pitch_joint  |   0.000   |  0.000  |  0.020   |      0.010      |      0.000       |      0.000       | [-3.089, 2.670] |      37.000     |     25.000    |
|   12  | right_shoulder_pitch_joint |   0.000   |  0.000  |  0.020   |      0.010      |      0.000       |      0.000       | [-3.089, 2.670] |      37.000     |     25.000    |
|   13  | left_ankle_pitch_joint     |   0.000   |  0.000  |  0.020   |      0.010      |      0.000       |      0.000       | [-0.873, 0.524] |      37.000     |     50.000    |
|   14  | right_ankle_pitch_joint    |   0.000   |  0.000  |  0.020   |      0.010      |      0.000       |      0.000       | [-0.873, 0.524] |      37.000     |     50.000    |
|   15  | left_shoulder_roll_joint   |   0.000   |  0.000  |  0.020   |      0.010      |      0.000       |      0.000       | [-1.588, 2.251] |      37.000     |     25.000    |
|   16  | right_shoulder_roll_joint  |   0.000   |  0.000  |  0.020   |      0.010      |      0.000       |      0.000       | [-2.251, 1.588] |      37.000     |     25.000    |
|   17  | left_ankle_roll_joint      |   0.000   |  0.000  |  0.020   |      0.010      |      0.000       |      0.000       | [-0.262, 0.262] |      37.000     |     50.000    |
|   18  | right_ankle_roll_joint     |   0.000   |  0.000  |  0.020   |      0.010      |      0.000       |      0.000       | [-0.262, 0.262] |      37.000     |     50.000    |
|   19  | left_shoulder_yaw_joint    |   0.000   |  0.000  |  0.020   |      0.010      |      0.000       |      0.000       | [-2.618, 2.618] |      37.000     |     25.000    |
|   20  | right_shoulder_yaw_joint   |   0.000   |  0.000  |  0.020   |      0.010      |      0.000       |      0.000       | [-2.618, 2.618] |      37.000     |     25.000    |
|   21  | left_elbow_joint           |   0.000   |  0.000  |  0.020   |      0.010      |      0.000       |      0.000       | [-1.047, 2.094] |      37.000     |     25.000    |
|   22  | right_elbow_joint          |   0.000   |  0.000  |  0.020   |      0.010      |      0.000       |      0.000       | [-1.047, 2.094] |      37.000     |     25.000    |
|   23  | left_wrist_roll_joint      |   0.000   |  0.000  |  0.020   |      0.010      |      0.000       |      0.000       | [-1.972, 1.972] |      37.000     |     25.000    |
|   24  | right_wrist_roll_joint     |   0.000   |  0.000  |  0.020   |      0.010      |      0.000       |      0.000       | [-1.972, 1.972] |      37.000     |     25.000    |
|   25  | left_wrist_pitch_joint     |   0.000   |  0.000  |  0.020   |      0.010      |      0.000       |      0.000       | [-1.614, 1.614] |      22.000     |     5.000     |
|   26  | right_wrist_pitch_joint    |   0.000   |  0.000  |  0.020   |      0.010      |      0.000       |      0.000       | [-1.614, 1.614] |      22.000     |     5.000     |
|   27  | left_wrist_yaw_joint       |   0.000   |  0.000  |  0.020   |      0.010      |      0.000       |      0.000       | [-1.614, 1.614] |      22.000     |     5.000     |
|   28  | right_wrist_yaw_joint      |   0.000   |  0.000  |  0.020   |      0.010      |      0.000       |      0.000       | [-1.614, 1.614] |      22.000     |     5.000     |
+-------+----------------------------+-----------+---------+----------+-----------------+------------------+------------------+-----------------+-----------------+---------------+
[INFO]: Read mesh prim: /World/ground/terrain/mesh with 369728 vertices and 2097240 faces.
[INFO]: Time taken for simulation start Last: 29.778708 s, Mean: 29.778708 s, Std: 0.000000 s, N: 1
[INFO] Command Manager:  <CommandManager> contains 1 active terms.
+--------------------------------------+
|         Active Command Terms         |
+-------+--------+---------------------+
| Index | Name   |         Type        |
+-------+--------+---------------------+
|   0   | height | SmoothHeightCommand |
+-------+--------+---------------------+

[INFO] Event Manager:  <EventManager> contains 3 active terms.
+----------------------------------------+
| Active Event Terms in Mode: 'startup'  |
+--------+-------------------------------+
| Index  | Name                          |
+--------+-------------------------------+
|   0    | randomize_physics_material    |
|   1    | randomize_actuator_gains      |
|   2    | randomize_bodies_mass         |
|   3    | randomize_base_mass           |
|   4    | randomize_base_com            |
+--------+-------------------------------+
+---------------------------------------------------------------------------+
|                   Active Event Terms in Mode: 'interval'                  |
+-------+-----------------------------------------+-------------------------+
| Index | Name                                    | Interval time range (s) |
+-------+-----------------------------------------+-------------------------+
|   0   | push_robot                              |       (0.0, 10.0)       |
|   1   | apply_external_force_torque             |       (0.0, 10.0)       |
|   2   | apply_external_force_torque_extremities |       (0.0, 10.0)       |
+-------+-----------------------------------------+-------------------------+
+----------------------------------+
| Active Event Terms in Mode: 'reset' |
+------------+---------------------+
|   Index    | Name                |
+------------+---------------------+
|     0      | reset_base          |
+------------+---------------------+

[INFO] Recorder Manager:  <RecorderManager> contains 0 active terms.
+---------------------+
| Active Recorder Terms |
+-----------+---------+
|   Index   | Name    |
+-----------+---------+
+-----------+---------+

[INFO]: Resolved joint names for the action term JointPositionAction: ['left_hip_pitch_joint', 'right_hip_pitch_joint', 'waist_yaw_joint', 'left_hip_roll_joint', 'right_hip_roll_joint', 'waist_roll_joint', 'left_hip_yaw_joint', 'right_hip_yaw_joint', 'waist_pitch_joint', 'left_knee_joint', 'right_knee_joint', 'left_shoulder_pitch_joint', 'right_shoulder_pitch_joint', 'left_ankle_pitch_joint', 'right_ankle_pitch_joint', 'left_shoulder_roll_joint', 'right_shoulder_roll_joint', 'left_ankle_roll_joint', 'right_ankle_roll_joint', 'left_shoulder_yaw_joint', 'right_shoulder_yaw_joint', 'left_elbow_joint', 'right_elbow_joint', 'left_wrist_roll_joint', 'right_wrist_roll_joint', 'left_wrist_pitch_joint', 'right_wrist_pitch_joint', 'left_wrist_yaw_joint', 'right_wrist_yaw_joint'] [[0, 1, 2, 3, 4, 5, 6, 7, 8, 9, 10, 11, 12, 13, 14, 15, 16, 17, 18, 19, 20, 21, 22, 23, 24, 25, 26, 27, 28]]
[INFO] Action Manager:  <ActionManager> contains 2 active terms.
+------------------------------------+
|  Active Action Terms (shape: 29)   |
+--------+-------------+-------------+
| Index  | Name        |   Dimension |
+--------+-------------+-------------+
|   0    | joint_pos   |          29 |
|   1    | lift        |           0 |
+--------+-------------+-------------+

[INFO] Observation Manager: <ObservationManager> contains 2 groups.
+----------------------------------------------+
| Active Observation Terms in Group: 'policy'  |
+---------+------------------------+-----------+
|  Index  | Name                   |   Shape   |
+---------+------------------------+-----------+
|    0    | base_ang_vel           |   (5, 3)  |
|    1    | projected_gravity      |   (5, 3)  |
|    2    | joint_pos              |  (5, 29)  |
|    3    | joint_vel              |  (5, 29)  |
|    4    | actions                |  (5, 29)  |
|    5    | height_command         |   (5, 1)  |
+---------+------------------------+-----------+
+----------------------------------------------+
| Active Observation Terms in Group: 'critic'  |
+---------+------------------------+-----------+
|  Index  | Name                   |   Shape   |
+---------+------------------------+-----------+
|    0    | projected_gravity      |   (5, 3)  |
|    1    | base_lin_vel           |   (5, 3)  |
|    2    | base_ang_vel           |   (5, 3)  |
|    3    | joint_pos              |  (5, 29)  |
|    4    | joint_vel              |  (5, 29)  |
|    5    | actions                |  (5, 29)  |
|    6    | contact_forces         |  (5, 30)  |
|    7    | base_height            |   (5, 1)  |
|    8    | height_command         |   (5, 1)  |
+---------+------------------------+-----------+

[INFO] Termination Manager:  <TerminationManager> contains 2 active terms.
+----------------------------------+
|     Active Termination Terms     |
+-------+---------------+----------+
| Index | Name          | Time Out |
+-------+---------------+----------+
|   0   | time_out      |   True   |
|   1   | invalid_state |  False   |
+-------+---------------+----------+

[INFO] Reward Manager:  <RewardManager> contains 32 active terms.
+--------------------------------------------+
|            Active Reward Terms             |
+-------+-------------------------+----------+
| Index | Name                    |   Weight |
+-------+-------------------------+----------+
|   0   | joint_torques_l2        |   -5e-05 |
|   1   | torque_limits           |    -0.01 |
|   2   | joint_acc_l2            | -2.5e-08 |
|   3   | joint_pos_limits        |     -0.1 |
|   4   | joint_vel_limits        |    -0.01 |
|   5   | action_rate             |     -1.0 |
|   6   | action_rate_rate        |    -0.15 |
|   7   | joint_vel_l2            |   -0.001 |
|   8   | joint_tracking_error    |     -0.5 |
|   9   | base_height_rough       |      4.0 |
|   10  | base_height_medium      |      8.0 |
|   11  | base_height_fine        |     16.0 |
|   12  | relaxation              |     -1.0 |
|   13  | joint_deviation_l1      |     -0.5 |
|   14  | joint_deviation_l1_arms |     -0.5 |
|   15  | ankle_torques           |   -0.001 |
|   16  | not_moving              |     -1.0 |
|   17  | torso_upright           |     -1.0 |
|   18  | severely_tilted         |     -5.0 |
|   19  | torso_roll              |     -5.0 |
|   20  | forward_pitch           |    -10.0 |
|   21  | illegal_contacts        |     -2.0 |
|   22  | feet_distance           |     -5.0 |
|   23  | feet_distance_standing  |    -10.0 |
|   24  | ground_unloaded         |     -2.0 |
|   25  | flat_feet               |     -1.0 |
|   26  | feet_slide              |     -1.0 |
|   27  | feet_yaw_mean           |     -2.0 |
|   28  | completely_airborne     |    -50.0 |
|   29  | body_velocity           |     -0.1 |
|   30  | ground_slam             |     -1.0 |
|   31  | torso_slam              |     -5.0 |
+-------+-------------------------+----------+

[INFO] Curriculum Manager:  <CurriculumManager> contains 8 active terms.
+---------------------------------+
|     Active Curriculum Terms     |
+-------+-------------------------+
| Index | Name                    |
+-------+-------------------------+
|   0   | adaptive_lift           |
|   1   | terrain_levels          |
|   2   | polish_action_rate_rate |
|   3   | polish_ground_slam      |
|   4   | polish_torso_slam       |
|   5   | polish_not_moving       |
|   6   | polish_joint_vel_l2     |
|   7   | random_fallen_states    |
+-------+-------------------------+

[INFO]: Completed setting up the environment...
/workspace/WBC-AGILE/.venv/lib/python3.12/site-packages/rsl_rl/utils/utils.py:220: UserWarning: The observation configuration dictionary 'obs_groups' is empty and thus likely not configured. Consider configuring the 'obs_groups' dictionary explicitly
  warnings.warn(
/workspace/WBC-AGILE/.venv/lib/python3.12/site-packages/rsl_rl/utils/utils.py:251: UserWarning: The observation configuration dictionary 'obs_groups' does not contain the 'actor' key. As an observation group with the name 'policy' was found, this is assumed to be the appropriate observation. Consider adding the 'actor' key to the 'obs_groups' dictionary for clarity. This behavior will be removed in a future version.
  warnings.warn(
/workspace/WBC-AGILE/.venv/lib/python3.12/site-packages/rsl_rl/utils/utils.py:243: UserWarning: The observation configuration dictionary 'obs_groups' does not contain the 'critic' key. As an observation group with the name 'critic' was found, this is assumed to be the appropriate observation. Consider adding the 'critic' key to the 'obs_groups' dictionary for clarity. This behavior will be removed in a future version.
  warnings.warn(
--------------------------------------------------------------------------------
Resolved observation sets: 
	 actor :  ['policy']
	 critic :  ['critic']
--------------------------------------------------------------------------------
Actor Model: MLPModel(
  (obs_normalizer): Identity()
  (distribution): GaussianDistribution()
  (mlp): MLP(
    (0): Linear(in_features=470, out_features=256, bias=True)
    (1): ELU(alpha=1.0)
    (2): Linear(in_features=256, out_features=256, bias=True)
    (3): ELU(alpha=1.0)
    (4): Linear(in_features=256, out_features=128, bias=True)
    (5): ELU(alpha=1.0)
    (6): Linear(in_features=128, out_features=29, bias=True)
  )
)
Critic Model: MLPModel(
  (obs_normalizer): Identity()
  (mlp): MLP(
    (0): Linear(in_features=640, out_features=512, bias=True)
    (1): ELU(alpha=1.0)
    (2): Linear(in_features=512, out_features=256, bias=True)
    (3): ELU(alpha=1.0)
    (4): Linear(in_features=256, out_features=128, bias=True)
    (5): ELU(alpha=1.0)
    (6): Linear(in_features=128, out_features=1, bias=True)
  )
)
Storing git diff for 'WBC-AGILE' in: /workspace/WBC-AGILE/logs/rsl_rl/height_tracking_g1/2026-09-02_04-59-41_height_tracking_g1/git/WBC-AGILE.diff
Could not find git repository in /workspace/bench/scripts/train_ablate.py. Skipping.
################################################################################
[1m                            Learning iteration 0/20                             [0m 

                               Run name: height_tracking_g1
                            Total steps: 98304 
                       Steps per second: 42006 
                        Collection time: 1.991s 
                          Learning time: 0.349s 
                        Mean value loss: 6.7796
                    Mean surrogate loss: 0.0325
                      Mean entropy loss: 41.0963
                     Mean symmetry loss: 0.0023
                   Mean l2c2_actor loss: 0.0010
                  Mean l2c2_critic loss: 0.0016
                            Mean reward: -40.19
                    Mean episode length: 14.12
                        Mean action std: 1.00
                    Entropy coefficient: 0.002500
              Episode_Reward/torso_slam: 0.0000
           Curriculum/polish_not_moving: -1.0000
        Episode_Reward/action_rate_rate: -0.3993
         Curriculum/polish_joint_vel_l2: -0.0010
        Episode_Reward/base_height_fine: 0.0486
             Episode_Reward/ground_slam: 0.0000
           Episode_Reward/feet_yaw_mean: -0.0000
        Episode_Reward/joint_pos_limits: -0.0002
           Episode_Reward/torso_upright: 0.0000
           Episode_Reward/feet_distance: 0.0000
       Episode_Reward/base_height_rough: 0.0291
           Episode_Reward/ankle_torques: -0.0057
      Episode_Reward/base_height_medium: 0.0376
             Episode_Reward/action_rate: -0.9283
     Episode_Reward/completely_airborne: -0.8333
           Episode_Termination/time_out: 0.0169
         Episode_Reward/severely_tilted: 0.0000
           Curriculum/polish_torso_slam: -5.0000
     Curriculum/polish_action_rate_rate: -0.1500
               Episode_Reward/flat_feet: -0.0228
          Curriculum/polish_ground_slam: -1.0000
        Curriculum/random_fallen_states: 0.0000
        Episode_Reward/joint_vel_limits: 0.0000
              Episode_Reward/torso_roll: -0.0055
  Episode_Reward/feet_distance_standing: 0.0000
      Episode_Reward/joint_deviation_l1: -0.0051
 Episode_Reward/joint_deviation_l1_arms: -0.0000
           Episode_Reward/forward_pitch: -0.0000
      Episode_Termination/invalid_state: 0.0000
            Episode_Reward/joint_vel_l2: -0.0000
           Episode_Reward/torque_limits: -0.0179
            Metrics/height/height_error: 0.0000
              Episode_Reward/not_moving: -0.0033
    Episode_Reward/joint_tracking_error: -0.0480
        Episode_Reward/illegal_contacts: 0.0000
              Curriculum/terrain_levels: 0.0000
              Episode_Reward/feet_slide: 0.0000
               Curriculum/adaptive_lift: 1.0000
        Episode_Reward/joint_torques_l2: -0.0204
         Episode_Reward/ground_unloaded: -0.0218
              Episode_Reward/relaxation: -0.1461
            Episode_Reward/joint_acc_l2: 0.0000
           Episode_Reward/body_velocity: -0.0037
--------------------------------------------------------------------------------
                         Iteration time: 2.34s
                           Time elapsed: 0:00:02
                                    ETA: 0:00:44

################################################################################
[1m                            Learning iteration 1/20                             [0m 

                               Run name: height_tracking_g1
                            Total steps: 196608 
                       Steps per second: 106559 
                        Collection time: 0.689s 
                          Learning time: 0.233s 
                        Mean value loss: 7.0339
                    Mean surrogate loss: 0.0026
                      Mean entropy loss: 41.0449
                     Mean symmetry loss: 0.0012
                   Mean l2c2_actor loss: 0.0010
                  Mean l2c2_critic loss: 0.0063
                            Mean reward: -122.68
                    Mean episode length: 41.66
                        Mean action std: 0.99
                    Entropy coefficient: 0.002500
              Episode_Reward/torso_slam: 0.0000
           Curriculum/polish_not_moving: -1.0000
        Episode_Reward/action_rate_rate: -1.2252
         Curriculum/polish_joint_vel_l2: -0.0010
        Episode_Reward/base_height_fine: 0.1234
             Episode_Reward/ground_slam: 0.0000
           Episode_Reward/feet_yaw_mean: -0.0000
        Episode_Reward/joint_pos_limits: -0.0006
           Episode_Reward/torso_upright: 0.0000
           Episode_Reward/feet_distance: 0.0000
       Episode_Reward/base_height_rough: 0.0784
           Episode_Reward/ankle_torques: -0.0168
      Episode_Reward/base_height_medium: 0.0976
             Episode_Reward/action_rate: -2.7636
     Episode_Reward/completely_airborne: -2.4306
           Episode_Termination/time_out: 0.0483
         Episode_Reward/severely_tilted: 0.0000
           Curriculum/polish_torso_slam: -5.0000
     Curriculum/polish_action_rate_rate: -0.1500
               Episode_Reward/flat_feet: -0.0897
          Curriculum/polish_ground_slam: -1.0000
        Curriculum/random_fallen_states: 0.0000
        Episode_Reward/joint_vel_limits: 0.0000
              Episode_Reward/torso_roll: -0.0214
  Episode_Reward/feet_distance_standing: 0.0000
      Episode_Reward/joint_deviation_l1: -0.0126
 Episode_Reward/joint_deviation_l1_arms: -0.0000
           Episode_Reward/forward_pitch: -0.0000
      Episode_Termination/invalid_state: 0.0000
            Episode_Reward/joint_vel_l2: -0.0000
           Episode_Reward/torque_limits: -0.0530
            Metrics/height/height_error: 0.0000
              Episode_Reward/not_moving: -0.0076
    Episode_Reward/joint_tracking_error: -0.1398
        Episode_Reward/illegal_contacts: 0.0000
              Curriculum/terrain_levels: 0.0000
              Episode_Reward/feet_slide: 0.0000
               Curriculum/adaptive_lift: 1.0000
        Episode_Reward/joint_torques_l2: -0.0606
         Episode_Reward/ground_unloaded: -0.0618
              Episode_Reward/relaxation: -0.4442
            Episode_Reward/joint_acc_l2: 0.0000
           Episode_Reward/body_velocity: -0.0126
--------------------------------------------------------------------------------
                         Iteration time: 0.92s
                           Time elapsed: 0:00:03
                                    ETA: 0:00:29

################################################################################
[1m                            Learning iteration 2/20                             [0m 

                               Run name: height_tracking_g1
                            Total steps: 294912 
                       Steps per second: 105342 
                        Collection time: 0.700s 
                          Learning time: 0.233s 
                        Mean value loss: 6.7486
                    Mean surrogate loss: -0.0071
                      Mean entropy loss: 40.8387
                     Mean symmetry loss: 0.0005
                   Mean l2c2_actor loss: 0.0013
                  Mean l2c2_critic loss: 0.0055
                            Mean reward: -185.38
                    Mean episode length: 61.30
                        Mean action std: 0.99
                    Entropy coefficient: 0.002500
              Episode_Reward/torso_slam: 0.0000
           Curriculum/polish_not_moving: -1.0000
        Episode_Reward/action_rate_rate: -2.0829
         Curriculum/polish_joint_vel_l2: -0.0010
        Episode_Reward/base_height_fine: 0.0924
             Episode_Reward/ground_slam: 0.0000
           Episode_Reward/feet_yaw_mean: -0.0000
        Episode_Reward/joint_pos_limits: -0.0010
           Episode_Reward/torso_upright: 0.0000
           Episode_Reward/feet_distance: 0.0000
       Episode_Reward/base_height_rough: 0.0858
           Episode_Reward/ankle_torques: -0.0280
      Episode_Reward/base_height_medium: 0.0818
             Episode_Reward/action_rate: -4.6644
     Episode_Reward/completely_airborne: -4.0333
           Episode_Termination/time_out: 0.0819
         Episode_Reward/severely_tilted: 0.0000
           Curriculum/polish_torso_slam: -5.0000
     Curriculum/polish_action_rate_rate: -0.1500
               Episode_Reward/flat_feet: -0.1323
          Curriculum/polish_ground_slam: -1.0000
        Curriculum/random_fallen_states: 0.0000
        Episode_Reward/joint_vel_limits: 0.0000
              Episode_Reward/torso_roll: -0.0289
  Episode_Reward/feet_distance_standing: 0.0000
      Episode_Reward/joint_deviation_l1: -0.0222
 Episode_Reward/joint_deviation_l1_arms: -0.0000
           Episode_Reward/forward_pitch: -0.0000
      Episode_Termination/invalid_state: 0.0000
            Episode_Reward/joint_vel_l2: -0.0000
           Episode_Reward/torque_limits: -0.0907
            Metrics/height/height_error: 0.0000
              Episode_Reward/not_moving: -0.0054
    Episode_Reward/joint_tracking_error: -0.2374
        Episode_Reward/illegal_contacts: 0.0000
              Curriculum/terrain_levels: 0.0000
              Episode_Reward/feet_slide: 0.0000
               Curriculum/adaptive_lift: 0.9984
        Episode_Reward/joint_torques_l2: -0.1016
         Episode_Reward/ground_unloaded: -0.0816
              Episode_Reward/relaxation: -1.0160
            Episode_Reward/joint_acc_l2: 0.0000
           Episode_Reward/body_velocity: -0.0222
--------------------------------------------------------------------------------
                         Iteration time: 0.93s
                           Time elapsed: 0:00:04
                                    ETA: 0:00:23

################################################################################
[1m                            Learning iteration 3/20                             [0m 

                               Run name: height_tracking_g1
                            Total steps: 393216 
                       Steps per second: 105343 
                        Collection time: 0.700s 
                          Learning time: 0.233s 
                        Mean value loss: 6.3624
                    Mean surrogate loss: -0.0087
                      Mean entropy loss: 40.7141
                     Mean symmetry loss: 0.0004
                   Mean l2c2_actor loss: 0.0015
                  Mean l2c2_critic loss: 0.0083
                            Mean reward: -262.25
                    Mean episode length: 89.12
                        Mean action std: 0.98
                    Entropy coefficient: 0.002500
              Episode_Reward/torso_slam: 0.0000
           Curriculum/polish_not_moving: -1.0000
        Episode_Reward/action_rate_rate: -2.8721
         Curriculum/polish_joint_vel_l2: -0.0010
        Episode_Reward/base_height_fine: 0.1703
             Episode_Reward/ground_slam: 0.0000
           Episode_Reward/feet_yaw_mean: -0.0000
        Episode_Reward/joint_pos_limits: -0.0014
           Episode_Reward/torso_upright: 0.0000
           Episode_Reward/feet_distance: 0.0000
       Episode_Reward/base_height_rough: 0.1522
           Episode_Reward/ankle_torques: -0.0394
      Episode_Reward/base_height_medium: 0.1677
             Episode_Reward/action_rate: -6.4221
     Episode_Reward/completely_airborne: -5.6333
           Episode_Termination/time_out: 0.1121
         Episode_Reward/severely_tilted: 0.0000
           Curriculum/polish_torso_slam: -5.0000
     Curriculum/polish_action_rate_rate: -0.1500
               Episode_Reward/flat_feet: -0.1515
          Curriculum/polish_ground_slam: -1.0000
        Curriculum/random_fallen_states: 0.0000
        Episode_Reward/joint_vel_limits: 0.0000
              Episode_Reward/torso_roll: -0.0400
  Episode_Reward/feet_distance_standing: 0.0000
      Episode_Reward/joint_deviation_l1: -0.0409
 Episode_Reward/joint_deviation_l1_arms: -0.0000
           Episode_Reward/forward_pitch: -0.0000
      Episode_Termination/invalid_state: 0.0000
            Episode_Reward/joint_vel_l2: -0.0000
           Episode_Reward/torque_limits: -0.1226
            Metrics/height/height_error: 0.0000
              Episode_Reward/not_moving: -0.0093
    Episode_Reward/joint_tracking_error: -0.3237
        Episode_Reward/illegal_contacts: 0.0000
              Curriculum/terrain_levels: 0.0000
              Episode_Reward/feet_slide: 0.0000
               Curriculum/adaptive_lift: 0.9960
        Episode_Reward/joint_torques_l2: -0.1406
         Episode_Reward/ground_unloaded: -0.1382
              Episode_Reward/relaxation: -1.1057
            Episode_Reward/joint_acc_l2: 0.0000
           Episode_Reward/body_velocity: -0.0271
--------------------------------------------------------------------------------
                         Iteration time: 0.93s
                           Time elapsed: 0:00:05
                                    ETA: 0:00:20

################################################################################
[1m                            Learning iteration 4/20                             [0m 

                               Run name: height_tracking_g1
                            Total steps: 491520 
                       Steps per second: 105504 
                        Collection time: 0.699s 
                          Learning time: 0.233s 
                        Mean value loss: 6.2267
                    Mean surrogate loss: -0.0090
                      Mean entropy loss: 40.5781
                     Mean symmetry loss: 0.0004
                   Mean l2c2_actor loss: 0.0017
                  Mean l2c2_critic loss: 0.0042
                            Mean reward: -322.54
                    Mean episode length: 110.57
                        Mean action std: 0.98
                    Entropy coefficient: 0.002500
              Episode_Reward/torso_slam: 0.0000
           Curriculum/polish_not_moving: -1.0000
        Episode_Reward/action_rate_rate: -3.6978
         Curriculum/polish_joint_vel_l2: -0.0010
        Episode_Reward/base_height_fine: 0.1887
             Episode_Reward/ground_slam: 0.0000
           Episode_Reward/feet_yaw_mean: -0.0000
        Episode_Reward/joint_pos_limits: -0.0018
           Episode_Reward/torso_upright: 0.0000
           Episode_Reward/feet_distance: 0.0000
       Episode_Reward/base_height_rough: 0.1874
           Episode_Reward/ankle_torques: -0.0504
      Episode_Reward/base_height_medium: 0.1895
             Episode_Reward/action_rate: -8.2652
     Episode_Reward/completely_airborne: -7.2333
           Episode_Termination/time_out: 0.1445
         Episode_Reward/severely_tilted: 0.0000
           Curriculum/polish_torso_slam: -5.0000
     Curriculum/polish_action_rate_rate: -0.1500
               Episode_Reward/flat_feet: -0.2070
          Curriculum/polish_ground_slam: -1.0000
        Curriculum/random_fallen_states: 0.0000
        Episode_Reward/joint_vel_limits: 0.0000
              Episode_Reward/torso_roll: -0.0664
  Episode_Reward/feet_distance_standing: 0.0000
      Episode_Reward/joint_deviation_l1: -0.0467
 Episode_Reward/joint_deviation_l1_arms: -0.0000
           Episode_Reward/forward_pitch: -0.0000
      Episode_Termination/invalid_state: 0.0000
            Episode_Reward/joint_vel_l2: -0.0000
           Episode_Reward/torque_limits: -0.1619
            Metrics/height/height_error: 0.2577
              Episode_Reward/not_moving: -0.0106
    Episode_Reward/joint_tracking_error: -0.4209
        Episode_Reward/illegal_contacts: 0.0000
              Curriculum/terrain_levels: 0.0000
              Episode_Reward/feet_slide: 0.0000
               Curriculum/adaptive_lift: 0.9939
        Episode_Reward/joint_torques_l2: -0.1816
         Episode_Reward/ground_unloaded: -0.1951
              Episode_Reward/relaxation: -1.1880
            Episode_Reward/joint_acc_l2: 0.0000
           Episode_Reward/body_velocity: -0.0388
--------------------------------------------------------------------------------
                         Iteration time: 0.93s
                           Time elapsed: 0:00:06
                                    ETA: 0:00:18

################################################################################
[1m                            Learning iteration 5/20                             [0m 

                               Run name: height_tracking_g1
                            Total steps: 589824 
                       Steps per second: 105277 
                        Collection time: 0.701s 
                          Learning time: 0.233s 
                        Mean value loss: 6.0557
                    Mean surrogate loss: -0.0071
                      Mean entropy loss: 40.4450
                     Mean symmetry loss: 0.0006
                   Mean l2c2_actor loss: 0.0019
                  Mean l2c2_critic loss: 0.0012
                            Mean reward: -398.18
                    Mean episode length: 135.75
                        Mean action std: 0.98
                    Entropy coefficient: 0.002500
              Episode_Reward/torso_slam: 0.0000
           Curriculum/polish_not_moving: -1.0000
        Episode_Reward/action_rate_rate: -4.4466
         Curriculum/polish_joint_vel_l2: -0.0010
        Episode_Reward/base_height_fine: 0.2998
             Episode_Reward/ground_slam: 0.0000
           Episode_Reward/feet_yaw_mean: -0.0000
        Episode_Reward/joint_pos_limits: -0.0022
           Episode_Reward/torso_upright: 0.0000
           Episode_Reward/feet_distance: 0.0000
       Episode_Reward/base_height_rough: 0.2505
           Episode_Reward/ankle_torques: -0.0617
      Episode_Reward/base_height_medium: 0.2802
             Episode_Reward/action_rate: -9.9427
     Episode_Reward/completely_airborne: -8.8333
           Episode_Termination/time_out: 0.1726
         Episode_Reward/severely_tilted: 0.0000
           Curriculum/polish_torso_slam: -5.0000
     Curriculum/polish_action_rate_rate: -0.1500
               Episode_Reward/flat_feet: -0.2351
          Curriculum/polish_ground_slam: -1.0000
        Curriculum/random_fallen_states: 0.0000
        Episode_Reward/joint_vel_limits: 0.0000
              Episode_Reward/torso_roll: -0.0469
  Episode_Reward/feet_distance_standing: 0.0000
      Episode_Reward/joint_deviation_l1: -0.0600
 Episode_Reward/joint_deviation_l1_arms: -0.0000
           Episode_Reward/forward_pitch: -0.0000
      Episode_Termination/invalid_state: 0.0000
            Episode_Reward/joint_vel_l2: -0.0000
           Episode_Reward/torque_limits: -0.1930
            Metrics/height/height_error: 0.2483
              Episode_Reward/not_moving: -0.0170
    Episode_Reward/joint_tracking_error: -0.5069
        Episode_Reward/illegal_contacts: 0.0000
              Curriculum/terrain_levels: 0.0000
              Episode_Reward/feet_slide: 0.0000
               Curriculum/adaptive_lift: 0.9936
        Episode_Reward/joint_torques_l2: -0.2199
         Episode_Reward/ground_unloaded: -0.2147
              Episode_Reward/relaxation: -1.7327
            Episode_Reward/joint_acc_l2: 0.0000
           Episode_Reward/body_velocity: -0.0309
--------------------------------------------------------------------------------
                         Iteration time: 0.93s
                           Time elapsed: 0:00:06
                                    ETA: 0:00:16

################################################################################
[1m                            Learning iteration 6/20                             [0m 

                               Run name: height_tracking_g1
                            Total steps: 688128 
                       Steps per second: 105316 
                        Collection time: 0.700s 
                          Learning time: 0.233s 
                        Mean value loss: 6.0029
                    Mean surrogate loss: -0.0063
                      Mean entropy loss: 40.3573
                     Mean symmetry loss: 0.0006
                   Mean l2c2_actor loss: 0.0021
                  Mean l2c2_critic loss: 0.0005
                            Mean reward: -463.53
                    Mean episode length: 160.19
                        Mean action std: 0.97
                    Entropy coefficient: 0.002500
              Episode_Reward/torso_slam: 0.0000
           Curriculum/polish_not_moving: -1.0000
        Episode_Reward/action_rate_rate: -5.2197
         Curriculum/polish_joint_vel_l2: -0.0010
        Episode_Reward/base_height_fine: 0.3566
             Episode_Reward/ground_slam: 0.0000
           Episode_Reward/feet_yaw_mean: -0.0000
        Episode_Reward/joint_pos_limits: -0.0025
           Episode_Reward/torso_upright: 0.0000
           Episode_Reward/feet_distance: 0.0000
       Episode_Reward/base_height_rough: 0.2825
           Episode_Reward/ankle_torques: -0.0717
      Episode_Reward/base_height_medium: 0.3273
             Episode_Reward/action_rate: -11.6765
     Episode_Reward/completely_airborne: -10.4333
           Episode_Termination/time_out: 0.2062
         Episode_Reward/severely_tilted: 0.0000
           Curriculum/polish_torso_slam: -5.0000
     Curriculum/polish_action_rate_rate: -0.1500
               Episode_Reward/flat_feet: -0.3291
          Curriculum/polish_ground_slam: -1.0000
        Curriculum/random_fallen_states: 0.0000
        Episode_Reward/joint_vel_limits: 0.0000
              Episode_Reward/torso_roll: -0.1110
  Episode_Reward/feet_distance_standing: 0.0000
      Episode_Reward/joint_deviation_l1: -0.0649
 Episode_Reward/joint_deviation_l1_arms: -0.0000
           Episode_Reward/forward_pitch: -0.0000
      Episode_Termination/invalid_state: 0.0000
            Episode_Reward/joint_vel_l2: -0.0000
           Episode_Reward/torque_limits: -0.2222
            Metrics/height/height_error: 0.3079
              Episode_Reward/not_moving: -0.0185
    Episode_Reward/joint_tracking_error: -0.5935
        Episode_Reward/illegal_contacts: 0.0000
              Curriculum/terrain_levels: 0.0000
              Episode_Reward/feet_slide: 0.0000
               Curriculum/adaptive_lift: 0.9936
        Episode_Reward/joint_torques_l2: -0.2588
         Episode_Reward/ground_unloaded: -0.2870
              Episode_Reward/relaxation: -1.6233
            Episode_Reward/joint_acc_l2: 0.0000
           Episode_Reward/body_velocity: -0.0450
--------------------------------------------------------------------------------
                         Iteration time: 0.93s
                           Time elapsed: 0:00:07
                                    ETA: 0:00:14

################################################################################
[1m                            Learning iteration 7/20                             [0m 

                               Run name: height_tracking_g1
                            Total steps: 786432 
                       Steps per second: 105365 
                        Collection time: 0.700s 
                          Learning time: 0.233s 
                        Mean value loss: 5.9397
                    Mean surrogate loss: -0.0064
                      Mean entropy loss: 40.2423
                     Mean symmetry loss: 0.0007
                   Mean l2c2_actor loss: 0.0023
                  Mean l2c2_critic loss: 0.0003
                            Mean reward: -533.78
                    Mean episode length: 184.04
                        Mean action std: 0.97
                    Entropy coefficient: 0.002500
              Episode_Reward/torso_slam: 0.0000
           Curriculum/polish_not_moving: -1.0000
        Episode_Reward/action_rate_rate: -6.0239
         Curriculum/polish_joint_vel_l2: -0.0010
        Episode_Reward/base_height_fine: 0.4130
             Episode_Reward/ground_slam: 0.0000
           Episode_Reward/feet_yaw_mean: -0.0000
        Episode_Reward/joint_pos_limits: -0.0029
           Episode_Reward/torso_upright: -0.0000
           Episode_Reward/feet_distance: 0.0000
       Episode_Reward/base_height_rough: 0.3285
           Episode_Reward/ankle_torques: -0.0834
      Episode_Reward/base_height_medium: 0.3665
             Episode_Reward/action_rate: -13.4731
     Episode_Reward/completely_airborne: -12.0333
           Episode_Termination/time_out: 0.2393
         Episode_Reward/severely_tilted: 0.0000
           Curriculum/polish_torso_slam: -5.0000
     Curriculum/polish_action_rate_rate: -0.1500
               Episode_Reward/flat_feet: -0.3999
          Curriculum/polish_ground_slam: -1.0000
        Curriculum/random_fallen_states: 0.0000
        Episode_Reward/joint_vel_limits: 0.0000
              Episode_Reward/torso_roll: -0.1013
  Episode_Reward/feet_distance_standing: 0.0000
      Episode_Reward/joint_deviation_l1: -0.0697
 Episode_Reward/joint_deviation_l1_arms: -0.0000
           Episode_Reward/forward_pitch: -0.0000
      Episode_Termination/invalid_state: 0.0000
            Episode_Reward/joint_vel_l2: -0.0000
           Episode_Reward/torque_limits: -0.2599
            Metrics/height/height_error: 0.3209
              Episode_Reward/not_moving: -0.0258
    Episode_Reward/joint_tracking_error: -0.6820
        Episode_Reward/illegal_contacts: 0.0000
              Curriculum/terrain_levels: 0.0000
              Episode_Reward/feet_slide: 0.0000
               Curriculum/adaptive_lift: 0.9936
        Episode_Reward/joint_torques_l2: -0.2986
         Episode_Reward/ground_unloaded: -0.3195
              Episode_Reward/relaxation: -2.0225
            Episode_Reward/joint_acc_l2: 0.0000
           Episode_Reward/body_velocity: -0.0414
--------------------------------------------------------------------------------
                         Iteration time: 0.93s
                           Time elapsed: 0:00:08
                                    ETA: 0:00:13

################################################################################
[1m                            Learning iteration 8/20                             [0m 

                               Run name: height_tracking_g1
                            Total steps: 884736 
                       Steps per second: 105580 
                        Collection time: 0.698s 
                          Learning time: 0.233s 
                        Mean value loss: 5.8848
                    Mean surrogate loss: -0.0063
                      Mean entropy loss: 40.1505
                     Mean symmetry loss: 0.0007
                   Mean l2c2_actor loss: 0.0025
                  Mean l2c2_critic loss: 0.0003
                            Mean reward: -597.91
                    Mean episode length: 206.56
                        Mean action std: 0.97
                    Entropy coefficient: 0.002500
              Episode_Reward/torso_slam: 0.0000
           Curriculum/polish_not_moving: -1.0000
        Episode_Reward/action_rate_rate: -6.7782
         Curriculum/polish_joint_vel_l2: -0.0010
        Episode_Reward/base_height_fine: 0.3598
             Episode_Reward/ground_slam: 0.0000
           Episode_Reward/feet_yaw_mean: -0.0000
        Episode_Reward/joint_pos_limits: -0.0033
           Episode_Reward/torso_upright: 0.0000
           Episode_Reward/feet_distance: 0.0000
       Episode_Reward/base_height_rough: 0.3494
           Episode_Reward/ankle_torques: -0.0931
      Episode_Reward/base_height_medium: 0.3532
             Episode_Reward/action_rate: -15.1658
     Episode_Reward/completely_airborne: -13.6333
           Episode_Termination/time_out: 0.2725
         Episode_Reward/severely_tilted: 0.0000
           Curriculum/polish_torso_slam: -5.0000
     Curriculum/polish_action_rate_rate: -0.1500
               Episode_Reward/flat_feet: -0.4267
          Curriculum/polish_ground_slam: -1.0000
        Curriculum/random_fallen_states: 0.0000
        Episode_Reward/joint_vel_limits: 0.0000
              Episode_Reward/torso_roll: -0.1107
  Episode_Reward/feet_distance_standing: 0.0000
      Episode_Reward/joint_deviation_l1: -0.0801
 Episode_Reward/joint_deviation_l1_arms: -0.0000
           Episode_Reward/forward_pitch: -0.0000
      Episode_Termination/invalid_state: 0.0000
            Episode_Reward/joint_vel_l2: -0.0000
           Episode_Reward/torque_limits: -0.2898
            Metrics/height/height_error: 0.2686
              Episode_Reward/not_moving: -0.0128
    Episode_Reward/joint_tracking_error: -0.7684
        Episode_Reward/illegal_contacts: 0.0000
              Curriculum/terrain_levels: 0.0000
              Episode_Reward/feet_slide: 0.0000
               Curriculum/adaptive_lift: 0.9936
        Episode_Reward/joint_torques_l2: -0.3347
         Episode_Reward/ground_unloaded: -0.3254
              Episode_Reward/relaxation: -2.7323
            Episode_Reward/joint_acc_l2: 0.0000
           Episode_Reward/body_velocity: -0.0604
--------------------------------------------------------------------------------
                         Iteration time: 0.93s
                           Time elapsed: 0:00:09
                                    ETA: 0:00:11

################################################################################
[1m                            Learning iteration 9/20                             [0m 

                               Run name: height_tracking_g1
                            Total steps: 983040 
                       Steps per second: 105533 
                        Collection time: 0.698s 
                          Learning time: 0.233s 
                        Mean value loss: 5.9144
                    Mean surrogate loss: -0.0068
                      Mean entropy loss: 40.0514
                     Mean symmetry loss: 0.0007
                   Mean l2c2_actor loss: 0.0027
                  Mean l2c2_critic loss: 0.0002
                            Mean reward: -660.49
                    Mean episode length: 229.71
                        Mean action std: 0.96
                    Entropy coefficient: 0.002500
              Episode_Reward/torso_slam: 0.0000
           Curriculum/polish_not_moving: -1.0000
        Episode_Reward/action_rate_rate: -7.5881
         Curriculum/polish_joint_vel_l2: -0.0010
        Episode_Reward/base_height_fine: 0.8743
             Episode_Reward/ground_slam: 0.0000
           Episode_Reward/feet_yaw_mean: -0.0000
        Episode_Reward/joint_pos_limits: -0.0037
           Episode_Reward/torso_upright: 0.0000
           Episode_Reward/feet_distance: 0.0000
       Episode_Reward/base_height_rough: 0.5008
           Episode_Reward/ankle_torques: -0.1051
      Episode_Reward/base_height_medium: 0.6424
             Episode_Reward/action_rate: -16.9802
     Episode_Reward/completely_airborne: -15.2333
           Episode_Termination/time_out: 0.3038
         Episode_Reward/severely_tilted: 0.0000
           Curriculum/polish_torso_slam: -5.0000
     Curriculum/polish_action_rate_rate: -0.1500
               Episode_Reward/flat_feet: -0.5203
          Curriculum/polish_ground_slam: -1.0000
        Curriculum/random_fallen_states: 0.0000
        Episode_Reward/joint_vel_limits: 0.0000
              Episode_Reward/torso_roll: -0.1106
  Episode_Reward/feet_distance_standing: 0.0000
      Episode_Reward/joint_deviation_l1: -0.0833
 Episode_Reward/joint_deviation_l1_arms: -0.0000
           Episode_Reward/forward_pitch: -0.0000
      Episode_Termination/invalid_state: 0.0000
            Episode_Reward/joint_vel_l2: -0.0000
           Episode_Reward/torque_limits: -0.3295
            Metrics/height/height_error: 0.2781
              Episode_Reward/not_moving: -0.0807
    Episode_Reward/joint_tracking_error: -0.8615
        Episode_Reward/illegal_contacts: 0.0000
              Curriculum/terrain_levels: 0.0000
              Episode_Reward/feet_slide: 0.0000
               Curriculum/adaptive_lift: 0.9936
        Episode_Reward/joint_torques_l2: -0.3775
         Episode_Reward/ground_unloaded: -0.4093
              Episode_Reward/relaxation: -2.4802
            Episode_Reward/joint_acc_l2: 0.0000
           Episode_Reward/body_velocity: -0.0474
--------------------------------------------------------------------------------
                         Iteration time: 0.93s
                           Time elapsed: 0:00:10
                                    ETA: 0:00:10

################################################################################
[1m                            Learning iteration 10/20                            [0m 

                               Run name: height_tracking_g1
                            Total steps: 1081344 
                       Steps per second: 105441 
                        Collection time: 0.699s 
                          Learning time: 0.233s 
                        Mean value loss: 5.8802
                    Mean surrogate loss: -0.0055
                      Mean entropy loss: 39.9401
                     Mean symmetry loss: 0.0009
                   Mean l2c2_actor loss: 0.0029
                  Mean l2c2_critic loss: 0.0001
                            Mean reward: -736.65
                    Mean episode length: 254.41
                        Mean action std: 0.96
                    Entropy coefficient: 0.002500
              Episode_Reward/torso_slam: 0.0000
           Curriculum/polish_not_moving: -1.0000
        Episode_Reward/action_rate_rate: -8.3055
         Curriculum/polish_joint_vel_l2: -0.0010
        Episode_Reward/base_height_fine: 0.5165
             Episode_Reward/ground_slam: 0.0000
           Episode_Reward/feet_yaw_mean: -0.0000
        Episode_Reward/joint_pos_limits: -0.0041
           Episode_Reward/torso_upright: 0.0000
           Episode_Reward/feet_distance: 0.0000
       Episode_Reward/base_height_rough: 0.4418
           Episode_Reward/ankle_torques: -0.1164
      Episode_Reward/base_height_medium: 0.4845
             Episode_Reward/action_rate: -18.5985
     Episode_Reward/completely_airborne: -16.8333
           Episode_Termination/time_out: 0.3318
         Episode_Reward/severely_tilted: 0.0000
           Curriculum/polish_torso_slam: -5.0000
     Curriculum/polish_action_rate_rate: -0.1500
               Episode_Reward/flat_feet: -0.5191
          Curriculum/polish_ground_slam: -1.0000
        Curriculum/random_fallen_states: 0.0000
        Episode_Reward/joint_vel_limits: 0.0000
              Episode_Reward/torso_roll: -0.1241
  Episode_Reward/feet_distance_standing: 0.0000
      Episode_Reward/joint_deviation_l1: -0.1029
 Episode_Reward/joint_deviation_l1_arms: -0.0000
           Episode_Reward/forward_pitch: -0.0000
      Episode_Termination/invalid_state: 0.0000
            Episode_Reward/joint_vel_l2: -0.0000
           Episode_Reward/torque_limits: -0.3549
            Metrics/height/height_error: 0.3590
              Episode_Reward/not_moving: -0.0301
    Episode_Reward/joint_tracking_error: -0.9447
        Episode_Reward/illegal_contacts: 0.0000
              Curriculum/terrain_levels: 0.0000
              Episode_Reward/feet_slide: 0.0000
               Curriculum/adaptive_lift: 0.9936
        Episode_Reward/joint_torques_l2: -0.4142
         Episode_Reward/ground_unloaded: -0.4378
              Episode_Reward/relaxation: -2.9166
            Episode_Reward/joint_acc_l2: 0.0000
           Episode_Reward/body_velocity: -0.0560
--------------------------------------------------------------------------------
                         Iteration time: 0.93s
                           Time elapsed: 0:00:11
                                    ETA: 0:00:09

################################################################################
[1m                            Learning iteration 11/20                            [0m 

                               Run name: height_tracking_g1
                            Total steps: 1179648 
                       Steps per second: 106071 
                        Collection time: 0.694s 
                          Learning time: 0.233s 
                        Mean value loss: 5.7891
                    Mean surrogate loss: -0.0048
                      Mean entropy loss: 39.8693
                     Mean symmetry loss: 0.0009
                   Mean l2c2_actor loss: 0.0031
                  Mean l2c2_critic loss: 0.0004
                            Mean reward: -804.05
                    Mean episode length: 281.48
                        Mean action std: 0.96
                    Entropy coefficient: 0.002500
              Episode_Reward/torso_slam: 0.0000
           Curriculum/polish_not_moving: -1.0000
        Episode_Reward/action_rate_rate: -9.0151
         Curriculum/polish_joint_vel_l2: -0.0010
        Episode_Reward/base_height_fine: 0.5850
             Episode_Reward/ground_slam: 0.0000
           Episode_Reward/feet_yaw_mean: -0.0000
        Episode_Reward/joint_pos_limits: -0.0045
           Episode_Reward/torso_upright: 0.0000
           Episode_Reward/feet_distance: 0.0000
       Episode_Reward/base_height_rough: 0.5174
           Episode_Reward/ankle_torques: -0.1260
      Episode_Reward/base_height_medium: 0.5656
             Episode_Reward/action_rate: -20.1806
     Episode_Reward/completely_airborne: -18.4306
           Episode_Termination/time_out: 0.3622
         Episode_Reward/severely_tilted: 0.0000
           Curriculum/polish_torso_slam: -5.0000
     Curriculum/polish_action_rate_rate: -0.1500
               Episode_Reward/flat_feet: -0.5172
          Curriculum/polish_ground_slam: -1.0000
        Curriculum/random_fallen_states: 0.0000
        Episode_Reward/joint_vel_limits: 0.0000
              Episode_Reward/torso_roll: -0.1060
  Episode_Reward/feet_distance_standing: 0.0000
      Episode_Reward/joint_deviation_l1: -0.1250
 Episode_Reward/joint_deviation_l1_arms: -0.0000
           Episode_Reward/forward_pitch: -0.0000
      Episode_Termination/invalid_state: 0.0000
            Episode_Reward/joint_vel_l2: -0.0000
           Episode_Reward/torque_limits: -0.3835
            Metrics/height/height_error: 0.2751
              Episode_Reward/not_moving: -0.0160
    Episode_Reward/joint_tracking_error: -1.0220
        Episode_Reward/illegal_contacts: 0.0000
              Curriculum/terrain_levels: 0.0000
              Episode_Reward/feet_slide: 0.0000
               Curriculum/adaptive_lift: 0.9936
        Episode_Reward/joint_torques_l2: -0.4524
         Episode_Reward/ground_unloaded: -0.4330
              Episode_Reward/relaxation: -3.7522
            Episode_Reward/joint_acc_l2: 0.0000
           Episode_Reward/body_velocity: -0.0530
--------------------------------------------------------------------------------
                         Iteration time: 0.93s
                           Time elapsed: 0:00:12
                                    ETA: 0:00:08

################################################################################
[1m                            Learning iteration 12/20                            [0m 

                               Run name: height_tracking_g1
                            Total steps: 1277952 
                       Steps per second: 105454 
                        Collection time: 0.699s 
                          Learning time: 0.233s 
                        Mean value loss: 5.7418
                    Mean surrogate loss: -0.0064
                      Mean entropy loss: 39.7471
                     Mean symmetry loss: 0.0009
                   Mean l2c2_actor loss: 0.0032
                  Mean l2c2_critic loss: 0.0004
                            Mean reward: -875.28
                    Mean episode length: 304.08
                        Mean action std: 0.95
                    Entropy coefficient: 0.002500
              Episode_Reward/torso_slam: 0.0000
           Curriculum/polish_not_moving: -1.0000
        Episode_Reward/action_rate_rate: -9.7790
         Curriculum/polish_joint_vel_l2: -0.0010
        Episode_Reward/base_height_fine: 0.7378
             Episode_Reward/ground_slam: 0.0000
           Episode_Reward/feet_yaw_mean: -0.0000
        Episode_Reward/joint_pos_limits: -0.0049
           Episode_Reward/torso_upright: 0.0000
           Episode_Reward/feet_distance: 0.0000
       Episode_Reward/base_height_rough: 0.5640
           Episode_Reward/ankle_torques: -0.1369
      Episode_Reward/base_height_medium: 0.6552
             Episode_Reward/action_rate: -21.8849
     Episode_Reward/completely_airborne: -20.0333
           Episode_Termination/time_out: 0.3995
         Episode_Reward/severely_tilted: 0.0000
           Curriculum/polish_torso_slam: -5.0000
     Curriculum/polish_action_rate_rate: -0.1500
               Episode_Reward/flat_feet: -0.5649
          Curriculum/polish_ground_slam: -1.0000
        Curriculum/random_fallen_states: 0.0000
        Episode_Reward/joint_vel_limits: 0.0000
              Episode_Reward/torso_roll: -0.1376
  Episode_Reward/feet_distance_standing: 0.0000
      Episode_Reward/joint_deviation_l1: -0.1339
 Episode_Reward/joint_deviation_l1_arms: -0.0000
           Episode_Reward/forward_pitch: -0.0000
      Episode_Termination/invalid_state: 0.0000
            Episode_Reward/joint_vel_l2: -0.0000
           Episode_Reward/torque_limits: -0.4180
            Metrics/height/height_error: 0.2868
              Episode_Reward/not_moving: -0.0240
    Episode_Reward/joint_tracking_error: -1.1135
        Episode_Reward/illegal_contacts: 0.0000
              Curriculum/terrain_levels: 0.0000
              Episode_Reward/feet_slide: 0.0000
               Curriculum/adaptive_lift: 0.9936
        Episode_Reward/joint_torques_l2: -0.4914
         Episode_Reward/ground_unloaded: -0.4490
              Episode_Reward/relaxation: -4.3511
            Episode_Reward/joint_acc_l2: 0.0000
           Episode_Reward/body_velocity: -0.0612
--------------------------------------------------------------------------------
                         Iteration time: 0.93s
                           Time elapsed: 0:00:13
                                    ETA: 0:00:07

################################################################################
[1m                            Learning iteration 13/20                            [0m 

                               Run name: height_tracking_g1
                            Total steps: 1376256 
                       Steps per second: 104977 
                        Collection time: 0.703s 
                          Learning time: 0.233s 
                        Mean value loss: 5.6964
                    Mean surrogate loss: -0.0071
                      Mean entropy loss: 39.6243
                     Mean symmetry loss: 0.0009
                   Mean l2c2_actor loss: 0.0033
                  Mean l2c2_critic loss: 0.0003
                            Mean reward: -926.68
                    Mean episode length: 325.96
                        Mean action std: 0.95
                    Entropy coefficient: 0.002500
              Episode_Reward/torso_slam: 0.0000
           Curriculum/polish_not_moving: -1.0000
        Episode_Reward/action_rate_rate: -10.5168
         Curriculum/polish_joint_vel_l2: -0.0010
        Episode_Reward/base_height_fine: 0.6994
             Episode_Reward/ground_slam: 0.0000
           Episode_Reward/feet_yaw_mean: -0.0000
        Episode_Reward/joint_pos_limits: -0.0053
           Episode_Reward/torso_upright: 0.0000
           Episode_Reward/feet_distance: 0.0000
       Episode_Reward/base_height_rough: 0.5873
           Episode_Reward/ankle_torques: -0.1465
      Episode_Reward/base_height_medium: 0.6531
             Episode_Reward/action_rate: -23.5549
     Episode_Reward/completely_airborne: -21.6333
           Episode_Termination/time_out: 0.4350
         Episode_Reward/severely_tilted: 0.0000
           Curriculum/polish_torso_slam: -5.0000
     Curriculum/polish_action_rate_rate: -0.1500
               Episode_Reward/flat_feet: -0.5311
          Curriculum/polish_ground_slam: -1.0000
        Curriculum/random_fallen_states: 0.0000
        Episode_Reward/joint_vel_limits: 0.0000
              Episode_Reward/torso_roll: -0.0880
  Episode_Reward/feet_distance_standing: 0.0000
      Episode_Reward/joint_deviation_l1: -0.1548
 Episode_Reward/joint_deviation_l1_arms: -0.0000
           Episode_Reward/forward_pitch: -0.0000
      Episode_Termination/invalid_state: 0.0000
            Episode_Reward/joint_vel_l2: -0.0000
           Episode_Reward/torque_limits: -0.4476
            Metrics/height/height_error: 0.3763
              Episode_Reward/not_moving: -0.0295
    Episode_Reward/joint_tracking_error: -1.1921
        Episode_Reward/illegal_contacts: 0.0000
              Curriculum/terrain_levels: 0.0000
              Episode_Reward/feet_slide: 0.0000
               Curriculum/adaptive_lift: 0.9936
        Episode_Reward/joint_torques_l2: -0.5265
         Episode_Reward/ground_unloaded: -0.5652
              Episode_Reward/relaxation: -3.6576
            Episode_Reward/joint_acc_l2: 0.0000
           Episode_Reward/body_velocity: -0.0525
--------------------------------------------------------------------------------
                         Iteration time: 0.94s
                           Time elapsed: 0:00:14
                                    ETA: 0:00:06

################################################################################
[1m                            Learning iteration 14/20                            [0m 

                               Run name: height_tracking_g1
                            Total steps: 1474560 
                       Steps per second: 105534 
                        Collection time: 0.698s 
                          Learning time: 0.233s 
                        Mean value loss: 5.6953
                    Mean surrogate loss: -0.0090
                      Mean entropy loss: 39.4949
                     Mean symmetry loss: 0.0009
                   Mean l2c2_actor loss: 0.0034
                  Mean l2c2_critic loss: 0.0002
                            Mean reward: -985.13
                    Mean episode length: 351.03
                        Mean action std: 0.94
                    Entropy coefficient: 0.002500
              Episode_Reward/torso_slam: 0.0000
           Curriculum/polish_not_moving: -1.0000
        Episode_Reward/action_rate_rate: -11.2401
         Curriculum/polish_joint_vel_l2: -0.0010
        Episode_Reward/base_height_fine: 0.9329
             Episode_Reward/ground_slam: 0.0000
           Episode_Reward/feet_yaw_mean: -0.0000
        Episode_Reward/joint_pos_limits: -0.0057
           Episode_Reward/torso_upright: 0.0000
           Episode_Reward/feet_distance: 0.0000
       Episode_Reward/base_height_rough: 0.7152
           Episode_Reward/ankle_torques: -0.1585
      Episode_Reward/base_height_medium: 0.8026
             Episode_Reward/action_rate: -25.1791
     Episode_Reward/completely_airborne: -23.2333
           Episode_Termination/time_out: 0.4645
         Episode_Reward/severely_tilted: 0.0000
           Curriculum/polish_torso_slam: -5.0000
     Curriculum/polish_action_rate_rate: -0.1500
               Episode_Reward/flat_feet: -0.7844
          Curriculum/polish_ground_slam: -1.0000
        Curriculum/random_fallen_states: 0.0000
        Episode_Reward/joint_vel_limits: 0.0000
              Episode_Reward/torso_roll: -0.2483
  Episode_Reward/feet_distance_standing: 0.0000
      Episode_Reward/joint_deviation_l1: -0.1258
 Episode_Reward/joint_deviation_l1_arms: -0.0000
           Episode_Reward/forward_pitch: -0.0000
      Episode_Termination/invalid_state: 0.0000
            Episode_Reward/joint_vel_l2: -0.0000
           Episode_Reward/torque_limits: -0.4694
            Metrics/height/height_error: 0.3543
              Episode_Reward/not_moving: -0.0492
    Episode_Reward/joint_tracking_error: -1.2782
        Episode_Reward/illegal_contacts: 0.0000
              Curriculum/terrain_levels: 0.0000
              Episode_Reward/feet_slide: 0.0000
               Curriculum/adaptive_lift: 0.9936
        Episode_Reward/joint_torques_l2: -0.5654
         Episode_Reward/ground_unloaded: -0.6107
              Episode_Reward/relaxation: -3.8904
            Episode_Reward/joint_acc_l2: 0.0000
           Episode_Reward/body_velocity: -0.0828
--------------------------------------------------------------------------------
                         Iteration time: 0.93s
                           Time elapsed: 0:00:15
                                    ETA: 0:00:05

################################################################################
[1m                            Learning iteration 15/20                            [0m 

                               Run name: height_tracking_g1
                            Total steps: 1572864 
                       Steps per second: 105547 
                        Collection time: 0.698s 
                          Learning time: 0.233s 
                        Mean value loss: 5.6117
                    Mean surrogate loss: -0.0071
                      Mean entropy loss: 39.3524
                     Mean symmetry loss: 0.0010
                   Mean l2c2_actor loss: 0.0036
                  Mean l2c2_critic loss: 0.0002
                            Mean reward: -1057.43
                    Mean episode length: 375.68
                        Mean action std: 0.94
                    Entropy coefficient: 0.002500
              Episode_Reward/torso_slam: 0.0000
           Curriculum/polish_not_moving: -1.0000
        Episode_Reward/action_rate_rate: -11.9352
         Curriculum/polish_joint_vel_l2: -0.0010
        Episode_Reward/base_height_fine: 0.9804
             Episode_Reward/ground_slam: 0.0000
           Episode_Reward/feet_yaw_mean: -0.0000
        Episode_Reward/joint_pos_limits: -0.0061
           Episode_Reward/torso_upright: 0.0000
           Episode_Reward/feet_distance: 0.0000
       Episode_Reward/base_height_rough: 0.7566
           Episode_Reward/ankle_torques: -0.1683
      Episode_Reward/base_height_medium: 0.8465
             Episode_Reward/action_rate: -26.7491
     Episode_Reward/completely_airborne: -24.8333
           Episode_Termination/time_out: 0.4933
         Episode_Reward/severely_tilted: 0.0000
           Curriculum/polish_torso_slam: -5.0000
     Curriculum/polish_action_rate_rate: -0.1500
               Episode_Reward/flat_feet: -0.9425
          Curriculum/polish_ground_slam: -1.0000
        Curriculum/random_fallen_states: 0.0000
        Episode_Reward/joint_vel_limits: 0.0000
              Episode_Reward/torso_roll: -0.2366
  Episode_Reward/feet_distance_standing: 0.0000
      Episode_Reward/joint_deviation_l1: -0.1142
 Episode_Reward/joint_deviation_l1_arms: -0.0000
           Episode_Reward/forward_pitch: -0.0000
      Episode_Termination/invalid_state: 0.0000
            Episode_Reward/joint_vel_l2: -0.0000
           Episode_Reward/torque_limits: -0.5065
            Metrics/height/height_error: 0.4151
              Episode_Reward/not_moving: -0.0727
    Episode_Reward/joint_tracking_error: -1.3582
        Episode_Reward/illegal_contacts: 0.0000
              Curriculum/terrain_levels: 0.0000
              Episode_Reward/feet_slide: 0.0000
               Curriculum/adaptive_lift: 0.9936
        Episode_Reward/joint_torques_l2: -0.6028
         Episode_Reward/ground_unloaded: -0.6638
              Episode_Reward/relaxation: -4.0110
            Episode_Reward/joint_acc_l2: 0.0000
           Episode_Reward/body_velocity: -0.1005
--------------------------------------------------------------------------------
                         Iteration time: 0.93s
                           Time elapsed: 0:00:16
                                    ETA: 0:00:04

################################################################################
[1m                            Learning iteration 16/20                            [0m 

                               Run name: height_tracking_g1
                            Total steps: 1671168 
                       Steps per second: 105329 
                        Collection time: 0.700s 
                          Learning time: 0.233s 
                        Mean value loss: 5.5791
                    Mean surrogate loss: -0.0074
                      Mean entropy loss: 39.2407
                     Mean symmetry loss: 0.0011
                   Mean l2c2_actor loss: 0.0037
                  Mean l2c2_critic loss: 0.0003
                            Mean reward: -1102.21
                    Mean episode length: 397.73
                        Mean action std: 0.94
                    Entropy coefficient: 0.002500
              Episode_Reward/torso_slam: 0.0000
           Curriculum/polish_not_moving: -1.0000
        Episode_Reward/action_rate_rate: -12.6568
         Curriculum/polish_joint_vel_l2: -0.0010
        Episode_Reward/base_height_fine: 1.0245
             Episode_Reward/ground_slam: 0.0000
           Episode_Reward/feet_yaw_mean: -0.0000
        Episode_Reward/joint_pos_limits: -0.0065
           Episode_Reward/torso_upright: 0.0000
           Episode_Reward/feet_distance: 0.0000
       Episode_Reward/base_height_rough: 0.7977
           Episode_Reward/ankle_torques: -0.1760
      Episode_Reward/base_height_medium: 0.9192
             Episode_Reward/action_rate: -28.3525
     Episode_Reward/completely_airborne: -26.4333
           Episode_Termination/time_out: 0.5245
         Episode_Reward/severely_tilted: 0.0000
           Curriculum/polish_torso_slam: -5.0000
     Curriculum/polish_action_rate_rate: -0.1500
               Episode_Reward/flat_feet: -0.8989
          Curriculum/polish_ground_slam: -1.0000
        Curriculum/random_fallen_states: 0.0000
        Episode_Reward/joint_vel_limits: 0.0000
              Episode_Reward/torso_roll: -0.2048
  Episode_Reward/feet_distance_standing: 0.0000
      Episode_Reward/joint_deviation_l1: -0.1550
 Episode_Reward/joint_deviation_l1_arms: -0.0000
           Episode_Reward/forward_pitch: -0.0000
      Episode_Termination/invalid_state: 0.0000
            Episode_Reward/joint_vel_l2: -0.0000
           Episode_Reward/torque_limits: -0.5414
            Metrics/height/height_error: 0.4389
              Episode_Reward/not_moving: -0.0591
    Episode_Reward/joint_tracking_error: -1.4375
        Episode_Reward/illegal_contacts: 0.0000
              Curriculum/terrain_levels: 0.0000
              Episode_Reward/feet_slide: 0.0000
               Curriculum/adaptive_lift: 0.9936
        Episode_Reward/joint_torques_l2: -0.6423
         Episode_Reward/ground_unloaded: -0.7697
              Episode_Reward/relaxation: -3.4896
            Episode_Reward/joint_acc_l2: 0.0000
           Episode_Reward/body_velocity: -0.0971
--------------------------------------------------------------------------------
                         Iteration time: 0.93s
                           Time elapsed: 0:00:17
                                    ETA: 0:00:03

################################################################################
[1m                            Learning iteration 17/20                            [0m 

                               Run name: height_tracking_g1
                            Total steps: 1769472 
                       Steps per second: 105847 
                        Collection time: 0.695s 
                          Learning time: 0.234s 
                        Mean value loss: 5.4535
                    Mean surrogate loss: -0.0059
                      Mean entropy loss: 39.1135
                     Mean symmetry loss: 0.0011
                   Mean l2c2_actor loss: 0.0038
                  Mean l2c2_critic loss: 0.0004
                            Mean reward: -1198.55
                    Mean episode length: 422.88
                        Mean action std: 0.93
                    Entropy coefficient: 0.002500
              Episode_Reward/torso_slam: 0.0000
           Curriculum/polish_not_moving: -1.0000
        Episode_Reward/action_rate_rate: -13.3154
         Curriculum/polish_joint_vel_l2: -0.0010
        Episode_Reward/base_height_fine: 0.9877
             Episode_Reward/ground_slam: 0.0000
           Episode_Reward/feet_yaw_mean: -0.0000
        Episode_Reward/joint_pos_limits: -0.0068
           Episode_Reward/torso_upright: 0.0000
           Episode_Reward/feet_distance: 0.0000
       Episode_Reward/base_height_rough: 0.7430
           Episode_Reward/ankle_torques: -0.1854
      Episode_Reward/base_height_medium: 0.8465
             Episode_Reward/action_rate: -29.8616
     Episode_Reward/completely_airborne: -28.0333
           Episode_Termination/time_out: 0.5561
         Episode_Reward/severely_tilted: 0.0000
           Curriculum/polish_torso_slam: -5.0000
     Curriculum/polish_action_rate_rate: -0.1500
               Episode_Reward/flat_feet: -0.9589
          Curriculum/polish_ground_slam: -1.0000
        Curriculum/random_fallen_states: 0.0000
        Episode_Reward/joint_vel_limits: 0.0000
              Episode_Reward/torso_roll: -0.2524
  Episode_Reward/feet_distance_standing: 0.0000
      Episode_Reward/joint_deviation_l1: -0.1692
 Episode_Reward/joint_deviation_l1_arms: -0.0000
           Episode_Reward/forward_pitch: -0.0000
      Episode_Termination/invalid_state: 0.0000
            Episode_Reward/joint_vel_l2: -0.0000
           Episode_Reward/torque_limits: -0.5737
            Metrics/height/height_error: 0.3271
              Episode_Reward/not_moving: -0.0687
    Episode_Reward/joint_tracking_error: -1.5215
        Episode_Reward/illegal_contacts: 0.0000
              Curriculum/terrain_levels: 0.0000
              Episode_Reward/feet_slide: 0.0000
               Curriculum/adaptive_lift: 0.9936
        Episode_Reward/joint_torques_l2: -0.6800
         Episode_Reward/ground_unloaded: -0.6243
              Episode_Reward/relaxation: -6.0661
            Episode_Reward/joint_acc_l2: 0.0000
           Episode_Reward/body_velocity: -0.0937
--------------------------------------------------------------------------------
                         Iteration time: 0.93s
                           Time elapsed: 0:00:18
                                    ETA: 0:00:02

################################################################################
[1m                            Learning iteration 18/20                            [0m 

                               Run name: height_tracking_g1
                            Total steps: 1867776 
                       Steps per second: 105327 
                        Collection time: 0.700s 
                          Learning time: 0.233s 
                        Mean value loss: 5.4083
                    Mean surrogate loss: -0.0070
                      Mean entropy loss: 38.9975
                     Mean symmetry loss: 0.0012
                   Mean l2c2_actor loss: 0.0041
                  Mean l2c2_critic loss: 0.0007
                            Mean reward: -1243.21
                    Mean episode length: 447.83
                        Mean action std: 0.93
                    Entropy coefficient: 0.002500
              Episode_Reward/torso_slam: 0.0000
           Curriculum/polish_not_moving: -1.0000
        Episode_Reward/action_rate_rate: -13.9889
         Curriculum/polish_joint_vel_l2: -0.0010
        Episode_Reward/base_height_fine: 1.1549
             Episode_Reward/ground_slam: 0.0000
           Episode_Reward/feet_yaw_mean: -0.0000
        Episode_Reward/joint_pos_limits: -0.0072
           Episode_Reward/torso_upright: 0.0000
           Episode_Reward/feet_distance: 0.0000
       Episode_Reward/base_height_rough: 0.9129
           Episode_Reward/ankle_torques: -0.1967
      Episode_Reward/base_height_medium: 1.0521
             Episode_Reward/action_rate: -31.3936
     Episode_Reward/completely_airborne: -29.6333
           Episode_Termination/time_out: 0.5882
         Episode_Reward/severely_tilted: 0.0000
           Curriculum/polish_torso_slam: -5.0000
     Curriculum/polish_action_rate_rate: -0.1500
               Episode_Reward/flat_feet: -0.9321
          Curriculum/polish_ground_slam: -1.0000
        Curriculum/random_fallen_states: 0.0000
        Episode_Reward/joint_vel_limits: 0.0000
              Episode_Reward/torso_roll: -0.2228
  Episode_Reward/feet_distance_standing: 0.0000
      Episode_Reward/joint_deviation_l1: -0.1951
 Episode_Reward/joint_deviation_l1_arms: -0.0000
           Episode_Reward/forward_pitch: -0.0000
      Episode_Termination/invalid_state: 0.0000
            Episode_Reward/joint_vel_l2: -0.0000
           Episode_Reward/torque_limits: -0.5963
            Metrics/height/height_error: 0.3878
              Episode_Reward/not_moving: -0.0746
    Episode_Reward/joint_tracking_error: -1.5983
        Episode_Reward/illegal_contacts: 0.0000
              Curriculum/terrain_levels: 0.0000
              Episode_Reward/feet_slide: 0.0000
               Curriculum/adaptive_lift: 0.9936
        Episode_Reward/joint_torques_l2: -0.7154
         Episode_Reward/ground_unloaded: -0.7622
              Episode_Reward/relaxation: -5.1291
            Episode_Reward/joint_acc_l2: 0.0000
           Episode_Reward/body_velocity: -0.0773
--------------------------------------------------------------------------------
                         Iteration time: 0.93s
                           Time elapsed: 0:00:19
                                    ETA: 0:00:01

################################################################################
[1m                            Learning iteration 19/20                            [0m 

                               Run name: height_tracking_g1
                            Total steps: 1966080 
                       Steps per second: 105815 
                        Collection time: 0.696s 
                          Learning time: 0.233s 
                        Mean value loss: 5.3028
                    Mean surrogate loss: -0.0052
                      Mean entropy loss: 38.8847
                     Mean symmetry loss: 0.0012
                   Mean l2c2_actor loss: 0.0041
                  Mean l2c2_critic loss: 0.0015
                            Mean reward: -1313.88
                    Mean episode length: 471.08
                        Mean action std: 0.92
                    Entropy coefficient: 0.002500
              Episode_Reward/torso_slam: 0.0000
           Curriculum/polish_not_moving: -1.0000
        Episode_Reward/action_rate_rate: -14.6859
         Curriculum/polish_joint_vel_l2: -0.0010
        Episode_Reward/base_height_fine: 0.8905
             Episode_Reward/ground_slam: 0.0000
           Episode_Reward/feet_yaw_mean: -0.0000
        Episode_Reward/joint_pos_limits: -0.0076
           Episode_Reward/torso_upright: 0.0000
           Episode_Reward/feet_distance: 0.0000
       Episode_Reward/base_height_rough: 0.8246
           Episode_Reward/ankle_torques: -0.2068
      Episode_Reward/base_height_medium: 0.8657
             Episode_Reward/action_rate: -32.9664
     Episode_Reward/completely_airborne: -31.2333
           Episode_Termination/time_out: 0.6230
         Episode_Reward/severely_tilted: 0.0000
           Curriculum/polish_torso_slam: -5.0000
     Curriculum/polish_action_rate_rate: -0.1500
               Episode_Reward/flat_feet: -1.0027
          Curriculum/polish_ground_slam: -1.0000
        Curriculum/random_fallen_states: 0.0000
        Episode_Reward/joint_vel_limits: 0.0000
              Episode_Reward/torso_roll: -0.2765
  Episode_Reward/feet_distance_standing: 0.0000
      Episode_Reward/joint_deviation_l1: -0.1864
 Episode_Reward/joint_deviation_l1_arms: -0.0000
           Episode_Reward/forward_pitch: -0.0000
      Episode_Termination/invalid_state: 0.0000
            Episode_Reward/joint_vel_l2: -0.0000
           Episode_Reward/torque_limits: -0.6254
            Metrics/height/height_error: 0.4468
              Episode_Reward/not_moving: -0.0218
    Episode_Reward/joint_tracking_error: -1.6809
        Episode_Reward/illegal_contacts: 0.0000
              Curriculum/terrain_levels: 0.0000
              Episode_Reward/feet_slide: 0.0000
               Curriculum/adaptive_lift: 0.9936
        Episode_Reward/joint_torques_l2: -0.7525
         Episode_Reward/ground_unloaded: -0.7690
              Episode_Reward/relaxation: -5.8166
            Episode_Reward/joint_acc_l2: 0.0000
           Episode_Reward/body_velocity: -0.0884
--------------------------------------------------------------------------------
                         Iteration time: 0.93s
                           Time elapsed: 0:00:20
                                    ETA: 0:00:00

[INFO]: SimulationContext cleared
