The '--headless' CLI argument is deprecated. Omit '--viz' for default headless. If config visualizers are enabled and you want to force headless, use '--viz none'.
Loading user config located at: '/workspace/WBC-AGILE/.venv/lib/python3.12/site-packages/isaacsim/kit/data/Kit/IsaacLab/3.0/user.config.json'
2026-09-02T03:52:56Z [0ms] [Warning] [omni.ext.plugin] [ext: isaaclab_visualizers] Extensions config 'extension.toml' doesn't exist '/workspace/WBC-AGILE/.venv/lib/python3.12/site-packages/isaaclab/source/isaaclab_visualizers' or '/workspace/WBC-AGILE/.venv/lib/python3.12/site-packages/isaaclab/source/isaaclab_visualizers/config'
WARNING: All log messages before absl::InitializeLog() is called are written to STDERR
E0000 00:00:1788321177.028065   71310 descriptor_database.cc:633] File already exists in database: grpc/health/v1/health.proto
W0000 00:00:1788321177.028091   71310 message.cc:301] Protobuf GeneratedMessageFactory: File is already registered: grpc/health/v1/health.proto
2026-09-02T03:52:57Z [408ms] [Warning] [omni.usd_config.extension] Enable omni.materialx.libs extension to use MaterialX
2026-09-02T03:52:57Z [469ms] [Error] [omni.ext.plugin] Could not load the dynamic library from /workspace/WBC-AGILE/.venv/lib/python3.12/site-packages/isaacsim/extscache/omni.usd.libs-1.0.3+6312fa25.lx64.r.cp312/bin/libMaterialXRenderHw.so. Error: libXt.so.6: cannot open shared object file: No such file or directory (note that this may be caused by a dependent library)
2026-09-02T03:52:57Z [469ms] [Error] [omni.ext.plugin] Could not load the dynamic library from /workspace/WBC-AGILE/.venv/lib/python3.12/site-packages/isaacsim/extscache/omni.usd.libs-1.0.3+6312fa25.lx64.r.cp312/bin/libMaterialXRenderGlsl.so. Error: libXt.so.6: cannot open shared object file: No such file or directory (note that this may be caused by a dependent library)
2026-09-02T03:52:57Z [470ms] [Error] [omni.ext.plugin] Could not load the dynamic library from /workspace/WBC-AGILE/.venv/lib/python3.12/site-packages/isaacsim/extscache/omni.usd.libs-1.0.3+6312fa25.lx64.r.cp312/bin/libusd_usdBakeMtlx.so. Error: libXt.so.6: cannot open shared object file: No such file or directory (note that this may be caused by a dependent library)
2026-09-02T03:52:57Z [566ms] [Warning] [omni.platforminfo.plugin] failed to open the default display.  Can't verify X Server version.
2026-09-02T03:52:58Z [1,493ms] [Warning] [isaacsim.core.simulation_manager.plugin] USD stage is not available; stage-opened subscription is deferred
2026-09-02T03:52:58Z [1,493ms] [Warning] [isaacsim.core.simulation_manager.plugin] USD stage is not available; stage-opened subscription is deferred
[ISAACLAB] AppLauncher initialization complete
[INFO]: Parsing configuration from: agile.rl_env.tasks.stand_up.g1.height_tracking_env_cfg:G1HeightTrackingEnvCfg
[INFO]: Parsing configuration from: agile.rl_env.tasks.stand_up.g1.agents.rsl_rl_ppo_cfg:G1HeightTrackingPpoRunnerCfg
[INFO] Logging experiment in directory: /workspace/WBC-AGILE/logs/rsl_rl/height_tracking_g1
Exact experiment name requested from command line: 2026-09-02_03-53-08
2026-09-02T03:53:08Z [11,743ms] [Warning] [isaaclab_physx.physics.physx_manager] TGS solver with enable_external_forces_every_iteration=False may cause noisy velocities.
[INFO]: Base environment:
	Environment device    : cuda:0
	Environment seed      : 42
	Physics step-size     : 0.005
	Rendering step-size   : 0.02
	Environment step-size : 0.02
[INFO] Generating terrains based on curriculum took Last: 0.226015 s
[INFO]: Registered backend 'physx' for factory Articulation.
[INFO]: Setting variant selection 'PhysX' for variant set 'Physics' on prim '/World/envs/env_0/Robot'.
[INFO]: Setting variant selection 'None' for variant set 'left_hand' on prim '/World/envs/env_0/Robot'.
[INFO]: Setting variant selection 'None' for variant set 'right_hand' on prim '/World/envs/env_0/Robot'.
[INFO]: Registered backend 'physx' for factory FrameView.
[INFO]: Registered backend 'physx' for factory ContactSensor.
[INFO]: Registered backend 'physx' for factory RayCaster.
[INFO]: Physics scene prim path: /physicsScene
[INFO]: Time taken for scene creation Last: 8.245354 s, Mean: 8.245354 s, Std: 0.000000 s, N: 1
[INFO]: Scene manager:  <class InteractiveScene>
	Number of environments: 4096
	Environment spacing   : 2.5
	Source prim name      : /World/envs/env_0
	Global prim paths     : ['/World/ground']
	Replicate physics     : True
2026-09-02T03:53:36Z [39,291ms] [Warning] [usdrt.population.plugin] Last global time was not created. Did you call setEnableUsdNoticeHandling?
[INFO]: Simulation parameters for joints in /World/envs/env_.*/Robot:
+---------------------------------------------------------------------------------------------------------------------------------------------------------------------------------+
|                                                        Simulation Joint Information (Prim path: /World/envs/env_.*/Robot)                                                       |
+-------+----------------------------+-----------+---------+----------+-----------------+------------------+------------------+-----------------+-----------------+---------------+
| Index | Name                       | Stiffness | Damping | Armature | Static Friction | Dynamic Friction | Viscous Friction | Position Limits | Velocity Limits | Effort Limits |
+-------+----------------------------+-----------+---------+----------+-----------------+------------------+------------------+-----------------+-----------------+---------------+
|   0   | left_hip_pitch_joint       |   0.000   |  0.000  |  0.020   |      0.010      |      0.000       |      0.000       | [-2.531, 2.880] |      32.000     |     88.000    |
|   1   | right_hip_pitch_joint      |   0.000   |  0.000  |  0.020   |      0.010      |      0.000       |      0.000       | [-2.531, 2.880] |      32.000     |     88.000    |
|   2   | waist_yaw_joint            |   0.000   |  0.000  |  0.020   |      0.010      |      0.000       |      0.000       | [-2.618, 2.618] |      32.000     |     88.000    |
|   3   | left_hip_roll_joint        |   0.000   |  0.000  |  0.020   |      0.010      |      0.000       |      0.000       | [-0.524, 2.967] |      32.000     |     88.000    |
|   4   | right_hip_roll_joint       |   0.000   |  0.000  |  0.020   |      0.010      |      0.000       |      0.000       | [-2.967, 0.524] |      32.000     |     88.000    |
|   5   | waist_roll_joint           |   0.000   |  0.000  |  0.020   |      0.010      |      0.000       |      0.000       | [-0.520, 0.520] |      37.000     |     50.000    |
|   6   | left_hip_yaw_joint         |   0.000   |  0.000  |  0.020   |      0.010      |      0.000       |      0.000       | [-2.758, 2.758] |      32.000     |     88.000    |
|   7   | right_hip_yaw_joint        |   0.000   |  0.000  |  0.020   |      0.010      |      0.000       |      0.000       | [-2.758, 2.758] |      32.000     |     88.000    |
|   8   | waist_pitch_joint          |   0.000   |  0.000  |  0.020   |      0.010      |      0.000       |      0.000       | [-0.520, 0.520] |      37.000     |     50.000    |
|   9   | left_knee_joint            |   0.000   |  0.000  |  0.020   |      0.010      |      0.000       |      0.000       | [-0.087, 2.880] |      20.000     |    139.000    |
|   10  | right_knee_joint           |   0.000   |  0.000  |  0.020   |      0.010      |      0.000       |      0.000       | [-0.087, 2.880] |      20.000     |    139.000    |
|   11  | left_shoulder_pitch_joint  |   0.000   |  0.000  |  0.020   |      0.010      |      0.000       |      0.000       | [-3.089, 2.670] |      37.000     |     25.000    |
|   12  | right_shoulder_pitch_joint |   0.000   |  0.000  |  0.020   |      0.010      |      0.000       |      0.000       | [-3.089, 2.670] |      37.000     |     25.000    |
|   13  | left_ankle_pitch_joint     |   0.000   |  0.000  |  0.020   |      0.010      |      0.000       |      0.000       | [-0.873, 0.524] |      37.000     |     50.000    |
|   14  | right_ankle_pitch_joint    |   0.000   |  0.000  |  0.020   |      0.010      |      0.000       |      0.000       | [-0.873, 0.524] |      37.000     |     50.000    |
|   15  | left_shoulder_roll_joint   |   0.000   |  0.000  |  0.020   |      0.010      |      0.000       |      0.000       | [-1.588, 2.251] |      37.000     |     25.000    |
|   16  | right_shoulder_roll_joint  |   0.000   |  0.000  |  0.020   |      0.010      |      0.000       |      0.000       | [-2.251, 1.588] |      37.000     |     25.000    |
|   17  | left_ankle_roll_joint      |   0.000   |  0.000  |  0.020   |      0.010      |      0.000       |      0.000       | [-0.262, 0.262] |      37.000     |     50.000    |
|   18  | right_ankle_roll_joint     |   0.000   |  0.000  |  0.020   |      0.010      |      0.000       |      0.000       | [-0.262, 0.262] |      37.000     |     50.000    |
|   19  | left_shoulder_yaw_joint    |   0.000   |  0.000  |  0.020   |      0.010      |      0.000       |      0.000       | [-2.618, 2.618] |      37.000     |     25.000    |
|   20  | right_shoulder_yaw_joint   |   0.000   |  0.000  |  0.020   |      0.010      |      0.000       |      0.000       | [-2.618, 2.618] |      37.000     |     25.000    |
|   21  | left_elbow_joint           |   0.000   |  0.000  |  0.020   |      0.010      |      0.000       |      0.000       | [-1.047, 2.094] |      37.000     |     25.000    |
|   22  | right_elbow_joint          |   0.000   |  0.000  |  0.020   |      0.010      |      0.000       |      0.000       | [-1.047, 2.094] |      37.000     |     25.000    |
|   23  | left_wrist_roll_joint      |   0.000   |  0.000  |  0.020   |      0.010      |      0.000       |      0.000       | [-1.972, 1.972] |      37.000     |     25.000    |
|   24  | right_wrist_roll_joint     |   0.000   |  0.000  |  0.020   |      0.010      |      0.000       |      0.000       | [-1.972, 1.972] |      37.000     |     25.000    |
|   25  | left_wrist_pitch_joint     |   0.000   |  0.000  |  0.020   |      0.010      |      0.000       |      0.000       | [-1.614, 1.614] |      22.000     |     5.000     |
|   26  | right_wrist_pitch_joint    |   0.000   |  0.000  |  0.020   |      0.010      |      0.000       |      0.000       | [-1.614, 1.614] |      22.000     |     5.000     |
|   27  | left_wrist_yaw_joint       |   0.000   |  0.000  |  0.020   |      0.010      |      0.000       |      0.000       | [-1.614, 1.614] |      22.000     |     5.000     |
|   28  | right_wrist_yaw_joint      |   0.000   |  0.000  |  0.020   |      0.010      |      0.000       |      0.000       | [-1.614, 1.614] |      22.000     |     5.000     |
+-------+----------------------------+-----------+---------+----------+-----------------+------------------+------------------+-----------------+-----------------+---------------+
[INFO]: Read mesh prim: /World/ground/terrain/mesh with 369728 vertices and 2097240 faces.
[INFO]: Time taken for simulation start Last: 29.623009 s, Mean: 29.623009 s, Std: 0.000000 s, N: 1
[INFO] Command Manager:  <CommandManager> contains 1 active terms.
+--------------------------------------+
|         Active Command Terms         |
+-------+--------+---------------------+
| Index | Name   |         Type        |
+-------+--------+---------------------+
|   0   | height | SmoothHeightCommand |
+-------+--------+---------------------+

[INFO] Event Manager:  <EventManager> contains 3 active terms.
+----------------------------------------+
| Active Event Terms in Mode: 'startup'  |
+--------+-------------------------------+
| Index  | Name                          |
+--------+-------------------------------+
|   0    | randomize_physics_material    |
|   1    | randomize_actuator_gains      |
|   2    | randomize_bodies_mass         |
|   3    | randomize_base_mass           |
|   4    | randomize_base_com            |
+--------+-------------------------------+
+---------------------------------------------------------------------------+
|                   Active Event Terms in Mode: 'interval'                  |
+-------+-----------------------------------------+-------------------------+
| Index | Name                                    | Interval time range (s) |
+-------+-----------------------------------------+-------------------------+
|   0   | push_robot                              |       (0.0, 10.0)       |
|   1   | apply_external_force_torque             |       (0.0, 10.0)       |
|   2   | apply_external_force_torque_extremities |       (0.0, 10.0)       |
+-------+-----------------------------------------+-------------------------+
+----------------------------------+
| Active Event Terms in Mode: 'reset' |
+------------+---------------------+
|   Index    | Name                |
+------------+---------------------+
|     0      | reset_base          |
+------------+---------------------+

[INFO] Recorder Manager:  <RecorderManager> contains 0 active terms.
+---------------------+
| Active Recorder Terms |
+-----------+---------+
|   Index   | Name    |
+-----------+---------+
+-----------+---------+

[INFO]: Resolved joint names for the action term JointPositionAction: ['left_hip_pitch_joint', 'right_hip_pitch_joint', 'waist_yaw_joint', 'left_hip_roll_joint', 'right_hip_roll_joint', 'waist_roll_joint', 'left_hip_yaw_joint', 'right_hip_yaw_joint', 'waist_pitch_joint', 'left_knee_joint', 'right_knee_joint', 'left_shoulder_pitch_joint', 'right_shoulder_pitch_joint', 'left_ankle_pitch_joint', 'right_ankle_pitch_joint', 'left_shoulder_roll_joint', 'right_shoulder_roll_joint', 'left_ankle_roll_joint', 'right_ankle_roll_joint', 'left_shoulder_yaw_joint', 'right_shoulder_yaw_joint', 'left_elbow_joint', 'right_elbow_joint', 'left_wrist_roll_joint', 'right_wrist_roll_joint', 'left_wrist_pitch_joint', 'right_wrist_pitch_joint', 'left_wrist_yaw_joint', 'right_wrist_yaw_joint'] [[0, 1, 2, 3, 4, 5, 6, 7, 8, 9, 10, 11, 12, 13, 14, 15, 16, 17, 18, 19, 20, 21, 22, 23, 24, 25, 26, 27, 28]]
[INFO] Action Manager:  <ActionManager> contains 2 active terms.
+------------------------------------+
|  Active Action Terms (shape: 29)   |
+--------+-------------+-------------+
| Index  | Name        |   Dimension |
+--------+-------------+-------------+
|   0    | joint_pos   |          29 |
|   1    | lift        |           0 |
+--------+-------------+-------------+

[INFO] Observation Manager: <ObservationManager> contains 2 groups.
+----------------------------------------------+
| Active Observation Terms in Group: 'policy'  |
+---------+------------------------+-----------+
|  Index  | Name                   |   Shape   |
+---------+------------------------+-----------+
|    0    | base_ang_vel           |   (5, 3)  |
|    1    | projected_gravity      |   (5, 3)  |
|    2    | joint_pos              |  (5, 29)  |
|    3    | joint_vel              |  (5, 29)  |
|    4    | actions                |  (5, 29)  |
|    5    | height_command         |   (5, 1)  |
+---------+------------------------+-----------+
+----------------------------------------------+
| Active Observation Terms in Group: 'critic'  |
+---------+------------------------+-----------+
|  Index  | Name                   |   Shape   |
+---------+------------------------+-----------+
|    0    | projected_gravity      |   (5, 3)  |
|    1    | base_lin_vel           |   (5, 3)  |
|    2    | base_ang_vel           |   (5, 3)  |
|    3    | joint_pos              |  (5, 29)  |
|    4    | joint_vel              |  (5, 29)  |
|    5    | actions                |  (5, 29)  |
|    6    | contact_forces         |  (5, 30)  |
|    7    | base_height            |   (5, 1)  |
|    8    | height_command         |   (5, 1)  |
+---------+------------------------+-----------+

[INFO] Termination Manager:  <TerminationManager> contains 2 active terms.
+----------------------------------+
|     Active Termination Terms     |
+-------+---------------+----------+
| Index | Name          | Time Out |
+-------+---------------+----------+
|   0   | time_out      |   True   |
|   1   | invalid_state |  False   |
+-------+---------------+----------+

[INFO] Reward Manager:  <RewardManager> contains 32 active terms.
+--------------------------------------------+
|            Active Reward Terms             |
+-------+-------------------------+----------+
| Index | Name                    |   Weight |
+-------+-------------------------+----------+
|   0   | joint_torques_l2        |   -5e-05 |
|   1   | torque_limits           |    -0.01 |
|   2   | joint_acc_l2            | -2.5e-08 |
|   3   | joint_pos_limits        |     -0.1 |
|   4   | joint_vel_limits        |    -0.01 |
|   5   | action_rate             |     -1.0 |
|   6   | action_rate_rate        |    -0.15 |
|   7   | joint_vel_l2            |   -0.001 |
|   8   | joint_tracking_error    |     -0.5 |
|   9   | base_height_rough       |      4.0 |
|   10  | base_height_medium      |      8.0 |
|   11  | base_height_fine        |     16.0 |
|   12  | relaxation              |     -1.0 |
|   13  | joint_deviation_l1      |     -0.5 |
|   14  | joint_deviation_l1_arms |     -0.5 |
|   15  | ankle_torques           |   -0.001 |
|   16  | not_moving              |     -1.0 |
|   17  | torso_upright           |     -1.0 |
|   18  | severely_tilted         |     -5.0 |
|   19  | torso_roll              |     -5.0 |
|   20  | forward_pitch           |    -10.0 |
|   21  | illegal_contacts        |     -2.0 |
|   22  | feet_distance           |     -5.0 |
|   23  | feet_distance_standing  |    -10.0 |
|   24  | ground_unloaded         |     -2.0 |
|   25  | flat_feet               |     -1.0 |
|   26  | feet_slide              |     -1.0 |
|   27  | feet_yaw_mean           |     -2.0 |
|   28  | completely_airborne     |    -50.0 |
|   29  | body_velocity           |     -0.1 |
|   30  | ground_slam             |     -1.0 |
|   31  | torso_slam              |     -5.0 |
+-------+-------------------------+----------+

[INFO] Curriculum Manager:  <CurriculumManager> contains 8 active terms.
+---------------------------------+
|     Active Curriculum Terms     |
+-------+-------------------------+
| Index | Name                    |
+-------+-------------------------+
|   0   | adaptive_lift           |
|   1   | terrain_levels          |
|   2   | polish_action_rate_rate |
|   3   | polish_ground_slam      |
|   4   | polish_torso_slam       |
|   5   | polish_not_moving       |
|   6   | polish_joint_vel_l2     |
|   7   | random_fallen_states    |
+-------+-------------------------+

[INFO]: Completed setting up the environment...
/workspace/WBC-AGILE/.venv/lib/python3.12/site-packages/rsl_rl/utils/utils.py:220: UserWarning: The observation configuration dictionary 'obs_groups' is empty and thus likely not configured. Consider configuring the 'obs_groups' dictionary explicitly
  warnings.warn(
/workspace/WBC-AGILE/.venv/lib/python3.12/site-packages/rsl_rl/utils/utils.py:251: UserWarning: The observation configuration dictionary 'obs_groups' does not contain the 'actor' key. As an observation group with the name 'policy' was found, this is assumed to be the appropriate observation. Consider adding the 'actor' key to the 'obs_groups' dictionary for clarity. This behavior will be removed in a future version.
  warnings.warn(
/workspace/WBC-AGILE/.venv/lib/python3.12/site-packages/rsl_rl/utils/utils.py:243: UserWarning: The observation configuration dictionary 'obs_groups' does not contain the 'critic' key. As an observation group with the name 'critic' was found, this is assumed to be the appropriate observation. Consider adding the 'critic' key to the 'obs_groups' dictionary for clarity. This behavior will be removed in a future version.
  warnings.warn(
--------------------------------------------------------------------------------
Resolved observation sets: 
	 actor :  ['policy']
	 critic :  ['critic']
--------------------------------------------------------------------------------
Actor Model: MLPModel(
  (obs_normalizer): Identity()
  (distribution): GaussianDistribution()
  (mlp): MLP(
    (0): Linear(in_features=470, out_features=256, bias=True)
    (1): ELU(alpha=1.0)
    (2): Linear(in_features=256, out_features=256, bias=True)
    (3): ELU(alpha=1.0)
    (4): Linear(in_features=256, out_features=128, bias=True)
    (5): ELU(alpha=1.0)
    (6): Linear(in_features=128, out_features=29, bias=True)
  )
)
Critic Model: MLPModel(
  (obs_normalizer): Identity()
  (mlp): MLP(
    (0): Linear(in_features=640, out_features=512, bias=True)
    (1): ELU(alpha=1.0)
    (2): Linear(in_features=512, out_features=256, bias=True)
    (3): ELU(alpha=1.0)
    (4): Linear(in_features=256, out_features=128, bias=True)
    (5): ELU(alpha=1.0)
    (6): Linear(in_features=128, out_features=1, bias=True)
  )
)
Storing git diff for 'WBC-AGILE' in: /workspace/WBC-AGILE/logs/rsl_rl/height_tracking_g1/2026-09-02_03-53-08_height_tracking_g1/git/WBC-AGILE.diff
2026-09-02T03:53:48Z [51,631ms] [Error] [omni.physx.plugin] PhysX error: The application needs to increase PxGpuDynamicsMemoryConfig::foundLostAggregatePairsCapacity to 41906252, otherwise, the simulation will miss interactions, FILE /builds/omniverse/physics/physx/source/gpubroadphase/src/PxgAABBManager.cpp, LINE 1304
################################################################################
[1m                          Learning iteration 0/100000                           [0m 

                               Run name: height_tracking_g1
                            Total steps: 98304 
                       Steps per second: 5587 
                        Collection time: 17.204s 
                          Learning time: 0.389s 
                        Mean value loss: 5.1602
                    Mean surrogate loss: 0.0342
                      Mean entropy loss: 41.0867
                     Mean symmetry loss: 0.0028
                   Mean l2c2_actor loss: 0.0011
                  Mean l2c2_critic loss: 0.0077
                            Mean reward: -36.15
                    Mean episode length: 14.58
                        Mean action std: 1.00
                    Entropy coefficient: 0.002500
        Episode_Reward/joint_torques_l2: -0.0191
        Episode_Reward/joint_pos_limits: -0.0001
         Episode_Reward/ground_unloaded: -0.0163
          Curriculum/polish_ground_slam: -1.0000
           Curriculum/polish_torso_slam: -5.0000
        Curriculum/random_fallen_states: 0.0000
              Episode_Reward/feet_slide: -0.0110
        Episode_Reward/joint_vel_limits: -0.0000
            Episode_Reward/joint_vel_l2: -0.0263
              Episode_Reward/relaxation: -0.1407
 Episode_Reward/joint_deviation_l1_arms: -0.0071
           Episode_Reward/torso_upright: 0.0000
  Episode_Reward/feet_distance_standing: -0.0026
    Episode_Reward/joint_tracking_error: -0.0567
              Episode_Reward/torso_slam: -0.0594
              Episode_Reward/not_moving: -0.0721
               Episode_Reward/flat_feet: -0.0278
       Episode_Reward/base_height_rough: 0.0371
           Episode_Reward/body_velocity: -0.0750
        Episode_Reward/base_height_fine: 0.1000
              Curriculum/terrain_levels: 0.0000
           Episode_Reward/forward_pitch: -0.0080
               Curriculum/adaptive_lift: 1.0000
             Episode_Reward/ground_slam: -0.0596
            Episode_Reward/joint_acc_l2: -0.0119
             Episode_Reward/action_rate: -0.9270
           Curriculum/polish_not_moving: -1.0000
            Metrics/height/height_error: 0.0000
      Episode_Termination/invalid_state: 0.0012
     Episode_Reward/completely_airborne: -0.2568
              Episode_Reward/torso_roll: -0.0198
           Episode_Reward/torque_limits: -0.0219
           Episode_Reward/feet_distance: -0.0023
         Curriculum/polish_joint_vel_l2: -0.0010
         Episode_Reward/severely_tilted: -0.0000
        Episode_Reward/action_rate_rate: -0.3987
     Curriculum/polish_action_rate_rate: -0.1500
      Episode_Reward/base_height_medium: 0.0592
           Episode_Termination/time_out: 0.0169
      Episode_Reward/joint_deviation_l1: -0.0201
           Episode_Reward/feet_yaw_mean: -0.0109
        Episode_Reward/illegal_contacts: -0.0004
           Episode_Reward/ankle_torques: -0.0051
--------------------------------------------------------------------------------
                         Iteration time: 17.59s
                           Time elapsed: 0:00:17
                                    ETA: 20 days, 8:41:57

################################################################################
[1m                          Learning iteration 1/100000                           [0m 

                               Run name: height_tracking_g1
                            Total steps: 196608 
                       Steps per second: 11995 
                        Collection time: 7.955s 
                          Learning time: 0.240s 
                        Mean value loss: 5.3936
                    Mean surrogate loss: 0.0051
                      Mean entropy loss: 41.0346
                     Mean symmetry loss: 0.0016
                   Mean l2c2_actor loss: 0.0011
                  Mean l2c2_critic loss: 0.0201
                            Mean reward: -106.57
                    Mean episode length: 41.81
                        Mean action std: 0.99
                    Entropy coefficient: 0.002500
        Episode_Reward/joint_torques_l2: -0.0537
        Episode_Reward/joint_pos_limits: -0.0003
         Episode_Reward/ground_unloaded: -0.0438
          Curriculum/polish_ground_slam: -1.0000
           Curriculum/polish_torso_slam: -5.0000
        Curriculum/random_fallen_states: 0.0000
              Episode_Reward/feet_slide: -0.0421
        Episode_Reward/joint_vel_limits: -0.0001
            Episode_Reward/joint_vel_l2: -0.0780
              Episode_Reward/relaxation: -0.4173
 Episode_Reward/joint_deviation_l1_arms: -0.0269
           Episode_Reward/torso_upright: 0.0000
  Episode_Reward/feet_distance_standing: -0.0161
    Episode_Reward/joint_tracking_error: -0.1718
              Episode_Reward/torso_slam: -0.0937
              Episode_Reward/not_moving: -0.2665
               Episode_Reward/flat_feet: -0.0975
       Episode_Reward/base_height_rough: 0.1190
           Episode_Reward/body_velocity: -0.2594
        Episode_Reward/base_height_fine: 0.3317
              Curriculum/terrain_levels: 0.0000
           Episode_Reward/forward_pitch: -0.0276
               Curriculum/adaptive_lift: 1.0000
             Episode_Reward/ground_slam: -0.1440
            Episode_Reward/joint_acc_l2: -0.0169
             Episode_Reward/action_rate: -2.7479
           Curriculum/polish_not_moving: -1.0000
            Metrics/height/height_error: 0.0000
      Episode_Termination/invalid_state: 0.0024
     Episode_Reward/completely_airborne: -0.8057
              Episode_Reward/torso_roll: -0.0636
           Episode_Reward/torque_limits: -0.0623
           Episode_Reward/feet_distance: -0.0131
         Curriculum/polish_joint_vel_l2: -0.0010
         Episode_Reward/severely_tilted: -0.0033
        Episode_Reward/action_rate_rate: -1.2180
     Curriculum/polish_action_rate_rate: -0.1500
      Episode_Reward/base_height_medium: 0.1937
           Episode_Termination/time_out: 0.0480
      Episode_Reward/joint_deviation_l1: -0.0625
           Episode_Reward/feet_yaw_mean: -0.0352
        Episode_Reward/illegal_contacts: -0.0041
           Episode_Reward/ankle_torques: -0.0134
--------------------------------------------------------------------------------
                         Iteration time: 8.20s
                           Time elapsed: 0:00:25
                                    ETA: 14 days, 22:09:59

################################################################################
[1m                          Learning iteration 2/100000                           [0m 

                               Run name: height_tracking_g1
                            Total steps: 294912 
                       Steps per second: 13992 
                        Collection time: 6.787s 
                          Learning time: 0.239s 
                        Mean value loss: 4.8504
                    Mean surrogate loss: -0.0065
                      Mean entropy loss: 40.8354
                     Mean symmetry loss: 0.0007
                   Mean l2c2_actor loss: 0.0013
                  Mean l2c2_critic loss: 0.0274
                            Mean reward: -158.64
                    Mean episode length: 61.50
                        Mean action std: 0.99
                    Entropy coefficient: 0.002500
        Episode_Reward/joint_torques_l2: -0.0852
        Episode_Reward/joint_pos_limits: -0.0004
         Episode_Reward/ground_unloaded: -0.0667
          Curriculum/polish_ground_slam: -1.0000
           Curriculum/polish_torso_slam: -5.0000
        Curriculum/random_fallen_states: 0.0000
              Episode_Reward/feet_slide: -0.0657
        Episode_Reward/joint_vel_limits: -0.0002
            Episode_Reward/joint_vel_l2: -0.1315
              Episode_Reward/relaxation: -0.8437
 Episode_Reward/joint_deviation_l1_arms: -0.0372
           Episode_Reward/torso_upright: -0.0003
  Episode_Reward/feet_distance_standing: -0.0212
    Episode_Reward/joint_tracking_error: -0.2886
              Episode_Reward/torso_slam: -0.1831
              Episode_Reward/not_moving: -0.2846
               Episode_Reward/flat_feet: -0.1840
       Episode_Reward/base_height_rough: 0.1722
           Episode_Reward/body_velocity: -0.4359
        Episode_Reward/base_height_fine: 0.3935
              Curriculum/terrain_levels: 0.0000
           Episode_Reward/forward_pitch: -0.1045
               Curriculum/adaptive_lift: 0.9984
             Episode_Reward/ground_slam: -0.2428
            Episode_Reward/joint_acc_l2: -0.0291
             Episode_Reward/action_rate: -4.6611
           Curriculum/polish_not_moving: -1.0000
            Metrics/height/height_error: 0.0000
      Episode_Termination/invalid_state: 0.0030
     Episode_Reward/completely_airborne: -1.2154
              Episode_Reward/torso_roll: -0.1075
           Episode_Reward/torque_limits: -0.1023
           Episode_Reward/feet_distance: -0.0254
         Curriculum/polish_joint_vel_l2: -0.0010
         Episode_Reward/severely_tilted: -0.0028
        Episode_Reward/action_rate_rate: -2.0809
     Curriculum/polish_action_rate_rate: -0.1500
      Episode_Reward/base_height_medium: 0.2491
           Episode_Termination/time_out: 0.0816
      Episode_Reward/joint_deviation_l1: -0.0770
           Episode_Reward/feet_yaw_mean: -0.0609
        Episode_Reward/illegal_contacts: -0.0171
           Episode_Reward/ankle_torques: -0.0201
--------------------------------------------------------------------------------
                         Iteration time: 7.03s
                           Time elapsed: 0:00:32
                                    ETA: 12 days, 15:49:30

################################################################################
[1m                          Learning iteration 3/100000                           [0m 

                               Run name: height_tracking_g1
                            Total steps: 393216 
                       Steps per second: 15966 
                        Collection time: 5.918s 
                          Learning time: 0.239s 
                        Mean value loss: 4.3839
                    Mean surrogate loss: -0.0115
                      Mean entropy loss: 40.6485
                     Mean symmetry loss: 0.0005
                   Mean l2c2_actor loss: 0.0015
                  Mean l2c2_critic loss: 0.0286
                            Mean reward: -226.16
                    Mean episode length: 89.12
                        Mean action std: 0.98
                    Entropy coefficient: 0.002500
        Episode_Reward/joint_torques_l2: -0.1162
        Episode_Reward/joint_pos_limits: -0.0006
         Episode_Reward/ground_unloaded: -0.0993
          Curriculum/polish_ground_slam: -1.0000
           Curriculum/polish_torso_slam: -5.0000
        Curriculum/random_fallen_states: 0.0000
              Episode_Reward/feet_slide: -0.1011
        Episode_Reward/joint_vel_limits: -0.0003
            Episode_Reward/joint_vel_l2: -0.1843
              Episode_Reward/relaxation: -0.9226
 Episode_Reward/joint_deviation_l1_arms: -0.0656
           Episode_Reward/torso_upright: -0.0052
  Episode_Reward/feet_distance_standing: -0.0428
    Episode_Reward/joint_tracking_error: -0.3902
              Episode_Reward/torso_slam: -0.2405
              Episode_Reward/not_moving: -0.6640
               Episode_Reward/flat_feet: -0.2543
       Episode_Reward/base_height_rough: 0.2878
           Episode_Reward/body_velocity: -0.5864
        Episode_Reward/base_height_fine: 0.8426
              Curriculum/terrain_levels: 0.0000
           Episode_Reward/forward_pitch: -0.1455
               Curriculum/adaptive_lift: 0.9960
             Episode_Reward/ground_slam: -0.3209
            Episode_Reward/joint_acc_l2: -0.0332
             Episode_Reward/action_rate: -6.4122
           Curriculum/polish_not_moving: -1.0000
            Metrics/height/height_error: 0.0000
      Episode_Termination/invalid_state: 0.0037
     Episode_Reward/completely_airborne: -1.9055
              Episode_Reward/torso_roll: -0.1594
           Episode_Reward/torque_limits: -0.1416
           Episode_Reward/feet_distance: -0.0357
         Curriculum/polish_joint_vel_l2: -0.0010
         Episode_Reward/severely_tilted: -0.0123
        Episode_Reward/action_rate_rate: -2.8676
     Curriculum/polish_action_rate_rate: -0.1500
      Episode_Reward/base_height_medium: 0.4839
           Episode_Termination/time_out: 0.1112
      Episode_Reward/joint_deviation_l1: -0.1448
           Episode_Reward/feet_yaw_mean: -0.0834
        Episode_Reward/illegal_contacts: -0.0249
           Episode_Reward/ankle_torques: -0.0251
--------------------------------------------------------------------------------
                         Iteration time: 6.16s
                           Time elapsed: 0:00:38
                                    ETA: 11 days, 6:37:13

################################################################################
[1m                          Learning iteration 4/100000                           [0m 

                               Run name: height_tracking_g1
                            Total steps: 491520 
                       Steps per second: 17566 
                        Collection time: 5.357s 
                          Learning time: 0.239s 
                        Mean value loss: 4.2337
                    Mean surrogate loss: -0.0127
                      Mean entropy loss: 40.5121
                     Mean symmetry loss: 0.0005
                   Mean l2c2_actor loss: 0.0017
                  Mean l2c2_critic loss: 0.0179
                            Mean reward: -277.63
                    Mean episode length: 110.61
                        Mean action std: 0.98
                    Entropy coefficient: 0.002500
        Episode_Reward/joint_torques_l2: -0.1556
        Episode_Reward/joint_pos_limits: -0.0007
         Episode_Reward/ground_unloaded: -0.1465
          Curriculum/polish_ground_slam: -1.0000
           Curriculum/polish_torso_slam: -5.0000
        Curriculum/random_fallen_states: 0.0000
              Episode_Reward/feet_slide: -0.1246
        Episode_Reward/joint_vel_limits: -0.0003
            Episode_Reward/joint_vel_l2: -0.2311
              Episode_Reward/relaxation: -1.0510
 Episode_Reward/joint_deviation_l1_arms: -0.0742
           Episode_Reward/torso_upright: -0.0073
  Episode_Reward/feet_distance_standing: -0.0472
    Episode_Reward/joint_tracking_error: -0.5050
              Episode_Reward/torso_slam: -0.3008
              Episode_Reward/not_moving: -0.8723
               Episode_Reward/flat_feet: -0.3736
       Episode_Reward/base_height_rough: 0.3966
           Episode_Reward/body_velocity: -0.6860
        Episode_Reward/base_height_fine: 1.1574
              Curriculum/terrain_levels: 0.0000
           Episode_Reward/forward_pitch: -0.2209
               Curriculum/adaptive_lift: 0.9936
             Episode_Reward/ground_slam: -0.4108
            Episode_Reward/joint_acc_l2: -0.0457
             Episode_Reward/action_rate: -8.2557
           Curriculum/polish_not_moving: -1.0000
            Metrics/height/height_error: 0.0317
      Episode_Termination/invalid_state: 0.0038
     Episode_Reward/completely_airborne: -2.3573
              Episode_Reward/torso_roll: -0.1880
           Episode_Reward/torque_limits: -0.1853
           Episode_Reward/feet_distance: -0.0453
         Curriculum/polish_joint_vel_l2: -0.0010
         Episode_Reward/severely_tilted: -0.0071
        Episode_Reward/action_rate_rate: -3.6943
     Curriculum/polish_action_rate_rate: -0.1500
      Episode_Reward/base_height_medium: 0.6662
           Episode_Termination/time_out: 0.1433
      Episode_Reward/joint_deviation_l1: -0.1473
           Episode_Reward/feet_yaw_mean: -0.0850
        Episode_Reward/illegal_contacts: -0.0377
           Episode_Reward/ankle_torques: -0.0329
--------------------------------------------------------------------------------
                         Iteration time: 5.60s
                           Time elapsed: 0:00:44
                                    ETA: 10 days, 7:34:54

################################################################################
[1m                          Learning iteration 5/100000                           [0m 

                               Run name: height_tracking_g1
                            Total steps: 589824 
                       Steps per second: 18790 
                        Collection time: 4.993s 
                          Learning time: 0.239s 
                        Mean value loss: 3.9816
                    Mean surrogate loss: -0.0125
                      Mean entropy loss: 40.3753
                     Mean symmetry loss: 0.0004
                   Mean l2c2_actor loss: 0.0020
                  Mean l2c2_critic loss: 0.0092
                            Mean reward: -343.91
                    Mean episode length: 135.75
                        Mean action std: 0.97
                    Entropy coefficient: 0.002500
        Episode_Reward/joint_torques_l2: -0.1946
        Episode_Reward/joint_pos_limits: -0.0009
         Episode_Reward/ground_unloaded: -0.1640
          Curriculum/polish_ground_slam: -1.0000
           Curriculum/polish_torso_slam: -5.0000
        Curriculum/random_fallen_states: 0.0000
              Episode_Reward/feet_slide: -0.1492
        Episode_Reward/joint_vel_limits: -0.0004
            Episode_Reward/joint_vel_l2: -0.2789
              Episode_Reward/relaxation: -1.5410
 Episode_Reward/joint_deviation_l1_arms: -0.0859
           Episode_Reward/torso_upright: -0.0101
  Episode_Reward/feet_distance_standing: -0.0488
    Episode_Reward/joint_tracking_error: -0.6056
              Episode_Reward/torso_slam: -0.3622
              Episode_Reward/not_moving: -1.0345
               Episode_Reward/flat_feet: -0.4604
       Episode_Reward/base_height_rough: 0.4667
           Episode_Reward/body_velocity: -0.8289
        Episode_Reward/base_height_fine: 1.3465
              Curriculum/terrain_levels: 0.0000
           Episode_Reward/forward_pitch: -0.2811
               Curriculum/adaptive_lift: 0.9912
             Episode_Reward/ground_slam: -0.4840
            Episode_Reward/joint_acc_l2: -0.0575
             Episode_Reward/action_rate: -9.9295
           Curriculum/polish_not_moving: -1.0000
            Metrics/height/height_error: 0.0300
      Episode_Termination/invalid_state: 0.0039
     Episode_Reward/completely_airborne: -2.9332
              Episode_Reward/torso_roll: -0.2435
           Episode_Reward/torque_limits: -0.2251
           Episode_Reward/feet_distance: -0.0549
         Curriculum/polish_joint_vel_l2: -0.0010
         Episode_Reward/severely_tilted: -0.0089
        Episode_Reward/action_rate_rate: -4.4415
     Curriculum/polish_action_rate_rate: -0.1500
      Episode_Reward/base_height_medium: 0.7710
           Episode_Termination/time_out: 0.1714
      Episode_Reward/joint_deviation_l1: -0.1766
           Episode_Reward/feet_yaw_mean: -0.0866
        Episode_Reward/illegal_contacts: -0.0519
           Episode_Reward/ankle_torques: -0.0471
--------------------------------------------------------------------------------
                         Iteration time: 5.23s
                           Time elapsed: 0:00:49
                                    ETA: 9 days, 14:32:05

################################################################################
[1m                          Learning iteration 6/100000                           [0m 

                               Run name: height_tracking_g1
                            Total steps: 688128 
                       Steps per second: 19572 
                        Collection time: 4.784s 
                          Learning time: 0.239s 
                        Mean value loss: 3.8743
                    Mean surrogate loss: -0.0121
                      Mean entropy loss: 40.2658
                     Mean symmetry loss: 0.0005
                   Mean l2c2_actor loss: 0.0022
                  Mean l2c2_critic loss: 0.0065
                            Mean reward: -391.92
                    Mean episode length: 160.01
                        Mean action std: 0.97
                    Entropy coefficient: 0.002500
        Episode_Reward/joint_torques_l2: -0.2146
        Episode_Reward/joint_pos_limits: -0.0010
         Episode_Reward/ground_unloaded: -0.2159
          Curriculum/polish_ground_slam: -1.0000
           Curriculum/polish_torso_slam: -5.0000
        Curriculum/random_fallen_states: 0.0000
              Episode_Reward/feet_slide: -0.1931
        Episode_Reward/joint_vel_limits: -0.0005
            Episode_Reward/joint_vel_l2: -0.3363
              Episode_Reward/relaxation: -1.3841
 Episode_Reward/joint_deviation_l1_arms: -0.1066
           Episode_Reward/torso_upright: -0.0146
  Episode_Reward/feet_distance_standing: -0.0639
    Episode_Reward/joint_tracking_error: -0.7114
              Episode_Reward/torso_slam: -0.4103
              Episode_Reward/not_moving: -1.5674
               Episode_Reward/flat_feet: -0.5526
       Episode_Reward/base_height_rough: 0.6130
           Episode_Reward/body_velocity: -0.9552
        Episode_Reward/base_height_fine: 1.9014
              Curriculum/terrain_levels: 0.0000
           Episode_Reward/forward_pitch: -0.3108
               Curriculum/adaptive_lift: 0.9888
             Episode_Reward/ground_slam: -0.5880
            Episode_Reward/joint_acc_l2: -0.0608
             Episode_Reward/action_rate: -11.6563
           Curriculum/polish_not_moving: -1.0000
            Metrics/height/height_error: 0.0334
      Episode_Termination/invalid_state: 0.0041
     Episode_Reward/completely_airborne: -3.5905
              Episode_Reward/torso_roll: -0.2775
           Episode_Reward/torque_limits: -0.2537
           Episode_Reward/feet_distance: -0.0630
         Curriculum/polish_joint_vel_l2: -0.0010
         Episode_Reward/severely_tilted: -0.0088
        Episode_Reward/action_rate_rate: -5.2131
     Curriculum/polish_action_rate_rate: -0.1500
      Episode_Reward/base_height_medium: 1.0571
           Episode_Termination/time_out: 0.2048
      Episode_Reward/joint_deviation_l1: -0.2294
           Episode_Reward/feet_yaw_mean: -0.1184
        Episode_Reward/illegal_contacts: -0.0590
           Episode_Reward/ankle_torques: -0.0461
--------------------------------------------------------------------------------
                         Iteration time: 5.02s
                           Time elapsed: 0:00:54
                                    ETA: 9 days, 1:31:42

################################################################################
[1m                          Learning iteration 7/100000                           [0m 

                               Run name: height_tracking_g1
                            Total steps: 786432 
                       Steps per second: 20355 
                        Collection time: 4.590s 
                          Learning time: 0.239s 
                        Mean value loss: 3.7239
                    Mean surrogate loss: -0.0120
                      Mean entropy loss: 40.1008
                     Mean symmetry loss: 0.0005
                   Mean l2c2_actor loss: 0.0024
                  Mean l2c2_critic loss: 0.0052
                            Mean reward: -447.72
                    Mean episode length: 184.04
                        Mean action std: 0.96
                    Entropy coefficient: 0.002500
        Episode_Reward/joint_torques_l2: -0.2460
        Episode_Reward/joint_pos_limits: -0.0012
         Episode_Reward/ground_unloaded: -0.2493
          Curriculum/polish_ground_slam: -1.0000
           Curriculum/polish_torso_slam: -5.0000
        Curriculum/random_fallen_states: 0.0000
              Episode_Reward/feet_slide: -0.1982
        Episode_Reward/joint_vel_limits: -0.0005
            Episode_Reward/joint_vel_l2: -0.3741
              Episode_Reward/relaxation: -1.6520
 Episode_Reward/joint_deviation_l1_arms: -0.1005
           Episode_Reward/torso_upright: -0.0133
  Episode_Reward/feet_distance_standing: -0.0647
    Episode_Reward/joint_tracking_error: -0.8067
              Episode_Reward/torso_slam: -0.4674
              Episode_Reward/not_moving: -1.5038
               Episode_Reward/flat_feet: -0.6758
       Episode_Reward/base_height_rough: 0.6949
           Episode_Reward/body_velocity: -1.0342
        Episode_Reward/base_height_fine: 2.0274
              Curriculum/terrain_levels: 0.0000
           Episode_Reward/forward_pitch: -0.3918
               Curriculum/adaptive_lift: 0.9864
             Episode_Reward/ground_slam: -0.6470
            Episode_Reward/joint_acc_l2: -0.0701
             Episode_Reward/action_rate: -13.4419
           Curriculum/polish_not_moving: -1.0000
            Metrics/height/height_error: 0.0404
      Episode_Termination/invalid_state: 0.0042
     Episode_Reward/completely_airborne: -3.6561
              Episode_Reward/torso_roll: -0.3032
           Episode_Reward/torque_limits: -0.2920
           Episode_Reward/feet_distance: -0.0736
         Curriculum/polish_joint_vel_l2: -0.0010
         Episode_Reward/severely_tilted: -0.0085
        Episode_Reward/action_rate_rate: -6.0117
     Curriculum/polish_action_rate_rate: -0.1500
      Episode_Reward/base_height_medium: 1.1650
           Episode_Termination/time_out: 0.2376
      Episode_Reward/joint_deviation_l1: -0.1962
           Episode_Reward/feet_yaw_mean: -0.1379
        Episode_Reward/illegal_contacts: -0.0758
           Episode_Reward/ankle_torques: -0.0662
--------------------------------------------------------------------------------
                         Iteration time: 4.83s
                           Time elapsed: 0:00:59
                                    ETA: 8 days, 15:06:10

################################################################################
[1m                          Learning iteration 8/100000                           [0m 

                               Run name: height_tracking_g1
                            Total steps: 884736 
                       Steps per second: 20758 
                        Collection time: 4.484s 
                          Learning time: 0.251s 
                        Mean value loss: 3.5950
                    Mean surrogate loss: -0.0108
                      Mean entropy loss: 39.9554
                     Mean symmetry loss: 0.0006
                   Mean l2c2_actor loss: 0.0026
                  Mean l2c2_critic loss: 0.0066
                            Mean reward: -506.13
                    Mean episode length: 204.45
                        Mean action std: 0.96
                    Entropy coefficient: 0.002500
        Episode_Reward/joint_torques_l2: -0.2947
        Episode_Reward/joint_pos_limits: -0.0013
         Episode_Reward/ground_unloaded: -0.2450
          Curriculum/polish_ground_slam: -1.0000
           Curriculum/polish_torso_slam: -5.0000
        Curriculum/random_fallen_states: 0.0000
              Episode_Reward/feet_slide: -0.2350
        Episode_Reward/joint_vel_limits: -0.0005
            Episode_Reward/joint_vel_l2: -0.4171
              Episode_Reward/relaxation: -2.4928
 Episode_Reward/joint_deviation_l1_arms: -0.1249
           Episode_Reward/torso_upright: -0.0180
  Episode_Reward/feet_distance_standing: -0.0759
    Episode_Reward/joint_tracking_error: -0.9007
              Episode_Reward/torso_slam: -0.5129
              Episode_Reward/not_moving: -1.6255
               Episode_Reward/flat_feet: -0.7506
       Episode_Reward/base_height_rough: 0.7303
           Episode_Reward/body_velocity: -1.1595
        Episode_Reward/base_height_fine: 2.0610
              Curriculum/terrain_levels: 0.0000
           Episode_Reward/forward_pitch: -0.4655
               Curriculum/adaptive_lift: 0.9841
             Episode_Reward/ground_slam: -0.7223
            Episode_Reward/joint_acc_l2: -0.0851
             Episode_Reward/action_rate: -15.0529
           Curriculum/polish_not_moving: -1.0000
            Metrics/height/height_error: 0.0317
      Episode_Termination/invalid_state: 0.0043
     Episode_Reward/completely_airborne: -4.4705
              Episode_Reward/torso_roll: -0.3423
           Episode_Reward/torque_limits: -0.3254
           Episode_Reward/feet_distance: -0.0793
         Curriculum/polish_joint_vel_l2: -0.0010
         Episode_Reward/severely_tilted: -0.0014
        Episode_Reward/action_rate_rate: -6.7286
     Curriculum/polish_action_rate_rate: -0.1500
      Episode_Reward/base_height_medium: 1.1884
           Episode_Termination/time_out: 0.2705
      Episode_Reward/joint_deviation_l1: -0.2655
           Episode_Reward/feet_yaw_mean: -0.1184
        Episode_Reward/illegal_contacts: -0.0956
           Episode_Reward/ankle_torques: -0.0674
--------------------------------------------------------------------------------
                         Iteration time: 4.74s
                           Time elapsed: 0:01:04
                                    ETA: 8 days, 6:42:16

################################################################################
[1m                          Learning iteration 9/100000                           [0m 

                               Run name: height_tracking_g1
                            Total steps: 983040 
                       Steps per second: 20330 
                        Collection time: 4.583s 
                          Learning time: 0.252s 
                        Mean value loss: 3.4550
                    Mean surrogate loss: -0.0104
                      Mean entropy loss: 39.7792
                     Mean symmetry loss: 0.0007
                   Mean l2c2_actor loss: 0.0028
                  Mean l2c2_critic loss: 0.0033
                            Mean reward: -547.70
                    Mean episode length: 229.52
                        Mean action std: 0.95
                    Entropy coefficient: 0.002500
        Episode_Reward/joint_torques_l2: -0.3203
        Episode_Reward/joint_pos_limits: -0.0013
         Episode_Reward/ground_unloaded: -0.3242
          Curriculum/polish_ground_slam: -1.0000
           Curriculum/polish_torso_slam: -5.0000
        Curriculum/random_fallen_states: 0.0000
              Episode_Reward/feet_slide: -0.2485
        Episode_Reward/joint_vel_limits: -0.0006
            Episode_Reward/joint_vel_l2: -0.4635
              Episode_Reward/relaxation: -2.1694
 Episode_Reward/joint_deviation_l1_arms: -0.1238
           Episode_Reward/torso_upright: -0.0211
  Episode_Reward/feet_distance_standing: -0.0767
    Episode_Reward/joint_tracking_error: -1.0012
              Episode_Reward/torso_slam: -0.6257
              Episode_Reward/not_moving: -2.1436
               Episode_Reward/flat_feet: -0.8571
       Episode_Reward/base_height_rough: 0.9114
           Episode_Reward/body_velocity: -1.2103
        Episode_Reward/base_height_fine: 2.7924
              Curriculum/terrain_levels: 0.0000
           Episode_Reward/forward_pitch: -0.5566
               Curriculum/adaptive_lift: 0.9817
             Episode_Reward/ground_slam: -0.8426
            Episode_Reward/joint_acc_l2: -0.0987
             Episode_Reward/action_rate: -16.9121
           Curriculum/polish_not_moving: -1.0000
            Metrics/height/height_error: 0.0380
      Episode_Termination/invalid_state: 0.0046
     Episode_Reward/completely_airborne: -4.4311
              Episode_Reward/torso_roll: -0.3791
           Episode_Reward/torque_limits: -0.3685
           Episode_Reward/feet_distance: -0.0954
         Curriculum/polish_joint_vel_l2: -0.0010
         Episode_Reward/severely_tilted: -0.0062
        Episode_Reward/action_rate_rate: -7.5612
     Curriculum/polish_action_rate_rate: -0.1500
      Episode_Reward/base_height_medium: 1.5631
           Episode_Termination/time_out: 0.3014
      Episode_Reward/joint_deviation_l1: -0.2476
           Episode_Reward/feet_yaw_mean: -0.1295
        Episode_Reward/illegal_contacts: -0.1090
           Episode_Reward/ankle_torques: -0.0780
--------------------------------------------------------------------------------
                         Iteration time: 4.84s
                           Time elapsed: 0:01:09
                                    ETA: 8 days, 0:15:44

################################################################################
[1m                          Learning iteration 10/100000                          [0m 

                               Run name: height_tracking_g1
                            Total steps: 1081344 
                       Steps per second: 20491 
                        Collection time: 4.544s 
                          Learning time: 0.254s 
                        Mean value loss: 3.3927
                    Mean surrogate loss: -0.0110
                      Mean entropy loss: 39.6747
                     Mean symmetry loss: 0.0007
                   Mean l2c2_actor loss: 0.0031
                  Mean l2c2_critic loss: 0.0048
                            Mean reward: -607.14
                    Mean episode length: 252.58
                        Mean action std: 0.95
                    Entropy coefficient: 0.002500
        Episode_Reward/joint_torques_l2: -0.3518
        Episode_Reward/joint_pos_limits: -0.0017
         Episode_Reward/ground_unloaded: -0.3363
          Curriculum/polish_ground_slam: -1.0000
           Curriculum/polish_torso_slam: -5.0000
        Curriculum/random_fallen_states: 0.0000
              Episode_Reward/feet_slide: -0.2786
        Episode_Reward/joint_vel_limits: -0.0007
            Episode_Reward/joint_vel_l2: -0.5183
              Episode_Reward/relaxation: -2.6747
 Episode_Reward/joint_deviation_l1_arms: -0.1547
           Episode_Reward/torso_upright: -0.0266
  Episode_Reward/feet_distance_standing: -0.1037
    Episode_Reward/joint_tracking_error: -1.1040
              Episode_Reward/torso_slam: -0.5604
              Episode_Reward/not_moving: -2.1701
               Episode_Reward/flat_feet: -0.8932
       Episode_Reward/base_height_rough: 0.9585
           Episode_Reward/body_velocity: -1.3652
        Episode_Reward/base_height_fine: 2.8588
              Curriculum/terrain_levels: 0.0000
           Episode_Reward/forward_pitch: -0.6169
               Curriculum/adaptive_lift: 0.9794
             Episode_Reward/ground_slam: -0.8822
            Episode_Reward/joint_acc_l2: -0.1072
             Episode_Reward/action_rate: -18.4256
           Curriculum/polish_not_moving: -1.0000
            Metrics/height/height_error: 0.0434
      Episode_Termination/invalid_state: 0.0047
     Episode_Reward/completely_airborne: -5.0731
              Episode_Reward/torso_roll: -0.4421
           Episode_Reward/torque_limits: -0.3992
           Episode_Reward/feet_distance: -0.1114
         Curriculum/polish_joint_vel_l2: -0.0010
         Episode_Reward/severely_tilted: -0.0129
        Episode_Reward/action_rate_rate: -8.2302
     Curriculum/polish_action_rate_rate: -0.1500
      Episode_Reward/base_height_medium: 1.6246
           Episode_Termination/time_out: 0.3291
      Episode_Reward/joint_deviation_l1: -0.3097
           Episode_Reward/feet_yaw_mean: -0.1504
        Episode_Reward/illegal_contacts: -0.1222
           Episode_Reward/ankle_torques: -0.0981
--------------------------------------------------------------------------------
                         Iteration time: 4.80s
                           Time elapsed: 0:01:14
                                    ETA: 7 days, 18:53:43

################################################################################
[1m                          Learning iteration 11/100000                          [0m 

                               Run name: height_tracking_g1
                            Total steps: 1179648 
                       Steps per second: 21040 
                        Collection time: 4.419s 
                          Learning time: 0.253s 
                        Mean value loss: 3.2736
                    Mean surrogate loss: -0.0090
                      Mean entropy loss: 39.5070
                     Mean symmetry loss: 0.0008
                   Mean l2c2_actor loss: 0.0032
                  Mean l2c2_critic loss: 0.0044
                            Mean reward: -678.63
                    Mean episode length: 281.48
                        Mean action std: 0.95
                    Entropy coefficient: 0.002500
        Episode_Reward/joint_torques_l2: -0.3820
        Episode_Reward/joint_pos_limits: -0.0015
         Episode_Reward/ground_unloaded: -0.3272
          Curriculum/polish_ground_slam: -1.0000
           Curriculum/polish_torso_slam: -5.0000
        Curriculum/random_fallen_states: 0.0000
              Episode_Reward/feet_slide: -0.3121
        Episode_Reward/joint_vel_limits: -0.0007
            Episode_Reward/joint_vel_l2: -0.5708
              Episode_Reward/relaxation: -3.2201
 Episode_Reward/joint_deviation_l1_arms: -0.1585
           Episode_Reward/torso_upright: -0.0277
  Episode_Reward/feet_distance_standing: -0.1009
    Episode_Reward/joint_tracking_error: -1.1885
              Episode_Reward/torso_slam: -0.7090
              Episode_Reward/not_moving: -2.2604
               Episode_Reward/flat_feet: -1.0382
       Episode_Reward/base_height_rough: 1.0201
           Episode_Reward/body_velocity: -1.4890
        Episode_Reward/base_height_fine: 2.8908
              Curriculum/terrain_levels: 0.0000
           Episode_Reward/forward_pitch: -0.7397
               Curriculum/adaptive_lift: 0.9771
             Episode_Reward/ground_slam: -0.9911
            Episode_Reward/joint_acc_l2: -0.1142
             Episode_Reward/action_rate: -20.0294
           Curriculum/polish_not_moving: -1.0000
            Metrics/height/height_error: 0.0393
      Episode_Termination/invalid_state: 0.0049
     Episode_Reward/completely_airborne: -5.8978
              Episode_Reward/torso_roll: -0.4424
           Episode_Reward/torque_limits: -0.4280
           Episode_Reward/feet_distance: -0.1147
         Curriculum/polish_joint_vel_l2: -0.0010
         Episode_Reward/severely_tilted: -0.0028
        Episode_Reward/action_rate_rate: -8.9492
     Curriculum/polish_action_rate_rate: -0.1500
      Episode_Reward/base_height_medium: 1.6641
           Episode_Termination/time_out: 0.3593
      Episode_Reward/joint_deviation_l1: -0.3297
           Episode_Reward/feet_yaw_mean: -0.1494
        Episode_Reward/illegal_contacts: -0.1428
           Episode_Reward/ankle_torques: -0.0855
--------------------------------------------------------------------------------
                         Iteration time: 4.67s
                           Time elapsed: 0:01:18
                                    ETA: 7 days, 14:07:58

################################################################################
[1m                          Learning iteration 12/100000                          [0m 

                               Run name: height_tracking_g1
                            Total steps: 1277952 
                       Steps per second: 21266 
                        Collection time: 4.370s 
                          Learning time: 0.253s 
                        Mean value loss: 3.2092
                    Mean surrogate loss: -0.0095
                      Mean entropy loss: 39.4015
                     Mean symmetry loss: 0.0008
                   Mean l2c2_actor loss: 0.0034
                  Mean l2c2_critic loss: 0.0027
                            Mean reward: -736.64
                    Mean episode length: 304.08
                        Mean action std: 0.94
                    Entropy coefficient: 0.002500
        Episode_Reward/joint_torques_l2: -0.4016
        Episode_Reward/joint_pos_limits: -0.0017
         Episode_Reward/ground_unloaded: -0.3461
          Curriculum/polish_ground_slam: -1.0000
           Curriculum/polish_torso_slam: -5.0000
        Curriculum/random_fallen_states: 0.0000
              Episode_Reward/feet_slide: -0.3532
        Episode_Reward/joint_vel_limits: -0.0007
            Episode_Reward/joint_vel_l2: -0.6138
              Episode_Reward/relaxation: -3.7250
 Episode_Reward/joint_deviation_l1_arms: -0.1615
           Episode_Reward/torso_upright: -0.0293
  Episode_Reward/feet_distance_standing: -0.0939
    Episode_Reward/joint_tracking_error: -1.2708
              Episode_Reward/torso_slam: -0.8303
              Episode_Reward/not_moving: -2.5312
               Episode_Reward/flat_feet: -1.2010
       Episode_Reward/base_height_rough: 1.1141
           Episode_Reward/body_velocity: -1.5732
        Episode_Reward/base_height_fine: 3.2671
              Curriculum/terrain_levels: 0.0000
           Episode_Reward/forward_pitch: -0.7911
               Curriculum/adaptive_lift: 0.9748
             Episode_Reward/ground_slam: -1.1397
            Episode_Reward/joint_acc_l2: -0.1119
             Episode_Reward/action_rate: -21.6926
           Curriculum/polish_not_moving: -1.0000
            Metrics/height/height_error: 0.0318
      Episode_Termination/invalid_state: 0.0049
     Episode_Reward/completely_airborne: -6.4990
              Episode_Reward/torso_roll: -0.5033
           Episode_Reward/torque_limits: -0.4546
           Episode_Reward/feet_distance: -0.1157
         Curriculum/polish_joint_vel_l2: -0.0010
         Episode_Reward/severely_tilted: -0.0063
        Episode_Reward/action_rate_rate: -9.6949
     Curriculum/polish_action_rate_rate: -0.1500
      Episode_Reward/base_height_medium: 1.8535
           Episode_Termination/time_out: 0.3966
      Episode_Reward/joint_deviation_l1: -0.3381
           Episode_Reward/feet_yaw_mean: -0.1654
        Episode_Reward/illegal_contacts: -0.1581
           Episode_Reward/ankle_torques: -0.0892
--------------------------------------------------------------------------------
                         Iteration time: 4.62s
                           Time elapsed: 0:01:23
                                    ETA: 7 days, 9:59:47

################################################################################
[1m                          Learning iteration 13/100000                          [0m 

                               Run name: height_tracking_g1
                            Total steps: 1376256 
                       Steps per second: 21329 
                        Collection time: 4.356s 
                          Learning time: 0.253s 
                        Mean value loss: 3.1060
                    Mean surrogate loss: -0.0088
                      Mean entropy loss: 39.2048
                     Mean symmetry loss: 0.0009
                   Mean l2c2_actor loss: 0.0035
                  Mean l2c2_critic loss: 0.0022
                            Mean reward: -766.14
                    Mean episode length: 323.07
                        Mean action std: 0.94
                    Entropy coefficient: 0.002500
        Episode_Reward/joint_torques_l2: -0.4301
        Episode_Reward/joint_pos_limits: -0.0021
         Episode_Reward/ground_unloaded: -0.4349
          Curriculum/polish_ground_slam: -1.0000
           Curriculum/polish_torso_slam: -5.0000
        Curriculum/random_fallen_states: 0.0000
              Episode_Reward/feet_slide: -0.3698
        Episode_Reward/joint_vel_limits: -0.0008
            Episode_Reward/joint_vel_l2: -0.6507
              Episode_Reward/relaxation: -3.0145
 Episode_Reward/joint_deviation_l1_arms: -0.1840
           Episode_Reward/torso_upright: -0.0357
  Episode_Reward/feet_distance_standing: -0.1101
    Episode_Reward/joint_tracking_error: -1.3761
              Episode_Reward/torso_slam: -0.7062
              Episode_Reward/not_moving: -2.9080
               Episode_Reward/flat_feet: -1.1913
       Episode_Reward/base_height_rough: 1.2454
           Episode_Reward/body_velocity: -1.6754
        Episode_Reward/base_height_fine: 3.7009
              Curriculum/terrain_levels: 0.0000
           Episode_Reward/forward_pitch: -0.8411
               Curriculum/adaptive_lift: 0.9724
             Episode_Reward/ground_slam: -1.1567
            Episode_Reward/joint_acc_l2: -0.1271
             Episode_Reward/action_rate: -23.1176
           Curriculum/polish_not_moving: -1.0000
            Metrics/height/height_error: 0.0478
      Episode_Termination/invalid_state: 0.0051
     Episode_Reward/completely_airborne: -6.6544
              Episode_Reward/torso_roll: -0.5373
           Episode_Reward/torque_limits: -0.4991
           Episode_Reward/feet_distance: -0.1287
         Curriculum/polish_joint_vel_l2: -0.0010
         Episode_Reward/severely_tilted: -0.0136
        Episode_Reward/action_rate_rate: -10.3258
     Curriculum/polish_action_rate_rate: -0.1500
      Episode_Reward/base_height_medium: 2.0939
           Episode_Termination/time_out: 0.4319
      Episode_Reward/joint_deviation_l1: -0.3753
           Episode_Reward/feet_yaw_mean: -0.2400
        Episode_Reward/illegal_contacts: -0.1667
           Episode_Reward/ankle_torques: -0.1017
--------------------------------------------------------------------------------
                         Iteration time: 4.61s
                           Time elapsed: 0:01:27
                                    ETA: 7 days, 6:25:26

################################################################################
[1m                          Learning iteration 14/100000                          [0m 

                               Run name: height_tracking_g1
                            Total steps: 1474560 
                       Steps per second: 21745 
                        Collection time: 4.267s 
                          Learning time: 0.253s 
                        Mean value loss: 3.0042
                    Mean surrogate loss: -0.0117
                      Mean entropy loss: 39.1046
                     Mean symmetry loss: 0.0008
                   Mean l2c2_actor loss: 0.0037
                  Mean l2c2_critic loss: 0.0023
                            Mean reward: -813.75
                    Mean episode length: 351.03
                        Mean action std: 0.93
                    Entropy coefficient: 0.002500
        Episode_Reward/joint_torques_l2: -0.4642
        Episode_Reward/joint_pos_limits: -0.0022
         Episode_Reward/ground_unloaded: -0.4654
          Curriculum/polish_ground_slam: -1.0000
           Curriculum/polish_torso_slam: -5.0000
        Curriculum/random_fallen_states: 0.0000
              Episode_Reward/feet_slide: -0.4061
        Episode_Reward/joint_vel_limits: -0.0009
            Episode_Reward/joint_vel_l2: -0.6961
              Episode_Reward/relaxation: -3.2638
 Episode_Reward/joint_deviation_l1_arms: -0.1883
           Episode_Reward/torso_upright: -0.0367
  Episode_Reward/feet_distance_standing: -0.1091
    Episode_Reward/joint_tracking_error: -1.4653
              Episode_Reward/torso_slam: -0.9162
              Episode_Reward/not_moving: -3.2189
               Episode_Reward/flat_feet: -1.3445
       Episode_Reward/base_height_rough: 1.3530
           Episode_Reward/body_velocity: -1.8109
        Episode_Reward/base_height_fine: 4.0922
              Curriculum/terrain_levels: 0.0000
           Episode_Reward/forward_pitch: -0.7020
               Curriculum/adaptive_lift: 0.9701
             Episode_Reward/ground_slam: -1.2574
            Episode_Reward/joint_acc_l2: -0.1335
             Episode_Reward/action_rate: -24.8963
           Curriculum/polish_not_moving: -1.0000
            Metrics/height/height_error: 0.0445
      Episode_Termination/invalid_state: 0.0051
     Episode_Reward/completely_airborne: -7.5878
              Episode_Reward/torso_roll: -0.5813
           Episode_Reward/torque_limits: -0.5145
           Episode_Reward/feet_distance: -0.1453
         Curriculum/polish_joint_vel_l2: -0.0010
         Episode_Reward/severely_tilted: -0.0019
        Episode_Reward/action_rate_rate: -11.1162
     Curriculum/polish_action_rate_rate: -0.1500
      Episode_Reward/base_height_medium: 2.2804
           Episode_Termination/time_out: 0.4613
      Episode_Reward/joint_deviation_l1: -0.3920
           Episode_Reward/feet_yaw_mean: -0.2100
        Episode_Reward/illegal_contacts: -0.1381
           Episode_Reward/ankle_torques: -0.1297
--------------------------------------------------------------------------------
                         Iteration time: 4.52s
                           Time elapsed: 0:01:32
                                    ETA: 7 days, 3:09:52

################################################################################
[1m                          Learning iteration 15/100000                          [0m 

                               Run name: height_tracking_g1
                            Total steps: 1572864 
                       Steps per second: 21915 
                        Collection time: 4.234s 
                          Learning time: 0.251s 
                        Mean value loss: 2.9442
                    Mean surrogate loss: -0.0104
                      Mean entropy loss: 38.9669
                     Mean symmetry loss: 0.0009
                   Mean l2c2_actor loss: 0.0039
                  Mean l2c2_critic loss: 0.0036
                            Mean reward: -884.78
                    Mean episode length: 375.68
                        Mean action std: 0.93
                    Entropy coefficient: 0.002500
        Episode_Reward/joint_torques_l2: -0.5105
        Episode_Reward/joint_pos_limits: -0.0024
         Episode_Reward/ground_unloaded: -0.5064
          Curriculum/polish_ground_slam: -1.0000
           Curriculum/polish_torso_slam: -5.0000
        Curriculum/random_fallen_states: 0.0000
              Episode_Reward/feet_slide: -0.4162
        Episode_Reward/joint_vel_limits: -0.0009
            Episode_Reward/joint_vel_l2: -0.7405
              Episode_Reward/relaxation: -3.7084
 Episode_Reward/joint_deviation_l1_arms: -0.1988
           Episode_Reward/torso_upright: -0.0397
  Episode_Reward/feet_distance_standing: -0.1241
    Episode_Reward/joint_tracking_error: -1.5627
              Episode_Reward/torso_slam: -0.8787
              Episode_Reward/not_moving: -3.5060
               Episode_Reward/flat_feet: -1.4610
       Episode_Reward/base_height_rough: 1.4589
           Episode_Reward/body_velocity: -1.9639
        Episode_Reward/base_height_fine: 4.4222
              Curriculum/terrain_levels: 0.0000
           Episode_Reward/forward_pitch: -0.6539
               Curriculum/adaptive_lift: 0.9678
             Episode_Reward/ground_slam: -1.2497
            Episode_Reward/joint_acc_l2: -0.1474
             Episode_Reward/action_rate: -26.4172
           Curriculum/polish_not_moving: -1.0000
            Metrics/height/height_error: 0.0473
      Episode_Termination/invalid_state: 0.0051
     Episode_Reward/completely_airborne: -8.2594
              Episode_Reward/torso_roll: -0.6494
           Episode_Reward/torque_limits: -0.5750
           Episode_Reward/feet_distance: -0.1522
         Curriculum/polish_joint_vel_l2: -0.0010
         Episode_Reward/severely_tilted: -0.0058
        Episode_Reward/action_rate_rate: -11.7894
     Curriculum/polish_action_rate_rate: -0.1500
      Episode_Reward/base_height_medium: 2.4746
           Episode_Termination/time_out: 0.4901
      Episode_Reward/joint_deviation_l1: -0.4165
           Episode_Reward/feet_yaw_mean: -0.2067
        Episode_Reward/illegal_contacts: -0.1358
           Episode_Reward/ankle_torques: -0.1134
--------------------------------------------------------------------------------
                         Iteration time: 4.49s
                           Time elapsed: 0:01:36
                                    ETA: 7 days, 0:15:04

################################################################################
[1m                          Learning iteration 16/100000                          [0m 

                               Run name: height_tracking_g1
                            Total steps: 1671168 
                       Steps per second: 21924 
                        Collection time: 4.232s 
                          Learning time: 0.252s 
                        Mean value loss: 2.8303
                    Mean surrogate loss: -0.0089
                      Mean entropy loss: 38.8237
                     Mean symmetry loss: 0.0010
                   Mean l2c2_actor loss: 0.0041
                  Mean l2c2_critic loss: 0.0036
                            Mean reward: -908.78
                    Mean episode length: 397.73
                        Mean action std: 0.92
                    Entropy coefficient: 0.002500
        Episode_Reward/joint_torques_l2: -0.5269
        Episode_Reward/joint_pos_limits: -0.0023
         Episode_Reward/ground_unloaded: -0.5862
          Curriculum/polish_ground_slam: -1.0000
           Curriculum/polish_torso_slam: -5.0000
        Curriculum/random_fallen_states: 0.0000
              Episode_Reward/feet_slide: -0.4732
        Episode_Reward/joint_vel_limits: -0.0011
            Episode_Reward/joint_vel_l2: -0.8226
              Episode_Reward/relaxation: -2.9616
 Episode_Reward/joint_deviation_l1_arms: -0.2668
           Episode_Reward/torso_upright: -0.0575
  Episode_Reward/feet_distance_standing: -0.1425
    Episode_Reward/joint_tracking_error: -1.6517
              Episode_Reward/torso_slam: -0.8407
              Episode_Reward/not_moving: -4.1836
               Episode_Reward/flat_feet: -1.4055
       Episode_Reward/base_height_rough: 1.6307
           Episode_Reward/body_velocity: -2.0875
        Episode_Reward/base_height_fine: 5.2057
              Curriculum/terrain_levels: 0.0000
           Episode_Reward/forward_pitch: -0.9894
               Curriculum/adaptive_lift: 0.9655
             Episode_Reward/ground_slam: -1.3281
            Episode_Reward/joint_acc_l2: -0.1507
             Episode_Reward/action_rate: -27.9723
           Curriculum/polish_not_moving: -1.0000
            Metrics/height/height_error: 0.0526
      Episode_Termination/invalid_state: 0.0051
     Episode_Reward/completely_airborne: -8.7393
              Episode_Reward/torso_roll: -0.6645
           Episode_Reward/torque_limits: -0.6081
           Episode_Reward/feet_distance: -0.1504
         Curriculum/polish_joint_vel_l2: -0.0010
         Episode_Reward/severely_tilted: -0.0044
        Episode_Reward/action_rate_rate: -12.4890
     Curriculum/polish_action_rate_rate: -0.1500
      Episode_Reward/base_height_medium: 2.8730
           Episode_Termination/time_out: 0.5211
      Episode_Reward/joint_deviation_l1: -0.5570
           Episode_Reward/feet_yaw_mean: -0.2051
        Episode_Reward/illegal_contacts: -0.1935
           Episode_Reward/ankle_torques: -0.1235
--------------------------------------------------------------------------------
                         Iteration time: 4.48s
                           Time elapsed: 0:01:41
                                    ETA: 6 days, 21:40:39

################################################################################
[1m                          Learning iteration 17/100000                          [0m 

                               Run name: height_tracking_g1
                            Total steps: 1769472 
                       Steps per second: 22045 
                        Collection time: 4.205s 
                          Learning time: 0.254s 
                        Mean value loss: 2.7210
                    Mean surrogate loss: -0.0078
                      Mean entropy loss: 38.6771
                     Mean symmetry loss: 0.0010
                   Mean l2c2_actor loss: 0.0043
                  Mean l2c2_critic loss: 0.0027
                            Mean reward: -985.66
                    Mean episode length: 418.69
                        Mean action std: 0.92
                    Entropy coefficient: 0.002500
        Episode_Reward/joint_torques_l2: -0.5304
        Episode_Reward/joint_pos_limits: -0.0025
         Episode_Reward/ground_unloaded: -0.4712
          Curriculum/polish_ground_slam: -1.0000
           Curriculum/polish_torso_slam: -5.0000
        Curriculum/random_fallen_states: 0.0000
              Episode_Reward/feet_slide: -0.4718
        Episode_Reward/joint_vel_limits: -0.0010
            Episode_Reward/joint_vel_l2: -0.8428
              Episode_Reward/relaxation: -4.9069
 Episode_Reward/joint_deviation_l1_arms: -0.2095
           Episode_Reward/torso_upright: -0.0399
  Episode_Reward/feet_distance_standing: -0.1403
    Episode_Reward/joint_tracking_error: -1.7079
              Episode_Reward/torso_slam: -1.0537
              Episode_Reward/not_moving: -3.3681
               Episode_Reward/flat_feet: -1.6850
       Episode_Reward/base_height_rough: 1.4804
           Episode_Reward/body_velocity: -2.1040
        Episode_Reward/base_height_fine: 4.2490
              Curriculum/terrain_levels: 0.0000
           Episode_Reward/forward_pitch: -1.0896
               Curriculum/adaptive_lift: 0.9631
             Episode_Reward/ground_slam: -1.4861
            Episode_Reward/joint_acc_l2: -0.1459
             Episode_Reward/action_rate: -29.0183
           Curriculum/polish_not_moving: -1.0000
            Metrics/height/height_error: 0.0343
      Episode_Termination/invalid_state: 0.0055
     Episode_Reward/completely_airborne: -8.9365
              Episode_Reward/torso_roll: -0.6884
           Episode_Reward/torque_limits: -0.6084
           Episode_Reward/feet_distance: -0.1760
         Curriculum/polish_joint_vel_l2: -0.0010
         Episode_Reward/severely_tilted: -0.0032
        Episode_Reward/action_rate_rate: -12.9410
     Curriculum/polish_action_rate_rate: -0.1500
      Episode_Reward/base_height_medium: 2.3999
           Episode_Termination/time_out: 0.5522
      Episode_Reward/joint_deviation_l1: -0.4388
           Episode_Reward/feet_yaw_mean: -0.2476
        Episode_Reward/illegal_contacts: -0.2284
           Episode_Reward/ankle_torques: -0.1238
--------------------------------------------------------------------------------
                         Iteration time: 4.46s
                           Time elapsed: 0:01:45
                                    ETA: 6 days, 19:21:06

################################################################################
[1m                          Learning iteration 18/100000                          [0m 

                               Run name: height_tracking_g1
                            Total steps: 1867776 
                       Steps per second: 22257 
                        Collection time: 4.172s 
                          Learning time: 0.244s 
                        Mean value loss: 2.6605
                    Mean surrogate loss: -0.0105
                      Mean entropy loss: 38.5780
                     Mean symmetry loss: 0.0011
                   Mean l2c2_actor loss: 0.0045
                  Mean l2c2_critic loss: 0.0024
                            Mean reward: -1028.38
                    Mean episode length: 447.73
                        Mean action std: 0.92
                    Entropy coefficient: 0.002500
        Episode_Reward/joint_torques_l2: -0.6025
        Episode_Reward/joint_pos_limits: -0.0025
         Episode_Reward/ground_unloaded: -0.5819
          Curriculum/polish_ground_slam: -1.0000
           Curriculum/polish_torso_slam: -5.0000
        Curriculum/random_fallen_states: 0.0000
              Episode_Reward/feet_slide: -0.5177
        Episode_Reward/joint_vel_limits: -0.0011
            Episode_Reward/joint_vel_l2: -0.8995
              Episode_Reward/relaxation: -4.2603
 Episode_Reward/joint_deviation_l1_arms: -0.2774
           Episode_Reward/torso_upright: -0.0628
  Episode_Reward/feet_distance_standing: -0.1654
    Episode_Reward/joint_tracking_error: -1.8369
              Episode_Reward/torso_slam: -0.9737
              Episode_Reward/not_moving: -4.2288
               Episode_Reward/flat_feet: -1.6953
       Episode_Reward/base_height_rough: 1.7513
           Episode_Reward/body_velocity: -2.2185
        Episode_Reward/base_height_fine: 5.3491
              Curriculum/terrain_levels: 0.0000
           Episode_Reward/forward_pitch: -1.2229
               Curriculum/adaptive_lift: 0.9608
             Episode_Reward/ground_slam: -1.4770
            Episode_Reward/joint_acc_l2: -0.1751
             Episode_Reward/action_rate: -30.9152
           Curriculum/polish_not_moving: -1.0000
            Metrics/height/height_error: 0.0458
      Episode_Termination/invalid_state: 0.0056
     Episode_Reward/completely_airborne: -9.5836
              Episode_Reward/torso_roll: -0.7029
           Episode_Reward/torque_limits: -0.6457
           Episode_Reward/feet_distance: -0.1739
         Curriculum/polish_joint_vel_l2: -0.0010
         Episode_Reward/severely_tilted: -0.0041
        Episode_Reward/action_rate_rate: -13.7777
     Curriculum/polish_action_rate_rate: -0.1500
      Episode_Reward/base_height_medium: 2.9848
           Episode_Termination/time_out: 0.5840
      Episode_Reward/joint_deviation_l1: -0.5734
           Episode_Reward/feet_yaw_mean: -0.2166
        Episode_Reward/illegal_contacts: -0.2466
           Episode_Reward/ankle_torques: -0.1400
--------------------------------------------------------------------------------
                         Iteration time: 4.42s
                           Time elapsed: 0:01:50
                                    ETA: 6 days, 17:12:31

################################################################################
[1m                          Learning iteration 19/100000                          [0m 

                               Run name: height_tracking_g1
                            Total steps: 1966080 
                       Steps per second: 22817 
                        Collection time: 4.064s 
                          Learning time: 0.244s 
                        Mean value loss: 2.5689
                    Mean surrogate loss: -0.0085
                      Mean entropy loss: 38.4494
                     Mean symmetry loss: 0.0012
                   Mean l2c2_actor loss: 0.0046
                  Mean l2c2_critic loss: 0.0026
                            Mean reward: -1083.61
                    Mean episode length: 471.08
                        Mean action std: 0.91
                    Entropy coefficient: 0.002500
        Episode_Reward/joint_torques_l2: -0.6218
        Episode_Reward/joint_pos_limits: -0.0026
         Episode_Reward/ground_unloaded: -0.5737
          Curriculum/polish_ground_slam: -1.0000
           Curriculum/polish_torso_slam: -5.0000
        Curriculum/random_fallen_states: 0.0000
              Episode_Reward/feet_slide: -0.5488
        Episode_Reward/joint_vel_limits: -0.0011
            Episode_Reward/joint_vel_l2: -0.9326
              Episode_Reward/relaxation: -5.1195
 Episode_Reward/joint_deviation_l1_arms: -0.2894
           Episode_Reward/torso_upright: -0.0646
  Episode_Reward/feet_distance_standing: -0.1784
    Episode_Reward/joint_tracking_error: -1.8995
              Episode_Reward/torso_slam: -1.0273
              Episode_Reward/not_moving: -4.2102
               Episode_Reward/flat_feet: -1.7752
       Episode_Reward/base_height_rough: 1.8330
           Episode_Reward/body_velocity: -2.2716
        Episode_Reward/base_height_fine: 5.5016
              Curriculum/terrain_levels: 0.0000
           Episode_Reward/forward_pitch: -1.4404
               Curriculum/adaptive_lift: 0.9585
             Episode_Reward/ground_slam: -1.5762
            Episode_Reward/joint_acc_l2: -0.1753
             Episode_Reward/action_rate: -32.4359
           Curriculum/polish_not_moving: -1.0000
            Metrics/height/height_error: 0.0441
      Episode_Termination/invalid_state: 0.0056
     Episode_Reward/completely_airborne: -10.2220
              Episode_Reward/torso_roll: -0.7629
           Episode_Reward/torque_limits: -0.6782
           Episode_Reward/feet_distance: -0.1828
         Curriculum/polish_joint_vel_l2: -0.0010
         Episode_Reward/severely_tilted: -0.0053
        Episode_Reward/action_rate_rate: -14.4508
     Curriculum/polish_action_rate_rate: -0.1500
      Episode_Reward/base_height_medium: 3.1050
           Episode_Termination/time_out: 0.6186
      Episode_Reward/joint_deviation_l1: -0.6319
           Episode_Reward/feet_yaw_mean: -0.2260
        Episode_Reward/illegal_contacts: -0.2864
           Episode_Reward/ankle_torques: -0.1337
--------------------------------------------------------------------------------
                         Iteration time: 4.31s
                           Time elapsed: 0:01:54
                                    ETA: 6 days, 15:07:45

################################################################################
[1m                          Learning iteration 20/100000                          [0m 

                               Run name: height_tracking_g1
                            Total steps: 2064384 
                       Steps per second: 22949 
                        Collection time: 4.038s 
                          Learning time: 0.246s 
                        Mean value loss: 2.6204
                    Mean surrogate loss: -0.0065
                      Mean entropy loss: 38.2766
                     Mean symmetry loss: 0.0012
                   Mean l2c2_actor loss: 0.0048
                  Mean l2c2_critic loss: 0.0239
                            Mean reward: -1119.24
                    Mean episode length: 497.15
                        Mean action std: 0.91
                    Entropy coefficient: 0.002500
        Episode_Reward/joint_torques_l2: -0.6374
        Episode_Reward/joint_pos_limits: -0.0029
         Episode_Reward/ground_unloaded: -0.6505
          Curriculum/polish_ground_slam: -1.0000
           Curriculum/polish_torso_slam: -5.0000
        Curriculum/random_fallen_states: 0.0000
              Episode_Reward/feet_slide: -0.5850
        Episode_Reward/joint_vel_limits: -0.0012
            Episode_Reward/joint_vel_l2: -0.9699
              Episode_Reward/relaxation: -4.4447
 Episode_Reward/joint_deviation_l1_arms: -0.2771
           Episode_Reward/torso_upright: -0.0630
  Episode_Reward/feet_distance_standing: -0.1863
    Episode_Reward/joint_tracking_error: -1.9972
              Episode_Reward/torso_slam: -1.1490
              Episode_Reward/not_moving: -4.6808
               Episode_Reward/flat_feet: -1.8692
       Episode_Reward/base_height_rough: 1.9491
           Episode_Reward/body_velocity: -2.4095
        Episode_Reward/base_height_fine: 5.9977
              Curriculum/terrain_levels: 0.0000
           Episode_Reward/forward_pitch: -1.3813
               Curriculum/adaptive_lift: 0.9562
             Episode_Reward/ground_slam: -1.7154
            Episode_Reward/joint_acc_l2: -0.1799
             Episode_Reward/action_rate: -33.7388
           Curriculum/polish_not_moving: -1.0000
            Metrics/height/height_error: 0.0502
      Episode_Termination/invalid_state: 0.0058
     Episode_Reward/completely_airborne: -10.3220
              Episode_Reward/torso_roll: -0.8173
           Episode_Reward/torque_limits: -0.7029
           Episode_Reward/feet_distance: -0.2041
         Curriculum/polish_joint_vel_l2: -0.0010
         Episode_Reward/severely_tilted: -0.0133
        Episode_Reward/action_rate_rate: -15.0309
     Curriculum/polish_action_rate_rate: -0.1500
      Episode_Reward/base_height_medium: 3.3410
           Episode_Termination/time_out: 0.6510
      Episode_Reward/joint_deviation_l1: -0.5733
           Episode_Reward/feet_yaw_mean: -0.2518
        Episode_Reward/illegal_contacts: -0.2723
           Episode_Reward/ankle_torques: -0.1469
--------------------------------------------------------------------------------
                         Iteration time: 4.28s
                           Time elapsed: 0:01:58
                                    ETA: 6 days, 13:12:53

The target application terminated. One or more process it created re-parented.
Waiting for termination of re-parented processes.
Use the `--wait` option to modify this behavior.
Collecting data...
Generating '/tmp/nsys-report-adf6.qdstrm'
Press Ctrl-C to stop symbol files downloading
Symbol file download process is aborted by the user
[1/1] [0%                          ] agile_g1_29dof_n4096.nsys-rep[1/1] [0%                          ] agile_g1_29dof_n4096.nsys-rep[1/1] [5%                          ] agile_g1_29dof_n4096.nsys-rep[1/1] [6%                          ] agile_g1_29dof_n4096.nsys-rep[1/1] [7%                          ] agile_g1_29dof_n4096.nsys-rep[1/1] [8%                          ] agile_g1_29dof_n4096.nsys-rep[1/1] [9%                          ] agile_g1_29dof_n4096.nsys-rep[1/1] [10%                         ] agile_g1_29dof_n4096.nsys-rep[1/1] [11%                         ] agile_g1_29dof_n4096.nsys-rep[1/1] [12%                         ] agile_g1_29dof_n4096.nsys-rep[1/1] [13%                         ] agile_g1_29dof_n4096.nsys-rep[1/1] [14%                         ] agile_g1_29dof_n4096.nsys-rep[1/1] [=15%                        ] agile_g1_29dof_n4096.nsys-rep[1/1] [=16%                        ] agile_g1_29dof_n4096.nsys-rep[1/1] [=17%                        ] agile_g1_29dof_n4096.nsys-rep[1/1] [==18%                       ] agile_g1_29dof_n4096.nsys-rep[1/1] [==19%                       ] agile_g1_29dof_n4096.nsys-rep[1/1] [==20%                       ] agile_g1_29dof_n4096.nsys-rep[1/1] [==21%                       ] agile_g1_29dof_n4096.nsys-rep[1/1] [===22%                      ] agile_g1_29dof_n4096.nsys-rep[1/1] [===23%                      ] agile_g1_29dof_n4096.nsys-rep[1/1] [===24%                      ] agile_g1_29dof_n4096.nsys-rep[1/1] [====25%                     ] agile_g1_29dof_n4096.nsys-rep[1/1] [====26%                     ] agile_g1_29dof_n4096.nsys-rep[1/1] [====27%                     ] agile_g1_29dof_n4096.nsys-rep[1/1] [====28%                     ] agile_g1_29dof_n4096.nsys-rep[1/1] [=====29%                    ] agile_g1_29dof_n4096.nsys-rep[1/1] [=====30%                    ] agile_g1_29dof_n4096.nsys-rep[1/1] [=====31%                    ] agile_g1_29dof_n4096.nsys-rep[1/1] [=====32%                    ] agile_g1_29dof_n4096.nsys-rep[1/1] [======33%                   ] agile_g1_29dof_n4096.nsys-rep[1/1] [======34%                   ] agile_g1_29dof_n4096.nsys-rep[1/1] [======35%                   ] agile_g1_29dof_n4096.nsys-rep[1/1] [=======36%                  ] agile_g1_29dof_n4096.nsys-rep[1/1] [=======37%                  ] agile_g1_29dof_n4096.nsys-rep[1/1] [=======38%                  ] agile_g1_29dof_n4096.nsys-rep[1/1] [=======39%                  ] agile_g1_29dof_n4096.nsys-rep[1/1] [========40%                 ] agile_g1_29dof_n4096.nsys-rep[1/1] [========41%                 ] agile_g1_29dof_n4096.nsys-rep[1/1] [========42%                 ] agile_g1_29dof_n4096.nsys-rep[1/1] [=========43%                ] agile_g1_29dof_n4096.nsys-rep[1/1] [=========44%                ] agile_g1_29dof_n4096.nsys-rep[1/1] [=========45%                ] agile_g1_29dof_n4096.nsys-rep[1/1] [=========46%                ] agile_g1_29dof_n4096.nsys-rep[1/1] [==========47%               ] agile_g1_29dof_n4096.nsys-rep[1/1] [==========48%               ] agile_g1_29dof_n4096.nsys-rep[1/1] [==========49%               ] agile_g1_29dof_n4096.nsys-rep[1/1] [========================100%] agile_g1_29dof_n4096.nsys-rep[1/1] [========================100%] agile_g1_29dof_n4096.nsys-rep
Generated:
	/workspace/bench/traces/agile_g1_29dof_n4096.nsys-rep
