Loading user config located at: '/workspace/WBC-AGILE/.venv/lib/python3.12/site-packages/isaacsim/kit/data/Kit/IsaacLab/3.0/user.config.json'
2026-09-02T16:38:47Z [0ms] [Warning] [omni.ext.plugin] [ext: isaaclab_visualizers] Extensions config 'extension.toml' doesn't exist '/workspace/WBC-AGILE/.venv/lib/python3.12/site-packages/isaaclab/source/isaaclab_visualizers' or '/workspace/WBC-AGILE/.venv/lib/python3.12/site-packages/isaaclab/source/isaaclab_visualizers/config'
WARNING: All log messages before absl::InitializeLog() is called are written to STDERR
E0000 00:00:1788367127.647840   61273 descriptor_database.cc:633] File already exists in database: grpc/health/v1/health.proto
W0000 00:00:1788367127.647866   61273 message.cc:301] Protobuf GeneratedMessageFactory: File is already registered: grpc/health/v1/health.proto
2026-09-02T16:38:47Z [372ms] [Warning] [omni.usd_config.extension] Enable omni.materialx.libs extension to use MaterialX
2026-09-02T16:38:47Z [396ms] [Warning] [omni.platforminfo.plugin] failed to open the default display.  Can't verify X Server version.
2026-09-02T16:38:48Z [418ms] [Error] [omni.ext.plugin] Could not load the dynamic library from /workspace/WBC-AGILE/.venv/lib/python3.12/site-packages/isaacsim/extscache/omni.usd.libs-1.0.3+6312fa25.lx64.r.cp312/bin/libMaterialXRenderHw.so. Error: libXt.so.6: cannot open shared object file: No such file or directory (note that this may be caused by a dependent library)
2026-09-02T16:38:48Z [418ms] [Error] [omni.ext.plugin] Could not load the dynamic library from /workspace/WBC-AGILE/.venv/lib/python3.12/site-packages/isaacsim/extscache/omni.usd.libs-1.0.3+6312fa25.lx64.r.cp312/bin/libMaterialXRenderGlsl.so. Error: libXt.so.6: cannot open shared object file: No such file or directory (note that this may be caused by a dependent library)
2026-09-02T16:38:48Z [419ms] [Error] [omni.ext.plugin] Could not load the dynamic library from /workspace/WBC-AGILE/.venv/lib/python3.12/site-packages/isaacsim/extscache/omni.usd.libs-1.0.3+6312fa25.lx64.r.cp312/bin/libusd_usdBakeMtlx.so. Error: libXt.so.6: cannot open shared object file: No such file or directory (note that this may be caused by a dependent library)
2026-09-02T16:38:48Z [992ms] [Warning] [isaacsim.core.simulation_manager.plugin] USD stage is not available; stage-opened subscription is deferred
2026-09-02T16:38:48Z [992ms] [Warning] [isaacsim.core.simulation_manager.plugin] USD stage is not available; stage-opened subscription is deferred
[ISAACLAB] AppLauncher initialization complete
[INFO]: Parsing configuration from: agile.rl_env.tasks.stand_up.g1.height_tracking_env_cfg:G1HeightTrackingEnvCfg
[INFO]: Parsing configuration from: agile.rl_env.tasks.stand_up.g1.agents.rsl_rl_ppo_cfg:G1HeightTrackingPpoRunnerCfg
/workspace/isaaclab_nexus/envs.py:68: UserWarning: nexusify dropped terms without a Nexus implementation: events.randomize_physics_material (randomize_rigid_body_material), events.randomize_base_com (randomize_rigid_body_com)
  warnings.warn("nexusify dropped terms without a Nexus implementation: " + ", ".join(dropped))
[INFO]: Base environment:
	Environment device    : cuda:0
	Environment seed      : 42
	Physics step-size     : 0.005
	Rendering step-size   : 0.02
	Environment step-size : 0.02
[INFO] Generating terrains based on curriculum took Last: 0.417197 s
[INFO]: Registered backend 'nexus' for factory Articulation.
[INFO]: Registered backend 'nexus' for factory ContactSensor.
[INFO]: Registered backend 'nexus' for factory RayCaster.
[INFO]: Time taken for scene creation Last: 5.550957 s, Mean: 5.550957 s, Std: 0.000000 s, N: 1
[INFO]: Scene manager:  NexusScene(num_envs=1024, entities=['robot', 'contact_forces', 'height_measurement_sensor', 'terrain'])
[INFO]: Time taken for simulation start Last: 0.016107 s, Mean: 0.016107 s, Std: 0.000000 s, N: 1
[INFO] Command Manager:  <CommandManager> contains 1 active terms.
+--------------------------------------+
|         Active Command Terms         |
+-------+--------+---------------------+
| Index | Name   |         Type        |
+-------+--------+---------------------+
|   0   | height | SmoothHeightCommand |
+-------+--------+---------------------+

[INFO] Event Manager:  <EventManager> contains 3 active terms.
+----------------------------------------+
| Active Event Terms in Mode: 'startup'  |
+--------+-------------------------------+
| Index  | Name                          |
+--------+-------------------------------+
|   0    | randomize_actuator_gains      |
|   1    | randomize_bodies_mass         |
|   2    | randomize_base_mass           |
+--------+-------------------------------+
+---------------------------------------------------------------------------+
|                   Active Event Terms in Mode: 'interval'                  |
+-------+-----------------------------------------+-------------------------+
| Index | Name                                    | Interval time range (s) |
+-------+-----------------------------------------+-------------------------+
|   0   | push_robot                              |       (0.0, 10.0)       |
|   1   | apply_external_force_torque             |       (0.0, 10.0)       |
|   2   | apply_external_force_torque_extremities |       (0.0, 10.0)       |
+-------+-----------------------------------------+-------------------------+
+----------------------------------+
| Active Event Terms in Mode: 'reset' |
+------------+---------------------+
|   Index    | Name                |
+------------+---------------------+
|     0      | reset_base          |
+------------+---------------------+

[INFO] Recorder Manager:  <RecorderManager> contains 0 active terms.
+---------------------+
| Active Recorder Terms |
+-----------+---------+
|   Index   | Name    |
+-----------+---------+
+-----------+---------+

[INFO]: Resolved joint names for the action term JointPositionAction: ['left_hip_pitch_joint', 'left_hip_roll_joint', 'left_hip_yaw_joint', 'left_knee_joint', 'left_ankle_pitch_joint', 'left_ankle_roll_joint', 'right_hip_pitch_joint', 'right_hip_roll_joint', 'right_hip_yaw_joint', 'right_knee_joint', 'right_ankle_pitch_joint', 'right_ankle_roll_joint', 'waist_yaw_joint', 'waist_roll_joint', 'waist_pitch_joint', 'left_shoulder_pitch_joint', 'left_shoulder_roll_joint', 'left_shoulder_yaw_joint', 'left_elbow_joint', 'left_wrist_roll_joint', 'left_wrist_pitch_joint', 'left_wrist_yaw_joint', 'right_shoulder_pitch_joint', 'right_shoulder_roll_joint', 'right_shoulder_yaw_joint', 'right_elbow_joint', 'right_wrist_roll_joint', 'right_wrist_pitch_joint', 'right_wrist_yaw_joint'] [[0, 1, 2, 3, 4, 5, 6, 7, 8, 9, 10, 11, 12, 13, 14, 15, 16, 17, 18, 19, 20, 21, 22, 23, 24, 25, 26, 27, 28]]
[INFO] Action Manager:  <ActionManager> contains 2 active terms.
+------------------------------------+
|  Active Action Terms (shape: 29)   |
+--------+-------------+-------------+
| Index  | Name        |   Dimension |
+--------+-------------+-------------+
|   0    | joint_pos   |          29 |
|   1    | lift        |           0 |
+--------+-------------+-------------+

[INFO] Observation Manager: <ObservationManager> contains 2 groups.
+----------------------------------------------+
| Active Observation Terms in Group: 'policy'  |
+---------+------------------------+-----------+
|  Index  | Name                   |   Shape   |
+---------+------------------------+-----------+
|    0    | base_ang_vel           |   (5, 3)  |
|    1    | projected_gravity      |   (5, 3)  |
|    2    | joint_pos              |  (5, 29)  |
|    3    | joint_vel              |  (5, 29)  |
|    4    | actions                |  (5, 29)  |
|    5    | height_command         |   (5, 1)  |
+---------+------------------------+-----------+
+----------------------------------------------+
| Active Observation Terms in Group: 'critic'  |
+---------+------------------------+-----------+
|  Index  | Name                   |   Shape   |
+---------+------------------------+-----------+
|    0    | projected_gravity      |   (5, 3)  |
|    1    | base_lin_vel           |   (5, 3)  |
|    2    | base_ang_vel           |   (5, 3)  |
|    3    | joint_pos              |  (5, 29)  |
|    4    | joint_vel              |  (5, 29)  |
|    5    | actions                |  (5, 29)  |
|    6    | contact_forces         |  (5, 30)  |
|    7    | base_height            |   (5, 1)  |
|    8    | height_command         |   (5, 1)  |
+---------+------------------------+-----------+

[INFO] Termination Manager:  <TerminationManager> contains 2 active terms.
+----------------------------------+
|     Active Termination Terms     |
+-------+---------------+----------+
| Index | Name          | Time Out |
+-------+---------------+----------+
|   0   | time_out      |   True   |
|   1   | invalid_state |  False   |
+-------+---------------+----------+

[INFO] Reward Manager:  <RewardManager> contains 32 active terms.
+--------------------------------------------+
|            Active Reward Terms             |
+-------+-------------------------+----------+
| Index | Name                    |   Weight |
+-------+-------------------------+----------+
|   0   | joint_torques_l2        |   -5e-05 |
|   1   | torque_limits           |    -0.01 |
|   2   | joint_acc_l2            | -2.5e-08 |
|   3   | joint_pos_limits        |     -0.1 |
|   4   | joint_vel_limits        |    -0.01 |
|   5   | action_rate             |     -1.0 |
|   6   | action_rate_rate        |    -0.15 |
|   7   | joint_vel_l2            |   -0.001 |
|   8   | joint_tracking_error    |     -0.5 |
|   9   | base_height_rough       |      4.0 |
|   10  | base_height_medium      |      8.0 |
|   11  | base_height_fine        |     16.0 |
|   12  | relaxation              |     -1.0 |
|   13  | joint_deviation_l1      |     -0.5 |
|   14  | joint_deviation_l1_arms |     -0.5 |
|   15  | ankle_torques           |   -0.001 |
|   16  | not_moving              |     -1.0 |
|   17  | torso_upright           |     -1.0 |
|   18  | severely_tilted         |     -5.0 |
|   19  | torso_roll              |     -5.0 |
|   20  | forward_pitch           |    -10.0 |
|   21  | illegal_contacts        |     -2.0 |
|   22  | feet_distance           |     -5.0 |
|   23  | feet_distance_standing  |    -10.0 |
|   24  | ground_unloaded         |     -2.0 |
|   25  | flat_feet               |     -1.0 |
|   26  | feet_slide              |     -1.0 |
|   27  | feet_yaw_mean           |     -2.0 |
|   28  | completely_airborne     |    -50.0 |
|   29  | body_velocity           |     -0.1 |
|   30  | ground_slam             |     -1.0 |
|   31  | torso_slam              |     -5.0 |
+-------+-------------------------+----------+

[INFO] Curriculum Manager:  <CurriculumManager> contains 8 active terms.
+---------------------------------+
|     Active Curriculum Terms     |
+-------+-------------------------+
| Index | Name                    |
+-------+-------------------------+
|   0   | adaptive_lift           |
|   1   | terrain_levels          |
|   2   | polish_action_rate_rate |
|   3   | polish_ground_slam      |
|   4   | polish_torso_slam       |
|   5   | polish_not_moving       |
|   6   | polish_joint_vel_l2     |
|   7   | random_fallen_states    |
+-------+-------------------------+

[INFO]: Completed setting up the environment...
[nexus] env built in 5.7s
[nexus] pre_learn (fallen-state dataset) done in 0.0s
/workspace/WBC-AGILE/.venv/lib/python3.12/site-packages/rsl_rl/utils/utils.py:220: UserWarning: The observation configuration dictionary 'obs_groups' is empty and thus likely not configured. Consider configuring the 'obs_groups' dictionary explicitly
  warnings.warn(
/workspace/WBC-AGILE/.venv/lib/python3.12/site-packages/rsl_rl/utils/utils.py:251: UserWarning: The observation configuration dictionary 'obs_groups' does not contain the 'actor' key. As an observation group with the name 'policy' was found, this is assumed to be the appropriate observation. Consider adding the 'actor' key to the 'obs_groups' dictionary for clarity. This behavior will be removed in a future version.
  warnings.warn(
/workspace/WBC-AGILE/.venv/lib/python3.12/site-packages/rsl_rl/utils/utils.py:243: UserWarning: The observation configuration dictionary 'obs_groups' does not contain the 'critic' key. As an observation group with the name 'critic' was found, this is assumed to be the appropriate observation. Consider adding the 'critic' key to the 'obs_groups' dictionary for clarity. This behavior will be removed in a future version.
  warnings.warn(
--------------------------------------------------------------------------------
Resolved observation sets: 
	 actor :  ['policy']
	 critic :  ['critic']
--------------------------------------------------------------------------------
Actor Model: MLPModel(
  (obs_normalizer): Identity()
  (distribution): GaussianDistribution()
  (mlp): MLP(
    (0): Linear(in_features=470, out_features=256, bias=True)
    (1): ELU(alpha=1.0)
    (2): Linear(in_features=256, out_features=256, bias=True)
    (3): ELU(alpha=1.0)
    (4): Linear(in_features=256, out_features=128, bias=True)
    (5): ELU(alpha=1.0)
    (6): Linear(in_features=128, out_features=29, bias=True)
  )
)
Critic Model: MLPModel(
  (obs_normalizer): Identity()
  (mlp): MLP(
    (0): Linear(in_features=640, out_features=512, bias=True)
    (1): ELU(alpha=1.0)
    (2): Linear(in_features=512, out_features=256, bias=True)
    (3): ELU(alpha=1.0)
    (4): Linear(in_features=256, out_features=128, bias=True)
    (5): ELU(alpha=1.0)
    (6): Linear(in_features=128, out_features=1, bias=True)
  )
)
Storing git diff for 'WBC-AGILE' in: /workspace/bench/nexus_port/logs/2026-09-02_16-39-02_nexus/git/WBC-AGILE.diff
################################################################################
[1m                            Learning iteration 0/10                             [0m 

                               Run name: nexus
                            Total steps: 24576 
                       Steps per second: 9501 
                        Collection time: 2.347s 
                          Learning time: 0.240s 
                        Mean value loss: 6.1952
                    Mean surrogate loss: 0.0342
                      Mean entropy loss: 41.1329
                     Mean symmetry loss: 0.0043
                   Mean l2c2_actor loss: 0.0015
                  Mean l2c2_critic loss: 0.0076
                            Mean reward: -32.99
                    Mean episode length: 11.26
                        Mean action std: 1.00
                    Entropy coefficient: 0.002500
        Episode_Reward/action_rate_rate: -0.4002
           Episode_Reward/feet_yaw_mean: -0.0044
              Episode_Reward/torso_roll: -0.0121
              Episode_Reward/feet_slide: -0.0006
        Episode_Reward/joint_torques_l2: -0.0150
        Episode_Reward/joint_pos_limits: -0.0001
            Episode_Reward/joint_vel_l2: -0.0159
         Episode_Reward/ground_unloaded: -0.0147
           Curriculum/polish_not_moving: -1.0000
 Episode_Reward/joint_deviation_l1_arms: -0.0041
           Episode_Reward/ankle_torques: -0.0030
            Metrics/height/height_error: 0.0000
      Episode_Reward/joint_deviation_l1: -0.0142
          Curriculum/polish_ground_slam: -1.0000
     Curriculum/polish_action_rate_rate: -0.1500
           Episode_Termination/time_out: 0.0173
           Episode_Reward/torque_limits: -0.0207
         Episode_Reward/severely_tilted: -0.0003
              Episode_Reward/not_moving: -0.0122
           Episode_Reward/forward_pitch: -0.0096
              Episode_Reward/torso_slam: -0.0056
        Episode_Reward/joint_vel_limits: -0.0000
       Episode_Reward/base_height_rough: 0.0176
      Episode_Reward/base_height_medium: 0.0238
              Curriculum/terrain_levels: 0.0000
     Episode_Reward/completely_airborne: -0.7410
           Episode_Reward/feet_distance: -0.0031
      Episode_Termination/invalid_state: 0.0000
           Episode_Reward/body_velocity: -0.0726
             Episode_Reward/ground_slam: -0.0052
              Episode_Reward/relaxation: -0.1758
        Curriculum/random_fallen_states: 0.0000
           Curriculum/polish_torso_slam: -5.0000
            Episode_Reward/joint_acc_l2: -0.0030
    Episode_Reward/joint_tracking_error: -0.0501
        Episode_Reward/base_height_fine: 0.0351
  Episode_Reward/feet_distance_standing: -0.0048
               Episode_Reward/flat_feet: -0.0295
               Curriculum/adaptive_lift: 1.0000
         Curriculum/polish_joint_vel_l2: -0.0010
             Episode_Reward/action_rate: -0.9263
        Episode_Reward/illegal_contacts: -0.0007
           Episode_Reward/torso_upright: 0.0000
--------------------------------------------------------------------------------
                         Iteration time: 2.59s
                           Time elapsed: 0:00:02
                                    ETA: 0:00:23

################################################################################
[1m                            Learning iteration 1/10                             [0m 

                               Run name: nexus
                            Total steps: 49152 
                       Steps per second: 17959 
                        Collection time: 1.220s 
                          Learning time: 0.148s 
                        Mean value loss: 4.1348
                    Mean surrogate loss: 0.0083
                      Mean entropy loss: 41.0997
                     Mean symmetry loss: 0.0030
                   Mean l2c2_actor loss: 0.0016
                  Mean l2c2_critic loss: 0.0334
                            Mean reward: -63.16
                    Mean episode length: 23.66
                        Mean action std: 1.00
                    Entropy coefficient: 0.002500
        Episode_Reward/action_rate_rate: -1.2410
           Episode_Reward/feet_yaw_mean: -0.0163
              Episode_Reward/torso_roll: -0.0611
              Episode_Reward/feet_slide: -0.0138
        Episode_Reward/joint_torques_l2: -0.0457
        Episode_Reward/joint_pos_limits: -0.0002
            Episode_Reward/joint_vel_l2: -0.0506
         Episode_Reward/ground_unloaded: -0.0662
           Curriculum/polish_not_moving: -1.0000
 Episode_Reward/joint_deviation_l1_arms: -0.0094
           Episode_Reward/ankle_torques: -0.0112
            Metrics/height/height_error: 0.0000
      Episode_Reward/joint_deviation_l1: -0.0270
          Curriculum/polish_ground_slam: -1.0000
     Curriculum/polish_action_rate_rate: -0.1500
           Episode_Termination/time_out: 0.0487
           Episode_Reward/torque_limits: -0.0561
         Episode_Reward/severely_tilted: -0.0059
              Episode_Reward/not_moving: -0.0793
           Episode_Reward/forward_pitch: -0.0280
              Episode_Reward/torso_slam: -0.0252
        Episode_Reward/joint_vel_limits: -0.0001
       Episode_Reward/base_height_rough: 0.0889
      Episode_Reward/base_height_medium: 0.1248
              Curriculum/terrain_levels: 0.0000
     Episode_Reward/completely_airborne: -1.2245
           Episode_Reward/feet_distance: -0.0155
      Episode_Termination/invalid_state: 0.0000
           Episode_Reward/body_velocity: -0.2345
             Episode_Reward/ground_slam: -0.0606
              Episode_Reward/relaxation: -0.2725
        Curriculum/random_fallen_states: 0.0000
           Curriculum/polish_torso_slam: -5.0000
            Episode_Reward/joint_acc_l2: -0.0085
    Episode_Reward/joint_tracking_error: -0.1528
        Episode_Reward/base_height_fine: 0.1848
  Episode_Reward/feet_distance_standing: -0.0082
               Episode_Reward/flat_feet: -0.0917
               Curriculum/adaptive_lift: 1.0000
         Curriculum/polish_joint_vel_l2: -0.0010
             Episode_Reward/action_rate: -2.7874
        Episode_Reward/illegal_contacts: -0.0244
           Episode_Reward/torso_upright: 0.0000
--------------------------------------------------------------------------------
                         Iteration time: 1.37s
                           Time elapsed: 0:00:03
                                    ETA: 0:00:15

################################################################################
[1m                            Learning iteration 2/10                             [0m 

                               Run name: nexus
                            Total steps: 73728 
                       Steps per second: 15687 
                        Collection time: 1.418s 
                          Learning time: 0.148s 
                        Mean value loss: 3.9653
                    Mean surrogate loss: -0.0104
                      Mean entropy loss: 40.9813
                     Mean symmetry loss: 0.0014
                   Mean l2c2_actor loss: 0.0019
                  Mean l2c2_critic loss: 0.0737
                            Mean reward: -91.72
                    Mean episode length: 35.02
                        Mean action std: 0.99
                    Entropy coefficient: 0.002500
        Episode_Reward/action_rate_rate: -2.0938
           Episode_Reward/feet_yaw_mean: -0.0278
              Episode_Reward/torso_roll: -0.0912
              Episode_Reward/feet_slide: -0.0247
        Episode_Reward/joint_torques_l2: -0.0762
        Episode_Reward/joint_pos_limits: -0.0003
            Episode_Reward/joint_vel_l2: -0.0850
         Episode_Reward/ground_unloaded: -0.0792
           Curriculum/polish_not_moving: -1.0000
 Episode_Reward/joint_deviation_l1_arms: -0.0069
           Episode_Reward/ankle_torques: -0.0149
            Metrics/height/height_error: 0.0000
      Episode_Reward/joint_deviation_l1: -0.0196
          Curriculum/polish_ground_slam: -1.0000
     Curriculum/polish_action_rate_rate: -0.1500
           Episode_Termination/time_out: 0.0793
           Episode_Reward/torque_limits: -0.0884
         Episode_Reward/severely_tilted: -0.0263
              Episode_Reward/not_moving: -0.0543
           Episode_Reward/forward_pitch: -0.1400
              Episode_Reward/torso_slam: -0.0514
        Episode_Reward/joint_vel_limits: -0.0001
       Episode_Reward/base_height_rough: 0.1075
      Episode_Reward/base_height_medium: 0.1199
              Curriculum/terrain_levels: 0.0000
     Episode_Reward/completely_airborne: -1.4722
           Episode_Reward/feet_distance: -0.0318
      Episode_Termination/invalid_state: 0.0000
           Episode_Reward/body_velocity: -0.3028
             Episode_Reward/ground_slam: -0.1022
              Episode_Reward/relaxation: -0.6345
        Curriculum/random_fallen_states: 0.0000
           Curriculum/polish_torso_slam: -5.0000
            Episode_Reward/joint_acc_l2: -0.0141
    Episode_Reward/joint_tracking_error: -0.2522
        Episode_Reward/base_height_fine: 0.1399
  Episode_Reward/feet_distance_standing: -0.0086
               Episode_Reward/flat_feet: -0.2179
               Curriculum/adaptive_lift: 0.9994
         Curriculum/polish_joint_vel_l2: -0.0010
             Episode_Reward/action_rate: -4.6932
        Episode_Reward/illegal_contacts: -0.0592
           Episode_Reward/torso_upright: -0.0002
--------------------------------------------------------------------------------
                         Iteration time: 1.57s
                           Time elapsed: 0:00:05
                                    ETA: 0:00:12

################################################################################
[1m                            Learning iteration 3/10                             [0m 

                               Run name: nexus
                            Total steps: 98304 
                       Steps per second: 18468 
                        Collection time: 1.182s 
                          Learning time: 0.148s 
                        Mean value loss: 3.9892
                    Mean surrogate loss: -0.0103
                      Mean entropy loss: 40.8829
                     Mean symmetry loss: 0.0011
                   Mean l2c2_actor loss: 0.0022
                  Mean l2c2_critic loss: 0.0905
                            Mean reward: -141.53
                    Mean episode length: 56.07
                        Mean action std: 0.99
                    Entropy coefficient: 0.002500
        Episode_Reward/action_rate_rate: -2.8712
           Episode_Reward/feet_yaw_mean: -0.0453
              Episode_Reward/torso_roll: -0.1341
              Episode_Reward/feet_slide: -0.0369
        Episode_Reward/joint_torques_l2: -0.1043
        Episode_Reward/joint_pos_limits: -0.0004
            Episode_Reward/joint_vel_l2: -0.1136
         Episode_Reward/ground_unloaded: -0.1501
           Curriculum/polish_not_moving: -1.0000
 Episode_Reward/joint_deviation_l1_arms: -0.0035
           Episode_Reward/ankle_torques: -0.0249
            Metrics/height/height_error: 0.0000
      Episode_Reward/joint_deviation_l1: -0.0118
          Curriculum/polish_ground_slam: -1.0000
     Curriculum/polish_action_rate_rate: -0.1500
           Episode_Termination/time_out: 0.1042
           Episode_Reward/torque_limits: -0.1187
         Episode_Reward/severely_tilted: -0.0176
              Episode_Reward/not_moving: -0.0192
           Episode_Reward/forward_pitch: -0.1876
              Episode_Reward/torso_slam: -0.0610
        Episode_Reward/joint_vel_limits: -0.0001
       Episode_Reward/base_height_rough: 0.0677
      Episode_Reward/base_height_medium: 0.0680
              Curriculum/terrain_levels: 0.0000
     Episode_Reward/completely_airborne: -1.6206
           Episode_Reward/feet_distance: -0.0325
      Episode_Termination/invalid_state: 0.0000
           Episode_Reward/body_velocity: -0.3383
             Episode_Reward/ground_slam: -0.1541
              Episode_Reward/relaxation: -0.5559
        Curriculum/random_fallen_states: 0.0000
           Curriculum/polish_torso_slam: -5.0000
            Episode_Reward/joint_acc_l2: -0.0189
    Episode_Reward/joint_tracking_error: -0.3557
        Episode_Reward/base_height_fine: 0.0800
  Episode_Reward/feet_distance_standing: -0.0038
               Episode_Reward/flat_feet: -0.3711
               Curriculum/adaptive_lift: 0.9979
         Curriculum/polish_joint_vel_l2: -0.0010
             Episode_Reward/action_rate: -6.4434
        Episode_Reward/illegal_contacts: -0.1155
           Episode_Reward/torso_upright: 0.0000
--------------------------------------------------------------------------------
                         Iteration time: 1.33s
                           Time elapsed: 0:00:06
                                    ETA: 0:00:10

################################################################################
[1m                            Learning iteration 4/10                             [0m 

                               Run name: nexus
                            Total steps: 122880 
                       Steps per second: 17650 
                        Collection time: 1.244s 
                          Learning time: 0.148s 
                        Mean value loss: 4.0114
                    Mean surrogate loss: -0.0137
                      Mean entropy loss: 40.7606
                     Mean symmetry loss: 0.0009
                   Mean l2c2_actor loss: 0.0025
                  Mean l2c2_critic loss: 0.1129
                            Mean reward: -201.57
                    Mean episode length: 83.21
                        Mean action std: 0.98
                    Entropy coefficient: 0.002500
        Episode_Reward/action_rate_rate: -3.6472
           Episode_Reward/feet_yaw_mean: -0.0451
              Episode_Reward/torso_roll: -0.1541
              Episode_Reward/feet_slide: -0.0572
        Episode_Reward/joint_torques_l2: -0.1484
        Episode_Reward/joint_pos_limits: -0.0005
            Episode_Reward/joint_vel_l2: -0.1344
         Episode_Reward/ground_unloaded: -0.1405
           Curriculum/polish_not_moving: -1.0000
 Episode_Reward/joint_deviation_l1_arms: -0.0080
           Episode_Reward/ankle_torques: -0.0321
            Metrics/height/height_error: 0.2888
      Episode_Reward/joint_deviation_l1: -0.0239
          Curriculum/polish_ground_slam: -1.0000
     Curriculum/polish_action_rate_rate: -0.1500
           Episode_Termination/time_out: 0.1392
           Episode_Reward/torque_limits: -0.1520
         Episode_Reward/severely_tilted: -0.0019
              Episode_Reward/not_moving: -0.0741
           Episode_Reward/forward_pitch: -0.2748
              Episode_Reward/torso_slam: -0.0690
        Episode_Reward/joint_vel_limits: -0.0001
       Episode_Reward/base_height_rough: 0.2021
      Episode_Reward/base_height_medium: 0.2124
              Curriculum/terrain_levels: 0.0000
     Episode_Reward/completely_airborne: -1.6013
           Episode_Reward/feet_distance: -0.0392
      Episode_Termination/invalid_state: 0.0000
           Episode_Reward/body_velocity: -0.3371
             Episode_Reward/ground_slam: -0.2051
              Episode_Reward/relaxation: -1.4260
        Curriculum/random_fallen_states: 0.0000
           Curriculum/polish_torso_slam: -5.0000
            Episode_Reward/joint_acc_l2: -0.0307
    Episode_Reward/joint_tracking_error: -0.4450
        Episode_Reward/base_height_fine: 0.2459
  Episode_Reward/feet_distance_standing: -0.0033
               Episode_Reward/flat_feet: -0.4224
               Curriculum/adaptive_lift: 0.9965
         Curriculum/polish_joint_vel_l2: -0.0010
             Episode_Reward/action_rate: -8.1633
        Episode_Reward/illegal_contacts: -0.1535
           Episode_Reward/torso_upright: 0.0000
--------------------------------------------------------------------------------
                         Iteration time: 1.39s
                           Time elapsed: 0:00:08
                                    ETA: 0:00:08

################################################################################
[1m                            Learning iteration 5/10                             [0m 

                               Run name: nexus
                            Total steps: 147456 
                       Steps per second: 18096 
                        Collection time: 1.210s 
                          Learning time: 0.148s 
                        Mean value loss: 3.9892
                    Mean surrogate loss: -0.0136
                      Mean entropy loss: 40.6498
                     Mean symmetry loss: 0.0008
                   Mean l2c2_actor loss: 0.0029
                  Mean l2c2_critic loss: 0.1335
                            Mean reward: -259.84
                    Mean episode length: 109.81
                        Mean action std: 0.98
                    Entropy coefficient: 0.002500
        Episode_Reward/action_rate_rate: -4.5448
           Episode_Reward/feet_yaw_mean: -0.0624
              Episode_Reward/torso_roll: -0.1802
              Episode_Reward/feet_slide: -0.0529
        Episode_Reward/joint_torques_l2: -0.1509
        Episode_Reward/joint_pos_limits: -0.0005
            Episode_Reward/joint_vel_l2: -0.1863
         Episode_Reward/ground_unloaded: -0.2328
           Curriculum/polish_not_moving: -1.0000
 Episode_Reward/joint_deviation_l1_arms: -0.0057
           Episode_Reward/ankle_torques: -0.0353
            Metrics/height/height_error: 0.9006
      Episode_Reward/joint_deviation_l1: -0.0165
          Curriculum/polish_ground_slam: -1.0000
     Curriculum/polish_action_rate_rate: -0.1500
           Episode_Termination/time_out: 0.1692
           Episode_Reward/torque_limits: -0.1807
         Episode_Reward/severely_tilted: -0.0068
              Episode_Reward/not_moving: -0.0487
           Episode_Reward/forward_pitch: -0.2666
              Episode_Reward/torso_slam: -0.0937
        Episode_Reward/joint_vel_limits: -0.0003
       Episode_Reward/base_height_rough: 0.1665
      Episode_Reward/base_height_medium: 0.1550
              Curriculum/terrain_levels: 0.0000
     Episode_Reward/completely_airborne: -1.9745
           Episode_Reward/feet_distance: -0.0606
      Episode_Termination/invalid_state: 0.0000
           Episode_Reward/body_velocity: -0.3804
             Episode_Reward/ground_slam: -0.2265
              Episode_Reward/relaxation: -0.8980
        Curriculum/random_fallen_states: 0.0000
           Curriculum/polish_torso_slam: -5.0000
            Episode_Reward/joint_acc_l2: -0.0251
    Episode_Reward/joint_tracking_error: -0.5494
        Episode_Reward/base_height_fine: 0.1537
  Episode_Reward/feet_distance_standing: -0.0056
               Episode_Reward/flat_feet: -0.5694
               Curriculum/adaptive_lift: 0.9963
         Curriculum/polish_joint_vel_l2: -0.0010
             Episode_Reward/action_rate: -10.1708
        Episode_Reward/illegal_contacts: -0.2221
           Episode_Reward/torso_upright: 0.0000
--------------------------------------------------------------------------------
                         Iteration time: 1.36s
                           Time elapsed: 0:00:09
                                    ETA: 0:00:06

################################################################################
[1m                            Learning iteration 6/10                             [0m 

                               Run name: nexus
                            Total steps: 172032 
                       Steps per second: 17973 
                        Collection time: 1.219s 
                          Learning time: 0.148s 
                        Mean value loss: 3.9470
                    Mean surrogate loss: -0.0150
                      Mean entropy loss: 40.5267
                     Mean symmetry loss: 0.0007
                   Mean l2c2_actor loss: 0.0033
                  Mean l2c2_critic loss: 0.1418
                            Mean reward: -313.10
                    Mean episode length: 134.16
                        Mean action std: 0.98
                    Entropy coefficient: 0.002500
        Episode_Reward/action_rate_rate: -5.3190
           Episode_Reward/feet_yaw_mean: -0.0669
              Episode_Reward/torso_roll: -0.2004
              Episode_Reward/feet_slide: -0.0792
        Episode_Reward/joint_torques_l2: -0.1652
        Episode_Reward/joint_pos_limits: -0.0006
            Episode_Reward/joint_vel_l2: -0.2078
         Episode_Reward/ground_unloaded: -0.1885
           Curriculum/polish_not_moving: -1.0000
 Episode_Reward/joint_deviation_l1_arms: -0.0098
           Episode_Reward/ankle_torques: -0.0429
            Metrics/height/height_error: 0.4997
      Episode_Reward/joint_deviation_l1: -0.0291
          Curriculum/polish_ground_slam: -1.0000
     Curriculum/polish_action_rate_rate: -0.1500
           Episode_Termination/time_out: 0.2053
           Episode_Reward/torque_limits: -0.2003
         Episode_Reward/severely_tilted: -0.0056
              Episode_Reward/not_moving: -0.0466
           Episode_Reward/forward_pitch: -0.3583
              Episode_Reward/torso_slam: -0.0875
        Episode_Reward/joint_vel_limits: -0.0003
       Episode_Reward/base_height_rough: 0.2118
      Episode_Reward/base_height_medium: 0.1990
              Curriculum/terrain_levels: 0.0000
     Episode_Reward/completely_airborne: -1.8597
           Episode_Reward/feet_distance: -0.0721
      Episode_Termination/invalid_state: 0.0000
           Episode_Reward/body_velocity: -0.3811
             Episode_Reward/ground_slam: -0.2805
              Episode_Reward/relaxation: -1.7903
        Curriculum/random_fallen_states: 0.0000
           Curriculum/polish_torso_slam: -5.0000
            Episode_Reward/joint_acc_l2: -0.0245
    Episode_Reward/joint_tracking_error: -0.6363
        Episode_Reward/base_height_fine: 0.2225
  Episode_Reward/feet_distance_standing: -0.0127
               Episode_Reward/flat_feet: -0.6751
               Curriculum/adaptive_lift: 0.9963
         Curriculum/polish_joint_vel_l2: -0.0010
             Episode_Reward/action_rate: -11.8655
        Episode_Reward/illegal_contacts: -0.2592
           Episode_Reward/torso_upright: -0.0000
--------------------------------------------------------------------------------
                         Iteration time: 1.37s
                           Time elapsed: 0:00:10
                                    ETA: 0:00:04

################################################################################
[1m                            Learning iteration 7/10                             [0m 

                               Run name: nexus
                            Total steps: 196608 
                       Steps per second: 18348 
                        Collection time: 1.191s 
                          Learning time: 0.148s 
                        Mean value loss: 3.8805
                    Mean surrogate loss: -0.0139
                      Mean entropy loss: 40.4205
                     Mean symmetry loss: 0.0007
                   Mean l2c2_actor loss: 0.0036
                  Mean l2c2_critic loss: 0.1433
                            Mean reward: -360.02
                    Mean episode length: 156.08
                        Mean action std: 0.97
                    Entropy coefficient: 0.002500
        Episode_Reward/action_rate_rate: -6.1101
           Episode_Reward/feet_yaw_mean: -0.0693
              Episode_Reward/torso_roll: -0.2219
              Episode_Reward/feet_slide: -0.1118
        Episode_Reward/joint_torques_l2: -0.2109
        Episode_Reward/joint_pos_limits: -0.0007
            Episode_Reward/joint_vel_l2: -0.2147
         Episode_Reward/ground_unloaded: -0.3057
           Curriculum/polish_not_moving: -1.0000
 Episode_Reward/joint_deviation_l1_arms: -0.0132
           Episode_Reward/ankle_torques: -0.0530
            Metrics/height/height_error: 0.5506
      Episode_Reward/joint_deviation_l1: -0.0448
          Curriculum/polish_ground_slam: -1.0000
     Curriculum/polish_action_rate_rate: -0.1500
           Episode_Termination/time_out: 0.2356
           Episode_Reward/torque_limits: -0.2503
         Episode_Reward/severely_tilted: -0.0013
              Episode_Reward/not_moving: -0.1482
           Episode_Reward/forward_pitch: -0.7667
              Episode_Reward/torso_slam: -0.1228
        Episode_Reward/joint_vel_limits: -0.0002
       Episode_Reward/base_height_rough: 0.3422
      Episode_Reward/base_height_medium: 0.3671
              Curriculum/terrain_levels: 0.0000
     Episode_Reward/completely_airborne: -2.0597
           Episode_Reward/feet_distance: -0.0636
      Episode_Termination/invalid_state: 0.0000
           Episode_Reward/body_velocity: -0.3743
             Episode_Reward/ground_slam: -0.3369
              Episode_Reward/relaxation: -1.0569
        Curriculum/random_fallen_states: 0.0000
           Curriculum/polish_torso_slam: -5.0000
            Episode_Reward/joint_acc_l2: -0.0368
    Episode_Reward/joint_tracking_error: -0.7220
        Episode_Reward/base_height_fine: 0.4502
  Episode_Reward/feet_distance_standing: -0.0029
               Episode_Reward/flat_feet: -0.7820
               Curriculum/adaptive_lift: 0.9963
         Curriculum/polish_joint_vel_l2: -0.0010
             Episode_Reward/action_rate: -13.6199
        Episode_Reward/illegal_contacts: -0.2236
           Episode_Reward/torso_upright: 0.0000
--------------------------------------------------------------------------------
                         Iteration time: 1.34s
                           Time elapsed: 0:00:12
                                    ETA: 0:00:03

################################################################################
[1m                            Learning iteration 8/10                             [0m 

                               Run name: nexus
                            Total steps: 221184 
                       Steps per second: 17927 
                        Collection time: 1.223s 
                          Learning time: 0.148s 
                        Mean value loss: 3.6766
                    Mean surrogate loss: -0.0149
                      Mean entropy loss: 40.3072
                     Mean symmetry loss: 0.0007
                   Mean l2c2_actor loss: 0.0040
                  Mean l2c2_critic loss: 0.1550
                            Mean reward: -406.56
                    Mean episode length: 178.78
                        Mean action std: 0.97
                    Entropy coefficient: 0.002500
        Episode_Reward/action_rate_rate: -6.8556
           Episode_Reward/feet_yaw_mean: -0.0910
              Episode_Reward/torso_roll: -0.2792
              Episode_Reward/feet_slide: -0.1154
        Episode_Reward/joint_torques_l2: -0.2588
        Episode_Reward/joint_pos_limits: -0.0008
            Episode_Reward/joint_vel_l2: -0.2602
         Episode_Reward/ground_unloaded: -0.3064
           Curriculum/polish_not_moving: -1.0000
 Episode_Reward/joint_deviation_l1_arms: -0.0046
           Episode_Reward/ankle_torques: -0.0581
            Metrics/height/height_error: 0.6831
      Episode_Reward/joint_deviation_l1: -0.0151
          Curriculum/polish_ground_slam: -1.0000
     Curriculum/polish_action_rate_rate: -0.1500
           Episode_Termination/time_out: 0.2682
           Episode_Reward/torque_limits: -0.2926
         Episode_Reward/severely_tilted: -0.0082
              Episode_Reward/not_moving: -0.0977
           Episode_Reward/forward_pitch: -0.8055
              Episode_Reward/torso_slam: -0.1315
        Episode_Reward/joint_vel_limits: -0.0003
       Episode_Reward/base_height_rough: 0.2409
      Episode_Reward/base_height_medium: 0.2232
              Curriculum/terrain_levels: 0.0000
     Episode_Reward/completely_airborne: -2.7430
           Episode_Reward/feet_distance: -0.0960
      Episode_Termination/invalid_state: 0.0000
           Episode_Reward/body_velocity: -0.4561
             Episode_Reward/ground_slam: -0.3723
              Episode_Reward/relaxation: -1.7359
        Curriculum/random_fallen_states: 0.0000
           Curriculum/polish_torso_slam: -5.0000
            Episode_Reward/joint_acc_l2: -0.0507
    Episode_Reward/joint_tracking_error: -0.8184
        Episode_Reward/base_height_fine: 0.2722
  Episode_Reward/feet_distance_standing: -0.0034
               Episode_Reward/flat_feet: -0.9585
               Curriculum/adaptive_lift: 0.9963
         Curriculum/polish_joint_vel_l2: -0.0010
             Episode_Reward/action_rate: -15.3253
        Episode_Reward/illegal_contacts: -0.2865
           Episode_Reward/torso_upright: 0.0000
--------------------------------------------------------------------------------
                         Iteration time: 1.37s
                           Time elapsed: 0:00:13
                                    ETA: 0:00:01

################################################################################
[1m                            Learning iteration 9/10                             [0m 

                               Run name: nexus
                            Total steps: 245760 
                       Steps per second: 18225 
                        Collection time: 1.200s 
                          Learning time: 0.148s 
                        Mean value loss: 3.7743
                    Mean surrogate loss: -0.0141
                      Mean entropy loss: 40.2025
                     Mean symmetry loss: 0.0007
                   Mean l2c2_actor loss: 0.0042
                  Mean l2c2_critic loss: 0.1481
                            Mean reward: -449.36
                    Mean episode length: 200.59
                        Mean action std: 0.97
                    Entropy coefficient: 0.002500
        Episode_Reward/action_rate_rate: -7.5871
           Episode_Reward/feet_yaw_mean: -0.1032
              Episode_Reward/torso_roll: -0.3376
              Episode_Reward/feet_slide: -0.1089
        Episode_Reward/joint_torques_l2: -0.2490
        Episode_Reward/joint_pos_limits: -0.0010
            Episode_Reward/joint_vel_l2: -0.2954
         Episode_Reward/ground_unloaded: -0.4017
           Curriculum/polish_not_moving: -1.0000
 Episode_Reward/joint_deviation_l1_arms: -0.0092
           Episode_Reward/ankle_torques: -0.0401
            Metrics/height/height_error: 0.7052
      Episode_Reward/joint_deviation_l1: -0.0242
          Curriculum/polish_ground_slam: -1.0000
     Curriculum/polish_action_rate_rate: -0.1500
           Episode_Termination/time_out: 0.2981
           Episode_Reward/torque_limits: -0.2876
         Episode_Reward/severely_tilted: -0.0013
              Episode_Reward/not_moving: -0.2506
           Episode_Reward/forward_pitch: -0.6433
              Episode_Reward/torso_slam: -0.1493
        Episode_Reward/joint_vel_limits: -0.0003
       Episode_Reward/base_height_rough: 0.3671
      Episode_Reward/base_height_medium: 0.4424
              Curriculum/terrain_levels: 0.0000
     Episode_Reward/completely_airborne: -2.4213
           Episode_Reward/feet_distance: -0.1044
      Episode_Termination/invalid_state: 0.0000
           Episode_Reward/body_velocity: -0.4604
             Episode_Reward/ground_slam: -0.3837
              Episode_Reward/relaxation: -1.2446
        Curriculum/random_fallen_states: 0.0000
           Curriculum/polish_torso_slam: -5.0000
            Episode_Reward/joint_acc_l2: -0.0375
    Episode_Reward/joint_tracking_error: -0.9057
        Episode_Reward/base_height_fine: 0.6359
  Episode_Reward/feet_distance_standing: -0.0097
               Episode_Reward/flat_feet: -0.9716
               Curriculum/adaptive_lift: 0.9963
         Curriculum/polish_joint_vel_l2: -0.0010
             Episode_Reward/action_rate: -16.9788
        Episode_Reward/illegal_contacts: -0.3386
           Episode_Reward/torso_upright: 0.0000
--------------------------------------------------------------------------------
                         Iteration time: 1.35s
                           Time elapsed: 0:00:15
                                    ETA: 0:00:00

[nexus] 10 PPO iterations x 24 steps x 1024 envs in 15.2s -> 1519 ms/iter, 16175 env-steps/s | log /workspace/bench/nexus_port/logs/2026-09-02_16-39-02_nexus
TRAIN ON NEXUS OK
[INFO]: SimulationContext cleared
