Loading user config located at: '/workspace/WBC-AGILE/.venv/lib/python3.12/site-packages/isaacsim/kit/data/Kit/IsaacLab/3.0/user.config.json'
2026-09-02T15:18:31Z [0ms] [Warning] [omni.ext.plugin] [ext: isaaclab_visualizers] Extensions config 'extension.toml' doesn't exist '/workspace/WBC-AGILE/.venv/lib/python3.12/site-packages/isaaclab/source/isaaclab_visualizers' or '/workspace/WBC-AGILE/.venv/lib/python3.12/site-packages/isaaclab/source/isaaclab_visualizers/config'
WARNING: All log messages before absl::InitializeLog() is called are written to STDERR
E0000 00:00:1788362311.450715    4518 descriptor_database.cc:633] File already exists in database: grpc/health/v1/health.proto
W0000 00:00:1788362311.450740    4518 message.cc:301] Protobuf GeneratedMessageFactory: File is already registered: grpc/health/v1/health.proto
2026-09-02T15:18:31Z [353ms] [Warning] [omni.usd_config.extension] Enable omni.materialx.libs extension to use MaterialX
2026-09-02T15:18:31Z [389ms] [Warning] [omni.platforminfo.plugin] failed to open the default display.  Can't verify X Server version.
2026-09-02T15:18:31Z [399ms] [Error] [omni.ext.plugin] Could not load the dynamic library from /workspace/WBC-AGILE/.venv/lib/python3.12/site-packages/isaacsim/extscache/omni.usd.libs-1.0.3+6312fa25.lx64.r.cp312/bin/libMaterialXRenderHw.so. Error: libXt.so.6: cannot open shared object file: No such file or directory (note that this may be caused by a dependent library)
2026-09-02T15:18:31Z [399ms] [Error] [omni.ext.plugin] Could not load the dynamic library from /workspace/WBC-AGILE/.venv/lib/python3.12/site-packages/isaacsim/extscache/omni.usd.libs-1.0.3+6312fa25.lx64.r.cp312/bin/libMaterialXRenderGlsl.so. Error: libXt.so.6: cannot open shared object file: No such file or directory (note that this may be caused by a dependent library)
2026-09-02T15:18:31Z [400ms] [Error] [omni.ext.plugin] Could not load the dynamic library from /workspace/WBC-AGILE/.venv/lib/python3.12/site-packages/isaacsim/extscache/omni.usd.libs-1.0.3+6312fa25.lx64.r.cp312/bin/libusd_usdBakeMtlx.so. Error: libXt.so.6: cannot open shared object file: No such file or directory (note that this may be caused by a dependent library)
2026-09-02T15:18:32Z [947ms] [Warning] [isaacsim.core.simulation_manager.plugin] USD stage is not available; stage-opened subscription is deferred
2026-09-02T15:18:32Z [947ms] [Warning] [isaacsim.core.simulation_manager.plugin] USD stage is not available; stage-opened subscription is deferred
[ISAACLAB] AppLauncher initialization complete
[INFO]: Parsing configuration from: agile.rl_env.tasks.stand_up.g1.height_tracking_env_cfg:G1HeightTrackingEnvCfg
[INFO]: Parsing configuration from: agile.rl_env.tasks.stand_up.g1.agents.rsl_rl_ppo_cfg:G1HeightTrackingPpoRunnerCfg
/workspace/isaaclab_nexus/envs.py:68: UserWarning: nexusify dropped terms without a Nexus implementation: events.randomize_physics_material (randomize_rigid_body_material), events.randomize_base_com (randomize_rigid_body_com)
  warnings.warn("nexusify dropped terms without a Nexus implementation: " + ", ".join(dropped))
[INFO]: Base environment:
	Environment device    : cuda:0
	Environment seed      : 42
	Physics step-size     : 0.005
	Rendering step-size   : 0.02
	Environment step-size : 0.02
[INFO] Generating terrains based on curriculum took Last: 0.260250 s
[INFO]: Registered backend 'nexus' for factory Articulation.
[INFO]: Registered backend 'nexus' for factory ContactSensor.
[INFO]: Registered backend 'nexus' for factory RayCaster.
[INFO]: Time taken for scene creation Last: 10.161715 s, Mean: 10.161715 s, Std: 0.000000 s, N: 1
[INFO]: Scene manager:  NexusScene(num_envs=4096, entities=['robot', 'contact_forces', 'height_measurement_sensor', 'terrain'])
[INFO]: Time taken for simulation start Last: 0.012569 s, Mean: 0.012569 s, Std: 0.000000 s, N: 1
[INFO] Command Manager:  <CommandManager> contains 1 active terms.
+--------------------------------------+
|         Active Command Terms         |
+-------+--------+---------------------+
| Index | Name   |         Type        |
+-------+--------+---------------------+
|   0   | height | SmoothHeightCommand |
+-------+--------+---------------------+

[INFO] Event Manager:  <EventManager> contains 3 active terms.
+----------------------------------------+
| Active Event Terms in Mode: 'startup'  |
+--------+-------------------------------+
| Index  | Name                          |
+--------+-------------------------------+
|   0    | randomize_actuator_gains      |
|   1    | randomize_bodies_mass         |
|   2    | randomize_base_mass           |
+--------+-------------------------------+
+---------------------------------------------------------------------------+
|                   Active Event Terms in Mode: 'interval'                  |
+-------+-----------------------------------------+-------------------------+
| Index | Name                                    | Interval time range (s) |
+-------+-----------------------------------------+-------------------------+
|   0   | push_robot                              |       (0.0, 10.0)       |
|   1   | apply_external_force_torque             |       (0.0, 10.0)       |
|   2   | apply_external_force_torque_extremities |       (0.0, 10.0)       |
+-------+-----------------------------------------+-------------------------+
+----------------------------------+
| Active Event Terms in Mode: 'reset' |
+------------+---------------------+
|   Index    | Name                |
+------------+---------------------+
|     0      | reset_base          |
+------------+---------------------+

[INFO] Recorder Manager:  <RecorderManager> contains 0 active terms.
+---------------------+
| Active Recorder Terms |
+-----------+---------+
|   Index   | Name    |
+-----------+---------+
+-----------+---------+

[INFO]: Resolved joint names for the action term JointPositionAction: ['left_hip_pitch_joint', 'left_hip_roll_joint', 'left_hip_yaw_joint', 'left_knee_joint', 'left_ankle_pitch_joint', 'left_ankle_roll_joint', 'right_hip_pitch_joint', 'right_hip_roll_joint', 'right_hip_yaw_joint', 'right_knee_joint', 'right_ankle_pitch_joint', 'right_ankle_roll_joint', 'waist_yaw_joint', 'waist_roll_joint', 'waist_pitch_joint', 'left_shoulder_pitch_joint', 'left_shoulder_roll_joint', 'left_shoulder_yaw_joint', 'left_elbow_joint', 'left_wrist_roll_joint', 'left_wrist_pitch_joint', 'left_wrist_yaw_joint', 'right_shoulder_pitch_joint', 'right_shoulder_roll_joint', 'right_shoulder_yaw_joint', 'right_elbow_joint', 'right_wrist_roll_joint', 'right_wrist_pitch_joint', 'right_wrist_yaw_joint'] [[0, 1, 2, 3, 4, 5, 6, 7, 8, 9, 10, 11, 12, 13, 14, 15, 16, 17, 18, 19, 20, 21, 22, 23, 24, 25, 26, 27, 28]]
[INFO] Action Manager:  <ActionManager> contains 2 active terms.
+------------------------------------+
|  Active Action Terms (shape: 29)   |
+--------+-------------+-------------+
| Index  | Name        |   Dimension |
+--------+-------------+-------------+
|   0    | joint_pos   |          29 |
|   1    | lift        |           0 |
+--------+-------------+-------------+

[INFO] Observation Manager: <ObservationManager> contains 2 groups.
+----------------------------------------------+
| Active Observation Terms in Group: 'policy'  |
+---------+------------------------+-----------+
|  Index  | Name                   |   Shape   |
+---------+------------------------+-----------+
|    0    | base_ang_vel           |   (5, 3)  |
|    1    | projected_gravity      |   (5, 3)  |
|    2    | joint_pos              |  (5, 29)  |
|    3    | joint_vel              |  (5, 29)  |
|    4    | actions                |  (5, 29)  |
|    5    | height_command         |   (5, 1)  |
+---------+------------------------+-----------+
+----------------------------------------------+
| Active Observation Terms in Group: 'critic'  |
+---------+------------------------+-----------+
|  Index  | Name                   |   Shape   |
+---------+------------------------+-----------+
|    0    | projected_gravity      |   (5, 3)  |
|    1    | base_lin_vel           |   (5, 3)  |
|    2    | base_ang_vel           |   (5, 3)  |
|    3    | joint_pos              |  (5, 29)  |
|    4    | joint_vel              |  (5, 29)  |
|    5    | actions                |  (5, 29)  |
|    6    | contact_forces         |  (5, 30)  |
|    7    | base_height            |   (5, 1)  |
|    8    | height_command         |   (5, 1)  |
+---------+------------------------+-----------+

[INFO] Termination Manager:  <TerminationManager> contains 2 active terms.
+----------------------------------+
|     Active Termination Terms     |
+-------+---------------+----------+
| Index | Name          | Time Out |
+-------+---------------+----------+
|   0   | time_out      |   True   |
|   1   | invalid_state |  False   |
+-------+---------------+----------+

[INFO] Reward Manager:  <RewardManager> contains 32 active terms.
+--------------------------------------------+
|            Active Reward Terms             |
+-------+-------------------------+----------+
| Index | Name                    |   Weight |
+-------+-------------------------+----------+
|   0   | joint_torques_l2        |   -5e-05 |
|   1   | torque_limits           |    -0.01 |
|   2   | joint_acc_l2            | -2.5e-08 |
|   3   | joint_pos_limits        |     -0.1 |
|   4   | joint_vel_limits        |    -0.01 |
|   5   | action_rate             |     -1.0 |
|   6   | action_rate_rate        |    -0.15 |
|   7   | joint_vel_l2            |   -0.001 |
|   8   | joint_tracking_error    |     -0.5 |
|   9   | base_height_rough       |      4.0 |
|   10  | base_height_medium      |      8.0 |
|   11  | base_height_fine        |     16.0 |
|   12  | relaxation              |     -1.0 |
|   13  | joint_deviation_l1      |     -0.5 |
|   14  | joint_deviation_l1_arms |     -0.5 |
|   15  | ankle_torques           |   -0.001 |
|   16  | not_moving              |     -1.0 |
|   17  | torso_upright           |     -1.0 |
|   18  | severely_tilted         |     -5.0 |
|   19  | torso_roll              |     -5.0 |
|   20  | forward_pitch           |    -10.0 |
|   21  | illegal_contacts        |     -2.0 |
|   22  | feet_distance           |     -5.0 |
|   23  | feet_distance_standing  |    -10.0 |
|   24  | ground_unloaded         |     -2.0 |
|   25  | flat_feet               |     -1.0 |
|   26  | feet_slide              |     -1.0 |
|   27  | feet_yaw_mean           |     -2.0 |
|   28  | completely_airborne     |    -50.0 |
|   29  | body_velocity           |     -0.1 |
|   30  | ground_slam             |     -1.0 |
|   31  | torso_slam              |     -5.0 |
+-------+-------------------------+----------+

[INFO] Curriculum Manager:  <CurriculumManager> contains 8 active terms.
+---------------------------------+
|     Active Curriculum Terms     |
+-------+-------------------------+
| Index | Name                    |
+-------+-------------------------+
|   0   | adaptive_lift           |
|   1   | terrain_levels          |
|   2   | polish_action_rate_rate |
|   3   | polish_ground_slam      |
|   4   | polish_torso_slam       |
|   5   | polish_not_moving       |
|   6   | polish_joint_vel_l2     |
|   7   | random_fallen_states    |
+-------+-------------------------+

[INFO]: Completed setting up the environment...
[nexus] env built in 10.3s
[nexus] pre_learn (fallen-state dataset) done in 0.0s
/workspace/WBC-AGILE/.venv/lib/python3.12/site-packages/rsl_rl/utils/utils.py:220: UserWarning: The observation configuration dictionary 'obs_groups' is empty and thus likely not configured. Consider configuring the 'obs_groups' dictionary explicitly
  warnings.warn(
/workspace/WBC-AGILE/.venv/lib/python3.12/site-packages/rsl_rl/utils/utils.py:251: UserWarning: The observation configuration dictionary 'obs_groups' does not contain the 'actor' key. As an observation group with the name 'policy' was found, this is assumed to be the appropriate observation. Consider adding the 'actor' key to the 'obs_groups' dictionary for clarity. This behavior will be removed in a future version.
  warnings.warn(
/workspace/WBC-AGILE/.venv/lib/python3.12/site-packages/rsl_rl/utils/utils.py:243: UserWarning: The observation configuration dictionary 'obs_groups' does not contain the 'critic' key. As an observation group with the name 'critic' was found, this is assumed to be the appropriate observation. Consider adding the 'critic' key to the 'obs_groups' dictionary for clarity. This behavior will be removed in a future version.
  warnings.warn(
--------------------------------------------------------------------------------
Resolved observation sets: 
	 actor :  ['policy']
	 critic :  ['critic']
--------------------------------------------------------------------------------
Actor Model: MLPModel(
  (obs_normalizer): Identity()
  (distribution): GaussianDistribution()
  (mlp): MLP(
    (0): Linear(in_features=470, out_features=256, bias=True)
    (1): ELU(alpha=1.0)
    (2): Linear(in_features=256, out_features=256, bias=True)
    (3): ELU(alpha=1.0)
    (4): Linear(in_features=256, out_features=128, bias=True)
    (5): ELU(alpha=1.0)
    (6): Linear(in_features=128, out_features=29, bias=True)
  )
)
Critic Model: MLPModel(
  (obs_normalizer): Identity()
  (mlp): MLP(
    (0): Linear(in_features=640, out_features=512, bias=True)
    (1): ELU(alpha=1.0)
    (2): Linear(in_features=512, out_features=256, bias=True)
    (3): ELU(alpha=1.0)
    (4): Linear(in_features=256, out_features=128, bias=True)
    (5): ELU(alpha=1.0)
    (6): Linear(in_features=128, out_features=1, bias=True)
  )
)
Storing git diff for 'WBC-AGILE' in: /workspace/bench/nexus_port/logs/2026-09-02_15-18-50_nexus/git/WBC-AGILE.diff
################################################################################
[1m                            Learning iteration 0/10                             [0m 

                               Run name: nexus
                            Total steps: 98304 
                       Steps per second: 8782 
                        Collection time: 10.791s 
                          Learning time: 0.402s 
                        Mean value loss: 6.3707
                    Mean surrogate loss: 0.0348
                      Mean entropy loss: 41.1066
                     Mean symmetry loss: 0.0028
                   Mean l2c2_actor loss: 0.0012
                  Mean l2c2_critic loss: 0.0070
                            Mean reward: -46.44
                    Mean episode length: 15.90
                        Mean action std: 1.00
                    Entropy coefficient: 0.002500
              Episode_Reward/feet_slide: -0.0009
              Episode_Reward/torso_roll: -0.0183
     Curriculum/polish_action_rate_rate: -0.1500
           Episode_Reward/body_velocity: -0.0867
             Episode_Reward/ground_slam: -0.0023
               Episode_Reward/flat_feet: -0.0316
         Episode_Reward/ground_unloaded: -0.0200
        Episode_Reward/base_height_fine: 0.0399
             Episode_Reward/action_rate: -0.9326
        Episode_Reward/action_rate_rate: -0.4010
               Curriculum/adaptive_lift: 1.0000
            Episode_Reward/joint_acc_l2: -0.0033
           Curriculum/polish_not_moving: -1.0000
           Episode_Reward/torso_upright: 0.0000
      Episode_Reward/base_height_medium: 0.0281
         Episode_Reward/severely_tilted: -0.0009
     Episode_Reward/completely_airborne: -0.7522
           Curriculum/polish_torso_slam: -5.0000
        Curriculum/random_fallen_states: 0.0000
        Episode_Reward/joint_torques_l2: -0.0158
              Episode_Reward/relaxation: -0.1130
           Episode_Reward/torque_limits: -0.0195
       Episode_Reward/base_height_rough: 0.0221
           Episode_Reward/ankle_torques: -0.0036
            Episode_Reward/joint_vel_l2: -0.0180
        Episode_Reward/illegal_contacts: -0.0007
      Episode_Reward/joint_deviation_l1: -0.0118
          Curriculum/polish_ground_slam: -1.0000
    Episode_Reward/joint_tracking_error: -0.0511
           Episode_Termination/time_out: 0.0187
           Episode_Reward/forward_pitch: -0.0027
      Episode_Termination/invalid_state: 0.0000
           Episode_Reward/feet_yaw_mean: -0.0050
         Curriculum/polish_joint_vel_l2: -0.0010
              Episode_Reward/torso_slam: -0.0021
 Episode_Reward/joint_deviation_l1_arms: -0.0032
        Episode_Reward/joint_vel_limits: -0.0000
            Metrics/height/height_error: 0.0000
              Episode_Reward/not_moving: -0.0153
           Episode_Reward/feet_distance: -0.0027
              Curriculum/terrain_levels: 0.0000
        Episode_Reward/joint_pos_limits: -0.0001
  Episode_Reward/feet_distance_standing: -0.0023
--------------------------------------------------------------------------------
                         Iteration time: 11.19s
                           Time elapsed: 0:00:11
                                    ETA: 0:01:40

################################################################################
[1m                            Learning iteration 1/10                             [0m 

                               Run name: nexus
                            Total steps: 196608 
                       Steps per second: 6893 
                        Collection time: 13.944s 
                          Learning time: 0.317s 
                        Mean value loss: 4.3270
                    Mean surrogate loss: 0.0054
                      Mean entropy loss: 41.0519
                     Mean symmetry loss: 0.0016
                   Mean l2c2_actor loss: 0.0011
                  Mean l2c2_critic loss: 0.0276
                            Mean reward: -101.72
                    Mean episode length: 38.08
                        Mean action std: 0.99
                    Entropy coefficient: 0.002500
              Episode_Reward/feet_slide: -0.0116
              Episode_Reward/torso_roll: -0.0663
     Curriculum/polish_action_rate_rate: -0.1500
           Episode_Reward/body_velocity: -0.2521
             Episode_Reward/ground_slam: -0.0297
               Episode_Reward/flat_feet: -0.1029
         Episode_Reward/ground_unloaded: -0.0540
        Episode_Reward/base_height_fine: 0.1225
             Episode_Reward/action_rate: -2.8048
        Episode_Reward/action_rate_rate: -1.2468
               Curriculum/adaptive_lift: 0.9999
            Episode_Reward/joint_acc_l2: -0.0100
           Curriculum/polish_not_moving: -1.0000
           Episode_Reward/torso_upright: 0.0000
      Episode_Reward/base_height_medium: 0.0901
         Episode_Reward/severely_tilted: -0.0081
     Episode_Reward/completely_airborne: -1.3439
           Curriculum/polish_torso_slam: -5.0000
        Curriculum/random_fallen_states: 0.0000
        Episode_Reward/joint_torques_l2: -0.0475
              Episode_Reward/relaxation: -0.3877
           Episode_Reward/torque_limits: -0.0550
       Episode_Reward/base_height_rough: 0.0716
           Episode_Reward/ankle_torques: -0.0114
            Episode_Reward/joint_vel_l2: -0.0537
        Episode_Reward/illegal_contacts: -0.0208
      Episode_Reward/joint_deviation_l1: -0.0218
          Curriculum/polish_ground_slam: -1.0000
    Episode_Reward/joint_tracking_error: -0.1534
           Episode_Termination/time_out: 0.0523
           Episode_Reward/forward_pitch: -0.0311
      Episode_Termination/invalid_state: 0.0000
           Episode_Reward/feet_yaw_mean: -0.0172
         Curriculum/polish_joint_vel_l2: -0.0010
              Episode_Reward/torso_slam: -0.0162
 Episode_Reward/joint_deviation_l1_arms: -0.0070
        Episode_Reward/joint_vel_limits: -0.0001
            Metrics/height/height_error: 0.0000
              Episode_Reward/not_moving: -0.0500
           Episode_Reward/feet_distance: -0.0178
              Curriculum/terrain_levels: 0.0000
        Episode_Reward/joint_pos_limits: -0.0002
  Episode_Reward/feet_distance_standing: -0.0050
--------------------------------------------------------------------------------
                         Iteration time: 14.26s
                           Time elapsed: 0:00:25
                                    ETA: 0:01:41

################################################################################
[1m                            Learning iteration 2/10                             [0m 

                               Run name: nexus
                            Total steps: 294912 
                       Steps per second: 6303 
                        Collection time: 15.278s 
                          Learning time: 0.316s 
                        Mean value loss: 3.9999
                    Mean surrogate loss: -0.0083
                      Mean entropy loss: 40.7848
                     Mean symmetry loss: 0.0007
                   Mean l2c2_actor loss: 0.0013
                  Mean l2c2_critic loss: 0.0300
                            Mean reward: -157.00
                    Mean episode length: 62.52
                        Mean action std: 0.99
                    Entropy coefficient: 0.002500
              Episode_Reward/feet_slide: -0.0185
              Episode_Reward/torso_roll: -0.0981
     Curriculum/polish_action_rate_rate: -0.1500
           Episode_Reward/body_velocity: -0.3023
             Episode_Reward/ground_slam: -0.0508
               Episode_Reward/flat_feet: -0.2189
         Episode_Reward/ground_unloaded: -0.0911
        Episode_Reward/base_height_fine: 0.1445
             Episode_Reward/action_rate: -4.6118
        Episode_Reward/action_rate_rate: -2.0565
               Curriculum/adaptive_lift: 0.9984
            Episode_Reward/joint_acc_l2: -0.0139
           Curriculum/polish_not_moving: -1.0000
           Episode_Reward/torso_upright: -0.0001
      Episode_Reward/base_height_medium: 0.1174
         Episode_Reward/severely_tilted: -0.0135
     Episode_Reward/completely_airborne: -1.6605
           Curriculum/polish_torso_slam: -5.0000
        Curriculum/random_fallen_states: 0.0000
        Episode_Reward/joint_torques_l2: -0.0728
              Episode_Reward/relaxation: -0.5607
           Episode_Reward/torque_limits: -0.0862
       Episode_Reward/base_height_rough: 0.1043
           Episode_Reward/ankle_torques: -0.0169
            Episode_Reward/joint_vel_l2: -0.0884
        Episode_Reward/illegal_contacts: -0.0641
      Episode_Reward/joint_deviation_l1: -0.0205
          Curriculum/polish_ground_slam: -1.0000
    Episode_Reward/joint_tracking_error: -0.2542
           Episode_Termination/time_out: 0.0814
           Episode_Reward/forward_pitch: -0.0946
      Episode_Termination/invalid_state: 0.0000
           Episode_Reward/feet_yaw_mean: -0.0288
         Curriculum/polish_joint_vel_l2: -0.0010
              Episode_Reward/torso_slam: -0.0230
 Episode_Reward/joint_deviation_l1_arms: -0.0068
        Episode_Reward/joint_vel_limits: -0.0001
            Metrics/height/height_error: 0.0000
              Episode_Reward/not_moving: -0.0481
           Episode_Reward/feet_distance: -0.0275
              Curriculum/terrain_levels: 0.0000
        Episode_Reward/joint_pos_limits: -0.0003
  Episode_Reward/feet_distance_standing: -0.0052
--------------------------------------------------------------------------------
                         Iteration time: 15.59s
                           Time elapsed: 0:00:41
                                    ETA: 0:01:35

################################################################################
[1m                            Learning iteration 3/10                             [0m 

                               Run name: nexus
                            Total steps: 393216 
                       Steps per second: 6138 
                        Collection time: 15.698s 
                          Learning time: 0.317s 
                        Mean value loss: 3.8737
                    Mean surrogate loss: -0.0097
                      Mean entropy loss: 40.6506
                     Mean symmetry loss: 0.0004
                   Mean l2c2_actor loss: 0.0014
                  Mean l2c2_critic loss: 0.0279
                            Mean reward: -216.48
                    Mean episode length: 88.74
                        Mean action std: 0.98
                    Entropy coefficient: 0.002500
              Episode_Reward/feet_slide: -0.0273
              Episode_Reward/torso_roll: -0.1283
     Curriculum/polish_action_rate_rate: -0.1500
           Episode_Reward/body_velocity: -0.3241
             Episode_Reward/ground_slam: -0.0722
               Episode_Reward/flat_feet: -0.3355
         Episode_Reward/ground_unloaded: -0.1365
        Episode_Reward/base_height_fine: 0.1818
             Episode_Reward/action_rate: -6.4433
        Episode_Reward/action_rate_rate: -2.8786
               Curriculum/adaptive_lift: 0.9960
            Episode_Reward/joint_acc_l2: -0.0211
           Curriculum/polish_not_moving: -1.0000
           Episode_Reward/torso_upright: 0.0000
      Episode_Reward/base_height_medium: 0.1486
         Episode_Reward/severely_tilted: -0.0132
     Episode_Reward/completely_airborne: -1.9044
           Curriculum/polish_torso_slam: -5.0000
        Curriculum/random_fallen_states: 0.0000
        Episode_Reward/joint_torques_l2: -0.1044
              Episode_Reward/relaxation: -0.7303
           Episode_Reward/torque_limits: -0.1166
       Episode_Reward/base_height_rough: 0.1336
           Episode_Reward/ankle_torques: -0.0261
            Episode_Reward/joint_vel_l2: -0.1205
        Episode_Reward/illegal_contacts: -0.1140
      Episode_Reward/joint_deviation_l1: -0.0196
          Curriculum/polish_ground_slam: -1.0000
    Episode_Reward/joint_tracking_error: -0.3550
           Episode_Termination/time_out: 0.1105
           Episode_Reward/forward_pitch: -0.1205
      Episode_Termination/invalid_state: 0.0000
           Episode_Reward/feet_yaw_mean: -0.0396
         Curriculum/polish_joint_vel_l2: -0.0010
              Episode_Reward/torso_slam: -0.0366
 Episode_Reward/joint_deviation_l1_arms: -0.0067
        Episode_Reward/joint_vel_limits: -0.0001
            Metrics/height/height_error: 0.0000
              Episode_Reward/not_moving: -0.0573
           Episode_Reward/feet_distance: -0.0418
              Curriculum/terrain_levels: 0.0000
        Episode_Reward/joint_pos_limits: -0.0004
  Episode_Reward/feet_distance_standing: -0.0077
--------------------------------------------------------------------------------
                         Iteration time: 16.02s
                           Time elapsed: 0:00:57
                                    ETA: 0:01:25

################################################################################
[1m                            Learning iteration 4/10                             [0m 

                               Run name: nexus
                            Total steps: 491520 
                       Steps per second: 6099 
                        Collection time: 15.800s 
                          Learning time: 0.317s 
                        Mean value loss: 3.7435
                    Mean surrogate loss: -0.0115
                      Mean entropy loss: 40.4454
                     Mean symmetry loss: 0.0005
                   Mean l2c2_actor loss: 0.0017
                  Mean l2c2_critic loss: 0.0121
                            Mean reward: -268.02
                    Mean episode length: 110.34
                        Mean action std: 0.98
                    Entropy coefficient: 0.002500
              Episode_Reward/feet_slide: -0.0342
              Episode_Reward/torso_roll: -0.1583
     Curriculum/polish_action_rate_rate: -0.1500
           Episode_Reward/body_velocity: -0.3421
             Episode_Reward/ground_slam: -0.0897
               Episode_Reward/flat_feet: -0.4478
         Episode_Reward/ground_unloaded: -0.1703
        Episode_Reward/base_height_fine: 0.1621
             Episode_Reward/action_rate: -8.2505
        Episode_Reward/action_rate_rate: -3.6931
               Curriculum/adaptive_lift: 0.9941
            Episode_Reward/joint_acc_l2: -0.0300
           Curriculum/polish_not_moving: -1.0000
           Episode_Reward/torso_upright: -0.0001
      Episode_Reward/base_height_medium: 0.1445
         Episode_Reward/severely_tilted: -0.0098
     Episode_Reward/completely_airborne: -2.1066
           Curriculum/polish_torso_slam: -5.0000
        Curriculum/random_fallen_states: 0.0000
        Episode_Reward/joint_torques_l2: -0.1402
              Episode_Reward/relaxation: -1.1189
           Episode_Reward/torque_limits: -0.1564
       Episode_Reward/base_height_rough: 0.1528
           Episode_Reward/ankle_torques: -0.0345
            Episode_Reward/joint_vel_l2: -0.1470
        Episode_Reward/illegal_contacts: -0.1616
      Episode_Reward/joint_deviation_l1: -0.0196
          Curriculum/polish_ground_slam: -1.0000
    Episode_Reward/joint_tracking_error: -0.4552
           Episode_Termination/time_out: 0.1441
           Episode_Reward/forward_pitch: -0.1618
      Episode_Termination/invalid_state: 0.0000
           Episode_Reward/feet_yaw_mean: -0.0488
         Curriculum/polish_joint_vel_l2: -0.0010
              Episode_Reward/torso_slam: -0.0416
 Episode_Reward/joint_deviation_l1_arms: -0.0063
        Episode_Reward/joint_vel_limits: -0.0002
            Metrics/height/height_error: 0.4745
              Episode_Reward/not_moving: -0.0510
           Episode_Reward/feet_distance: -0.0525
              Curriculum/terrain_levels: 0.0000
        Episode_Reward/joint_pos_limits: -0.0004
  Episode_Reward/feet_distance_standing: -0.0084
--------------------------------------------------------------------------------
                         Iteration time: 16.12s
                           Time elapsed: 0:01:13
                                    ETA: 0:01:13

################################################################################
[1m                            Learning iteration 5/10                             [0m 

                               Run name: nexus
                            Total steps: 589824 
                       Steps per second: 6082 
                        Collection time: 15.845s 
                          Learning time: 0.317s 
                        Mean value loss: 3.5596
                    Mean surrogate loss: -0.0124
                      Mean entropy loss: 40.3170
                     Mean symmetry loss: 0.0005
                   Mean l2c2_actor loss: 0.0019
                  Mean l2c2_critic loss: 0.0085
                            Mean reward: -319.60
                    Mean episode length: 135.82
                        Mean action std: 0.97
                    Entropy coefficient: 0.002500
              Episode_Reward/feet_slide: -0.0435
              Episode_Reward/torso_roll: -0.1794
     Curriculum/polish_action_rate_rate: -0.1500
           Episode_Reward/body_velocity: -0.3666
             Episode_Reward/ground_slam: -0.1116
               Episode_Reward/flat_feet: -0.5715
         Episode_Reward/ground_unloaded: -0.2201
        Episode_Reward/base_height_fine: 0.2316
             Episode_Reward/action_rate: -9.9709
        Episode_Reward/action_rate_rate: -4.4601
               Curriculum/adaptive_lift: 0.9939
            Episode_Reward/joint_acc_l2: -0.0364
           Curriculum/polish_not_moving: -1.0000
           Episode_Reward/torso_upright: -0.0000
      Episode_Reward/base_height_medium: 0.1960
         Episode_Reward/severely_tilted: -0.0049
     Episode_Reward/completely_airborne: -2.4148
           Curriculum/polish_torso_slam: -5.0000
        Curriculum/random_fallen_states: 0.0000
        Episode_Reward/joint_torques_l2: -0.1701
              Episode_Reward/relaxation: -1.1736
           Episode_Reward/torque_limits: -0.1935
       Episode_Reward/base_height_rough: 0.1928
           Episode_Reward/ankle_torques: -0.0370
            Episode_Reward/joint_vel_l2: -0.1784
        Episode_Reward/illegal_contacts: -0.1894
      Episode_Reward/joint_deviation_l1: -0.0217
          Curriculum/polish_ground_slam: -1.0000
    Episode_Reward/joint_tracking_error: -0.5493
           Episode_Termination/time_out: 0.1744
           Episode_Reward/forward_pitch: -0.2633
      Episode_Termination/invalid_state: 0.0000
           Episode_Reward/feet_yaw_mean: -0.0610
         Curriculum/polish_joint_vel_l2: -0.0010
              Episode_Reward/torso_slam: -0.0524
 Episode_Reward/joint_deviation_l1_arms: -0.0073
        Episode_Reward/joint_vel_limits: -0.0002
            Metrics/height/height_error: 0.6335
              Episode_Reward/not_moving: -0.0730
           Episode_Reward/feet_distance: -0.0614
              Curriculum/terrain_levels: 0.0000
        Episode_Reward/joint_pos_limits: -0.0005
  Episode_Reward/feet_distance_standing: -0.0072
--------------------------------------------------------------------------------
                         Iteration time: 16.16s
                           Time elapsed: 0:01:29
                                    ETA: 0:00:59

################################################################################
[1m                            Learning iteration 6/10                             [0m 

                               Run name: nexus
                            Total steps: 688128 
                       Steps per second: 6077 
                        Collection time: 15.859s 
                          Learning time: 0.317s 
                        Mean value loss: 3.5050
                    Mean surrogate loss: -0.0113
                      Mean entropy loss: 40.1490
                     Mean symmetry loss: 0.0005
                   Mean l2c2_actor loss: 0.0021
                  Mean l2c2_critic loss: 0.0052
                            Mean reward: -379.75
                    Mean episode length: 160.36
                        Mean action std: 0.96
                    Entropy coefficient: 0.002500
              Episode_Reward/feet_slide: -0.0511
              Episode_Reward/torso_roll: -0.2107
     Curriculum/polish_action_rate_rate: -0.1500
           Episode_Reward/body_velocity: -0.3922
             Episode_Reward/ground_slam: -0.1272
               Episode_Reward/flat_feet: -0.7111
         Episode_Reward/ground_unloaded: -0.2198
        Episode_Reward/base_height_fine: 0.2787
             Episode_Reward/action_rate: -11.6837
        Episode_Reward/action_rate_rate: -5.2195
               Curriculum/adaptive_lift: 0.9939
            Episode_Reward/joint_acc_l2: -0.0362
           Curriculum/polish_not_moving: -1.0000
           Episode_Reward/torso_upright: -0.0001
      Episode_Reward/base_height_medium: 0.2540
         Episode_Reward/severely_tilted: -0.0084
     Episode_Reward/completely_airborne: -2.7636
           Curriculum/polish_torso_slam: -5.0000
        Curriculum/random_fallen_states: 0.0000
        Episode_Reward/joint_torques_l2: -0.1841
              Episode_Reward/relaxation: -1.6860
           Episode_Reward/torque_limits: -0.2101
       Episode_Reward/base_height_rough: 0.2572
           Episode_Reward/ankle_torques: -0.0453
            Episode_Reward/joint_vel_l2: -0.2185
        Episode_Reward/illegal_contacts: -0.2212
      Episode_Reward/joint_deviation_l1: -0.0201
          Curriculum/polish_ground_slam: -1.0000
    Episode_Reward/joint_tracking_error: -0.6422
           Episode_Termination/time_out: 0.2099
           Episode_Reward/forward_pitch: -0.4009
      Episode_Termination/invalid_state: 0.0000
           Episode_Reward/feet_yaw_mean: -0.0754
         Curriculum/polish_joint_vel_l2: -0.0010
              Episode_Reward/torso_slam: -0.0633
 Episode_Reward/joint_deviation_l1_arms: -0.0065
        Episode_Reward/joint_vel_limits: -0.0003
            Metrics/height/height_error: 0.5083
              Episode_Reward/not_moving: -0.0826
           Episode_Reward/feet_distance: -0.0761
              Curriculum/terrain_levels: 0.0000
        Episode_Reward/joint_pos_limits: -0.0006
  Episode_Reward/feet_distance_standing: -0.0057
--------------------------------------------------------------------------------
                         Iteration time: 16.18s
                           Time elapsed: 0:01:45
                                    ETA: 0:00:45

################################################################################
[1m                            Learning iteration 7/10                             [0m 

                               Run name: nexus
                            Total steps: 786432 
                       Steps per second: 6102 
                        Collection time: 15.791s 
                          Learning time: 0.317s 
                        Mean value loss: 3.3371
                    Mean surrogate loss: -0.0109
                      Mean entropy loss: 39.9644
                     Mean symmetry loss: 0.0005
                   Mean l2c2_actor loss: 0.0023
                  Mean l2c2_critic loss: 0.0051
                            Mean reward: -417.71
                    Mean episode length: 183.12
                        Mean action std: 0.96
                    Entropy coefficient: 0.002500
              Episode_Reward/feet_slide: -0.0602
              Episode_Reward/torso_roll: -0.2315
     Curriculum/polish_action_rate_rate: -0.1500
           Episode_Reward/body_velocity: -0.4021
             Episode_Reward/ground_slam: -0.1482
               Episode_Reward/flat_feet: -0.8446
         Episode_Reward/ground_unloaded: -0.3101
        Episode_Reward/base_height_fine: 0.3011
             Episode_Reward/action_rate: -13.3904
        Episode_Reward/action_rate_rate: -5.9830
               Curriculum/adaptive_lift: 0.9939
            Episode_Reward/joint_acc_l2: -0.0422
           Curriculum/polish_not_moving: -1.0000
           Episode_Reward/torso_upright: 0.0000
      Episode_Reward/base_height_medium: 0.2431
         Episode_Reward/severely_tilted: -0.0189
     Episode_Reward/completely_airborne: -2.9090
           Curriculum/polish_torso_slam: -5.0000
        Curriculum/random_fallen_states: 0.0000
        Episode_Reward/joint_torques_l2: -0.2136
              Episode_Reward/relaxation: -1.4129
           Episode_Reward/torque_limits: -0.2473
       Episode_Reward/base_height_rough: 0.2387
           Episode_Reward/ankle_torques: -0.0502
            Episode_Reward/joint_vel_l2: -0.2428
        Episode_Reward/illegal_contacts: -0.2705
      Episode_Reward/joint_deviation_l1: -0.0212
          Curriculum/polish_ground_slam: -1.0000
    Episode_Reward/joint_tracking_error: -0.7301
           Episode_Termination/time_out: 0.2439
           Episode_Reward/forward_pitch: -0.4357
      Episode_Termination/invalid_state: 0.0000
           Episode_Reward/feet_yaw_mean: -0.0832
         Curriculum/polish_joint_vel_l2: -0.0010
              Episode_Reward/torso_slam: -0.0736
 Episode_Reward/joint_deviation_l1_arms: -0.0070
        Episode_Reward/joint_vel_limits: -0.0003
            Metrics/height/height_error: 0.7095
              Episode_Reward/not_moving: -0.1068
           Episode_Reward/feet_distance: -0.0768
              Curriculum/terrain_levels: 0.0000
        Episode_Reward/joint_pos_limits: -0.0007
  Episode_Reward/feet_distance_standing: -0.0064
--------------------------------------------------------------------------------
                         Iteration time: 16.11s
                           Time elapsed: 0:02:01
                                    ETA: 0:00:30

################################################################################
[1m                            Learning iteration 8/10                             [0m 

                               Run name: nexus
                            Total steps: 884736 
                       Steps per second: 6095 
                        Collection time: 15.810s 
                          Learning time: 0.317s 
                        Mean value loss: 3.2906
                    Mean surrogate loss: -0.0116
                      Mean entropy loss: 39.7889
                     Mean symmetry loss: 0.0005
                   Mean l2c2_actor loss: 0.0025
                  Mean l2c2_critic loss: 0.0056
                            Mean reward: -487.36
                    Mean episode length: 208.44
                        Mean action std: 0.95
                    Entropy coefficient: 0.002500
              Episode_Reward/feet_slide: -0.0690
              Episode_Reward/torso_roll: -0.2598
     Curriculum/polish_action_rate_rate: -0.1500
           Episode_Reward/body_velocity: -0.4448
             Episode_Reward/ground_slam: -0.1668
               Episode_Reward/flat_feet: -0.9466
         Episode_Reward/ground_unloaded: -0.2926
        Episode_Reward/base_height_fine: 0.3405
             Episode_Reward/action_rate: -15.0882
        Episode_Reward/action_rate_rate: -6.7408
               Curriculum/adaptive_lift: 0.9939
            Episode_Reward/joint_acc_l2: -0.0512
           Curriculum/polish_not_moving: -1.0000
           Episode_Reward/torso_upright: 0.0000
      Episode_Reward/base_height_medium: 0.2942
         Episode_Reward/severely_tilted: -0.0075
     Episode_Reward/completely_airborne: -3.5314
           Curriculum/polish_torso_slam: -5.0000
        Curriculum/random_fallen_states: 0.0000
        Episode_Reward/joint_torques_l2: -0.2504
              Episode_Reward/relaxation: -2.2936
           Episode_Reward/torque_limits: -0.2797
       Episode_Reward/base_height_rough: 0.2977
           Episode_Reward/ankle_torques: -0.0556
            Episode_Reward/joint_vel_l2: -0.2757
        Episode_Reward/illegal_contacts: -0.2911
      Episode_Reward/joint_deviation_l1: -0.0181
          Curriculum/polish_ground_slam: -1.0000
    Episode_Reward/joint_tracking_error: -0.8289
           Episode_Termination/time_out: 0.2743
           Episode_Reward/forward_pitch: -0.5953
      Episode_Termination/invalid_state: 0.0000
           Episode_Reward/feet_yaw_mean: -0.0945
         Curriculum/polish_joint_vel_l2: -0.0010
              Episode_Reward/torso_slam: -0.0790
 Episode_Reward/joint_deviation_l1_arms: -0.0060
        Episode_Reward/joint_vel_limits: -0.0003
            Metrics/height/height_error: 0.6495
              Episode_Reward/not_moving: -0.1092
           Episode_Reward/feet_distance: -0.0864
              Curriculum/terrain_levels: 0.0000
        Episode_Reward/joint_pos_limits: -0.0008
  Episode_Reward/feet_distance_standing: -0.0042
--------------------------------------------------------------------------------
                         Iteration time: 16.13s
                           Time elapsed: 0:02:17
                                    ETA: 0:00:15

################################################################################
[1m                            Learning iteration 9/10                             [0m 

                               Run name: nexus
                            Total steps: 983040 
                       Steps per second: 6108 
                        Collection time: 15.776s 
                          Learning time: 0.318s 
                        Mean value loss: 3.2048
                    Mean surrogate loss: -0.0096
                      Mean entropy loss: 39.5943
                     Mean symmetry loss: 0.0007
                   Mean l2c2_actor loss: 0.0027
                  Mean l2c2_critic loss: 0.0042
                            Mean reward: -526.05
                    Mean episode length: 232.17
                        Mean action std: 0.95
                    Entropy coefficient: 0.002500
              Episode_Reward/feet_slide: -0.0740
              Episode_Reward/torso_roll: -0.2743
     Curriculum/polish_action_rate_rate: -0.1500
           Episode_Reward/body_velocity: -0.4452
             Episode_Reward/ground_slam: -0.1885
               Episode_Reward/flat_feet: -1.0628
         Episode_Reward/ground_unloaded: -0.3696
        Episode_Reward/base_height_fine: 0.3483
             Episode_Reward/action_rate: -16.6788
        Episode_Reward/action_rate_rate: -7.4547
               Curriculum/adaptive_lift: 0.9939
            Episode_Reward/joint_acc_l2: -0.0547
           Curriculum/polish_not_moving: -1.0000
           Episode_Reward/torso_upright: 0.0000
      Episode_Reward/base_height_medium: 0.3103
         Episode_Reward/severely_tilted: -0.0195
     Episode_Reward/completely_airborne: -3.3640
           Curriculum/polish_torso_slam: -5.0000
        Curriculum/random_fallen_states: 0.0000
        Episode_Reward/joint_torques_l2: -0.2698
              Episode_Reward/relaxation: -2.0389
           Episode_Reward/torque_limits: -0.2945
       Episode_Reward/base_height_rough: 0.3274
           Episode_Reward/ankle_torques: -0.0606
            Episode_Reward/joint_vel_l2: -0.3147
        Episode_Reward/illegal_contacts: -0.3490
      Episode_Reward/joint_deviation_l1: -0.0251
          Curriculum/polish_ground_slam: -1.0000
    Episode_Reward/joint_tracking_error: -0.8998
           Episode_Termination/time_out: 0.3062
           Episode_Reward/forward_pitch: -0.5361
      Episode_Termination/invalid_state: 0.0000
           Episode_Reward/feet_yaw_mean: -0.1055
         Curriculum/polish_joint_vel_l2: -0.0010
              Episode_Reward/torso_slam: -0.0923
 Episode_Reward/joint_deviation_l1_arms: -0.0086
        Episode_Reward/joint_vel_limits: -0.0004
            Metrics/height/height_error: 0.6911
              Episode_Reward/not_moving: -0.1194
           Episode_Reward/feet_distance: -0.1009
              Curriculum/terrain_levels: 0.0000
        Episode_Reward/joint_pos_limits: -0.0009
  Episode_Reward/feet_distance_standing: -0.0097
--------------------------------------------------------------------------------
                         Iteration time: 16.09s
                           Time elapsed: 0:02:33
                                    ETA: 0:00:00

[nexus] 10 PPO iterations x 24 steps x 4096 envs in 154.0s -> 15401 ms/iter, 6383 env-steps/s | log /workspace/bench/nexus_port/logs/2026-09-02_15-18-50_nexus
TRAIN ON NEXUS OK
[INFO]: SimulationContext cleared
