The '--headless' CLI argument is deprecated. Omit '--viz' for default headless. If config visualizers are enabled and you want to force headless, use '--viz none'.
Loading user config located at: '/workspace/WBC-AGILE/.venv/lib/python3.12/site-packages/isaacsim/kit/data/Kit/IsaacLab/3.0/user.config.json'
2026-09-02T03:45:03Z [0ms] [Warning] [omni.ext.plugin] [ext: isaaclab_visualizers] Extensions config 'extension.toml' doesn't exist '/workspace/WBC-AGILE/.venv/lib/python3.12/site-packages/isaaclab/source/isaaclab_visualizers' or '/workspace/WBC-AGILE/.venv/lib/python3.12/site-packages/isaaclab/source/isaaclab_visualizers/config'
WARNING: All log messages before absl::InitializeLog() is called are written to STDERR
E0000 00:00:1788320703.629633   46877 descriptor_database.cc:633] File already exists in database: grpc/health/v1/health.proto
W0000 00:00:1788320703.629658   46877 message.cc:301] Protobuf GeneratedMessageFactory: File is already registered: grpc/health/v1/health.proto
2026-09-02T03:45:03Z [378ms] [Warning] [omni.usd_config.extension] Enable omni.materialx.libs extension to use MaterialX
2026-09-02T03:45:03Z [398ms] [Warning] [omni.platforminfo.plugin] failed to open the default display.  Can't verify X Server version.
2026-09-02T03:45:03Z [424ms] [Error] [omni.ext.plugin] Could not load the dynamic library from /workspace/WBC-AGILE/.venv/lib/python3.12/site-packages/isaacsim/extscache/omni.usd.libs-1.0.3+6312fa25.lx64.r.cp312/bin/libMaterialXRenderHw.so. Error: libXt.so.6: cannot open shared object file: No such file or directory (note that this may be caused by a dependent library)
2026-09-02T03:45:03Z [424ms] [Error] [omni.ext.plugin] Could not load the dynamic library from /workspace/WBC-AGILE/.venv/lib/python3.12/site-packages/isaacsim/extscache/omni.usd.libs-1.0.3+6312fa25.lx64.r.cp312/bin/libMaterialXRenderGlsl.so. Error: libXt.so.6: cannot open shared object file: No such file or directory (note that this may be caused by a dependent library)
2026-09-02T03:45:03Z [425ms] [Error] [omni.ext.plugin] Could not load the dynamic library from /workspace/WBC-AGILE/.venv/lib/python3.12/site-packages/isaacsim/extscache/omni.usd.libs-1.0.3+6312fa25.lx64.r.cp312/bin/libusd_usdBakeMtlx.so. Error: libXt.so.6: cannot open shared object file: No such file or directory (note that this may be caused by a dependent library)
2026-09-02T03:45:04Z [1,010ms] [Warning] [isaacsim.core.simulation_manager.plugin] USD stage is not available; stage-opened subscription is deferred
2026-09-02T03:45:04Z [1,010ms] [Warning] [isaacsim.core.simulation_manager.plugin] USD stage is not available; stage-opened subscription is deferred
[ISAACLAB] AppLauncher initialization complete
[INFO]: Parsing configuration from: agile.rl_env.tasks.stand_up.g1.height_tracking_env_cfg:G1HeightTrackingEnvCfg
[INFO]: Parsing configuration from: agile.rl_env.tasks.stand_up.g1.agents.rsl_rl_ppo_cfg:G1HeightTrackingPpoRunnerCfg
[INFO] Logging experiment in directory: /workspace/WBC-AGILE/logs/rsl_rl/height_tracking_g1
Exact experiment name requested from command line: 2026-09-02_03-45-14
2026-09-02T03:45:14Z [10,808ms] [Warning] [isaaclab_physx.physics.physx_manager] TGS solver with enable_external_forces_every_iteration=False may cause noisy velocities.
[INFO]: Base environment:
	Environment device    : cuda:0
	Environment seed      : 42
	Physics step-size     : 0.005
	Rendering step-size   : 0.02
	Environment step-size : 0.02
[INFO] Generating terrains based on curriculum took Last: 0.219987 s
[INFO]: Registered backend 'physx' for factory Articulation.
[INFO]: Setting variant selection 'PhysX' for variant set 'Physics' on prim '/World/envs/env_0/Robot'.
[INFO]: Setting variant selection 'None' for variant set 'left_hand' on prim '/World/envs/env_0/Robot'.
[INFO]: Setting variant selection 'None' for variant set 'right_hand' on prim '/World/envs/env_0/Robot'.
[INFO]: Registered backend 'physx' for factory FrameView.
[INFO]: Registered backend 'physx' for factory ContactSensor.
[INFO]: Registered backend 'physx' for factory RayCaster.
[INFO]: Physics scene prim path: /physicsScene
[INFO]: Time taken for scene creation Last: 16.367557 s, Mean: 16.367557 s, Std: 0.000000 s, N: 1
[INFO]: Scene manager:  <class InteractiveScene>
	Number of environments: 8192
	Environment spacing   : 2.5
	Source prim name      : /World/envs/env_0
	Global prim paths     : ['/World/ground']
	Replicate physics     : True
2026-09-02T03:46:09Z [65,942ms] [Warning] [usdrt.population.plugin] Last global time was not created. Did you call setEnableUsdNoticeHandling?
[INFO]: Simulation parameters for joints in /World/envs/env_.*/Robot:
+---------------------------------------------------------------------------------------------------------------------------------------------------------------------------------+
|                                                        Simulation Joint Information (Prim path: /World/envs/env_.*/Robot)                                                       |
+-------+----------------------------+-----------+---------+----------+-----------------+------------------+------------------+-----------------+-----------------+---------------+
| Index | Name                       | Stiffness | Damping | Armature | Static Friction | Dynamic Friction | Viscous Friction | Position Limits | Velocity Limits | Effort Limits |
+-------+----------------------------+-----------+---------+----------+-----------------+------------------+------------------+-----------------+-----------------+---------------+
|   0   | left_hip_pitch_joint       |   0.000   |  0.000  |  0.020   |      0.010      |      0.000       |      0.000       | [-2.531, 2.880] |      32.000     |     88.000    |
|   1   | right_hip_pitch_joint      |   0.000   |  0.000  |  0.020   |      0.010      |      0.000       |      0.000       | [-2.531, 2.880] |      32.000     |     88.000    |
|   2   | waist_yaw_joint            |   0.000   |  0.000  |  0.020   |      0.010      |      0.000       |      0.000       | [-2.618, 2.618] |      32.000     |     88.000    |
|   3   | left_hip_roll_joint        |   0.000   |  0.000  |  0.020   |      0.010      |      0.000       |      0.000       | [-0.524, 2.967] |      32.000     |     88.000    |
|   4   | right_hip_roll_joint       |   0.000   |  0.000  |  0.020   |      0.010      |      0.000       |      0.000       | [-2.967, 0.524] |      32.000     |     88.000    |
|   5   | waist_roll_joint           |   0.000   |  0.000  |  0.020   |      0.010      |      0.000       |      0.000       | [-0.520, 0.520] |      37.000     |     50.000    |
|   6   | left_hip_yaw_joint         |   0.000   |  0.000  |  0.020   |      0.010      |      0.000       |      0.000       | [-2.758, 2.758] |      32.000     |     88.000    |
|   7   | right_hip_yaw_joint        |   0.000   |  0.000  |  0.020   |      0.010      |      0.000       |      0.000       | [-2.758, 2.758] |      32.000     |     88.000    |
|   8   | waist_pitch_joint          |   0.000   |  0.000  |  0.020   |      0.010      |      0.000       |      0.000       | [-0.520, 0.520] |      37.000     |     50.000    |
|   9   | left_knee_joint            |   0.000   |  0.000  |  0.020   |      0.010      |      0.000       |      0.000       | [-0.087, 2.880] |      20.000     |    139.000    |
|   10  | right_knee_joint           |   0.000   |  0.000  |  0.020   |      0.010      |      0.000       |      0.000       | [-0.087, 2.880] |      20.000     |    139.000    |
|   11  | left_shoulder_pitch_joint  |   0.000   |  0.000  |  0.020   |      0.010      |      0.000       |      0.000       | [-3.089, 2.670] |      37.000     |     25.000    |
|   12  | right_shoulder_pitch_joint |   0.000   |  0.000  |  0.020   |      0.010      |      0.000       |      0.000       | [-3.089, 2.670] |      37.000     |     25.000    |
|   13  | left_ankle_pitch_joint     |   0.000   |  0.000  |  0.020   |      0.010      |      0.000       |      0.000       | [-0.873, 0.524] |      37.000     |     50.000    |
|   14  | right_ankle_pitch_joint    |   0.000   |  0.000  |  0.020   |      0.010      |      0.000       |      0.000       | [-0.873, 0.524] |      37.000     |     50.000    |
|   15  | left_shoulder_roll_joint   |   0.000   |  0.000  |  0.020   |      0.010      |      0.000       |      0.000       | [-1.588, 2.251] |      37.000     |     25.000    |
|   16  | right_shoulder_roll_joint  |   0.000   |  0.000  |  0.020   |      0.010      |      0.000       |      0.000       | [-2.251, 1.588] |      37.000     |     25.000    |
|   17  | left_ankle_roll_joint      |   0.000   |  0.000  |  0.020   |      0.010      |      0.000       |      0.000       | [-0.262, 0.262] |      37.000     |     50.000    |
|   18  | right_ankle_roll_joint     |   0.000   |  0.000  |  0.020   |      0.010      |      0.000       |      0.000       | [-0.262, 0.262] |      37.000     |     50.000    |
|   19  | left_shoulder_yaw_joint    |   0.000   |  0.000  |  0.020   |      0.010      |      0.000       |      0.000       | [-2.618, 2.618] |      37.000     |     25.000    |
|   20  | right_shoulder_yaw_joint   |   0.000   |  0.000  |  0.020   |      0.010      |      0.000       |      0.000       | [-2.618, 2.618] |      37.000     |     25.000    |
|   21  | left_elbow_joint           |   0.000   |  0.000  |  0.020   |      0.010      |      0.000       |      0.000       | [-1.047, 2.094] |      37.000     |     25.000    |
|   22  | right_elbow_joint          |   0.000   |  0.000  |  0.020   |      0.010      |      0.000       |      0.000       | [-1.047, 2.094] |      37.000     |     25.000    |
|   23  | left_wrist_roll_joint      |   0.000   |  0.000  |  0.020   |      0.010      |      0.000       |      0.000       | [-1.972, 1.972] |      37.000     |     25.000    |
|   24  | right_wrist_roll_joint     |   0.000   |  0.000  |  0.020   |      0.010      |      0.000       |      0.000       | [-1.972, 1.972] |      37.000     |     25.000    |
|   25  | left_wrist_pitch_joint     |   0.000   |  0.000  |  0.020   |      0.010      |      0.000       |      0.000       | [-1.614, 1.614] |      22.000     |     5.000     |
|   26  | right_wrist_pitch_joint    |   0.000   |  0.000  |  0.020   |      0.010      |      0.000       |      0.000       | [-1.614, 1.614] |      22.000     |     5.000     |
|   27  | left_wrist_yaw_joint       |   0.000   |  0.000  |  0.020   |      0.010      |      0.000       |      0.000       | [-1.614, 1.614] |      22.000     |     5.000     |
|   28  | right_wrist_yaw_joint      |   0.000   |  0.000  |  0.020   |      0.010      |      0.000       |      0.000       | [-1.614, 1.614] |      22.000     |     5.000     |
+-------+----------------------------+-----------+---------+----------+-----------------+------------------+------------------+-----------------+-----------------+---------------+
[INFO]: Read mesh prim: /World/ground/terrain/mesh with 369728 vertices and 2097240 faces.
[INFO]: Time taken for simulation start Last: 64.915458 s, Mean: 64.915458 s, Std: 0.000000 s, N: 1
[INFO] Command Manager:  <CommandManager> contains 1 active terms.
+--------------------------------------+
|         Active Command Terms         |
+-------+--------+---------------------+
| Index | Name   |         Type        |
+-------+--------+---------------------+
|   0   | height | SmoothHeightCommand |
+-------+--------+---------------------+

[INFO] Event Manager:  <EventManager> contains 3 active terms.
+----------------------------------------+
| Active Event Terms in Mode: 'startup'  |
+--------+-------------------------------+
| Index  | Name                          |
+--------+-------------------------------+
|   0    | randomize_physics_material    |
|   1    | randomize_actuator_gains      |
|   2    | randomize_bodies_mass         |
|   3    | randomize_base_mass           |
|   4    | randomize_base_com            |
+--------+-------------------------------+
+---------------------------------------------------------------------------+
|                   Active Event Terms in Mode: 'interval'                  |
+-------+-----------------------------------------+-------------------------+
| Index | Name                                    | Interval time range (s) |
+-------+-----------------------------------------+-------------------------+
|   0   | push_robot                              |       (0.0, 10.0)       |
|   1   | apply_external_force_torque             |       (0.0, 10.0)       |
|   2   | apply_external_force_torque_extremities |       (0.0, 10.0)       |
+-------+-----------------------------------------+-------------------------+
+----------------------------------+
| Active Event Terms in Mode: 'reset' |
+------------+---------------------+
|   Index    | Name                |
+------------+---------------------+
|     0      | reset_base          |
+------------+---------------------+

[INFO] Recorder Manager:  <RecorderManager> contains 0 active terms.
+---------------------+
| Active Recorder Terms |
+-----------+---------+
|   Index   | Name    |
+-----------+---------+
+-----------+---------+

[INFO]: Resolved joint names for the action term JointPositionAction: ['left_hip_pitch_joint', 'right_hip_pitch_joint', 'waist_yaw_joint', 'left_hip_roll_joint', 'right_hip_roll_joint', 'waist_roll_joint', 'left_hip_yaw_joint', 'right_hip_yaw_joint', 'waist_pitch_joint', 'left_knee_joint', 'right_knee_joint', 'left_shoulder_pitch_joint', 'right_shoulder_pitch_joint', 'left_ankle_pitch_joint', 'right_ankle_pitch_joint', 'left_shoulder_roll_joint', 'right_shoulder_roll_joint', 'left_ankle_roll_joint', 'right_ankle_roll_joint', 'left_shoulder_yaw_joint', 'right_shoulder_yaw_joint', 'left_elbow_joint', 'right_elbow_joint', 'left_wrist_roll_joint', 'right_wrist_roll_joint', 'left_wrist_pitch_joint', 'right_wrist_pitch_joint', 'left_wrist_yaw_joint', 'right_wrist_yaw_joint'] [[0, 1, 2, 3, 4, 5, 6, 7, 8, 9, 10, 11, 12, 13, 14, 15, 16, 17, 18, 19, 20, 21, 22, 23, 24, 25, 26, 27, 28]]
[INFO] Action Manager:  <ActionManager> contains 2 active terms.
+------------------------------------+
|  Active Action Terms (shape: 29)   |
+--------+-------------+-------------+
| Index  | Name        |   Dimension |
+--------+-------------+-------------+
|   0    | joint_pos   |          29 |
|   1    | lift        |           0 |
+--------+-------------+-------------+

[INFO] Observation Manager: <ObservationManager> contains 2 groups.
+----------------------------------------------+
| Active Observation Terms in Group: 'policy'  |
+---------+------------------------+-----------+
|  Index  | Name                   |   Shape   |
+---------+------------------------+-----------+
|    0    | base_ang_vel           |   (5, 3)  |
|    1    | projected_gravity      |   (5, 3)  |
|    2    | joint_pos              |  (5, 29)  |
|    3    | joint_vel              |  (5, 29)  |
|    4    | actions                |  (5, 29)  |
|    5    | height_command         |   (5, 1)  |
+---------+------------------------+-----------+
+----------------------------------------------+
| Active Observation Terms in Group: 'critic'  |
+---------+------------------------+-----------+
|  Index  | Name                   |   Shape   |
+---------+------------------------+-----------+
|    0    | projected_gravity      |   (5, 3)  |
|    1    | base_lin_vel           |   (5, 3)  |
|    2    | base_ang_vel           |   (5, 3)  |
|    3    | joint_pos              |  (5, 29)  |
|    4    | joint_vel              |  (5, 29)  |
|    5    | actions                |  (5, 29)  |
|    6    | contact_forces         |  (5, 30)  |
|    7    | base_height            |   (5, 1)  |
|    8    | height_command         |   (5, 1)  |
+---------+------------------------+-----------+

[INFO] Termination Manager:  <TerminationManager> contains 2 active terms.
+----------------------------------+
|     Active Termination Terms     |
+-------+---------------+----------+
| Index | Name          | Time Out |
+-------+---------------+----------+
|   0   | time_out      |   True   |
|   1   | invalid_state |  False   |
+-------+---------------+----------+

[INFO] Reward Manager:  <RewardManager> contains 32 active terms.
+--------------------------------------------+
|            Active Reward Terms             |
+-------+-------------------------+----------+
| Index | Name                    |   Weight |
+-------+-------------------------+----------+
|   0   | joint_torques_l2        |   -5e-05 |
|   1   | torque_limits           |    -0.01 |
|   2   | joint_acc_l2            | -2.5e-08 |
|   3   | joint_pos_limits        |     -0.1 |
|   4   | joint_vel_limits        |    -0.01 |
|   5   | action_rate             |     -1.0 |
|   6   | action_rate_rate        |    -0.15 |
|   7   | joint_vel_l2            |   -0.001 |
|   8   | joint_tracking_error    |     -0.5 |
|   9   | base_height_rough       |      4.0 |
|   10  | base_height_medium      |      8.0 |
|   11  | base_height_fine        |     16.0 |
|   12  | relaxation              |     -1.0 |
|   13  | joint_deviation_l1      |     -0.5 |
|   14  | joint_deviation_l1_arms |     -0.5 |
|   15  | ankle_torques           |   -0.001 |
|   16  | not_moving              |     -1.0 |
|   17  | torso_upright           |     -1.0 |
|   18  | severely_tilted         |     -5.0 |
|   19  | torso_roll              |     -5.0 |
|   20  | forward_pitch           |    -10.0 |
|   21  | illegal_contacts        |     -2.0 |
|   22  | feet_distance           |     -5.0 |
|   23  | feet_distance_standing  |    -10.0 |
|   24  | ground_unloaded         |     -2.0 |
|   25  | flat_feet               |     -1.0 |
|   26  | feet_slide              |     -1.0 |
|   27  | feet_yaw_mean           |     -2.0 |
|   28  | completely_airborne     |    -50.0 |
|   29  | body_velocity           |     -0.1 |
|   30  | ground_slam             |     -1.0 |
|   31  | torso_slam              |     -5.0 |
+-------+-------------------------+----------+

[INFO] Curriculum Manager:  <CurriculumManager> contains 8 active terms.
+---------------------------------+
|     Active Curriculum Terms     |
+-------+-------------------------+
| Index | Name                    |
+-------+-------------------------+
|   0   | adaptive_lift           |
|   1   | terrain_levels          |
|   2   | polish_action_rate_rate |
|   3   | polish_ground_slam      |
|   4   | polish_torso_slam       |
|   5   | polish_not_moving       |
|   6   | polish_joint_vel_l2     |
|   7   | random_fallen_states    |
+-------+-------------------------+

[INFO]: Completed setting up the environment...
/workspace/WBC-AGILE/.venv/lib/python3.12/site-packages/rsl_rl/utils/utils.py:220: UserWarning: The observation configuration dictionary 'obs_groups' is empty and thus likely not configured. Consider configuring the 'obs_groups' dictionary explicitly
  warnings.warn(
/workspace/WBC-AGILE/.venv/lib/python3.12/site-packages/rsl_rl/utils/utils.py:251: UserWarning: The observation configuration dictionary 'obs_groups' does not contain the 'actor' key. As an observation group with the name 'policy' was found, this is assumed to be the appropriate observation. Consider adding the 'actor' key to the 'obs_groups' dictionary for clarity. This behavior will be removed in a future version.
  warnings.warn(
/workspace/WBC-AGILE/.venv/lib/python3.12/site-packages/rsl_rl/utils/utils.py:243: UserWarning: The observation configuration dictionary 'obs_groups' does not contain the 'critic' key. As an observation group with the name 'critic' was found, this is assumed to be the appropriate observation. Consider adding the 'critic' key to the 'obs_groups' dictionary for clarity. This behavior will be removed in a future version.
  warnings.warn(
--------------------------------------------------------------------------------
Resolved observation sets: 
	 actor :  ['policy']
	 critic :  ['critic']
--------------------------------------------------------------------------------
Actor Model: MLPModel(
  (obs_normalizer): Identity()
  (distribution): GaussianDistribution()
  (mlp): MLP(
    (0): Linear(in_features=470, out_features=256, bias=True)
    (1): ELU(alpha=1.0)
    (2): Linear(in_features=256, out_features=256, bias=True)
    (3): ELU(alpha=1.0)
    (4): Linear(in_features=256, out_features=128, bias=True)
    (5): ELU(alpha=1.0)
    (6): Linear(in_features=128, out_features=29, bias=True)
  )
)
Critic Model: MLPModel(
  (obs_normalizer): Identity()
  (mlp): MLP(
    (0): Linear(in_features=640, out_features=512, bias=True)
    (1): ELU(alpha=1.0)
    (2): Linear(in_features=512, out_features=256, bias=True)
    (3): ELU(alpha=1.0)
    (4): Linear(in_features=256, out_features=128, bias=True)
    (5): ELU(alpha=1.0)
    (6): Linear(in_features=128, out_features=1, bias=True)
  )
)
Storing git diff for 'WBC-AGILE' in: /workspace/WBC-AGILE/logs/rsl_rl/height_tracking_g1/2026-09-02_03-45-14_height_tracking_g1/git/WBC-AGILE.diff
2026-09-02T03:46:38Z [94,576ms] [Error] [omni.physx.plugin] PhysX error: The application needs to increase PxGpuDynamicsMemoryConfig::foundLostAggregatePairsCapacity to 172733764, otherwise, the simulation will miss interactions, FILE /builds/omniverse/physics/physx/source/gpubroadphase/src/PxgAABBManager.cpp, LINE 1304
################################################################################
[1m                            Learning iteration 0/30                             [0m 

                               Run name: height_tracking_g1
                            Total steps: 196608 
                       Steps per second: 3559 
                        Collection time: 54.686s 
                          Learning time: 0.541s 
                        Mean value loss: 5.1706
                    Mean surrogate loss: 0.0338
                      Mean entropy loss: 41.0884
                     Mean symmetry loss: 0.0023
                   Mean l2c2_actor loss: 0.0010
                  Mean l2c2_critic loss: 0.0095
                            Mean reward: -46.80
                    Mean episode length: 19.03
                        Mean action std: 1.00
                    Entropy coefficient: 0.002500
            Episode_Reward/joint_acc_l2: -0.0058
        Episode_Reward/illegal_contacts: -0.0017
      Episode_Reward/joint_deviation_l1: -0.0210
        Episode_Reward/action_rate_rate: -0.3963
               Episode_Reward/flat_feet: -0.0301
        Episode_Reward/joint_vel_limits: -0.0000
               Curriculum/adaptive_lift: 1.0000
      Episode_Termination/invalid_state: 0.0001
            Metrics/height/height_error: nan
        Episode_Reward/joint_torques_l2: -0.0178
        Episode_Reward/joint_pos_limits: -0.0001
              Episode_Reward/feet_slide: -0.0119
            Episode_Reward/joint_vel_l2: -0.0251
              Episode_Reward/not_moving: -0.0512
    Episode_Reward/joint_tracking_error: -0.0557
           Episode_Reward/body_velocity: -0.0653
     Curriculum/polish_action_rate_rate: -0.1500
           Episode_Reward/feet_yaw_mean: -0.0097
         Episode_Reward/severely_tilted: -0.0002
             Episode_Reward/ground_slam: -0.0381
           Episode_Reward/torso_upright: 0.0000
 Episode_Reward/joint_deviation_l1_arms: -0.0073
              Episode_Reward/torso_roll: -0.0186
           Episode_Reward/torque_limits: -0.0206
             Episode_Reward/action_rate: -0.9226
           Episode_Reward/feet_distance: -0.0029
       Episode_Reward/base_height_rough: 0.0324
              Curriculum/terrain_levels: 0.0000
          Curriculum/polish_ground_slam: -1.0000
        Episode_Reward/base_height_fine: 0.0787
  Episode_Reward/feet_distance_standing: -0.0030
         Curriculum/polish_joint_vel_l2: -0.0010
      Episode_Reward/base_height_medium: 0.0488
              Episode_Reward/torso_slam: -0.0322
           Episode_Reward/forward_pitch: -0.0072
           Curriculum/polish_torso_slam: -5.0000
         Episode_Reward/ground_unloaded: -0.0142
           Curriculum/polish_not_moving: -1.0000
        Curriculum/random_fallen_states: 0.0000
           Episode_Termination/time_out: 0.0156
     Episode_Reward/completely_airborne: -0.2969
           Episode_Reward/ankle_torques: -0.0051
              Episode_Reward/relaxation: -0.1404
--------------------------------------------------------------------------------
                         Iteration time: 55.23s
                           Time elapsed: 0:00:55
                                    ETA: 0:26:41

################################################################################
[1m                            Learning iteration 1/30                             [0m 

                               Run name: height_tracking_g1
                            Total steps: 393216 
                       Steps per second: 7241 
                        Collection time: 26.720s 
                          Learning time: 0.429s 
                        Mean value loss: 5.5109
                    Mean surrogate loss: 0.0039
                      Mean entropy loss: 41.0236
                     Mean symmetry loss: 0.0012
                   Mean l2c2_actor loss: 0.0009
                  Mean l2c2_critic loss: 0.0239
                            Mean reward: -118.31
                    Mean episode length: 44.70
                        Mean action std: 0.99
                    Entropy coefficient: 0.002500
            Episode_Reward/joint_acc_l2: -0.0154
        Episode_Reward/illegal_contacts: -0.0109
      Episode_Reward/joint_deviation_l1: -0.0671
        Episode_Reward/action_rate_rate: -1.2318
               Episode_Reward/flat_feet: -0.1045
        Episode_Reward/joint_vel_limits: -0.0001
               Curriculum/adaptive_lift: 1.0000
      Episode_Termination/invalid_state: 0.0005
            Metrics/height/height_error: nan
        Episode_Reward/joint_torques_l2: -0.0537
        Episode_Reward/joint_pos_limits: -0.0003
              Episode_Reward/feet_slide: -0.0433
            Episode_Reward/joint_vel_l2: -0.0794
              Episode_Reward/not_moving: -0.2307
    Episode_Reward/joint_tracking_error: -0.1744
           Episode_Reward/body_velocity: -0.2584
     Curriculum/polish_action_rate_rate: -0.1500
           Episode_Reward/feet_yaw_mean: -0.0388
         Episode_Reward/severely_tilted: -0.0049
             Episode_Reward/ground_slam: -0.1403
           Episode_Reward/torso_upright: 0.0000
 Episode_Reward/joint_deviation_l1_arms: -0.0286
              Episode_Reward/torso_roll: -0.0646
           Episode_Reward/torque_limits: -0.0645
             Episode_Reward/action_rate: -2.7772
           Episode_Reward/feet_distance: -0.0143
       Episode_Reward/base_height_rough: 0.1068
              Curriculum/terrain_levels: 0.0000
          Curriculum/polish_ground_slam: -1.0000
        Episode_Reward/base_height_fine: 0.2982
  Episode_Reward/feet_distance_standing: -0.0165
         Curriculum/polish_joint_vel_l2: -0.0010
      Episode_Reward/base_height_medium: 0.1749
              Episode_Reward/torso_slam: -0.1024
           Episode_Reward/forward_pitch: -0.0339
           Curriculum/polish_torso_slam: -5.0000
         Episode_Reward/ground_unloaded: -0.0439
           Curriculum/polish_not_moving: -1.0000
        Curriculum/random_fallen_states: 0.0000
           Episode_Termination/time_out: 0.0452
     Episode_Reward/completely_airborne: -0.8654
           Episode_Reward/ankle_torques: -0.0140
              Episode_Reward/relaxation: -0.4070
--------------------------------------------------------------------------------
                         Iteration time: 27.15s
                           Time elapsed: 0:01:22
                                    ETA: 0:19:13

################################################################################
[1m                            Learning iteration 2/30                             [0m 

                               Run name: height_tracking_g1
                            Total steps: 589824 
                       Steps per second: 9772 
                        Collection time: 19.689s 
                          Learning time: 0.429s 
                        Mean value loss: 4.7541
                    Mean surrogate loss: -0.0062
                      Mean entropy loss: 40.7695
                     Mean symmetry loss: 0.0006
                   Mean l2c2_actor loss: 0.0010
                  Mean l2c2_critic loss: 0.0159
                            Mean reward: -174.11
                    Mean episode length: 66.98
                        Mean action std: 0.99
                    Entropy coefficient: 0.002500
            Episode_Reward/joint_acc_l2: -0.0253
        Episode_Reward/illegal_contacts: -0.0240
      Episode_Reward/joint_deviation_l1: -0.0889
        Episode_Reward/action_rate_rate: -2.0664
               Episode_Reward/flat_feet: -0.1872
        Episode_Reward/joint_vel_limits: -0.0002
               Curriculum/adaptive_lift: 1.0000
      Episode_Termination/invalid_state: 0.0008
            Metrics/height/height_error: nan
        Episode_Reward/joint_torques_l2: -0.0855
        Episode_Reward/joint_pos_limits: -0.0004
              Episode_Reward/feet_slide: -0.0659
            Episode_Reward/joint_vel_l2: -0.1323
              Episode_Reward/not_moving: -0.3442
    Episode_Reward/joint_tracking_error: -0.2889
           Episode_Reward/body_velocity: -0.4130
     Curriculum/polish_action_rate_rate: -0.1500
           Episode_Reward/feet_yaw_mean: -0.0547
         Episode_Reward/severely_tilted: -0.0065
             Episode_Reward/ground_slam: -0.2295
           Episode_Reward/torso_upright: -0.0012
 Episode_Reward/joint_deviation_l1_arms: -0.0415
              Episode_Reward/torso_roll: -0.1071
           Episode_Reward/torque_limits: -0.1031
             Episode_Reward/action_rate: -4.6306
           Episode_Reward/feet_distance: -0.0262
       Episode_Reward/base_height_rough: 0.1643
              Curriculum/terrain_levels: 0.0000
          Curriculum/polish_ground_slam: -1.0000
        Episode_Reward/base_height_fine: 0.4437
  Episode_Reward/feet_distance_standing: -0.0261
         Curriculum/polish_joint_vel_l2: -0.0010
      Episode_Reward/base_height_medium: 0.2612
              Episode_Reward/torso_slam: -0.1650
           Episode_Reward/forward_pitch: -0.0823
           Curriculum/polish_torso_slam: -5.0000
         Episode_Reward/ground_unloaded: -0.0682
           Curriculum/polish_not_moving: -1.0000
        Curriculum/random_fallen_states: 0.0000
           Episode_Termination/time_out: 0.0763
     Episode_Reward/completely_airborne: -1.3629
           Episode_Reward/ankle_torques: -0.0205
              Episode_Reward/relaxation: -0.7783
--------------------------------------------------------------------------------
                         Iteration time: 20.12s
                           Time elapsed: 0:01:42
                                    ETA: 0:15:22

################################################################################
[1m                            Learning iteration 3/30                             [0m 

                               Run name: height_tracking_g1
                            Total steps: 786432 
                       Steps per second: 11934 
                        Collection time: 16.045s 
                          Learning time: 0.429s 
                        Mean value loss: 4.4483
                    Mean surrogate loss: -0.0077
                      Mean entropy loss: 40.6536
                     Mean symmetry loss: 0.0004
                   Mean l2c2_actor loss: 0.0012
                  Mean l2c2_critic loss: 0.0072
                            Mean reward: -236.27
                    Mean episode length: 92.66
                        Mean action std: 0.98
                    Entropy coefficient: 0.002500
            Episode_Reward/joint_acc_l2: -0.0348
        Episode_Reward/illegal_contacts: -0.0332
      Episode_Reward/joint_deviation_l1: -0.1247
        Episode_Reward/action_rate_rate: -2.8684
               Episode_Reward/flat_feet: -0.2655
        Episode_Reward/joint_vel_limits: -0.0003
               Curriculum/adaptive_lift: 1.0000
      Episode_Termination/invalid_state: 0.0010
            Metrics/height/height_error: nan
        Episode_Reward/joint_torques_l2: -0.1185
        Episode_Reward/joint_pos_limits: -0.0005
              Episode_Reward/feet_slide: -0.0951
            Episode_Reward/joint_vel_l2: -0.1869
              Episode_Reward/not_moving: -0.5944
    Episode_Reward/joint_tracking_error: -0.3940
           Episode_Reward/body_velocity: -0.5604
     Curriculum/polish_action_rate_rate: -0.1500
           Episode_Reward/feet_yaw_mean: -0.0732
         Episode_Reward/severely_tilted: -0.0102
             Episode_Reward/ground_slam: -0.3142
           Episode_Reward/torso_upright: -0.0047
 Episode_Reward/joint_deviation_l1_arms: -0.0573
              Episode_Reward/torso_roll: -0.1478
           Episode_Reward/torque_limits: -0.1431
             Episode_Reward/action_rate: -6.4191
           Episode_Reward/feet_distance: -0.0370
       Episode_Reward/base_height_rough: 0.2696
              Curriculum/terrain_levels: 0.0000
          Curriculum/polish_ground_slam: -1.0000
        Episode_Reward/base_height_fine: 0.7665
  Episode_Reward/feet_distance_standing: -0.0372
         Curriculum/polish_joint_vel_l2: -0.0010
      Episode_Reward/base_height_medium: 0.4457
              Episode_Reward/torso_slam: -0.2293
           Episode_Reward/forward_pitch: -0.1314
           Curriculum/polish_torso_slam: -5.0000
         Episode_Reward/ground_unloaded: -0.1057
           Curriculum/polish_not_moving: -1.0000
        Curriculum/random_fallen_states: 0.0000
           Episode_Termination/time_out: 0.1069
     Episode_Reward/completely_airborne: -1.9827
           Episode_Reward/ankle_torques: -0.0283
              Episode_Reward/relaxation: -0.9382
--------------------------------------------------------------------------------
                         Iteration time: 16.47s
                           Time elapsed: 0:01:58
                                    ETA: 0:12:53

