Loading user config located at: '/workspace/WBC-AGILE/.venv/lib/python3.12/site-packages/isaacsim/kit/data/Kit/IsaacLab/3.0/user.config.json'
2026-09-02T16:04:58Z [0ms] [Warning] [omni.ext.plugin] [ext: isaaclab_visualizers] Extensions config 'extension.toml' doesn't exist '/workspace/WBC-AGILE/.venv/lib/python3.12/site-packages/isaaclab/source/isaaclab_visualizers' or '/workspace/WBC-AGILE/.venv/lib/python3.12/site-packages/isaaclab/source/isaaclab_visualizers/config'
WARNING: All log messages before absl::InitializeLog() is called are written to STDERR
E0000 00:00:1788365098.563323   20715 descriptor_database.cc:633] File already exists in database: grpc/health/v1/health.proto
W0000 00:00:1788365098.563355   20715 message.cc:301] Protobuf GeneratedMessageFactory: File is already registered: grpc/health/v1/health.proto
2026-09-02T16:04:58Z [361ms] [Warning] [omni.usd_config.extension] Enable omni.materialx.libs extension to use MaterialX
2026-09-02T16:04:58Z [408ms] [Warning] [omni.platforminfo.plugin] failed to open the default display.  Can't verify X Server version.
2026-09-02T16:04:58Z [408ms] [Error] [omni.ext.plugin] Could not load the dynamic library from /workspace/WBC-AGILE/.venv/lib/python3.12/site-packages/isaacsim/extscache/omni.usd.libs-1.0.3+6312fa25.lx64.r.cp312/bin/libMaterialXRenderHw.so. Error: libXt.so.6: cannot open shared object file: No such file or directory (note that this may be caused by a dependent library)
2026-09-02T16:04:58Z [408ms] [Error] [omni.ext.plugin] Could not load the dynamic library from /workspace/WBC-AGILE/.venv/lib/python3.12/site-packages/isaacsim/extscache/omni.usd.libs-1.0.3+6312fa25.lx64.r.cp312/bin/libMaterialXRenderGlsl.so. Error: libXt.so.6: cannot open shared object file: No such file or directory (note that this may be caused by a dependent library)
2026-09-02T16:04:58Z [409ms] [Error] [omni.ext.plugin] Could not load the dynamic library from /workspace/WBC-AGILE/.venv/lib/python3.12/site-packages/isaacsim/extscache/omni.usd.libs-1.0.3+6312fa25.lx64.r.cp312/bin/libusd_usdBakeMtlx.so. Error: libXt.so.6: cannot open shared object file: No such file or directory (note that this may be caused by a dependent library)
2026-09-02T16:04:59Z [960ms] [Warning] [isaacsim.core.simulation_manager.plugin] USD stage is not available; stage-opened subscription is deferred
2026-09-02T16:04:59Z [960ms] [Warning] [isaacsim.core.simulation_manager.plugin] USD stage is not available; stage-opened subscription is deferred
[ISAACLAB] AppLauncher initialization complete
[INFO]: Parsing configuration from: agile.rl_env.tasks.stand_up.g1.height_tracking_env_cfg:G1HeightTrackingEnvCfg
[INFO]: Parsing configuration from: agile.rl_env.tasks.stand_up.g1.agents.rsl_rl_ppo_cfg:G1HeightTrackingPpoRunnerCfg
/workspace/isaaclab_nexus/envs.py:68: UserWarning: nexusify dropped terms without a Nexus implementation: events.randomize_physics_material (randomize_rigid_body_material), events.randomize_base_com (randomize_rigid_body_com)
  warnings.warn("nexusify dropped terms without a Nexus implementation: " + ", ".join(dropped))
[INFO]: Base environment:
	Environment device    : cuda:0
	Environment seed      : 42
	Physics step-size     : 0.005
	Rendering step-size   : 0.02
	Environment step-size : 0.02
[INFO] Generating terrains based on curriculum took Last: 0.316978 s
[INFO]: Registered backend 'nexus' for factory Articulation.
[INFO]: Registered backend 'nexus' for factory ContactSensor.
[INFO]: Registered backend 'nexus' for factory RayCaster.
[INFO]: Time taken for scene creation Last: 10.771555 s, Mean: 10.771555 s, Std: 0.000000 s, N: 1
[INFO]: Scene manager:  NexusScene(num_envs=4096, entities=['robot', 'contact_forces', 'height_measurement_sensor', 'terrain'])
[INFO]: Time taken for simulation start Last: 0.013815 s, Mean: 0.013815 s, Std: 0.000000 s, N: 1
[INFO] Command Manager:  <CommandManager> contains 1 active terms.
+--------------------------------------+
|         Active Command Terms         |
+-------+--------+---------------------+
| Index | Name   |         Type        |
+-------+--------+---------------------+
|   0   | height | SmoothHeightCommand |
+-------+--------+---------------------+

[INFO] Event Manager:  <EventManager> contains 3 active terms.
+----------------------------------------+
| Active Event Terms in Mode: 'startup'  |
+--------+-------------------------------+
| Index  | Name                          |
+--------+-------------------------------+
|   0    | randomize_actuator_gains      |
|   1    | randomize_bodies_mass         |
|   2    | randomize_base_mass           |
+--------+-------------------------------+
+---------------------------------------------------------------------------+
|                   Active Event Terms in Mode: 'interval'                  |
+-------+-----------------------------------------+-------------------------+
| Index | Name                                    | Interval time range (s) |
+-------+-----------------------------------------+-------------------------+
|   0   | push_robot                              |       (0.0, 10.0)       |
|   1   | apply_external_force_torque             |       (0.0, 10.0)       |
|   2   | apply_external_force_torque_extremities |       (0.0, 10.0)       |
+-------+-----------------------------------------+-------------------------+
+----------------------------------+
| Active Event Terms in Mode: 'reset' |
+------------+---------------------+
|   Index    | Name                |
+------------+---------------------+
|     0      | reset_base          |
+------------+---------------------+

[INFO] Recorder Manager:  <RecorderManager> contains 0 active terms.
+---------------------+
| Active Recorder Terms |
+-----------+---------+
|   Index   | Name    |
+-----------+---------+
+-----------+---------+

[INFO]: Resolved joint names for the action term JointPositionAction: ['left_hip_pitch_joint', 'left_hip_roll_joint', 'left_hip_yaw_joint', 'left_knee_joint', 'left_ankle_pitch_joint', 'left_ankle_roll_joint', 'right_hip_pitch_joint', 'right_hip_roll_joint', 'right_hip_yaw_joint', 'right_knee_joint', 'right_ankle_pitch_joint', 'right_ankle_roll_joint', 'waist_yaw_joint', 'waist_roll_joint', 'waist_pitch_joint', 'left_shoulder_pitch_joint', 'left_shoulder_roll_joint', 'left_shoulder_yaw_joint', 'left_elbow_joint', 'left_wrist_roll_joint', 'left_wrist_pitch_joint', 'left_wrist_yaw_joint', 'right_shoulder_pitch_joint', 'right_shoulder_roll_joint', 'right_shoulder_yaw_joint', 'right_elbow_joint', 'right_wrist_roll_joint', 'right_wrist_pitch_joint', 'right_wrist_yaw_joint'] [[0, 1, 2, 3, 4, 5, 6, 7, 8, 9, 10, 11, 12, 13, 14, 15, 16, 17, 18, 19, 20, 21, 22, 23, 24, 25, 26, 27, 28]]
[INFO] Action Manager:  <ActionManager> contains 2 active terms.
+------------------------------------+
|  Active Action Terms (shape: 29)   |
+--------+-------------+-------------+
| Index  | Name        |   Dimension |
+--------+-------------+-------------+
|   0    | joint_pos   |          29 |
|   1    | lift        |           0 |
+--------+-------------+-------------+

[INFO] Observation Manager: <ObservationManager> contains 2 groups.
+----------------------------------------------+
| Active Observation Terms in Group: 'policy'  |
+---------+------------------------+-----------+
|  Index  | Name                   |   Shape   |
+---------+------------------------+-----------+
|    0    | base_ang_vel           |   (5, 3)  |
|    1    | projected_gravity      |   (5, 3)  |
|    2    | joint_pos              |  (5, 29)  |
|    3    | joint_vel              |  (5, 29)  |
|    4    | actions                |  (5, 29)  |
|    5    | height_command         |   (5, 1)  |
+---------+------------------------+-----------+
+----------------------------------------------+
| Active Observation Terms in Group: 'critic'  |
+---------+------------------------+-----------+
|  Index  | Name                   |   Shape   |
+---------+------------------------+-----------+
|    0    | projected_gravity      |   (5, 3)  |
|    1    | base_lin_vel           |   (5, 3)  |
|    2    | base_ang_vel           |   (5, 3)  |
|    3    | joint_pos              |  (5, 29)  |
|    4    | joint_vel              |  (5, 29)  |
|    5    | actions                |  (5, 29)  |
|    6    | contact_forces         |  (5, 30)  |
|    7    | base_height            |   (5, 1)  |
|    8    | height_command         |   (5, 1)  |
+---------+------------------------+-----------+

[INFO] Termination Manager:  <TerminationManager> contains 2 active terms.
+----------------------------------+
|     Active Termination Terms     |
+-------+---------------+----------+
| Index | Name          | Time Out |
+-------+---------------+----------+
|   0   | time_out      |   True   |
|   1   | invalid_state |  False   |
+-------+---------------+----------+

[INFO] Reward Manager:  <RewardManager> contains 32 active terms.
+--------------------------------------------+
|            Active Reward Terms             |
+-------+-------------------------+----------+
| Index | Name                    |   Weight |
+-------+-------------------------+----------+
|   0   | joint_torques_l2        |   -5e-05 |
|   1   | torque_limits           |    -0.01 |
|   2   | joint_acc_l2            | -2.5e-08 |
|   3   | joint_pos_limits        |     -0.1 |
|   4   | joint_vel_limits        |    -0.01 |
|   5   | action_rate             |     -1.0 |
|   6   | action_rate_rate        |    -0.15 |
|   7   | joint_vel_l2            |   -0.001 |
|   8   | joint_tracking_error    |     -0.5 |
|   9   | base_height_rough       |      4.0 |
|   10  | base_height_medium      |      8.0 |
|   11  | base_height_fine        |     16.0 |
|   12  | relaxation              |     -1.0 |
|   13  | joint_deviation_l1      |     -0.5 |
|   14  | joint_deviation_l1_arms |     -0.5 |
|   15  | ankle_torques           |   -0.001 |
|   16  | not_moving              |     -1.0 |
|   17  | torso_upright           |     -1.0 |
|   18  | severely_tilted         |     -5.0 |
|   19  | torso_roll              |     -5.0 |
|   20  | forward_pitch           |    -10.0 |
|   21  | illegal_contacts        |     -2.0 |
|   22  | feet_distance           |     -5.0 |
|   23  | feet_distance_standing  |    -10.0 |
|   24  | ground_unloaded         |     -2.0 |
|   25  | flat_feet               |     -1.0 |
|   26  | feet_slide              |     -1.0 |
|   27  | feet_yaw_mean           |     -2.0 |
|   28  | completely_airborne     |    -50.0 |
|   29  | body_velocity           |     -0.1 |
|   30  | ground_slam             |     -1.0 |
|   31  | torso_slam              |     -5.0 |
+-------+-------------------------+----------+

[INFO] Curriculum Manager:  <CurriculumManager> contains 8 active terms.
+---------------------------------+
|     Active Curriculum Terms     |
+-------+-------------------------+
| Index | Name                    |
+-------+-------------------------+
|   0   | adaptive_lift           |
|   1   | terrain_levels          |
|   2   | polish_action_rate_rate |
|   3   | polish_ground_slam      |
|   4   | polish_torso_slam       |
|   5   | polish_not_moving       |
|   6   | polish_joint_vel_l2     |
|   7   | random_fallen_states    |
+-------+-------------------------+

[INFO]: Completed setting up the environment...
[nexus] env built in 11.0s
[nexus] pre_learn (fallen-state dataset) done in 0.0s
/workspace/WBC-AGILE/.venv/lib/python3.12/site-packages/rsl_rl/utils/utils.py:220: UserWarning: The observation configuration dictionary 'obs_groups' is empty and thus likely not configured. Consider configuring the 'obs_groups' dictionary explicitly
  warnings.warn(
/workspace/WBC-AGILE/.venv/lib/python3.12/site-packages/rsl_rl/utils/utils.py:251: UserWarning: The observation configuration dictionary 'obs_groups' does not contain the 'actor' key. As an observation group with the name 'policy' was found, this is assumed to be the appropriate observation. Consider adding the 'actor' key to the 'obs_groups' dictionary for clarity. This behavior will be removed in a future version.
  warnings.warn(
/workspace/WBC-AGILE/.venv/lib/python3.12/site-packages/rsl_rl/utils/utils.py:243: UserWarning: The observation configuration dictionary 'obs_groups' does not contain the 'critic' key. As an observation group with the name 'critic' was found, this is assumed to be the appropriate observation. Consider adding the 'critic' key to the 'obs_groups' dictionary for clarity. This behavior will be removed in a future version.
  warnings.warn(
--------------------------------------------------------------------------------
Resolved observation sets: 
	 actor :  ['policy']
	 critic :  ['critic']
--------------------------------------------------------------------------------
Actor Model: MLPModel(
  (obs_normalizer): Identity()
  (distribution): GaussianDistribution()
  (mlp): MLP(
    (0): Linear(in_features=470, out_features=256, bias=True)
    (1): ELU(alpha=1.0)
    (2): Linear(in_features=256, out_features=256, bias=True)
    (3): ELU(alpha=1.0)
    (4): Linear(in_features=256, out_features=128, bias=True)
    (5): ELU(alpha=1.0)
    (6): Linear(in_features=128, out_features=29, bias=True)
  )
)
Critic Model: MLPModel(
  (obs_normalizer): Identity()
  (mlp): MLP(
    (0): Linear(in_features=640, out_features=512, bias=True)
    (1): ELU(alpha=1.0)
    (2): Linear(in_features=512, out_features=256, bias=True)
    (3): ELU(alpha=1.0)
    (4): Linear(in_features=256, out_features=128, bias=True)
    (5): ELU(alpha=1.0)
    (6): Linear(in_features=128, out_features=1, bias=True)
  )
)
Storing git diff for 'WBC-AGILE' in: /workspace/bench/nexus_port/logs/2026-09-02_16-05-18_nexus/git/WBC-AGILE.diff
################################################################################
[1m                            Learning iteration 0/10                             [0m 

                               Run name: nexus
                            Total steps: 98304 
                       Steps per second: 12743 
                        Collection time: 7.147s 
                          Learning time: 0.567s 
                        Mean value loss: 6.2540
                    Mean surrogate loss: 0.0346
                      Mean entropy loss: 41.1023
                     Mean symmetry loss: 0.0028
                   Mean l2c2_actor loss: 0.0012
                  Mean l2c2_critic loss: 0.0081
                            Mean reward: -46.21
                    Mean episode length: 15.90
                        Mean action std: 1.00
                    Entropy coefficient: 0.002500
           Curriculum/polish_not_moving: -1.0000
  Episode_Reward/feet_distance_standing: -0.0022
              Episode_Reward/not_moving: -0.0160
      Episode_Reward/base_height_medium: 0.0282
            Episode_Reward/joint_acc_l2: -0.0031
 Episode_Reward/joint_deviation_l1_arms: -0.0032
           Curriculum/polish_torso_slam: -5.0000
              Episode_Reward/torso_roll: -0.0186
              Episode_Reward/relaxation: -0.1138
        Episode_Reward/action_rate_rate: -0.4011
        Curriculum/random_fallen_states: 0.0000
             Episode_Reward/action_rate: -0.9327
         Curriculum/polish_joint_vel_l2: -0.0010
      Episode_Reward/joint_deviation_l1: -0.0120
               Curriculum/adaptive_lift: 1.0000
        Episode_Reward/joint_torques_l2: -0.0159
        Episode_Reward/illegal_contacts: -0.0009
             Episode_Reward/ground_slam: -0.0094
      Episode_Termination/invalid_state: 0.0000
         Episode_Reward/ground_unloaded: -0.0193
            Episode_Reward/joint_vel_l2: -0.0171
           Episode_Reward/feet_distance: -0.0027
        Episode_Reward/joint_vel_limits: -0.0000
           Episode_Reward/ankle_torques: -0.0038
       Episode_Reward/base_height_rough: 0.0220
            Metrics/height/height_error: 0.0000
     Curriculum/polish_action_rate_rate: -0.1500
           Episode_Reward/body_velocity: -0.0906
           Episode_Termination/time_out: 0.0187
         Episode_Reward/severely_tilted: -0.0011
    Episode_Reward/joint_tracking_error: -0.0503
           Episode_Reward/forward_pitch: -0.0029
           Episode_Reward/torso_upright: 0.0000
              Episode_Reward/feet_slide: -0.0020
        Episode_Reward/base_height_fine: 0.0400
           Episode_Reward/torque_limits: -0.0195
              Curriculum/terrain_levels: 0.0000
               Episode_Reward/flat_feet: -0.0320
     Episode_Reward/completely_airborne: -0.7262
          Curriculum/polish_ground_slam: -1.0000
           Episode_Reward/feet_yaw_mean: -0.0050
              Episode_Reward/torso_slam: -0.0041
        Episode_Reward/joint_pos_limits: -0.0001
--------------------------------------------------------------------------------
                         Iteration time: 7.71s
                           Time elapsed: 0:00:07
                                    ETA: 0:01:09

################################################################################
[1m                            Learning iteration 1/10                             [0m 

                               Run name: nexus
                            Total steps: 196608 
                       Steps per second: 9951 
                        Collection time: 9.411s 
                          Learning time: 0.466s 
                        Mean value loss: 4.1721
                    Mean surrogate loss: 0.0054
                      Mean entropy loss: 41.0482
                     Mean symmetry loss: 0.0016
                   Mean l2c2_actor loss: 0.0011
                  Mean l2c2_critic loss: 0.0283
                            Mean reward: -100.49
                    Mean episode length: 38.08
                        Mean action std: 0.99
                    Entropy coefficient: 0.002500
           Curriculum/polish_not_moving: -1.0000
  Episode_Reward/feet_distance_standing: -0.0054
              Episode_Reward/not_moving: -0.0502
      Episode_Reward/base_height_medium: 0.0914
            Episode_Reward/joint_acc_l2: -0.0093
 Episode_Reward/joint_deviation_l1_arms: -0.0066
           Curriculum/polish_torso_slam: -5.0000
              Episode_Reward/torso_roll: -0.0726
              Episode_Reward/relaxation: -0.3873
        Episode_Reward/action_rate_rate: -1.2469
        Curriculum/random_fallen_states: 0.0000
             Episode_Reward/action_rate: -2.8049
         Curriculum/polish_joint_vel_l2: -0.0010
      Episode_Reward/joint_deviation_l1: -0.0213
               Curriculum/adaptive_lift: 0.9999
        Episode_Reward/joint_torques_l2: -0.0474
        Episode_Reward/illegal_contacts: -0.0284
             Episode_Reward/ground_slam: -0.0818
      Episode_Termination/invalid_state: 0.0000
         Episode_Reward/ground_unloaded: -0.0510
            Episode_Reward/joint_vel_l2: -0.0507
           Episode_Reward/feet_distance: -0.0167
        Episode_Reward/joint_vel_limits: -0.0001
           Episode_Reward/ankle_torques: -0.0121
       Episode_Reward/base_height_rough: 0.0719
            Metrics/height/height_error: 0.0000
     Curriculum/polish_action_rate_rate: -0.1500
           Episode_Reward/body_velocity: -0.2579
           Episode_Termination/time_out: 0.0523
         Episode_Reward/severely_tilted: -0.0060
    Episode_Reward/joint_tracking_error: -0.1512
           Episode_Reward/forward_pitch: -0.0270
           Episode_Reward/torso_upright: 0.0000
              Episode_Reward/feet_slide: -0.0187
        Episode_Reward/base_height_fine: 0.1266
           Episode_Reward/torque_limits: -0.0548
              Curriculum/terrain_levels: 0.0000
               Episode_Reward/flat_feet: -0.1136
     Episode_Reward/completely_airborne: -1.1732
          Curriculum/polish_ground_slam: -1.0000
           Episode_Reward/feet_yaw_mean: -0.0181
              Episode_Reward/torso_slam: -0.0307
        Episode_Reward/joint_pos_limits: -0.0002
--------------------------------------------------------------------------------
                         Iteration time: 9.88s
                           Time elapsed: 0:00:17
                                    ETA: 0:01:10

################################################################################
[1m                            Learning iteration 2/10                             [0m 

                               Run name: nexus
                            Total steps: 294912 
                       Steps per second: 9092 
                        Collection time: 10.351s 
                          Learning time: 0.461s 
                        Mean value loss: 3.9083
                    Mean surrogate loss: -0.0095
                      Mean entropy loss: 40.7743
                     Mean symmetry loss: 0.0006
                   Mean l2c2_actor loss: 0.0013
                  Mean l2c2_critic loss: 0.0337
                            Mean reward: -154.09
                    Mean episode length: 62.52
                        Mean action std: 0.99
                    Entropy coefficient: 0.002500
           Curriculum/polish_not_moving: -1.0000
  Episode_Reward/feet_distance_standing: -0.0052
              Episode_Reward/not_moving: -0.0524
      Episode_Reward/base_height_medium: 0.1179
            Episode_Reward/joint_acc_l2: -0.0128
 Episode_Reward/joint_deviation_l1_arms: -0.0063
           Curriculum/polish_torso_slam: -5.0000
              Episode_Reward/torso_roll: -0.1159
              Episode_Reward/relaxation: -0.5583
        Episode_Reward/action_rate_rate: -2.0562
        Curriculum/random_fallen_states: 0.0000
             Episode_Reward/action_rate: -4.6109
         Curriculum/polish_joint_vel_l2: -0.0010
      Episode_Reward/joint_deviation_l1: -0.0203
               Curriculum/adaptive_lift: 0.9984
        Episode_Reward/joint_torques_l2: -0.0726
        Episode_Reward/illegal_contacts: -0.0728
             Episode_Reward/ground_slam: -0.1276
      Episode_Termination/invalid_state: 0.0000
         Episode_Reward/ground_unloaded: -0.0854
            Episode_Reward/joint_vel_l2: -0.0825
           Episode_Reward/feet_distance: -0.0269
        Episode_Reward/joint_vel_limits: -0.0001
           Episode_Reward/ankle_torques: -0.0176
       Episode_Reward/base_height_rough: 0.1033
            Metrics/height/height_error: 0.0000
     Curriculum/polish_action_rate_rate: -0.1500
           Episode_Reward/body_velocity: -0.3020
           Episode_Termination/time_out: 0.0814
         Episode_Reward/severely_tilted: -0.0229
    Episode_Reward/joint_tracking_error: -0.2499
           Episode_Reward/forward_pitch: -0.0796
           Episode_Reward/torso_upright: -0.0001
              Episode_Reward/feet_slide: -0.0307
        Episode_Reward/base_height_fine: 0.1500
           Episode_Reward/torque_limits: -0.0855
              Curriculum/terrain_levels: 0.0000
               Episode_Reward/flat_feet: -0.2258
     Episode_Reward/completely_airborne: -1.3686
          Curriculum/polish_ground_slam: -1.0000
           Episode_Reward/feet_yaw_mean: -0.0278
              Episode_Reward/torso_slam: -0.0370
        Episode_Reward/joint_pos_limits: -0.0003
--------------------------------------------------------------------------------
                         Iteration time: 10.81s
                           Time elapsed: 0:00:28
                                    ETA: 0:01:06

################################################################################
[1m                            Learning iteration 3/10                             [0m 

                               Run name: nexus
                            Total steps: 393216 
                       Steps per second: 8723 
                        Collection time: 10.808s 
                          Learning time: 0.460s 
                        Mean value loss: 3.7462
                    Mean surrogate loss: -0.0104
                      Mean entropy loss: 40.6798
                     Mean symmetry loss: 0.0005
                   Mean l2c2_actor loss: 0.0014
                  Mean l2c2_critic loss: 0.0245
                            Mean reward: -212.04
                    Mean episode length: 88.74
                        Mean action std: 0.98
                    Entropy coefficient: 0.002500
           Curriculum/polish_not_moving: -1.0000
  Episode_Reward/feet_distance_standing: -0.0058
              Episode_Reward/not_moving: -0.0648
      Episode_Reward/base_height_medium: 0.1473
            Episode_Reward/joint_acc_l2: -0.0195
 Episode_Reward/joint_deviation_l1_arms: -0.0061
           Curriculum/polish_torso_slam: -5.0000
              Episode_Reward/torso_roll: -0.1544
              Episode_Reward/relaxation: -0.7296
        Episode_Reward/action_rate_rate: -2.8799
        Curriculum/random_fallen_states: 0.0000
             Episode_Reward/action_rate: -6.4459
         Curriculum/polish_joint_vel_l2: -0.0010
      Episode_Reward/joint_deviation_l1: -0.0200
               Curriculum/adaptive_lift: 0.9960
        Episode_Reward/joint_torques_l2: -0.1044
        Episode_Reward/illegal_contacts: -0.1371
             Episode_Reward/ground_slam: -0.1874
      Episode_Termination/invalid_state: 0.0000
         Episode_Reward/ground_unloaded: -0.1261
            Episode_Reward/joint_vel_l2: -0.1129
           Episode_Reward/feet_distance: -0.0370
        Episode_Reward/joint_vel_limits: -0.0001
           Episode_Reward/ankle_torques: -0.0271
       Episode_Reward/base_height_rough: 0.1332
            Metrics/height/height_error: 0.0000
     Curriculum/polish_action_rate_rate: -0.1500
           Episode_Reward/body_velocity: -0.3300
           Episode_Termination/time_out: 0.1105
         Episode_Reward/severely_tilted: -0.0167
    Episode_Reward/joint_tracking_error: -0.3532
           Episode_Reward/forward_pitch: -0.0780
           Episode_Reward/torso_upright: -0.0000
              Episode_Reward/feet_slide: -0.0473
        Episode_Reward/base_height_fine: 0.1869
           Episode_Reward/torque_limits: -0.1165
              Curriculum/terrain_levels: 0.0000
               Episode_Reward/flat_feet: -0.3587
     Episode_Reward/completely_airborne: -1.4743
          Curriculum/polish_ground_slam: -1.0000
           Episode_Reward/feet_yaw_mean: -0.0383
              Episode_Reward/torso_slam: -0.0531
        Episode_Reward/joint_pos_limits: -0.0004
--------------------------------------------------------------------------------
                         Iteration time: 11.27s
                           Time elapsed: 0:00:39
                                    ETA: 0:00:59

################################################################################
[1m                            Learning iteration 4/10                             [0m 

                               Run name: nexus
                            Total steps: 491520 
                       Steps per second: 8647 
                        Collection time: 10.910s 
                          Learning time: 0.458s 
                        Mean value loss: 3.5864
                    Mean surrogate loss: -0.0107
                      Mean entropy loss: 40.5488
                     Mean symmetry loss: 0.0006
                   Mean l2c2_actor loss: 0.0017
                  Mean l2c2_critic loss: 0.0115
                            Mean reward: -264.83
                    Mean episode length: 110.34
                        Mean action std: 0.98
                    Entropy coefficient: 0.002500
           Curriculum/polish_not_moving: -1.0000
  Episode_Reward/feet_distance_standing: -0.0060
              Episode_Reward/not_moving: -0.0599
      Episode_Reward/base_height_medium: 0.1477
            Episode_Reward/joint_acc_l2: -0.0279
 Episode_Reward/joint_deviation_l1_arms: -0.0057
           Curriculum/polish_torso_slam: -5.0000
              Episode_Reward/torso_roll: -0.1834
              Episode_Reward/relaxation: -1.1264
        Episode_Reward/action_rate_rate: -3.6999
        Curriculum/random_fallen_states: 0.0000
             Episode_Reward/action_rate: -8.2650
         Curriculum/polish_joint_vel_l2: -0.0010
      Episode_Reward/joint_deviation_l1: -0.0188
               Curriculum/adaptive_lift: 0.9941
        Episode_Reward/joint_torques_l2: -0.1399
        Episode_Reward/illegal_contacts: -0.1691
             Episode_Reward/ground_slam: -0.2086
      Episode_Termination/invalid_state: 0.0000
         Episode_Reward/ground_unloaded: -0.1591
            Episode_Reward/joint_vel_l2: -0.1370
           Episode_Reward/feet_distance: -0.0453
        Episode_Reward/joint_vel_limits: -0.0001
           Episode_Reward/ankle_torques: -0.0352
       Episode_Reward/base_height_rough: 0.1515
            Metrics/height/height_error: 0.4742
     Curriculum/polish_action_rate_rate: -0.1500
           Episode_Reward/body_velocity: -0.3448
           Episode_Termination/time_out: 0.1441
         Episode_Reward/severely_tilted: -0.0157
    Episode_Reward/joint_tracking_error: -0.4494
           Episode_Reward/forward_pitch: -0.2146
           Episode_Reward/torso_upright: 0.0000
              Episode_Reward/feet_slide: -0.0586
        Episode_Reward/base_height_fine: 0.1727
           Episode_Reward/torque_limits: -0.1554
              Curriculum/terrain_levels: 0.0000
               Episode_Reward/flat_feet: -0.4663
     Episode_Reward/completely_airborne: -1.6908
          Curriculum/polish_ground_slam: -1.0000
           Episode_Reward/feet_yaw_mean: -0.0487
              Episode_Reward/torso_slam: -0.0582
        Episode_Reward/joint_pos_limits: -0.0005
--------------------------------------------------------------------------------
                         Iteration time: 11.37s
                           Time elapsed: 0:00:51
                                    ETA: 0:00:51

################################################################################
[1m                            Learning iteration 5/10                             [0m 

                               Run name: nexus
                            Total steps: 589824 
                       Steps per second: 8727 
                        Collection time: 10.795s 
                          Learning time: 0.468s 
                        Mean value loss: 3.3800
                    Mean surrogate loss: -0.0110
                      Mean entropy loss: 40.3786
                     Mean symmetry loss: 0.0005
                   Mean l2c2_actor loss: 0.0019
                  Mean l2c2_critic loss: 0.0053
                            Mean reward: -315.29
                    Mean episode length: 135.82
                        Mean action std: 0.97
                    Entropy coefficient: 0.002500
           Curriculum/polish_not_moving: -1.0000
  Episode_Reward/feet_distance_standing: -0.0053
              Episode_Reward/not_moving: -0.0654
      Episode_Reward/base_height_medium: 0.1867
            Episode_Reward/joint_acc_l2: -0.0337
 Episode_Reward/joint_deviation_l1_arms: -0.0065
           Curriculum/polish_torso_slam: -5.0000
              Episode_Reward/torso_roll: -0.2113
              Episode_Reward/relaxation: -1.1754
        Episode_Reward/action_rate_rate: -4.4731
        Curriculum/random_fallen_states: 0.0000
             Episode_Reward/action_rate: -9.9981
         Curriculum/polish_joint_vel_l2: -0.0010
      Episode_Reward/joint_deviation_l1: -0.0206
               Curriculum/adaptive_lift: 0.9939
        Episode_Reward/joint_torques_l2: -0.1699
        Episode_Reward/illegal_contacts: -0.2354
             Episode_Reward/ground_slam: -0.2643
      Episode_Termination/invalid_state: 0.0000
         Episode_Reward/ground_unloaded: -0.2057
            Episode_Reward/joint_vel_l2: -0.1681
           Episode_Reward/feet_distance: -0.0543
        Episode_Reward/joint_vel_limits: -0.0002
           Episode_Reward/ankle_torques: -0.0378
       Episode_Reward/base_height_rough: 0.1880
            Metrics/height/height_error: 0.6298
     Curriculum/polish_action_rate_rate: -0.1500
           Episode_Reward/body_velocity: -0.3635
           Episode_Termination/time_out: 0.1744
         Episode_Reward/severely_tilted: -0.0043
    Episode_Reward/joint_tracking_error: -0.5434
           Episode_Reward/forward_pitch: -0.1679
           Episode_Reward/torso_upright: 0.0000
              Episode_Reward/feet_slide: -0.0732
        Episode_Reward/base_height_fine: 0.2122
           Episode_Reward/torque_limits: -0.1929
              Curriculum/terrain_levels: 0.0000
               Episode_Reward/flat_feet: -0.5990
     Episode_Reward/completely_airborne: -1.8212
          Curriculum/polish_ground_slam: -1.0000
           Episode_Reward/feet_yaw_mean: -0.0592
              Episode_Reward/torso_slam: -0.0714
        Episode_Reward/joint_pos_limits: -0.0006
--------------------------------------------------------------------------------
                         Iteration time: 11.26s
                           Time elapsed: 0:01:02
                                    ETA: 0:00:41

################################################################################
[1m                            Learning iteration 6/10                             [0m 

                               Run name: nexus
                            Total steps: 688128 
                       Steps per second: 8662 
                        Collection time: 10.889s 
                          Learning time: 0.460s 
                        Mean value loss: 3.3147
                    Mean surrogate loss: -0.0121
                      Mean entropy loss: 40.1938
                     Mean symmetry loss: 0.0005
                   Mean l2c2_actor loss: 0.0022
                  Mean l2c2_critic loss: 0.0040
                            Mean reward: -372.53
                    Mean episode length: 160.36
                        Mean action std: 0.97
                    Entropy coefficient: 0.002500
           Curriculum/polish_not_moving: -1.0000
  Episode_Reward/feet_distance_standing: -0.0068
              Episode_Reward/not_moving: -0.0875
      Episode_Reward/base_height_medium: 0.2553
            Episode_Reward/joint_acc_l2: -0.0331
 Episode_Reward/joint_deviation_l1_arms: -0.0066
           Curriculum/polish_torso_slam: -5.0000
              Episode_Reward/torso_roll: -0.2431
              Episode_Reward/relaxation: -1.6993
        Episode_Reward/action_rate_rate: -5.2364
        Curriculum/random_fallen_states: 0.0000
             Episode_Reward/action_rate: -11.7198
         Curriculum/polish_joint_vel_l2: -0.0010
      Episode_Reward/joint_deviation_l1: -0.0220
               Curriculum/adaptive_lift: 0.9939
        Episode_Reward/joint_torques_l2: -0.1841
        Episode_Reward/illegal_contacts: -0.2573
             Episode_Reward/ground_slam: -0.3044
      Episode_Termination/invalid_state: 0.0000
         Episode_Reward/ground_unloaded: -0.2045
            Episode_Reward/joint_vel_l2: -0.2042
           Episode_Reward/feet_distance: -0.0681
        Episode_Reward/joint_vel_limits: -0.0002
           Episode_Reward/ankle_torques: -0.0464
       Episode_Reward/base_height_rough: 0.2585
            Metrics/height/height_error: 0.5029
     Curriculum/polish_action_rate_rate: -0.1500
           Episode_Reward/body_velocity: -0.3899
           Episode_Termination/time_out: 0.2099
         Episode_Reward/severely_tilted: -0.0113
    Episode_Reward/joint_tracking_error: -0.6389
           Episode_Reward/forward_pitch: -0.3727
           Episode_Reward/torso_upright: -0.0009
              Episode_Reward/feet_slide: -0.0877
        Episode_Reward/base_height_fine: 0.2813
           Episode_Reward/torque_limits: -0.2096
              Curriculum/terrain_levels: 0.0000
               Episode_Reward/flat_feet: -0.7335
     Episode_Reward/completely_airborne: -2.0474
          Curriculum/polish_ground_slam: -1.0000
           Episode_Reward/feet_yaw_mean: -0.0719
              Episode_Reward/torso_slam: -0.0876
        Episode_Reward/joint_pos_limits: -0.0007
--------------------------------------------------------------------------------
                         Iteration time: 11.35s
                           Time elapsed: 0:01:13
                                    ETA: 0:00:31

################################################################################
[1m                            Learning iteration 7/10                             [0m 

                               Run name: nexus
                            Total steps: 786432 
                       Steps per second: 8681 
                        Collection time: 10.800s 
                          Learning time: 0.523s 
                        Mean value loss: 3.1789
                    Mean surrogate loss: -0.0112
                      Mean entropy loss: 39.9944
                     Mean symmetry loss: 0.0005
                   Mean l2c2_actor loss: 0.0024
                  Mean l2c2_critic loss: 0.0034
                            Mean reward: -413.12
                    Mean episode length: 183.12
                        Mean action std: 0.96
                    Entropy coefficient: 0.002500
           Curriculum/polish_not_moving: -1.0000
  Episode_Reward/feet_distance_standing: -0.0070
              Episode_Reward/not_moving: -0.1075
      Episode_Reward/base_height_medium: 0.2497
            Episode_Reward/joint_acc_l2: -0.0379
 Episode_Reward/joint_deviation_l1_arms: -0.0074
           Curriculum/polish_torso_slam: -5.0000
              Episode_Reward/torso_roll: -0.2847
              Episode_Reward/relaxation: -1.4096
        Episode_Reward/action_rate_rate: -6.0031
        Curriculum/random_fallen_states: 0.0000
             Episode_Reward/action_rate: -13.4330
         Curriculum/polish_joint_vel_l2: -0.0010
      Episode_Reward/joint_deviation_l1: -0.0230
               Curriculum/adaptive_lift: 0.9939
        Episode_Reward/joint_torques_l2: -0.2132
        Episode_Reward/illegal_contacts: -0.2953
             Episode_Reward/ground_slam: -0.3388
      Episode_Termination/invalid_state: 0.0000
         Episode_Reward/ground_unloaded: -0.2895
            Episode_Reward/joint_vel_l2: -0.2269
           Episode_Reward/feet_distance: -0.0804
        Episode_Reward/joint_vel_limits: -0.0002
           Episode_Reward/ankle_torques: -0.0514
       Episode_Reward/base_height_rough: 0.2405
            Metrics/height/height_error: 0.7103
     Curriculum/polish_action_rate_rate: -0.1500
           Episode_Reward/body_velocity: -0.4093
           Episode_Termination/time_out: 0.2439
         Episode_Reward/severely_tilted: -0.0143
    Episode_Reward/joint_tracking_error: -0.7249
           Episode_Reward/forward_pitch: -0.4522
           Episode_Reward/torso_upright: -0.0002
              Episode_Reward/feet_slide: -0.1012
        Episode_Reward/base_height_fine: 0.3184
           Episode_Reward/torque_limits: -0.2473
              Curriculum/terrain_levels: 0.0000
               Episode_Reward/flat_feet: -0.8525
     Episode_Reward/completely_airborne: -2.1928
          Curriculum/polish_ground_slam: -1.0000
           Episode_Reward/feet_yaw_mean: -0.0809
              Episode_Reward/torso_slam: -0.1024
        Episode_Reward/joint_pos_limits: -0.0008
--------------------------------------------------------------------------------
                         Iteration time: 11.32s
                           Time elapsed: 0:01:24
                                    ETA: 0:00:21

################################################################################
[1m                            Learning iteration 8/10                             [0m 

                               Run name: nexus
                            Total steps: 884736 
                       Steps per second: 8766 
                        Collection time: 10.740s 
                          Learning time: 0.473s 
                        Mean value loss: 3.0878
                    Mean surrogate loss: -0.0118
                      Mean entropy loss: 39.8188
                     Mean symmetry loss: 0.0006
                   Mean l2c2_actor loss: 0.0026
                  Mean l2c2_critic loss: 0.0021
                            Mean reward: -473.83
                    Mean episode length: 208.44
                        Mean action std: 0.95
                    Entropy coefficient: 0.002500
           Curriculum/polish_not_moving: -1.0000
  Episode_Reward/feet_distance_standing: -0.0036
              Episode_Reward/not_moving: -0.1256
      Episode_Reward/base_height_medium: 0.3022
            Episode_Reward/joint_acc_l2: -0.0470
 Episode_Reward/joint_deviation_l1_arms: -0.0056
           Curriculum/polish_torso_slam: -5.0000
              Episode_Reward/torso_roll: -0.2940
              Episode_Reward/relaxation: -2.2988
        Episode_Reward/action_rate_rate: -6.7628
        Curriculum/random_fallen_states: 0.0000
             Episode_Reward/action_rate: -15.1354
         Curriculum/polish_joint_vel_l2: -0.0010
      Episode_Reward/joint_deviation_l1: -0.0186
               Curriculum/adaptive_lift: 0.9939
        Episode_Reward/joint_torques_l2: -0.2507
        Episode_Reward/illegal_contacts: -0.3580
             Episode_Reward/ground_slam: -0.3977
      Episode_Termination/invalid_state: 0.0000
         Episode_Reward/ground_unloaded: -0.2735
            Episode_Reward/joint_vel_l2: -0.2575
           Episode_Reward/feet_distance: -0.0829
        Episode_Reward/joint_vel_limits: -0.0003
           Episode_Reward/ankle_torques: -0.0563
       Episode_Reward/base_height_rough: 0.2992
            Metrics/height/height_error: 0.6463
     Curriculum/polish_action_rate_rate: -0.1500
           Episode_Reward/body_velocity: -0.4420
           Episode_Termination/time_out: 0.2743
         Episode_Reward/severely_tilted: -0.0112
    Episode_Reward/joint_tracking_error: -0.8269
           Episode_Reward/forward_pitch: -0.4857
           Episode_Reward/torso_upright: -0.0003
              Episode_Reward/feet_slide: -0.1112
        Episode_Reward/base_height_fine: 0.3596
           Episode_Reward/torque_limits: -0.2812
              Curriculum/terrain_levels: 0.0000
               Episode_Reward/flat_feet: -0.9755
     Episode_Reward/completely_airborne: -2.5032
          Curriculum/polish_ground_slam: -1.0000
           Episode_Reward/feet_yaw_mean: -0.0918
              Episode_Reward/torso_slam: -0.1062
        Episode_Reward/joint_pos_limits: -0.0009
--------------------------------------------------------------------------------
                         Iteration time: 11.21s
                           Time elapsed: 0:01:36
                                    ETA: 0:00:10

################################################################################
[1m                            Learning iteration 9/10                             [0m 

                               Run name: nexus
                            Total steps: 983040 
                       Steps per second: 8658 
                        Collection time: 10.887s 
                          Learning time: 0.466s 
                        Mean value loss: 2.9786
                    Mean surrogate loss: -0.0099
                      Mean entropy loss: 39.6181
                     Mean symmetry loss: 0.0006
                   Mean l2c2_actor loss: 0.0029
                  Mean l2c2_critic loss: 0.0020
                            Mean reward: -516.51
                    Mean episode length: 232.17
                        Mean action std: 0.95
                    Entropy coefficient: 0.002500
           Curriculum/polish_not_moving: -1.0000
  Episode_Reward/feet_distance_standing: -0.0079
              Episode_Reward/not_moving: -0.1083
      Episode_Reward/base_height_medium: 0.3111
            Episode_Reward/joint_acc_l2: -0.0494
 Episode_Reward/joint_deviation_l1_arms: -0.0082
           Curriculum/polish_torso_slam: -5.0000
              Episode_Reward/torso_roll: -0.3429
              Episode_Reward/relaxation: -2.0401
        Episode_Reward/action_rate_rate: -7.4771
        Curriculum/random_fallen_states: 0.0000
             Episode_Reward/action_rate: -16.7286
         Curriculum/polish_joint_vel_l2: -0.0010
      Episode_Reward/joint_deviation_l1: -0.0249
               Curriculum/adaptive_lift: 0.9939
        Episode_Reward/joint_torques_l2: -0.2704
        Episode_Reward/illegal_contacts: -0.4144
             Episode_Reward/ground_slam: -0.4721
      Episode_Termination/invalid_state: 0.0000
         Episode_Reward/ground_unloaded: -0.3387
            Episode_Reward/joint_vel_l2: -0.2945
           Episode_Reward/feet_distance: -0.0995
        Episode_Reward/joint_vel_limits: -0.0003
           Episode_Reward/ankle_torques: -0.0620
       Episode_Reward/base_height_rough: 0.3260
            Metrics/height/height_error: 0.6854
     Curriculum/polish_action_rate_rate: -0.1500
           Episode_Reward/body_velocity: -0.4544
           Episode_Termination/time_out: 0.3062
         Episode_Reward/severely_tilted: -0.0181
    Episode_Reward/joint_tracking_error: -0.9000
           Episode_Reward/forward_pitch: -0.4742
           Episode_Reward/torso_upright: -0.0002
              Episode_Reward/feet_slide: -0.1393
        Episode_Reward/base_height_fine: 0.3512
           Episode_Reward/torque_limits: -0.2955
              Curriculum/terrain_levels: 0.0000
               Episode_Reward/flat_feet: -1.0941
     Episode_Reward/completely_airborne: -2.4108
          Curriculum/polish_ground_slam: -1.0000
           Episode_Reward/feet_yaw_mean: -0.1022
              Episode_Reward/torso_slam: -0.1144
        Episode_Reward/joint_pos_limits: -0.0010
--------------------------------------------------------------------------------
                         Iteration time: 11.35s
                           Time elapsed: 0:01:47
                                    ETA: 0:00:00

[nexus] 10 PPO iterations x 24 steps x 4096 envs in 108.2s -> 10824 ms/iter, 9082 env-steps/s | log /workspace/bench/nexus_port/logs/2026-09-02_16-05-18_nexus
TRAIN ON NEXUS OK
[INFO]: SimulationContext cleared
