Loading user config located at: '/workspace/WBC-AGILE/.venv/lib/python3.12/site-packages/isaacsim/kit/data/Kit/IsaacLab/3.0/user.config.json'
2026-09-02T15:29:27Z [0ms] [Warning] [omni.ext.plugin] [ext: isaaclab_visualizers] Extensions config 'extension.toml' doesn't exist '/workspace/WBC-AGILE/.venv/lib/python3.12/site-packages/isaaclab/source/isaaclab_visualizers' or '/workspace/WBC-AGILE/.venv/lib/python3.12/site-packages/isaaclab/source/isaaclab_visualizers/config'
WARNING: All log messages before absl::InitializeLog() is called are written to STDERR
E0000 00:00:1788362967.389053    6775 descriptor_database.cc:633] File already exists in database: grpc/health/v1/health.proto
W0000 00:00:1788362967.389078    6775 message.cc:301] Protobuf GeneratedMessageFactory: File is already registered: grpc/health/v1/health.proto
2026-09-02T15:29:27Z [383ms] [Warning] [omni.usd_config.extension] Enable omni.materialx.libs extension to use MaterialX
2026-09-02T15:29:27Z [409ms] [Warning] [omni.platforminfo.plugin] failed to open the default display.  Can't verify X Server version.
2026-09-02T15:29:27Z [433ms] [Error] [omni.ext.plugin] Could not load the dynamic library from /workspace/WBC-AGILE/.venv/lib/python3.12/site-packages/isaacsim/extscache/omni.usd.libs-1.0.3+6312fa25.lx64.r.cp312/bin/libMaterialXRenderHw.so. Error: libXt.so.6: cannot open shared object file: No such file or directory (note that this may be caused by a dependent library)
2026-09-02T15:29:27Z [433ms] [Error] [omni.ext.plugin] Could not load the dynamic library from /workspace/WBC-AGILE/.venv/lib/python3.12/site-packages/isaacsim/extscache/omni.usd.libs-1.0.3+6312fa25.lx64.r.cp312/bin/libMaterialXRenderGlsl.so. Error: libXt.so.6: cannot open shared object file: No such file or directory (note that this may be caused by a dependent library)
2026-09-02T15:29:27Z [434ms] [Error] [omni.ext.plugin] Could not load the dynamic library from /workspace/WBC-AGILE/.venv/lib/python3.12/site-packages/isaacsim/extscache/omni.usd.libs-1.0.3+6312fa25.lx64.r.cp312/bin/libusd_usdBakeMtlx.so. Error: libXt.so.6: cannot open shared object file: No such file or directory (note that this may be caused by a dependent library)
2026-09-02T15:29:28Z [1,043ms] [Warning] [isaacsim.core.simulation_manager.plugin] USD stage is not available; stage-opened subscription is deferred
2026-09-02T15:29:28Z [1,043ms] [Warning] [isaacsim.core.simulation_manager.plugin] USD stage is not available; stage-opened subscription is deferred
[ISAACLAB] AppLauncher initialization complete
[INFO]: Parsing configuration from: agile.rl_env.tasks.stand_up.g1.height_tracking_env_cfg:G1HeightTrackingEnvCfg
[INFO]: Parsing configuration from: agile.rl_env.tasks.stand_up.g1.agents.rsl_rl_ppo_cfg:G1HeightTrackingPpoRunnerCfg
/workspace/isaaclab_nexus/envs.py:68: UserWarning: nexusify dropped terms without a Nexus implementation: events.randomize_physics_material (randomize_rigid_body_material), events.randomize_base_com (randomize_rigid_body_com)
  warnings.warn("nexusify dropped terms without a Nexus implementation: " + ", ".join(dropped))
[INFO]: Base environment:
	Environment device    : cuda:0
	Environment seed      : 42
	Physics step-size     : 0.005
	Rendering step-size   : 0.02
	Environment step-size : 0.02
[INFO] Generating terrains based on curriculum took Last: 0.252982 s
[INFO]: Registered backend 'nexus' for factory Articulation.
[INFO]: Registered backend 'nexus' for factory ContactSensor.
[INFO]: Registered backend 'nexus' for factory RayCaster.
[INFO]: Time taken for scene creation Last: 10.294020 s, Mean: 10.294020 s, Std: 0.000000 s, N: 1
[INFO]: Scene manager:  NexusScene(num_envs=4096, entities=['robot', 'contact_forces', 'height_measurement_sensor', 'terrain'])
[INFO]: Time taken for simulation start Last: 0.007989 s, Mean: 0.007989 s, Std: 0.000000 s, N: 1
[INFO] Command Manager:  <CommandManager> contains 1 active terms.
+--------------------------------------+
|         Active Command Terms         |
+-------+--------+---------------------+
| Index | Name   |         Type        |
+-------+--------+---------------------+
|   0   | height | SmoothHeightCommand |
+-------+--------+---------------------+

[INFO] Event Manager:  <EventManager> contains 3 active terms.
+----------------------------------------+
| Active Event Terms in Mode: 'startup'  |
+--------+-------------------------------+
| Index  | Name                          |
+--------+-------------------------------+
|   0    | randomize_actuator_gains      |
|   1    | randomize_bodies_mass         |
|   2    | randomize_base_mass           |
+--------+-------------------------------+
+---------------------------------------------------------------------------+
|                   Active Event Terms in Mode: 'interval'                  |
+-------+-----------------------------------------+-------------------------+
| Index | Name                                    | Interval time range (s) |
+-------+-----------------------------------------+-------------------------+
|   0   | push_robot                              |       (0.0, 10.0)       |
|   1   | apply_external_force_torque             |       (0.0, 10.0)       |
|   2   | apply_external_force_torque_extremities |       (0.0, 10.0)       |
+-------+-----------------------------------------+-------------------------+
+----------------------------------+
| Active Event Terms in Mode: 'reset' |
+------------+---------------------+
|   Index    | Name                |
+------------+---------------------+
|     0      | reset_base          |
+------------+---------------------+

[INFO] Recorder Manager:  <RecorderManager> contains 0 active terms.
+---------------------+
| Active Recorder Terms |
+-----------+---------+
|   Index   | Name    |
+-----------+---------+
+-----------+---------+

[INFO]: Resolved joint names for the action term JointPositionAction: ['left_hip_pitch_joint', 'left_hip_roll_joint', 'left_hip_yaw_joint', 'left_knee_joint', 'left_ankle_pitch_joint', 'left_ankle_roll_joint', 'right_hip_pitch_joint', 'right_hip_roll_joint', 'right_hip_yaw_joint', 'right_knee_joint', 'right_ankle_pitch_joint', 'right_ankle_roll_joint', 'waist_yaw_joint', 'waist_roll_joint', 'waist_pitch_joint', 'left_shoulder_pitch_joint', 'left_shoulder_roll_joint', 'left_shoulder_yaw_joint', 'left_elbow_joint', 'left_wrist_roll_joint', 'left_wrist_pitch_joint', 'left_wrist_yaw_joint', 'right_shoulder_pitch_joint', 'right_shoulder_roll_joint', 'right_shoulder_yaw_joint', 'right_elbow_joint', 'right_wrist_roll_joint', 'right_wrist_pitch_joint', 'right_wrist_yaw_joint'] [[0, 1, 2, 3, 4, 5, 6, 7, 8, 9, 10, 11, 12, 13, 14, 15, 16, 17, 18, 19, 20, 21, 22, 23, 24, 25, 26, 27, 28]]
[INFO] Action Manager:  <ActionManager> contains 2 active terms.
+------------------------------------+
|  Active Action Terms (shape: 29)   |
+--------+-------------+-------------+
| Index  | Name        |   Dimension |
+--------+-------------+-------------+
|   0    | joint_pos   |          29 |
|   1    | lift        |           0 |
+--------+-------------+-------------+

[INFO] Observation Manager: <ObservationManager> contains 2 groups.
+----------------------------------------------+
| Active Observation Terms in Group: 'policy'  |
+---------+------------------------+-----------+
|  Index  | Name                   |   Shape   |
+---------+------------------------+-----------+
|    0    | base_ang_vel           |   (5, 3)  |
|    1    | projected_gravity      |   (5, 3)  |
|    2    | joint_pos              |  (5, 29)  |
|    3    | joint_vel              |  (5, 29)  |
|    4    | actions                |  (5, 29)  |
|    5    | height_command         |   (5, 1)  |
+---------+------------------------+-----------+
+----------------------------------------------+
| Active Observation Terms in Group: 'critic'  |
+---------+------------------------+-----------+
|  Index  | Name                   |   Shape   |
+---------+------------------------+-----------+
|    0    | projected_gravity      |   (5, 3)  |
|    1    | base_lin_vel           |   (5, 3)  |
|    2    | base_ang_vel           |   (5, 3)  |
|    3    | joint_pos              |  (5, 29)  |
|    4    | joint_vel              |  (5, 29)  |
|    5    | actions                |  (5, 29)  |
|    6    | contact_forces         |  (5, 30)  |
|    7    | base_height            |   (5, 1)  |
|    8    | height_command         |   (5, 1)  |
+---------+------------------------+-----------+

[INFO] Termination Manager:  <TerminationManager> contains 2 active terms.
+----------------------------------+
|     Active Termination Terms     |
+-------+---------------+----------+
| Index | Name          | Time Out |
+-------+---------------+----------+
|   0   | time_out      |   True   |
|   1   | invalid_state |  False   |
+-------+---------------+----------+

[INFO] Reward Manager:  <RewardManager> contains 32 active terms.
+--------------------------------------------+
|            Active Reward Terms             |
+-------+-------------------------+----------+
| Index | Name                    |   Weight |
+-------+-------------------------+----------+
|   0   | joint_torques_l2        |   -5e-05 |
|   1   | torque_limits           |    -0.01 |
|   2   | joint_acc_l2            | -2.5e-08 |
|   3   | joint_pos_limits        |     -0.1 |
|   4   | joint_vel_limits        |    -0.01 |
|   5   | action_rate             |     -1.0 |
|   6   | action_rate_rate        |    -0.15 |
|   7   | joint_vel_l2            |   -0.001 |
|   8   | joint_tracking_error    |     -0.5 |
|   9   | base_height_rough       |      4.0 |
|   10  | base_height_medium      |      8.0 |
|   11  | base_height_fine        |     16.0 |
|   12  | relaxation              |     -1.0 |
|   13  | joint_deviation_l1      |     -0.5 |
|   14  | joint_deviation_l1_arms |     -0.5 |
|   15  | ankle_torques           |   -0.001 |
|   16  | not_moving              |     -1.0 |
|   17  | torso_upright           |     -1.0 |
|   18  | severely_tilted         |     -5.0 |
|   19  | torso_roll              |     -5.0 |
|   20  | forward_pitch           |    -10.0 |
|   21  | illegal_contacts        |     -2.0 |
|   22  | feet_distance           |     -5.0 |
|   23  | feet_distance_standing  |    -10.0 |
|   24  | ground_unloaded         |     -2.0 |
|   25  | flat_feet               |     -1.0 |
|   26  | feet_slide              |     -1.0 |
|   27  | feet_yaw_mean           |     -2.0 |
|   28  | completely_airborne     |    -50.0 |
|   29  | body_velocity           |     -0.1 |
|   30  | ground_slam             |     -1.0 |
|   31  | torso_slam              |     -5.0 |
+-------+-------------------------+----------+

[INFO] Curriculum Manager:  <CurriculumManager> contains 8 active terms.
+---------------------------------+
|     Active Curriculum Terms     |
+-------+-------------------------+
| Index | Name                    |
+-------+-------------------------+
|   0   | adaptive_lift           |
|   1   | terrain_levels          |
|   2   | polish_action_rate_rate |
|   3   | polish_ground_slam      |
|   4   | polish_torso_slam       |
|   5   | polish_not_moving       |
|   6   | polish_joint_vel_l2     |
|   7   | random_fallen_states    |
+-------+-------------------------+

[INFO]: Completed setting up the environment...
[nexus] env built in 10.5s
[nexus] pre_learn (fallen-state dataset) done in 0.0s
/workspace/WBC-AGILE/.venv/lib/python3.12/site-packages/rsl_rl/utils/utils.py:220: UserWarning: The observation configuration dictionary 'obs_groups' is empty and thus likely not configured. Consider configuring the 'obs_groups' dictionary explicitly
  warnings.warn(
/workspace/WBC-AGILE/.venv/lib/python3.12/site-packages/rsl_rl/utils/utils.py:251: UserWarning: The observation configuration dictionary 'obs_groups' does not contain the 'actor' key. As an observation group with the name 'policy' was found, this is assumed to be the appropriate observation. Consider adding the 'actor' key to the 'obs_groups' dictionary for clarity. This behavior will be removed in a future version.
  warnings.warn(
/workspace/WBC-AGILE/.venv/lib/python3.12/site-packages/rsl_rl/utils/utils.py:243: UserWarning: The observation configuration dictionary 'obs_groups' does not contain the 'critic' key. As an observation group with the name 'critic' was found, this is assumed to be the appropriate observation. Consider adding the 'critic' key to the 'obs_groups' dictionary for clarity. This behavior will be removed in a future version.
  warnings.warn(
--------------------------------------------------------------------------------
Resolved observation sets: 
	 actor :  ['policy']
	 critic :  ['critic']
--------------------------------------------------------------------------------
Actor Model: MLPModel(
  (obs_normalizer): Identity()
  (distribution): GaussianDistribution()
  (mlp): MLP(
    (0): Linear(in_features=470, out_features=256, bias=True)
    (1): ELU(alpha=1.0)
    (2): Linear(in_features=256, out_features=256, bias=True)
    (3): ELU(alpha=1.0)
    (4): Linear(in_features=256, out_features=128, bias=True)
    (5): ELU(alpha=1.0)
    (6): Linear(in_features=128, out_features=29, bias=True)
  )
)
Critic Model: MLPModel(
  (obs_normalizer): Identity()
  (mlp): MLP(
    (0): Linear(in_features=640, out_features=512, bias=True)
    (1): ELU(alpha=1.0)
    (2): Linear(in_features=512, out_features=256, bias=True)
    (3): ELU(alpha=1.0)
    (4): Linear(in_features=256, out_features=128, bias=True)
    (5): ELU(alpha=1.0)
    (6): Linear(in_features=128, out_features=1, bias=True)
  )
)
Storing git diff for 'WBC-AGILE' in: /workspace/bench/nexus_port/logs/2026-09-02_15-29-46_nexus/git/WBC-AGILE.diff
################################################################################
[1m                            Learning iteration 0/10                             [0m 

                               Run name: nexus
                            Total steps: 98304 
                       Steps per second: 9040 
                        Collection time: 10.467s 
                          Learning time: 0.407s 
                        Mean value loss: 6.3512
                    Mean surrogate loss: 0.0348
                      Mean entropy loss: 41.1050
                     Mean symmetry loss: 0.0028
                   Mean l2c2_actor loss: 0.0012
                  Mean l2c2_critic loss: 0.0070
                            Mean reward: -46.43
                    Mean episode length: 15.90
                        Mean action std: 1.00
                    Entropy coefficient: 0.002500
        Episode_Reward/base_height_fine: 0.0399
            Episode_Reward/joint_acc_l2: -0.0033
           Episode_Reward/torso_upright: 0.0000
     Curriculum/polish_action_rate_rate: -0.1500
           Curriculum/polish_torso_slam: -5.0000
             Episode_Reward/ground_slam: -0.0025
      Episode_Reward/base_height_medium: 0.0282
  Episode_Reward/feet_distance_standing: -0.0024
        Episode_Reward/joint_pos_limits: -0.0001
        Episode_Reward/joint_vel_limits: -0.0000
           Episode_Reward/forward_pitch: -0.0028
           Episode_Reward/feet_distance: -0.0027
        Curriculum/random_fallen_states: 0.0000
            Episode_Reward/joint_vel_l2: -0.0180
        Episode_Reward/joint_torques_l2: -0.0158
              Episode_Reward/torso_roll: -0.0183
        Episode_Reward/action_rate_rate: -0.4010
          Curriculum/polish_ground_slam: -1.0000
       Episode_Reward/base_height_rough: 0.0221
         Episode_Reward/ground_unloaded: -0.0201
           Episode_Reward/body_velocity: -0.0867
           Curriculum/polish_not_moving: -1.0000
            Metrics/height/height_error: 0.0000
              Episode_Reward/relaxation: -0.1133
      Episode_Reward/joint_deviation_l1: -0.0118
           Episode_Termination/time_out: 0.0187
              Episode_Reward/not_moving: -0.0153
              Curriculum/terrain_levels: 0.0000
           Episode_Reward/ankle_torques: -0.0036
           Episode_Reward/feet_yaw_mean: -0.0050
         Curriculum/polish_joint_vel_l2: -0.0010
              Episode_Reward/torso_slam: -0.0022
      Episode_Termination/invalid_state: 0.0000
 Episode_Reward/joint_deviation_l1_arms: -0.0032
         Episode_Reward/severely_tilted: -0.0009
              Episode_Reward/feet_slide: -0.0010
     Episode_Reward/completely_airborne: -0.7505
        Episode_Reward/illegal_contacts: -0.0006
               Curriculum/adaptive_lift: 1.0000
             Episode_Reward/action_rate: -0.9326
    Episode_Reward/joint_tracking_error: -0.0510
               Episode_Reward/flat_feet: -0.0316
           Episode_Reward/torque_limits: -0.0195
--------------------------------------------------------------------------------
                         Iteration time: 10.87s
                           Time elapsed: 0:00:10
                                    ETA: 0:01:37

################################################################################
[1m                            Learning iteration 1/10                             [0m 

                               Run name: nexus
                            Total steps: 196608 
                       Steps per second: 7193 
                        Collection time: 13.347s 
                          Learning time: 0.317s 
                        Mean value loss: 4.3332
                    Mean surrogate loss: 0.0057
                      Mean entropy loss: 41.0510
                     Mean symmetry loss: 0.0016
                   Mean l2c2_actor loss: 0.0011
                  Mean l2c2_critic loss: 0.0281
                            Mean reward: -101.74
                    Mean episode length: 38.08
                        Mean action std: 0.99
                    Entropy coefficient: 0.002500
        Episode_Reward/base_height_fine: 0.1216
            Episode_Reward/joint_acc_l2: -0.0101
           Episode_Reward/torso_upright: 0.0000
     Curriculum/polish_action_rate_rate: -0.1500
           Curriculum/polish_torso_slam: -5.0000
             Episode_Reward/ground_slam: -0.0289
      Episode_Reward/base_height_medium: 0.0901
  Episode_Reward/feet_distance_standing: -0.0049
        Episode_Reward/joint_pos_limits: -0.0002
        Episode_Reward/joint_vel_limits: -0.0001
           Episode_Reward/forward_pitch: -0.0320
           Episode_Reward/feet_distance: -0.0188
        Curriculum/random_fallen_states: 0.0000
            Episode_Reward/joint_vel_l2: -0.0535
        Episode_Reward/joint_torques_l2: -0.0475
              Episode_Reward/torso_roll: -0.0667
        Episode_Reward/action_rate_rate: -1.2467
          Curriculum/polish_ground_slam: -1.0000
       Episode_Reward/base_height_rough: 0.0719
         Episode_Reward/ground_unloaded: -0.0539
           Episode_Reward/body_velocity: -0.2524
           Curriculum/polish_not_moving: -1.0000
            Metrics/height/height_error: 0.0000
              Episode_Reward/relaxation: -0.3872
      Episode_Reward/joint_deviation_l1: -0.0217
           Episode_Termination/time_out: 0.0523
              Episode_Reward/not_moving: -0.0478
              Curriculum/terrain_levels: 0.0000
           Episode_Reward/ankle_torques: -0.0114
           Episode_Reward/feet_yaw_mean: -0.0170
         Curriculum/polish_joint_vel_l2: -0.0010
              Episode_Reward/torso_slam: -0.0172
      Episode_Termination/invalid_state: 0.0000
 Episode_Reward/joint_deviation_l1_arms: -0.0071
         Episode_Reward/severely_tilted: -0.0080
              Episode_Reward/feet_slide: -0.0111
     Episode_Reward/completely_airborne: -1.3491
        Episode_Reward/illegal_contacts: -0.0216
               Curriculum/adaptive_lift: 0.9999
             Episode_Reward/action_rate: -2.8046
    Episode_Reward/joint_tracking_error: -0.1532
               Episode_Reward/flat_feet: -0.1031
           Episode_Reward/torque_limits: -0.0551
--------------------------------------------------------------------------------
                         Iteration time: 13.66s
                           Time elapsed: 0:00:24
                                    ETA: 0:01:38

################################################################################
[1m                            Learning iteration 2/10                             [0m 

                               Run name: nexus
                            Total steps: 294912 
                       Steps per second: 6623 
                        Collection time: 14.525s 
                          Learning time: 0.316s 
                        Mean value loss: 4.1010
                    Mean surrogate loss: -0.0083
                      Mean entropy loss: 40.7802
                     Mean symmetry loss: 0.0007
                   Mean l2c2_actor loss: 0.0013
                  Mean l2c2_critic loss: 0.0451
                            Mean reward: -157.06
                    Mean episode length: 62.52
                        Mean action std: 0.99
                    Entropy coefficient: 0.002500
        Episode_Reward/base_height_fine: 0.1445
            Episode_Reward/joint_acc_l2: -0.0138
           Episode_Reward/torso_upright: -0.0000
     Curriculum/polish_action_rate_rate: -0.1500
           Curriculum/polish_torso_slam: -5.0000
             Episode_Reward/ground_slam: -0.0455
      Episode_Reward/base_height_medium: 0.1168
  Episode_Reward/feet_distance_standing: -0.0051
        Episode_Reward/joint_pos_limits: -0.0003
        Episode_Reward/joint_vel_limits: -0.0001
           Episode_Reward/forward_pitch: -0.0963
           Episode_Reward/feet_distance: -0.0270
        Curriculum/random_fallen_states: 0.0000
            Episode_Reward/joint_vel_l2: -0.0883
        Episode_Reward/joint_torques_l2: -0.0728
              Episode_Reward/torso_roll: -0.0983
        Episode_Reward/action_rate_rate: -2.0563
          Curriculum/polish_ground_slam: -1.0000
       Episode_Reward/base_height_rough: 0.1039
         Episode_Reward/ground_unloaded: -0.0911
           Episode_Reward/body_velocity: -0.3026
           Curriculum/polish_not_moving: -1.0000
            Metrics/height/height_error: 0.0000
              Episode_Reward/relaxation: -0.5629
      Episode_Reward/joint_deviation_l1: -0.0202
           Episode_Termination/time_out: 0.0814
              Episode_Reward/not_moving: -0.0499
              Curriculum/terrain_levels: 0.0000
           Episode_Reward/ankle_torques: -0.0170
           Episode_Reward/feet_yaw_mean: -0.0283
         Curriculum/polish_joint_vel_l2: -0.0010
              Episode_Reward/torso_slam: -0.0218
      Episode_Termination/invalid_state: 0.0000
 Episode_Reward/joint_deviation_l1_arms: -0.0067
         Episode_Reward/severely_tilted: -0.0138
              Episode_Reward/feet_slide: -0.0174
     Episode_Reward/completely_airborne: -1.6752
        Episode_Reward/illegal_contacts: -0.0641
               Curriculum/adaptive_lift: 0.9984
             Episode_Reward/action_rate: -4.6114
    Episode_Reward/joint_tracking_error: -0.2541
               Episode_Reward/flat_feet: -0.2176
           Episode_Reward/torque_limits: -0.0862
--------------------------------------------------------------------------------
                         Iteration time: 14.84s
                           Time elapsed: 0:00:39
                                    ETA: 0:01:31

################################################################################
[1m                            Learning iteration 3/10                             [0m 

                               Run name: nexus
                            Total steps: 393216 
                       Steps per second: 6410 
                        Collection time: 15.017s 
                          Learning time: 0.317s 
                        Mean value loss: 3.9722
                    Mean surrogate loss: -0.0098
                      Mean entropy loss: 40.6444
                     Mean symmetry loss: 0.0004
                   Mean l2c2_actor loss: 0.0014
                  Mean l2c2_critic loss: 0.0442
                            Mean reward: -216.40
                    Mean episode length: 88.74
                        Mean action std: 0.98
                    Entropy coefficient: 0.002500
        Episode_Reward/base_height_fine: 0.1823
            Episode_Reward/joint_acc_l2: -0.0211
           Episode_Reward/torso_upright: 0.0000
     Curriculum/polish_action_rate_rate: -0.1500
           Curriculum/polish_torso_slam: -5.0000
             Episode_Reward/ground_slam: -0.0673
      Episode_Reward/base_height_medium: 0.1495
  Episode_Reward/feet_distance_standing: -0.0070
        Episode_Reward/joint_pos_limits: -0.0004
        Episode_Reward/joint_vel_limits: -0.0001
           Episode_Reward/forward_pitch: -0.1257
           Episode_Reward/feet_distance: -0.0412
        Curriculum/random_fallen_states: 0.0000
            Episode_Reward/joint_vel_l2: -0.1201
        Episode_Reward/joint_torques_l2: -0.1047
              Episode_Reward/torso_roll: -0.1349
        Episode_Reward/action_rate_rate: -2.8780
          Curriculum/polish_ground_slam: -1.0000
       Episode_Reward/base_height_rough: 0.1341
         Episode_Reward/ground_unloaded: -0.1359
           Episode_Reward/body_velocity: -0.3258
           Curriculum/polish_not_moving: -1.0000
            Metrics/height/height_error: 0.0000
              Episode_Reward/relaxation: -0.7333
      Episode_Reward/joint_deviation_l1: -0.0195
           Episode_Termination/time_out: 0.1105
              Episode_Reward/not_moving: -0.0589
              Curriculum/terrain_levels: 0.0000
           Episode_Reward/ankle_torques: -0.0264
           Episode_Reward/feet_yaw_mean: -0.0388
         Curriculum/polish_joint_vel_l2: -0.0010
              Episode_Reward/torso_slam: -0.0344
      Episode_Termination/invalid_state: 0.0000
 Episode_Reward/joint_deviation_l1_arms: -0.0067
         Episode_Reward/severely_tilted: -0.0130
              Episode_Reward/feet_slide: -0.0253
     Episode_Reward/completely_airborne: -1.9249
        Episode_Reward/illegal_contacts: -0.1133
               Curriculum/adaptive_lift: 0.9960
             Episode_Reward/action_rate: -6.4423
    Episode_Reward/joint_tracking_error: -0.3571
               Episode_Reward/flat_feet: -0.3330
           Episode_Reward/torque_limits: -0.1170
--------------------------------------------------------------------------------
                         Iteration time: 15.33s
                           Time elapsed: 0:00:54
                                    ETA: 0:01:22

################################################################################
[1m                            Learning iteration 4/10                             [0m 

                               Run name: nexus
                            Total steps: 491520 
                       Steps per second: 6368 
                        Collection time: 15.118s 
                          Learning time: 0.317s 
                        Mean value loss: 3.8101
                    Mean surrogate loss: -0.0114
                      Mean entropy loss: 40.4432
                     Mean symmetry loss: 0.0005
                   Mean l2c2_actor loss: 0.0016
                  Mean l2c2_critic loss: 0.0197
                            Mean reward: -269.06
                    Mean episode length: 110.34
                        Mean action std: 0.98
                    Entropy coefficient: 0.002500
        Episode_Reward/base_height_fine: 0.1694
            Episode_Reward/joint_acc_l2: -0.0303
           Episode_Reward/torso_upright: -0.0001
     Curriculum/polish_action_rate_rate: -0.1500
           Curriculum/polish_torso_slam: -5.0000
             Episode_Reward/ground_slam: -0.0853
      Episode_Reward/base_height_medium: 0.1512
  Episode_Reward/feet_distance_standing: -0.0074
        Episode_Reward/joint_pos_limits: -0.0004
        Episode_Reward/joint_vel_limits: -0.0002
           Episode_Reward/forward_pitch: -0.1716
           Episode_Reward/feet_distance: -0.0513
        Curriculum/random_fallen_states: 0.0000
            Episode_Reward/joint_vel_l2: -0.1459
        Episode_Reward/joint_torques_l2: -0.1403
              Episode_Reward/torso_roll: -0.1556
        Episode_Reward/action_rate_rate: -3.6928
          Curriculum/polish_ground_slam: -1.0000
       Episode_Reward/base_height_rough: 0.1551
         Episode_Reward/ground_unloaded: -0.1702
           Episode_Reward/body_velocity: -0.3388
           Curriculum/polish_not_moving: -1.0000
            Metrics/height/height_error: 0.4672
              Episode_Reward/relaxation: -1.1255
      Episode_Reward/joint_deviation_l1: -0.0195
           Episode_Termination/time_out: 0.1441
              Episode_Reward/not_moving: -0.0496
              Curriculum/terrain_levels: 0.0000
           Episode_Reward/ankle_torques: -0.0344
           Episode_Reward/feet_yaw_mean: -0.0487
         Curriculum/polish_joint_vel_l2: -0.0010
              Episode_Reward/torso_slam: -0.0381
      Episode_Termination/invalid_state: 0.0000
 Episode_Reward/joint_deviation_l1_arms: -0.0063
         Episode_Reward/severely_tilted: -0.0063
              Episode_Reward/feet_slide: -0.0331
     Episode_Reward/completely_airborne: -2.1685
        Episode_Reward/illegal_contacts: -0.1676
               Curriculum/adaptive_lift: 0.9941
             Episode_Reward/action_rate: -8.2497
    Episode_Reward/joint_tracking_error: -0.4608
               Episode_Reward/flat_feet: -0.4436
           Episode_Reward/torque_limits: -0.1565
--------------------------------------------------------------------------------
                         Iteration time: 15.43s
                           Time elapsed: 0:01:10
                                    ETA: 0:01:10

################################################################################
[1m                            Learning iteration 5/10                             [0m 

                               Run name: nexus
                            Total steps: 589824 
                       Steps per second: 6354 
                        Collection time: 15.153s 
                          Learning time: 0.318s 
                        Mean value loss: 3.6348
                    Mean surrogate loss: -0.0109
                      Mean entropy loss: 40.3070
                     Mean symmetry loss: 0.0005
                   Mean l2c2_actor loss: 0.0019
                  Mean l2c2_critic loss: 0.0111
                            Mean reward: -322.11
                    Mean episode length: 135.82
                        Mean action std: 0.97
                    Entropy coefficient: 0.002500
        Episode_Reward/base_height_fine: 0.2399
            Episode_Reward/joint_acc_l2: -0.0366
           Episode_Reward/torso_upright: -0.0000
     Curriculum/polish_action_rate_rate: -0.1500
           Curriculum/polish_torso_slam: -5.0000
             Episode_Reward/ground_slam: -0.1044
      Episode_Reward/base_height_medium: 0.1972
  Episode_Reward/feet_distance_standing: -0.0070
        Episode_Reward/joint_pos_limits: -0.0005
        Episode_Reward/joint_vel_limits: -0.0002
           Episode_Reward/forward_pitch: -0.2730
           Episode_Reward/feet_distance: -0.0614
        Curriculum/random_fallen_states: 0.0000
            Episode_Reward/joint_vel_l2: -0.1785
        Episode_Reward/joint_torques_l2: -0.1697
              Episode_Reward/torso_roll: -0.1791
        Episode_Reward/action_rate_rate: -4.4598
          Curriculum/polish_ground_slam: -1.0000
       Episode_Reward/base_height_rough: 0.1901
         Episode_Reward/ground_unloaded: -0.2208
           Episode_Reward/body_velocity: -0.3615
           Curriculum/polish_not_moving: -1.0000
            Metrics/height/height_error: 0.6357
              Episode_Reward/relaxation: -1.1724
      Episode_Reward/joint_deviation_l1: -0.0218
           Episode_Termination/time_out: 0.1744
              Episode_Reward/not_moving: -0.0745
              Curriculum/terrain_levels: 0.0000
           Episode_Reward/ankle_torques: -0.0373
           Episode_Reward/feet_yaw_mean: -0.0599
         Curriculum/polish_joint_vel_l2: -0.0010
              Episode_Reward/torso_slam: -0.0511
      Episode_Termination/invalid_state: 0.0000
 Episode_Reward/joint_deviation_l1_arms: -0.0074
         Episode_Reward/severely_tilted: -0.0082
              Episode_Reward/feet_slide: -0.0421
     Episode_Reward/completely_airborne: -2.5671
        Episode_Reward/illegal_contacts: -0.2036
               Curriculum/adaptive_lift: 0.9939
             Episode_Reward/action_rate: -9.9703
    Episode_Reward/joint_tracking_error: -0.5497
               Episode_Reward/flat_feet: -0.5761
           Episode_Reward/torque_limits: -0.1936
--------------------------------------------------------------------------------
                         Iteration time: 15.47s
                           Time elapsed: 0:01:25
                                    ETA: 0:00:57

################################################################################
[1m                            Learning iteration 6/10                             [0m 

                               Run name: nexus
                            Total steps: 688128 
                       Steps per second: 6347 
                        Collection time: 15.170s 
                          Learning time: 0.318s 
                        Mean value loss: 3.5331
                    Mean surrogate loss: -0.0101
                      Mean entropy loss: 40.1367
                     Mean symmetry loss: 0.0006
                   Mean l2c2_actor loss: 0.0021
                  Mean l2c2_critic loss: 0.0032
                            Mean reward: -380.57
                    Mean episode length: 160.36
                        Mean action std: 0.96
                    Entropy coefficient: 0.002500
        Episode_Reward/base_height_fine: 0.2841
            Episode_Reward/joint_acc_l2: -0.0363
           Episode_Reward/torso_upright: 0.0000
     Curriculum/polish_action_rate_rate: -0.1500
           Curriculum/polish_torso_slam: -5.0000
             Episode_Reward/ground_slam: -0.1260
      Episode_Reward/base_height_medium: 0.2591
  Episode_Reward/feet_distance_standing: -0.0060
        Episode_Reward/joint_pos_limits: -0.0006
        Episode_Reward/joint_vel_limits: -0.0003
           Episode_Reward/forward_pitch: -0.4122
           Episode_Reward/feet_distance: -0.0726
        Curriculum/random_fallen_states: 0.0000
            Episode_Reward/joint_vel_l2: -0.2174
        Episode_Reward/joint_torques_l2: -0.1844
              Episode_Reward/torso_roll: -0.2133
        Episode_Reward/action_rate_rate: -5.2196
          Curriculum/polish_ground_slam: -1.0000
       Episode_Reward/base_height_rough: 0.2589
         Episode_Reward/ground_unloaded: -0.2203
           Episode_Reward/body_velocity: -0.3867
           Curriculum/polish_not_moving: -1.0000
            Metrics/height/height_error: 0.5067
              Episode_Reward/relaxation: -1.6933
      Episode_Reward/joint_deviation_l1: -0.0198
           Episode_Termination/time_out: 0.2099
              Episode_Reward/not_moving: -0.0845
              Curriculum/terrain_levels: 0.0000
           Episode_Reward/ankle_torques: -0.0455
           Episode_Reward/feet_yaw_mean: -0.0719
         Curriculum/polish_joint_vel_l2: -0.0010
              Episode_Reward/torso_slam: -0.0596
      Episode_Termination/invalid_state: 0.0000
 Episode_Reward/joint_deviation_l1_arms: -0.0065
         Episode_Reward/severely_tilted: -0.0088
              Episode_Reward/feet_slide: -0.0523
     Episode_Reward/completely_airborne: -2.8985
        Episode_Reward/illegal_contacts: -0.2325
               Curriculum/adaptive_lift: 0.9939
             Episode_Reward/action_rate: -11.6833
    Episode_Reward/joint_tracking_error: -0.6438
               Episode_Reward/flat_feet: -0.7039
           Episode_Reward/torque_limits: -0.2094
--------------------------------------------------------------------------------
                         Iteration time: 15.49s
                           Time elapsed: 0:01:41
                                    ETA: 0:00:43

################################################################################
[1m                            Learning iteration 7/10                             [0m 

                               Run name: nexus
                            Total steps: 786432 
                       Steps per second: 6368 
                        Collection time: 15.118s 
                          Learning time: 0.318s 
                        Mean value loss: 3.3950
                    Mean surrogate loss: -0.0112
                      Mean entropy loss: 39.9518
                     Mean symmetry loss: 0.0005
                   Mean l2c2_actor loss: 0.0022
                  Mean l2c2_critic loss: 0.0029
                            Mean reward: -419.98
                    Mean episode length: 183.12
                        Mean action std: 0.96
                    Entropy coefficient: 0.002500
        Episode_Reward/base_height_fine: 0.3186
            Episode_Reward/joint_acc_l2: -0.0419
           Episode_Reward/torso_upright: -0.0001
     Curriculum/polish_action_rate_rate: -0.1500
           Curriculum/polish_torso_slam: -5.0000
             Episode_Reward/ground_slam: -0.1404
      Episode_Reward/base_height_medium: 0.2490
  Episode_Reward/feet_distance_standing: -0.0069
        Episode_Reward/joint_pos_limits: -0.0007
        Episode_Reward/joint_vel_limits: -0.0003
           Episode_Reward/forward_pitch: -0.5005
           Episode_Reward/feet_distance: -0.0777
        Curriculum/random_fallen_states: 0.0000
            Episode_Reward/joint_vel_l2: -0.2424
        Episode_Reward/joint_torques_l2: -0.2129
              Episode_Reward/torso_roll: -0.2388
        Episode_Reward/action_rate_rate: -5.9837
          Curriculum/polish_ground_slam: -1.0000
       Episode_Reward/base_height_rough: 0.2416
         Episode_Reward/ground_unloaded: -0.3108
           Episode_Reward/body_velocity: -0.4001
           Curriculum/polish_not_moving: -1.0000
            Metrics/height/height_error: 0.7092
              Episode_Reward/relaxation: -1.4053
      Episode_Reward/joint_deviation_l1: -0.0215
           Episode_Termination/time_out: 0.2439
              Episode_Reward/not_moving: -0.1190
              Curriculum/terrain_levels: 0.0000
           Episode_Reward/ankle_torques: -0.0507
           Episode_Reward/feet_yaw_mean: -0.0818
         Curriculum/polish_joint_vel_l2: -0.0010
              Episode_Reward/torso_slam: -0.0721
      Episode_Termination/invalid_state: 0.0000
 Episode_Reward/joint_deviation_l1_arms: -0.0071
         Episode_Reward/severely_tilted: -0.0085
              Episode_Reward/feet_slide: -0.0594
     Episode_Reward/completely_airborne: -3.1299
        Episode_Reward/illegal_contacts: -0.2748
               Curriculum/adaptive_lift: 0.9939
             Episode_Reward/action_rate: -13.3902
    Episode_Reward/joint_tracking_error: -0.7321
               Episode_Reward/flat_feet: -0.8345
           Episode_Reward/torque_limits: -0.2471
--------------------------------------------------------------------------------
                         Iteration time: 15.44s
                           Time elapsed: 0:01:56
                                    ETA: 0:00:29

################################################################################
[1m                            Learning iteration 8/10                             [0m 

                               Run name: nexus
                            Total steps: 884736 
                       Steps per second: 6339 
                        Collection time: 15.187s 
                          Learning time: 0.320s 
                        Mean value loss: 3.3428
                    Mean surrogate loss: -0.0116
                      Mean entropy loss: 39.7771
                     Mean symmetry loss: 0.0005
                   Mean l2c2_actor loss: 0.0024
                  Mean l2c2_critic loss: 0.0024
                            Mean reward: -488.73
                    Mean episode length: 208.44
                        Mean action std: 0.95
                    Entropy coefficient: 0.002500
        Episode_Reward/base_height_fine: 0.3659
            Episode_Reward/joint_acc_l2: -0.0511
           Episode_Reward/torso_upright: 0.0000
     Curriculum/polish_action_rate_rate: -0.1500
           Curriculum/polish_torso_slam: -5.0000
             Episode_Reward/ground_slam: -0.1638
      Episode_Reward/base_height_medium: 0.3025
  Episode_Reward/feet_distance_standing: -0.0057
        Episode_Reward/joint_pos_limits: -0.0008
        Episode_Reward/joint_vel_limits: -0.0003
           Episode_Reward/forward_pitch: -0.6625
           Episode_Reward/feet_distance: -0.0899
        Curriculum/random_fallen_states: 0.0000
            Episode_Reward/joint_vel_l2: -0.2738
        Episode_Reward/joint_torques_l2: -0.2506
              Episode_Reward/torso_roll: -0.2616
        Episode_Reward/action_rate_rate: -6.7417
          Curriculum/polish_ground_slam: -1.0000
       Episode_Reward/base_height_rough: 0.3015
         Episode_Reward/ground_unloaded: -0.2922
           Episode_Reward/body_velocity: -0.4427
           Curriculum/polish_not_moving: -1.0000
            Metrics/height/height_error: 0.6454
              Episode_Reward/relaxation: -2.2935
      Episode_Reward/joint_deviation_l1: -0.0184
           Episode_Termination/time_out: 0.2743
              Episode_Reward/not_moving: -0.1342
              Curriculum/terrain_levels: 0.0000
           Episode_Reward/ankle_torques: -0.0558
           Episode_Reward/feet_yaw_mean: -0.0930
         Curriculum/polish_joint_vel_l2: -0.0010
              Episode_Reward/torso_slam: -0.0783
      Episode_Termination/invalid_state: 0.0000
 Episode_Reward/joint_deviation_l1_arms: -0.0061
         Episode_Reward/severely_tilted: -0.0085
              Episode_Reward/feet_slide: -0.0692
     Episode_Reward/completely_airborne: -3.6285
        Episode_Reward/illegal_contacts: -0.2940
               Curriculum/adaptive_lift: 0.9939
             Episode_Reward/action_rate: -15.0879
    Episode_Reward/joint_tracking_error: -0.8347
               Episode_Reward/flat_feet: -0.9360
           Episode_Reward/torque_limits: -0.2796
--------------------------------------------------------------------------------
                         Iteration time: 15.51s
                           Time elapsed: 0:02:12
                                    ETA: 0:00:14

################################################################################
[1m                            Learning iteration 9/10                             [0m 

                               Run name: nexus
                            Total steps: 983040 
                       Steps per second: 6349 
                        Collection time: 15.164s 
                          Learning time: 0.318s 
                        Mean value loss: 3.1936
                    Mean surrogate loss: -0.0106
                      Mean entropy loss: 39.5866
                     Mean symmetry loss: 0.0006
                   Mean l2c2_actor loss: 0.0026
                  Mean l2c2_critic loss: 0.0022
                            Mean reward: -531.31
                    Mean episode length: 232.17
                        Mean action std: 0.95
                    Entropy coefficient: 0.002500
        Episode_Reward/base_height_fine: 0.3735
            Episode_Reward/joint_acc_l2: -0.0545
           Episode_Reward/torso_upright: -0.0000
     Curriculum/polish_action_rate_rate: -0.1500
           Curriculum/polish_torso_slam: -5.0000
             Episode_Reward/ground_slam: -0.1844
      Episode_Reward/base_height_medium: 0.3187
  Episode_Reward/feet_distance_standing: -0.0098
        Episode_Reward/joint_pos_limits: -0.0008
        Episode_Reward/joint_vel_limits: -0.0004
           Episode_Reward/forward_pitch: -0.7786
           Episode_Reward/feet_distance: -0.1082
        Curriculum/random_fallen_states: 0.0000
            Episode_Reward/joint_vel_l2: -0.3125
        Episode_Reward/joint_torques_l2: -0.2693
              Episode_Reward/torso_roll: -0.2763
        Episode_Reward/action_rate_rate: -7.4565
          Curriculum/polish_ground_slam: -1.0000
       Episode_Reward/base_height_rough: 0.3298
         Episode_Reward/ground_unloaded: -0.3684
           Episode_Reward/body_velocity: -0.4484
           Curriculum/polish_not_moving: -1.0000
            Metrics/height/height_error: 0.6902
              Episode_Reward/relaxation: -2.0264
      Episode_Reward/joint_deviation_l1: -0.0250
           Episode_Termination/time_out: 0.3062
              Episode_Reward/not_moving: -0.1358
              Curriculum/terrain_levels: 0.0000
           Episode_Reward/ankle_torques: -0.0615
           Episode_Reward/feet_yaw_mean: -0.1006
         Curriculum/polish_joint_vel_l2: -0.0010
              Episode_Reward/torso_slam: -0.0935
      Episode_Termination/invalid_state: 0.0000
 Episode_Reward/joint_deviation_l1_arms: -0.0087
         Episode_Reward/severely_tilted: -0.0098
              Episode_Reward/feet_slide: -0.0778
     Episode_Reward/completely_airborne: -3.7492
        Episode_Reward/illegal_contacts: -0.3330
               Curriculum/adaptive_lift: 0.9939
             Episode_Reward/action_rate: -16.6795
    Episode_Reward/joint_tracking_error: -0.8996
               Episode_Reward/flat_feet: -1.0580
           Episode_Reward/torque_limits: -0.2941
--------------------------------------------------------------------------------
                         Iteration time: 15.48s
                           Time elapsed: 0:02:27
                                    ETA: 0:00:00

[nexus] 10 PPO iterations x 24 steps x 4096 envs in 147.7s -> 14770 ms/iter, 6656 env-steps/s | log /workspace/bench/nexus_port/logs/2026-09-02_15-29-46_nexus
TRAIN ON NEXUS OK
[INFO]: SimulationContext cleared
