Loading user config located at: '/workspace/WBC-AGILE/.venv/lib/python3.12/site-packages/isaacsim/kit/data/Kit/IsaacLab/3.0/user.config.json'
2026-09-02T16:39:17Z [0ms] [Warning] [omni.ext.plugin] [ext: isaaclab_visualizers] Extensions config 'extension.toml' doesn't exist '/workspace/WBC-AGILE/.venv/lib/python3.12/site-packages/isaaclab/source/isaaclab_visualizers' or '/workspace/WBC-AGILE/.venv/lib/python3.12/site-packages/isaaclab/source/isaaclab_visualizers/config'
WARNING: All log messages before absl::InitializeLog() is called are written to STDERR
E0000 00:00:1788367157.995718   61403 descriptor_database.cc:633] File already exists in database: grpc/health/v1/health.proto
W0000 00:00:1788367157.995751   61403 message.cc:301] Protobuf GeneratedMessageFactory: File is already registered: grpc/health/v1/health.proto
2026-09-02T16:39:18Z [376ms] [Warning] [omni.usd_config.extension] Enable omni.materialx.libs extension to use MaterialX
2026-09-02T16:39:18Z [402ms] [Warning] [omni.platforminfo.plugin] failed to open the default display.  Can't verify X Server version.
2026-09-02T16:39:18Z [422ms] [Error] [omni.ext.plugin] Could not load the dynamic library from /workspace/WBC-AGILE/.venv/lib/python3.12/site-packages/isaacsim/extscache/omni.usd.libs-1.0.3+6312fa25.lx64.r.cp312/bin/libMaterialXRenderHw.so. Error: libXt.so.6: cannot open shared object file: No such file or directory (note that this may be caused by a dependent library)
2026-09-02T16:39:18Z [422ms] [Error] [omni.ext.plugin] Could not load the dynamic library from /workspace/WBC-AGILE/.venv/lib/python3.12/site-packages/isaacsim/extscache/omni.usd.libs-1.0.3+6312fa25.lx64.r.cp312/bin/libMaterialXRenderGlsl.so. Error: libXt.so.6: cannot open shared object file: No such file or directory (note that this may be caused by a dependent library)
2026-09-02T16:39:18Z [423ms] [Error] [omni.ext.plugin] Could not load the dynamic library from /workspace/WBC-AGILE/.venv/lib/python3.12/site-packages/isaacsim/extscache/omni.usd.libs-1.0.3+6312fa25.lx64.r.cp312/bin/libusd_usdBakeMtlx.so. Error: libXt.so.6: cannot open shared object file: No such file or directory (note that this may be caused by a dependent library)
2026-09-02T16:39:18Z [983ms] [Warning] [isaacsim.core.simulation_manager.plugin] USD stage is not available; stage-opened subscription is deferred
2026-09-02T16:39:18Z [983ms] [Warning] [isaacsim.core.simulation_manager.plugin] USD stage is not available; stage-opened subscription is deferred
[ISAACLAB] AppLauncher initialization complete
[INFO]: Parsing configuration from: agile.rl_env.tasks.stand_up.g1.height_tracking_env_cfg:G1HeightTrackingEnvCfg
[INFO]: Parsing configuration from: agile.rl_env.tasks.stand_up.g1.agents.rsl_rl_ppo_cfg:G1HeightTrackingPpoRunnerCfg
/workspace/isaaclab_nexus/envs.py:68: UserWarning: nexusify dropped terms without a Nexus implementation: events.randomize_physics_material (randomize_rigid_body_material), events.randomize_base_com (randomize_rigid_body_com)
  warnings.warn("nexusify dropped terms without a Nexus implementation: " + ", ".join(dropped))
[INFO]: Base environment:
	Environment device    : cuda:0
	Environment seed      : 42
	Physics step-size     : 0.005
	Rendering step-size   : 0.02
	Environment step-size : 0.02
[INFO] Generating terrains based on curriculum took Last: 0.284153 s
[INFO]: Registered backend 'nexus' for factory Articulation.
[INFO]: Registered backend 'nexus' for factory ContactSensor.
[INFO]: Registered backend 'nexus' for factory RayCaster.
[INFO]: Time taken for scene creation Last: 6.104547 s, Mean: 6.104547 s, Std: 0.000000 s, N: 1
[INFO]: Scene manager:  NexusScene(num_envs=2048, entities=['robot', 'contact_forces', 'height_measurement_sensor', 'terrain'])
[INFO]: Time taken for simulation start Last: 0.015425 s, Mean: 0.015425 s, Std: 0.000000 s, N: 1
[INFO] Command Manager:  <CommandManager> contains 1 active terms.
+--------------------------------------+
|         Active Command Terms         |
+-------+--------+---------------------+
| Index | Name   |         Type        |
+-------+--------+---------------------+
|   0   | height | SmoothHeightCommand |
+-------+--------+---------------------+

[INFO] Event Manager:  <EventManager> contains 3 active terms.
+----------------------------------------+
| Active Event Terms in Mode: 'startup'  |
+--------+-------------------------------+
| Index  | Name                          |
+--------+-------------------------------+
|   0    | randomize_actuator_gains      |
|   1    | randomize_bodies_mass         |
|   2    | randomize_base_mass           |
+--------+-------------------------------+
+---------------------------------------------------------------------------+
|                   Active Event Terms in Mode: 'interval'                  |
+-------+-----------------------------------------+-------------------------+
| Index | Name                                    | Interval time range (s) |
+-------+-----------------------------------------+-------------------------+
|   0   | push_robot                              |       (0.0, 10.0)       |
|   1   | apply_external_force_torque             |       (0.0, 10.0)       |
|   2   | apply_external_force_torque_extremities |       (0.0, 10.0)       |
+-------+-----------------------------------------+-------------------------+
+----------------------------------+
| Active Event Terms in Mode: 'reset' |
+------------+---------------------+
|   Index    | Name                |
+------------+---------------------+
|     0      | reset_base          |
+------------+---------------------+

[INFO] Recorder Manager:  <RecorderManager> contains 0 active terms.
+---------------------+
| Active Recorder Terms |
+-----------+---------+
|   Index   | Name    |
+-----------+---------+
+-----------+---------+

[INFO]: Resolved joint names for the action term JointPositionAction: ['left_hip_pitch_joint', 'left_hip_roll_joint', 'left_hip_yaw_joint', 'left_knee_joint', 'left_ankle_pitch_joint', 'left_ankle_roll_joint', 'right_hip_pitch_joint', 'right_hip_roll_joint', 'right_hip_yaw_joint', 'right_knee_joint', 'right_ankle_pitch_joint', 'right_ankle_roll_joint', 'waist_yaw_joint', 'waist_roll_joint', 'waist_pitch_joint', 'left_shoulder_pitch_joint', 'left_shoulder_roll_joint', 'left_shoulder_yaw_joint', 'left_elbow_joint', 'left_wrist_roll_joint', 'left_wrist_pitch_joint', 'left_wrist_yaw_joint', 'right_shoulder_pitch_joint', 'right_shoulder_roll_joint', 'right_shoulder_yaw_joint', 'right_elbow_joint', 'right_wrist_roll_joint', 'right_wrist_pitch_joint', 'right_wrist_yaw_joint'] [[0, 1, 2, 3, 4, 5, 6, 7, 8, 9, 10, 11, 12, 13, 14, 15, 16, 17, 18, 19, 20, 21, 22, 23, 24, 25, 26, 27, 28]]
[INFO] Action Manager:  <ActionManager> contains 2 active terms.
+------------------------------------+
|  Active Action Terms (shape: 29)   |
+--------+-------------+-------------+
| Index  | Name        |   Dimension |
+--------+-------------+-------------+
|   0    | joint_pos   |          29 |
|   1    | lift        |           0 |
+--------+-------------+-------------+

[INFO] Observation Manager: <ObservationManager> contains 2 groups.
+----------------------------------------------+
| Active Observation Terms in Group: 'policy'  |
+---------+------------------------+-----------+
|  Index  | Name                   |   Shape   |
+---------+------------------------+-----------+
|    0    | base_ang_vel           |   (5, 3)  |
|    1    | projected_gravity      |   (5, 3)  |
|    2    | joint_pos              |  (5, 29)  |
|    3    | joint_vel              |  (5, 29)  |
|    4    | actions                |  (5, 29)  |
|    5    | height_command         |   (5, 1)  |
+---------+------------------------+-----------+
+----------------------------------------------+
| Active Observation Terms in Group: 'critic'  |
+---------+------------------------+-----------+
|  Index  | Name                   |   Shape   |
+---------+------------------------+-----------+
|    0    | projected_gravity      |   (5, 3)  |
|    1    | base_lin_vel           |   (5, 3)  |
|    2    | base_ang_vel           |   (5, 3)  |
|    3    | joint_pos              |  (5, 29)  |
|    4    | joint_vel              |  (5, 29)  |
|    5    | actions                |  (5, 29)  |
|    6    | contact_forces         |  (5, 30)  |
|    7    | base_height            |   (5, 1)  |
|    8    | height_command         |   (5, 1)  |
+---------+------------------------+-----------+

[INFO] Termination Manager:  <TerminationManager> contains 2 active terms.
+----------------------------------+
|     Active Termination Terms     |
+-------+---------------+----------+
| Index | Name          | Time Out |
+-------+---------------+----------+
|   0   | time_out      |   True   |
|   1   | invalid_state |  False   |
+-------+---------------+----------+

[INFO] Reward Manager:  <RewardManager> contains 32 active terms.
+--------------------------------------------+
|            Active Reward Terms             |
+-------+-------------------------+----------+
| Index | Name                    |   Weight |
+-------+-------------------------+----------+
|   0   | joint_torques_l2        |   -5e-05 |
|   1   | torque_limits           |    -0.01 |
|   2   | joint_acc_l2            | -2.5e-08 |
|   3   | joint_pos_limits        |     -0.1 |
|   4   | joint_vel_limits        |    -0.01 |
|   5   | action_rate             |     -1.0 |
|   6   | action_rate_rate        |    -0.15 |
|   7   | joint_vel_l2            |   -0.001 |
|   8   | joint_tracking_error    |     -0.5 |
|   9   | base_height_rough       |      4.0 |
|   10  | base_height_medium      |      8.0 |
|   11  | base_height_fine        |     16.0 |
|   12  | relaxation              |     -1.0 |
|   13  | joint_deviation_l1      |     -0.5 |
|   14  | joint_deviation_l1_arms |     -0.5 |
|   15  | ankle_torques           |   -0.001 |
|   16  | not_moving              |     -1.0 |
|   17  | torso_upright           |     -1.0 |
|   18  | severely_tilted         |     -5.0 |
|   19  | torso_roll              |     -5.0 |
|   20  | forward_pitch           |    -10.0 |
|   21  | illegal_contacts        |     -2.0 |
|   22  | feet_distance           |     -5.0 |
|   23  | feet_distance_standing  |    -10.0 |
|   24  | ground_unloaded         |     -2.0 |
|   25  | flat_feet               |     -1.0 |
|   26  | feet_slide              |     -1.0 |
|   27  | feet_yaw_mean           |     -2.0 |
|   28  | completely_airborne     |    -50.0 |
|   29  | body_velocity           |     -0.1 |
|   30  | ground_slam             |     -1.0 |
|   31  | torso_slam              |     -5.0 |
+-------+-------------------------+----------+

[INFO] Curriculum Manager:  <CurriculumManager> contains 8 active terms.
+---------------------------------+
|     Active Curriculum Terms     |
+-------+-------------------------+
| Index | Name                    |
+-------+-------------------------+
|   0   | adaptive_lift           |
|   1   | terrain_levels          |
|   2   | polish_action_rate_rate |
|   3   | polish_ground_slam      |
|   4   | polish_torso_slam       |
|   5   | polish_not_moving       |
|   6   | polish_joint_vel_l2     |
|   7   | random_fallen_states    |
+-------+-------------------------+

[INFO]: Completed setting up the environment...
[nexus] env built in 6.3s
[nexus] pre_learn (fallen-state dataset) done in 0.0s
/workspace/WBC-AGILE/.venv/lib/python3.12/site-packages/rsl_rl/utils/utils.py:220: UserWarning: The observation configuration dictionary 'obs_groups' is empty and thus likely not configured. Consider configuring the 'obs_groups' dictionary explicitly
  warnings.warn(
/workspace/WBC-AGILE/.venv/lib/python3.12/site-packages/rsl_rl/utils/utils.py:251: UserWarning: The observation configuration dictionary 'obs_groups' does not contain the 'actor' key. As an observation group with the name 'policy' was found, this is assumed to be the appropriate observation. Consider adding the 'actor' key to the 'obs_groups' dictionary for clarity. This behavior will be removed in a future version.
  warnings.warn(
/workspace/WBC-AGILE/.venv/lib/python3.12/site-packages/rsl_rl/utils/utils.py:243: UserWarning: The observation configuration dictionary 'obs_groups' does not contain the 'critic' key. As an observation group with the name 'critic' was found, this is assumed to be the appropriate observation. Consider adding the 'critic' key to the 'obs_groups' dictionary for clarity. This behavior will be removed in a future version.
  warnings.warn(
--------------------------------------------------------------------------------
Resolved observation sets: 
	 actor :  ['policy']
	 critic :  ['critic']
--------------------------------------------------------------------------------
Actor Model: MLPModel(
  (obs_normalizer): Identity()
  (distribution): GaussianDistribution()
  (mlp): MLP(
    (0): Linear(in_features=470, out_features=256, bias=True)
    (1): ELU(alpha=1.0)
    (2): Linear(in_features=256, out_features=256, bias=True)
    (3): ELU(alpha=1.0)
    (4): Linear(in_features=256, out_features=128, bias=True)
    (5): ELU(alpha=1.0)
    (6): Linear(in_features=128, out_features=29, bias=True)
  )
)
Critic Model: MLPModel(
  (obs_normalizer): Identity()
  (mlp): MLP(
    (0): Linear(in_features=640, out_features=512, bias=True)
    (1): ELU(alpha=1.0)
    (2): Linear(in_features=512, out_features=256, bias=True)
    (3): ELU(alpha=1.0)
    (4): Linear(in_features=256, out_features=128, bias=True)
    (5): ELU(alpha=1.0)
    (6): Linear(in_features=128, out_features=1, bias=True)
  )
)
Storing git diff for 'WBC-AGILE' in: /workspace/bench/nexus_port/logs/2026-09-02_16-39-32_nexus/git/WBC-AGILE.diff
################################################################################
[1m                            Learning iteration 0/10                             [0m 

                               Run name: nexus
                            Total steps: 49152 
                       Steps per second: 16194 
                        Collection time: 2.741s 
                          Learning time: 0.294s 
                        Mean value loss: 6.1923
                    Mean surrogate loss: 0.0507
                      Mean entropy loss: 41.1043
                     Mean symmetry loss: 0.0047
                   Mean l2c2_actor loss: 0.0015
                  Mean l2c2_critic loss: 0.0087
                            Mean reward: -32.97
                    Mean episode length: 11.45
                        Mean action std: 1.00
                    Entropy coefficient: 0.002500
         Episode_Reward/ground_unloaded: -0.0206
       Episode_Reward/base_height_rough: 0.0258
        Episode_Reward/base_height_fine: 0.0537
           Episode_Reward/ankle_torques: -0.0034
               Episode_Reward/flat_feet: -0.0324
    Episode_Reward/joint_tracking_error: -0.0466
              Episode_Reward/torso_roll: -0.0148
            Episode_Reward/joint_vel_l2: -0.0166
            Episode_Reward/joint_acc_l2: -0.0035
              Episode_Reward/relaxation: -0.1131
        Episode_Reward/joint_torques_l2: -0.0167
      Episode_Reward/joint_deviation_l1: -0.0119
           Episode_Reward/feet_yaw_mean: -0.0043
     Episode_Reward/completely_airborne: -0.7465
      Episode_Termination/invalid_state: 0.0000
               Curriculum/adaptive_lift: 1.0000
           Curriculum/polish_torso_slam: -5.0000
  Episode_Reward/feet_distance_standing: -0.0017
           Episode_Termination/time_out: 0.0196
             Episode_Reward/ground_slam: -0.0095
        Episode_Reward/illegal_contacts: -0.0009
        Episode_Reward/joint_vel_limits: -0.0000
         Episode_Reward/severely_tilted: -0.0008
         Curriculum/polish_joint_vel_l2: -0.0010
           Episode_Reward/forward_pitch: -0.0026
           Episode_Reward/feet_distance: -0.0023
 Episode_Reward/joint_deviation_l1_arms: -0.0030
              Episode_Reward/torso_slam: -0.0038
            Metrics/height/height_error: 0.0000
             Episode_Reward/action_rate: -0.9338
           Episode_Reward/torso_upright: 0.0000
              Curriculum/terrain_levels: 0.0000
           Episode_Reward/body_velocity: -0.0853
              Episode_Reward/not_moving: -0.0213
        Episode_Reward/joint_pos_limits: -0.0000
          Curriculum/polish_ground_slam: -1.0000
              Episode_Reward/feet_slide: -0.0016
           Episode_Reward/torque_limits: -0.0185
        Curriculum/random_fallen_states: 0.0000
        Episode_Reward/action_rate_rate: -0.4046
     Curriculum/polish_action_rate_rate: -0.1500
      Episode_Reward/base_height_medium: 0.0355
           Curriculum/polish_not_moving: -1.0000
--------------------------------------------------------------------------------
                         Iteration time: 3.04s
                           Time elapsed: 0:00:03
                                    ETA: 0:00:27

################################################################################
[1m                            Learning iteration 1/10                             [0m 

                               Run name: nexus
                            Total steps: 98304 
                       Steps per second: 28731 
                        Collection time: 1.504s 
                          Learning time: 0.207s 
                        Mean value loss: 4.0583
                    Mean surrogate loss: 0.0137
                      Mean entropy loss: 41.0601
                     Mean symmetry loss: 0.0030
                   Mean l2c2_actor loss: 0.0014
                  Mean l2c2_critic loss: 0.0309
                            Mean reward: -80.73
                    Mean episode length: 30.15
                        Mean action std: 0.99
                    Entropy coefficient: 0.002500
         Episode_Reward/ground_unloaded: -0.0500
       Episode_Reward/base_height_rough: 0.0778
        Episode_Reward/base_height_fine: 0.1513
           Episode_Reward/ankle_torques: -0.0098
               Episode_Reward/flat_feet: -0.0967
    Episode_Reward/joint_tracking_error: -0.1481
              Episode_Reward/torso_roll: -0.0627
            Episode_Reward/joint_vel_l2: -0.0500
            Episode_Reward/joint_acc_l2: -0.0106
              Episode_Reward/relaxation: -0.4600
        Episode_Reward/joint_torques_l2: -0.0502
      Episode_Reward/joint_deviation_l1: -0.0215
           Episode_Reward/feet_yaw_mean: -0.0169
     Episode_Reward/completely_airborne: -1.1522
      Episode_Termination/invalid_state: 0.0000
               Curriculum/adaptive_lift: 1.0000
           Curriculum/polish_torso_slam: -5.0000
  Episode_Reward/feet_distance_standing: -0.0049
           Episode_Termination/time_out: 0.0546
             Episode_Reward/ground_slam: -0.0738
        Episode_Reward/illegal_contacts: -0.0278
        Episode_Reward/joint_vel_limits: -0.0001
         Episode_Reward/severely_tilted: -0.0034
         Curriculum/polish_joint_vel_l2: -0.0010
           Episode_Reward/forward_pitch: -0.0225
           Episode_Reward/feet_distance: -0.0141
 Episode_Reward/joint_deviation_l1_arms: -0.0067
              Episode_Reward/torso_slam: -0.0315
            Metrics/height/height_error: 0.0000
             Episode_Reward/action_rate: -2.7802
           Episode_Reward/torso_upright: 0.0000
              Curriculum/terrain_levels: 0.0000
           Episode_Reward/body_velocity: -0.2441
              Episode_Reward/not_moving: -0.0652
        Episode_Reward/joint_pos_limits: -0.0002
          Curriculum/polish_ground_slam: -1.0000
              Episode_Reward/feet_slide: -0.0167
           Episode_Reward/torque_limits: -0.0539
        Curriculum/random_fallen_states: 0.0000
        Episode_Reward/action_rate_rate: -1.2346
     Curriculum/polish_action_rate_rate: -0.1500
      Episode_Reward/base_height_medium: 0.1040
           Curriculum/polish_not_moving: -1.0000
--------------------------------------------------------------------------------
                         Iteration time: 1.71s
                           Time elapsed: 0:00:04
                                    ETA: 0:00:18

################################################################################
[1m                            Learning iteration 2/10                             [0m 

                               Run name: nexus
                            Total steps: 147456 
                       Steps per second: 28245 
                        Collection time: 1.535s 
                          Learning time: 0.205s 
                        Mean value loss: 3.9216
                    Mean surrogate loss: -0.0064
                      Mean entropy loss: 40.8916
                     Mean symmetry loss: 0.0011
                   Mean l2c2_actor loss: 0.0015
                  Mean l2c2_critic loss: 0.0598
                            Mean reward: -132.29
                    Mean episode length: 52.76
                        Mean action std: 0.99
                    Entropy coefficient: 0.002500
         Episode_Reward/ground_unloaded: -0.0938
       Episode_Reward/base_height_rough: 0.1076
        Episode_Reward/base_height_fine: 0.1487
           Episode_Reward/ankle_torques: -0.0158
               Episode_Reward/flat_feet: -0.2187
    Episode_Reward/joint_tracking_error: -0.2473
              Episode_Reward/torso_roll: -0.0996
            Episode_Reward/joint_vel_l2: -0.0828
            Episode_Reward/joint_acc_l2: -0.0131
              Episode_Reward/relaxation: -0.5038
        Episode_Reward/joint_torques_l2: -0.0733
      Episode_Reward/joint_deviation_l1: -0.0194
           Episode_Reward/feet_yaw_mean: -0.0287
     Episode_Reward/completely_airborne: -1.4774
      Episode_Termination/invalid_state: 0.0000
               Curriculum/adaptive_lift: 0.9985
           Curriculum/polish_torso_slam: -5.0000
  Episode_Reward/feet_distance_standing: -0.0058
           Episode_Termination/time_out: 0.0851
             Episode_Reward/ground_slam: -0.1177
        Episode_Reward/illegal_contacts: -0.0671
        Episode_Reward/joint_vel_limits: -0.0001
         Episode_Reward/severely_tilted: -0.0147
         Curriculum/polish_joint_vel_l2: -0.0010
           Episode_Reward/forward_pitch: -0.1115
           Episode_Reward/feet_distance: -0.0295
 Episode_Reward/joint_deviation_l1_arms: -0.0064
              Episode_Reward/torso_slam: -0.0444
            Metrics/height/height_error: 0.0000
             Episode_Reward/action_rate: -4.6142
           Episode_Reward/torso_upright: -0.0001
              Curriculum/terrain_levels: 0.0000
           Episode_Reward/body_velocity: -0.3057
              Episode_Reward/not_moving: -0.0582
        Episode_Reward/joint_pos_limits: -0.0004
          Curriculum/polish_ground_slam: -1.0000
              Episode_Reward/feet_slide: -0.0261
           Episode_Reward/torque_limits: -0.0869
        Curriculum/random_fallen_states: 0.0000
        Episode_Reward/action_rate_rate: -2.0624
     Curriculum/polish_action_rate_rate: -0.1500
      Episode_Reward/base_height_medium: 0.1187
           Curriculum/polish_not_moving: -1.0000
--------------------------------------------------------------------------------
                         Iteration time: 1.74s
                           Time elapsed: 0:00:06
                                    ETA: 0:00:15

################################################################################
[1m                            Learning iteration 3/10                             [0m 

                               Run name: nexus
                            Total steps: 196608 
                       Steps per second: 28773 
                        Collection time: 1.504s 
                          Learning time: 0.204s 
                        Mean value loss: 3.9728
                    Mean surrogate loss: -0.0059
                      Mean entropy loss: 40.7805
                     Mean symmetry loss: 0.0008
                   Mean l2c2_actor loss: 0.0017
                  Mean l2c2_critic loss: 0.0749
                            Mean reward: -192.03
                    Mean episode length: 78.99
                        Mean action std: 0.98
                    Entropy coefficient: 0.002500
         Episode_Reward/ground_unloaded: -0.1352
       Episode_Reward/base_height_rough: 0.1184
        Episode_Reward/base_height_fine: 0.1740
           Episode_Reward/ankle_torques: -0.0286
               Episode_Reward/flat_feet: -0.3210
    Episode_Reward/joint_tracking_error: -0.3530
              Episode_Reward/torso_roll: -0.1352
            Episode_Reward/joint_vel_l2: -0.1121
            Episode_Reward/joint_acc_l2: -0.0184
              Episode_Reward/relaxation: -0.6493
        Episode_Reward/joint_torques_l2: -0.1029
      Episode_Reward/joint_deviation_l1: -0.0201
           Episode_Reward/feet_yaw_mean: -0.0376
     Episode_Reward/completely_airborne: -1.4919
      Episode_Termination/invalid_state: 0.0000
               Curriculum/adaptive_lift: 0.9963
           Curriculum/polish_torso_slam: -5.0000
  Episode_Reward/feet_distance_standing: -0.0044
           Episode_Termination/time_out: 0.1147
             Episode_Reward/ground_slam: -0.1613
        Episode_Reward/illegal_contacts: -0.1246
        Episode_Reward/joint_vel_limits: -0.0001
         Episode_Reward/severely_tilted: -0.0098
         Curriculum/polish_joint_vel_l2: -0.0010
           Episode_Reward/forward_pitch: -0.1132
           Episode_Reward/feet_distance: -0.0383
 Episode_Reward/joint_deviation_l1_arms: -0.0069
              Episode_Reward/torso_slam: -0.0582
            Metrics/height/height_error: 0.0000
             Episode_Reward/action_rate: -6.4209
           Episode_Reward/torso_upright: 0.0000
              Curriculum/terrain_levels: 0.0000
           Episode_Reward/body_velocity: -0.3369
              Episode_Reward/not_moving: -0.0565
        Episode_Reward/joint_pos_limits: -0.0004
          Curriculum/polish_ground_slam: -1.0000
              Episode_Reward/feet_slide: -0.0387
           Episode_Reward/torque_limits: -0.1197
        Curriculum/random_fallen_states: 0.0000
        Episode_Reward/action_rate_rate: -2.8769
     Curriculum/polish_action_rate_rate: -0.1500
      Episode_Reward/base_height_medium: 0.1361
           Curriculum/polish_not_moving: -1.0000
--------------------------------------------------------------------------------
                         Iteration time: 1.71s
                           Time elapsed: 0:00:08
                                    ETA: 0:00:12

################################################################################
[1m                            Learning iteration 4/10                             [0m 

                               Run name: nexus
                            Total steps: 245760 
                       Steps per second: 28149 
                        Collection time: 1.542s 
                          Learning time: 0.204s 
                        Mean value loss: 3.9444
                    Mean surrogate loss: -0.0109
                      Mean entropy loss: 40.6069
                     Mean symmetry loss: 0.0007
                   Mean l2c2_actor loss: 0.0021
                  Mean l2c2_critic loss: 0.0977
                            Mean reward: -243.07
                    Mean episode length: 102.81
                        Mean action std: 0.98
                    Entropy coefficient: 0.002500
         Episode_Reward/ground_unloaded: -0.1564
       Episode_Reward/base_height_rough: 0.1667
        Episode_Reward/base_height_fine: 0.2005
           Episode_Reward/ankle_torques: -0.0315
               Episode_Reward/flat_feet: -0.4347
    Episode_Reward/joint_tracking_error: -0.4471
              Episode_Reward/torso_roll: -0.1660
            Episode_Reward/joint_vel_l2: -0.1390
            Episode_Reward/joint_acc_l2: -0.0283
              Episode_Reward/relaxation: -1.1810
        Episode_Reward/joint_torques_l2: -0.1407
      Episode_Reward/joint_deviation_l1: -0.0273
           Episode_Reward/feet_yaw_mean: -0.0516
     Episode_Reward/completely_airborne: -1.6795
      Episode_Termination/invalid_state: 0.0000
               Curriculum/adaptive_lift: 0.9947
           Curriculum/polish_torso_slam: -5.0000
  Episode_Reward/feet_distance_standing: -0.0087
           Episode_Termination/time_out: 0.1493
             Episode_Reward/ground_slam: -0.1897
        Episode_Reward/illegal_contacts: -0.1538
        Episode_Reward/joint_vel_limits: -0.0001
         Episode_Reward/severely_tilted: -0.0099
         Curriculum/polish_joint_vel_l2: -0.0010
           Episode_Reward/forward_pitch: -0.2359
           Episode_Reward/feet_distance: -0.0478
 Episode_Reward/joint_deviation_l1_arms: -0.0099
              Episode_Reward/torso_slam: -0.0648
            Metrics/height/height_error: 0.3452
             Episode_Reward/action_rate: -8.1819
           Episode_Reward/torso_upright: -0.0012
              Curriculum/terrain_levels: 0.0000
           Episode_Reward/body_velocity: -0.3346
              Episode_Reward/not_moving: -0.0609
        Episode_Reward/joint_pos_limits: -0.0005
          Curriculum/polish_ground_slam: -1.0000
              Episode_Reward/feet_slide: -0.0551
           Episode_Reward/torque_limits: -0.1518
        Curriculum/random_fallen_states: 0.0000
        Episode_Reward/action_rate_rate: -3.6616
     Curriculum/polish_action_rate_rate: -0.1500
      Episode_Reward/base_height_medium: 0.1706
           Curriculum/polish_not_moving: -1.0000
--------------------------------------------------------------------------------
                         Iteration time: 1.75s
                           Time elapsed: 0:00:09
                                    ETA: 0:00:09

################################################################################
[1m                            Learning iteration 5/10                             [0m 

                               Run name: nexus
                            Total steps: 294912 
                       Steps per second: 27411 
                        Collection time: 1.588s 
                          Learning time: 0.205s 
                        Mean value loss: 3.8644
                    Mean surrogate loss: -0.0078
                      Mean entropy loss: 40.4826
                     Mean symmetry loss: 0.0006
                   Mean l2c2_actor loss: 0.0024
                  Mean l2c2_critic loss: 0.0924
                            Mean reward: -294.65
                    Mean episode length: 125.79
                        Mean action std: 0.97
                    Entropy coefficient: 0.002500
         Episode_Reward/ground_unloaded: -0.2115
       Episode_Reward/base_height_rough: 0.1847
        Episode_Reward/base_height_fine: 0.2257
           Episode_Reward/ankle_torques: -0.0392
               Episode_Reward/flat_feet: -0.5676
    Episode_Reward/joint_tracking_error: -0.5342
              Episode_Reward/torso_roll: -0.2023
            Episode_Reward/joint_vel_l2: -0.1738
            Episode_Reward/joint_acc_l2: -0.0281
              Episode_Reward/relaxation: -1.0602
        Episode_Reward/joint_torques_l2: -0.1574
      Episode_Reward/joint_deviation_l1: -0.0185
           Episode_Reward/feet_yaw_mean: -0.0568
     Episode_Reward/completely_airborne: -1.9086
      Episode_Termination/invalid_state: 0.0000
               Curriculum/adaptive_lift: 0.9945
           Curriculum/polish_torso_slam: -5.0000
  Episode_Reward/feet_distance_standing: -0.0044
           Episode_Termination/time_out: 0.1792
             Episode_Reward/ground_slam: -0.2411
        Episode_Reward/illegal_contacts: -0.1971
        Episode_Reward/joint_vel_limits: -0.0002
         Episode_Reward/severely_tilted: -0.0143
         Curriculum/polish_joint_vel_l2: -0.0010
           Episode_Reward/forward_pitch: -0.3508
           Episode_Reward/feet_distance: -0.0598
 Episode_Reward/joint_deviation_l1_arms: -0.0061
              Episode_Reward/torso_slam: -0.0860
            Metrics/height/height_error: 0.5944
             Episode_Reward/action_rate: -10.0064
           Episode_Reward/torso_upright: 0.0000
              Curriculum/terrain_levels: 0.0000
           Episode_Reward/body_velocity: -0.3755
              Episode_Reward/not_moving: -0.0734
        Episode_Reward/joint_pos_limits: -0.0006
          Curriculum/polish_ground_slam: -1.0000
              Episode_Reward/feet_slide: -0.0636
           Episode_Reward/torque_limits: -0.1847
        Curriculum/random_fallen_states: 0.0000
        Episode_Reward/action_rate_rate: -4.4783
     Curriculum/polish_action_rate_rate: -0.1500
      Episode_Reward/base_height_medium: 0.1855
           Curriculum/polish_not_moving: -1.0000
--------------------------------------------------------------------------------
                         Iteration time: 1.79s
                           Time elapsed: 0:00:11
                                    ETA: 0:00:07

################################################################################
[1m                            Learning iteration 6/10                             [0m 

                               Run name: nexus
                            Total steps: 344064 
                       Steps per second: 27805 
                        Collection time: 1.563s 
                          Learning time: 0.204s 
                        Mean value loss: 3.7700
                    Mean surrogate loss: -0.0112
                      Mean entropy loss: 40.2965
                     Mean symmetry loss: 0.0006
                   Mean l2c2_actor loss: 0.0028
                  Mean l2c2_critic loss: 0.0878
                            Mean reward: -348.37
                    Mean episode length: 151.68
                        Mean action std: 0.97
                    Entropy coefficient: 0.002500
         Episode_Reward/ground_unloaded: -0.2160
       Episode_Reward/base_height_rough: 0.2509
        Episode_Reward/base_height_fine: 0.2617
           Episode_Reward/ankle_torques: -0.0406
               Episode_Reward/flat_feet: -0.6934
    Episode_Reward/joint_tracking_error: -0.6540
              Episode_Reward/torso_roll: -0.2235
            Episode_Reward/joint_vel_l2: -0.2055
            Episode_Reward/joint_acc_l2: -0.0307
              Episode_Reward/relaxation: -1.6017
        Episode_Reward/joint_torques_l2: -0.1800
      Episode_Reward/joint_deviation_l1: -0.0200
           Episode_Reward/feet_yaw_mean: -0.0709
     Episode_Reward/completely_airborne: -1.8380
      Episode_Termination/invalid_state: 0.0000
               Curriculum/adaptive_lift: 0.9945
           Curriculum/polish_torso_slam: -5.0000
  Episode_Reward/feet_distance_standing: -0.0082
           Episode_Termination/time_out: 0.2126
             Episode_Reward/ground_slam: -0.2877
        Episode_Reward/illegal_contacts: -0.2992
        Episode_Reward/joint_vel_limits: -0.0002
         Episode_Reward/severely_tilted: -0.0124
         Curriculum/polish_joint_vel_l2: -0.0010
           Episode_Reward/forward_pitch: -0.1927
           Episode_Reward/feet_distance: -0.0753
 Episode_Reward/joint_deviation_l1_arms: -0.0063
              Episode_Reward/torso_slam: -0.0847
            Metrics/height/height_error: 0.5364
             Episode_Reward/action_rate: -11.7444
           Episode_Reward/torso_upright: -0.0000
              Curriculum/terrain_levels: 0.0000
           Episode_Reward/body_velocity: -0.3823
              Episode_Reward/not_moving: -0.0658
        Episode_Reward/joint_pos_limits: -0.0007
          Curriculum/polish_ground_slam: -1.0000
              Episode_Reward/feet_slide: -0.0738
           Episode_Reward/torque_limits: -0.2118
        Curriculum/random_fallen_states: 0.0000
        Episode_Reward/action_rate_rate: -5.2545
     Curriculum/polish_action_rate_rate: -0.1500
      Episode_Reward/base_height_medium: 0.2488
           Curriculum/polish_not_moving: -1.0000
--------------------------------------------------------------------------------
                         Iteration time: 1.77s
                           Time elapsed: 0:00:13
                                    ETA: 0:00:05

################################################################################
[1m                            Learning iteration 7/10                             [0m 

                               Run name: nexus
                            Total steps: 393216 
                       Steps per second: 28243 
                        Collection time: 1.536s 
                          Learning time: 0.205s 
                        Mean value loss: 3.5855
                    Mean surrogate loss: -0.0082
                      Mean entropy loss: 40.1736
                     Mean symmetry loss: 0.0006
                   Mean l2c2_actor loss: 0.0029
                  Mean l2c2_critic loss: 0.0931
                            Mean reward: -393.91
                    Mean episode length: 174.23
                        Mean action std: 0.96
                    Entropy coefficient: 0.002500
         Episode_Reward/ground_unloaded: -0.3194
       Episode_Reward/base_height_rough: 0.2464
        Episode_Reward/base_height_fine: 0.2855
           Episode_Reward/ankle_torques: -0.0474
               Episode_Reward/flat_feet: -0.8079
    Episode_Reward/joint_tracking_error: -0.7229
              Episode_Reward/torso_roll: -0.2489
            Episode_Reward/joint_vel_l2: -0.2280
            Episode_Reward/joint_acc_l2: -0.0345
              Episode_Reward/relaxation: -1.0006
        Episode_Reward/joint_torques_l2: -0.2059
      Episode_Reward/joint_deviation_l1: -0.0280
           Episode_Reward/feet_yaw_mean: -0.0769
     Episode_Reward/completely_airborne: -2.1763
      Episode_Termination/invalid_state: 0.0000
               Curriculum/adaptive_lift: 0.9945
           Curriculum/polish_torso_slam: -5.0000
  Episode_Reward/feet_distance_standing: -0.0041
           Episode_Termination/time_out: 0.2442
             Episode_Reward/ground_slam: -0.3111
        Episode_Reward/illegal_contacts: -0.2489
        Episode_Reward/joint_vel_limits: -0.0002
         Episode_Reward/severely_tilted: -0.0101
         Curriculum/polish_joint_vel_l2: -0.0010
           Episode_Reward/forward_pitch: -0.6904
           Episode_Reward/feet_distance: -0.0721
 Episode_Reward/joint_deviation_l1_arms: -0.0087
              Episode_Reward/torso_slam: -0.1194
            Metrics/height/height_error: 0.7926
             Episode_Reward/action_rate: -13.5585
           Episode_Reward/torso_upright: -0.0008
              Curriculum/terrain_levels: 0.0000
           Episode_Reward/body_velocity: -0.4089
              Episode_Reward/not_moving: -0.0914
        Episode_Reward/joint_pos_limits: -0.0008
          Curriculum/polish_ground_slam: -1.0000
              Episode_Reward/feet_slide: -0.0990
           Episode_Reward/torque_limits: -0.2418
        Curriculum/random_fallen_states: 0.0000
        Episode_Reward/action_rate_rate: -6.0722
     Curriculum/polish_action_rate_rate: -0.1500
      Episode_Reward/base_height_medium: 0.2474
           Curriculum/polish_not_moving: -1.0000
--------------------------------------------------------------------------------
                         Iteration time: 1.74s
                           Time elapsed: 0:00:15
                                    ETA: 0:00:03

################################################################################
[1m                            Learning iteration 8/10                             [0m 

                               Run name: nexus
                            Total steps: 442368 
                       Steps per second: 28017 
                        Collection time: 1.550s 
                          Learning time: 0.204s 
                        Mean value loss: 3.5479
                    Mean surrogate loss: -0.0118
                      Mean entropy loss: 40.0111
                     Mean symmetry loss: 0.0006
                   Mean l2c2_actor loss: 0.0031
                  Mean l2c2_critic loss: 0.0936
                            Mean reward: -443.22
                    Mean episode length: 197.42
                        Mean action std: 0.96
                    Entropy coefficient: 0.002500
         Episode_Reward/ground_unloaded: -0.3307
       Episode_Reward/base_height_rough: 0.2653
        Episode_Reward/base_height_fine: 0.3533
           Episode_Reward/ankle_torques: -0.0561
               Episode_Reward/flat_feet: -0.9397
    Episode_Reward/joint_tracking_error: -0.8197
              Episode_Reward/torso_roll: -0.2894
            Episode_Reward/joint_vel_l2: -0.2549
            Episode_Reward/joint_acc_l2: -0.0497
              Episode_Reward/relaxation: -1.5713
        Episode_Reward/joint_torques_l2: -0.2594
      Episode_Reward/joint_deviation_l1: -0.0176
           Episode_Reward/feet_yaw_mean: -0.0962
     Episode_Reward/completely_airborne: -2.2820
      Episode_Termination/invalid_state: 0.0000
               Curriculum/adaptive_lift: 0.9945
           Curriculum/polish_torso_slam: -5.0000
  Episode_Reward/feet_distance_standing: -0.0065
           Episode_Termination/time_out: 0.2755
             Episode_Reward/ground_slam: -0.3532
        Episode_Reward/illegal_contacts: -0.3304
        Episode_Reward/joint_vel_limits: -0.0003
         Episode_Reward/severely_tilted: -0.0055
         Curriculum/polish_joint_vel_l2: -0.0010
           Episode_Reward/forward_pitch: -0.6100
           Episode_Reward/feet_distance: -0.0955
 Episode_Reward/joint_deviation_l1_arms: -0.0052
              Episode_Reward/torso_slam: -0.1321
            Metrics/height/height_error: 0.6855
             Episode_Reward/action_rate: -15.1860
           Episode_Reward/torso_upright: 0.0000
              Curriculum/terrain_levels: 0.0000
           Episode_Reward/body_velocity: -0.4387
              Episode_Reward/not_moving: -0.1116
        Episode_Reward/joint_pos_limits: -0.0008
          Curriculum/polish_ground_slam: -1.0000
              Episode_Reward/feet_slide: -0.1050
           Episode_Reward/torque_limits: -0.2766
        Curriculum/random_fallen_states: 0.0000
        Episode_Reward/action_rate_rate: -6.7985
     Curriculum/polish_action_rate_rate: -0.1500
      Episode_Reward/base_height_medium: 0.2790
           Curriculum/polish_not_moving: -1.0000
--------------------------------------------------------------------------------
                         Iteration time: 1.75s
                           Time elapsed: 0:00:16
                                    ETA: 0:00:01

################################################################################
[1m                            Learning iteration 9/10                             [0m 

                               Run name: nexus
                            Total steps: 491520 
                       Steps per second: 28089 
                        Collection time: 1.545s 
                          Learning time: 0.205s 
                        Mean value loss: 3.4409
                    Mean surrogate loss: -0.0095
                      Mean entropy loss: 39.8816
                     Mean symmetry loss: 0.0005
                   Mean l2c2_actor loss: 0.0034
                  Mean l2c2_critic loss: 0.0849
                            Mean reward: -494.03
                    Mean episode length: 220.37
                        Mean action std: 0.95
                    Entropy coefficient: 0.002500
         Episode_Reward/ground_unloaded: -0.3504
       Episode_Reward/base_height_rough: 0.3240
        Episode_Reward/base_height_fine: 0.3206
           Episode_Reward/ankle_torques: -0.0590
               Episode_Reward/flat_feet: -1.0368
    Episode_Reward/joint_tracking_error: -0.8848
              Episode_Reward/torso_roll: -0.2930
            Episode_Reward/joint_vel_l2: -0.2922
            Episode_Reward/joint_acc_l2: -0.0402
              Episode_Reward/relaxation: -1.7741
        Episode_Reward/joint_torques_l2: -0.2492
      Episode_Reward/joint_deviation_l1: -0.0250
           Episode_Reward/feet_yaw_mean: -0.1015
     Episode_Reward/completely_airborne: -2.5696
      Episode_Termination/invalid_state: 0.0000
               Curriculum/adaptive_lift: 0.9945
           Curriculum/polish_torso_slam: -5.0000
  Episode_Reward/feet_distance_standing: -0.0067
           Episode_Termination/time_out: 0.3050
             Episode_Reward/ground_slam: -0.4215
        Episode_Reward/illegal_contacts: -0.3112
        Episode_Reward/joint_vel_limits: -0.0003
         Episode_Reward/severely_tilted: -0.0067
         Curriculum/polish_joint_vel_l2: -0.0010
           Episode_Reward/forward_pitch: -0.9713
           Episode_Reward/feet_distance: -0.0999
 Episode_Reward/joint_deviation_l1_arms: -0.0088
              Episode_Reward/torso_slam: -0.1585
            Metrics/height/height_error: 0.5928
             Episode_Reward/action_rate: -16.8272
           Episode_Reward/torso_upright: 0.0000
              Curriculum/terrain_levels: 0.0000
           Episode_Reward/body_velocity: -0.4433
              Episode_Reward/not_moving: -0.1044
        Episode_Reward/joint_pos_limits: -0.0009
          Curriculum/polish_ground_slam: -1.0000
              Episode_Reward/feet_slide: -0.1314
           Episode_Reward/torque_limits: -0.2881
        Curriculum/random_fallen_states: 0.0000
        Episode_Reward/action_rate_rate: -7.5341
     Curriculum/polish_action_rate_rate: -0.1500
      Episode_Reward/base_height_medium: 0.2904
           Curriculum/polish_not_moving: -1.0000
--------------------------------------------------------------------------------
                         Iteration time: 1.75s
                           Time elapsed: 0:00:18
                                    ETA: 0:00:00

[nexus] 10 PPO iterations x 24 steps x 2048 envs in 18.9s -> 1892 ms/iter, 25981 env-steps/s | log /workspace/bench/nexus_port/logs/2026-09-02_16-39-32_nexus
TRAIN ON NEXUS OK
[INFO]: SimulationContext cleared
