Loading user config located at: '/workspace/WBC-AGILE/.venv/lib/python3.12/site-packages/isaacsim/kit/data/Kit/IsaacLab/3.0/user.config.json'
2026-09-02T15:15:34Z [0ms] [Warning] [omni.ext.plugin] [ext: isaaclab_visualizers] Extensions config 'extension.toml' doesn't exist '/workspace/WBC-AGILE/.venv/lib/python3.12/site-packages/isaaclab/source/isaaclab_visualizers' or '/workspace/WBC-AGILE/.venv/lib/python3.12/site-packages/isaaclab/source/isaaclab_visualizers/config'
WARNING: All log messages before absl::InitializeLog() is called are written to STDERR
E0000 00:00:1788362134.468579    3381 descriptor_database.cc:633] File already exists in database: grpc/health/v1/health.proto
W0000 00:00:1788362134.468609    3381 message.cc:301] Protobuf GeneratedMessageFactory: File is already registered: grpc/health/v1/health.proto
2026-09-02T15:15:34Z [343ms] [Warning] [omni.usd_config.extension] Enable omni.materialx.libs extension to use MaterialX
2026-09-02T15:15:34Z [376ms] [Warning] [omni.platforminfo.plugin] failed to open the default display.  Can't verify X Server version.
2026-09-02T15:15:34Z [389ms] [Error] [omni.ext.plugin] Could not load the dynamic library from /workspace/WBC-AGILE/.venv/lib/python3.12/site-packages/isaacsim/extscache/omni.usd.libs-1.0.3+6312fa25.lx64.r.cp312/bin/libMaterialXRenderHw.so. Error: libXt.so.6: cannot open shared object file: No such file or directory (note that this may be caused by a dependent library)
2026-09-02T15:15:34Z [389ms] [Error] [omni.ext.plugin] Could not load the dynamic library from /workspace/WBC-AGILE/.venv/lib/python3.12/site-packages/isaacsim/extscache/omni.usd.libs-1.0.3+6312fa25.lx64.r.cp312/bin/libMaterialXRenderGlsl.so. Error: libXt.so.6: cannot open shared object file: No such file or directory (note that this may be caused by a dependent library)
2026-09-02T15:15:34Z [390ms] [Error] [omni.ext.plugin] Could not load the dynamic library from /workspace/WBC-AGILE/.venv/lib/python3.12/site-packages/isaacsim/extscache/omni.usd.libs-1.0.3+6312fa25.lx64.r.cp312/bin/libusd_usdBakeMtlx.so. Error: libXt.so.6: cannot open shared object file: No such file or directory (note that this may be caused by a dependent library)
2026-09-02T15:15:35Z [1,007ms] [Warning] [isaacsim.core.simulation_manager.plugin] USD stage is not available; stage-opened subscription is deferred
2026-09-02T15:15:35Z [1,007ms] [Warning] [isaacsim.core.simulation_manager.plugin] USD stage is not available; stage-opened subscription is deferred
[ISAACLAB] AppLauncher initialization complete
[INFO]: Parsing configuration from: agile.rl_env.tasks.stand_up.g1.height_tracking_env_cfg:G1HeightTrackingEnvCfg
[INFO]: Parsing configuration from: agile.rl_env.tasks.stand_up.g1.agents.rsl_rl_ppo_cfg:G1HeightTrackingPpoRunnerCfg
/workspace/isaaclab_nexus/envs.py:68: UserWarning: nexusify dropped terms without a Nexus implementation: events.randomize_physics_material (randomize_rigid_body_material), events.randomize_base_com (randomize_rigid_body_com)
  warnings.warn("nexusify dropped terms without a Nexus implementation: " + ", ".join(dropped))
[INFO]: Base environment:
	Environment device    : cuda:0
	Environment seed      : 42
	Physics step-size     : 0.005
	Rendering step-size   : 0.02
	Environment step-size : 0.02
[INFO] Generating terrains based on curriculum took Last: 0.249704 s
[INFO]: Registered backend 'nexus' for factory Articulation.
[INFO]: Registered backend 'nexus' for factory ContactSensor.
[INFO]: Registered backend 'nexus' for factory RayCaster.
[INFO]: Time taken for scene creation Last: 6.429269 s, Mean: 6.429269 s, Std: 0.000000 s, N: 1
[INFO]: Scene manager:  NexusScene(num_envs=1024, entities=['robot', 'contact_forces', 'height_measurement_sensor', 'terrain'])
[INFO]: Time taken for simulation start Last: 0.012615 s, Mean: 0.012615 s, Std: 0.000000 s, N: 1
[INFO] Command Manager:  <CommandManager> contains 1 active terms.
+--------------------------------------+
|         Active Command Terms         |
+-------+--------+---------------------+
| Index | Name   |         Type        |
+-------+--------+---------------------+
|   0   | height | SmoothHeightCommand |
+-------+--------+---------------------+

[INFO] Event Manager:  <EventManager> contains 3 active terms.
+----------------------------------------+
| Active Event Terms in Mode: 'startup'  |
+--------+-------------------------------+
| Index  | Name                          |
+--------+-------------------------------+
|   0    | randomize_actuator_gains      |
|   1    | randomize_bodies_mass         |
|   2    | randomize_base_mass           |
+--------+-------------------------------+
+---------------------------------------------------------------------------+
|                   Active Event Terms in Mode: 'interval'                  |
+-------+-----------------------------------------+-------------------------+
| Index | Name                                    | Interval time range (s) |
+-------+-----------------------------------------+-------------------------+
|   0   | push_robot                              |       (0.0, 10.0)       |
|   1   | apply_external_force_torque             |       (0.0, 10.0)       |
|   2   | apply_external_force_torque_extremities |       (0.0, 10.0)       |
+-------+-----------------------------------------+-------------------------+
+----------------------------------+
| Active Event Terms in Mode: 'reset' |
+------------+---------------------+
|   Index    | Name                |
+------------+---------------------+
|     0      | reset_base          |
+------------+---------------------+

[INFO] Recorder Manager:  <RecorderManager> contains 0 active terms.
+---------------------+
| Active Recorder Terms |
+-----------+---------+
|   Index   | Name    |
+-----------+---------+
+-----------+---------+

[INFO]: Resolved joint names for the action term JointPositionAction: ['left_hip_pitch_joint', 'left_hip_roll_joint', 'left_hip_yaw_joint', 'left_knee_joint', 'left_ankle_pitch_joint', 'left_ankle_roll_joint', 'right_hip_pitch_joint', 'right_hip_roll_joint', 'right_hip_yaw_joint', 'right_knee_joint', 'right_ankle_pitch_joint', 'right_ankle_roll_joint', 'waist_yaw_joint', 'waist_roll_joint', 'waist_pitch_joint', 'left_shoulder_pitch_joint', 'left_shoulder_roll_joint', 'left_shoulder_yaw_joint', 'left_elbow_joint', 'left_wrist_roll_joint', 'left_wrist_pitch_joint', 'left_wrist_yaw_joint', 'right_shoulder_pitch_joint', 'right_shoulder_roll_joint', 'right_shoulder_yaw_joint', 'right_elbow_joint', 'right_wrist_roll_joint', 'right_wrist_pitch_joint', 'right_wrist_yaw_joint'] [[0, 1, 2, 3, 4, 5, 6, 7, 8, 9, 10, 11, 12, 13, 14, 15, 16, 17, 18, 19, 20, 21, 22, 23, 24, 25, 26, 27, 28]]
[INFO] Action Manager:  <ActionManager> contains 2 active terms.
+------------------------------------+
|  Active Action Terms (shape: 29)   |
+--------+-------------+-------------+
| Index  | Name        |   Dimension |
+--------+-------------+-------------+
|   0    | joint_pos   |          29 |
|   1    | lift        |           0 |
+--------+-------------+-------------+

[INFO] Observation Manager: <ObservationManager> contains 2 groups.
+----------------------------------------------+
| Active Observation Terms in Group: 'policy'  |
+---------+------------------------+-----------+
|  Index  | Name                   |   Shape   |
+---------+------------------------+-----------+
|    0    | base_ang_vel           |   (5, 3)  |
|    1    | projected_gravity      |   (5, 3)  |
|    2    | joint_pos              |  (5, 29)  |
|    3    | joint_vel              |  (5, 29)  |
|    4    | actions                |  (5, 29)  |
|    5    | height_command         |   (5, 1)  |
+---------+------------------------+-----------+
+----------------------------------------------+
| Active Observation Terms in Group: 'critic'  |
+---------+------------------------+-----------+
|  Index  | Name                   |   Shape   |
+---------+------------------------+-----------+
|    0    | projected_gravity      |   (5, 3)  |
|    1    | base_lin_vel           |   (5, 3)  |
|    2    | base_ang_vel           |   (5, 3)  |
|    3    | joint_pos              |  (5, 29)  |
|    4    | joint_vel              |  (5, 29)  |
|    5    | actions                |  (5, 29)  |
|    6    | contact_forces         |  (5, 30)  |
|    7    | base_height            |   (5, 1)  |
|    8    | height_command         |   (5, 1)  |
+---------+------------------------+-----------+

[INFO] Termination Manager:  <TerminationManager> contains 2 active terms.
+----------------------------------+
|     Active Termination Terms     |
+-------+---------------+----------+
| Index | Name          | Time Out |
+-------+---------------+----------+
|   0   | time_out      |   True   |
|   1   | invalid_state |  False   |
+-------+---------------+----------+

[INFO] Reward Manager:  <RewardManager> contains 32 active terms.
+--------------------------------------------+
|            Active Reward Terms             |
+-------+-------------------------+----------+
| Index | Name                    |   Weight |
+-------+-------------------------+----------+
|   0   | joint_torques_l2        |   -5e-05 |
|   1   | torque_limits           |    -0.01 |
|   2   | joint_acc_l2            | -2.5e-08 |
|   3   | joint_pos_limits        |     -0.1 |
|   4   | joint_vel_limits        |    -0.01 |
|   5   | action_rate             |     -1.0 |
|   6   | action_rate_rate        |    -0.15 |
|   7   | joint_vel_l2            |   -0.001 |
|   8   | joint_tracking_error    |     -0.5 |
|   9   | base_height_rough       |      4.0 |
|   10  | base_height_medium      |      8.0 |
|   11  | base_height_fine        |     16.0 |
|   12  | relaxation              |     -1.0 |
|   13  | joint_deviation_l1      |     -0.5 |
|   14  | joint_deviation_l1_arms |     -0.5 |
|   15  | ankle_torques           |   -0.001 |
|   16  | not_moving              |     -1.0 |
|   17  | torso_upright           |     -1.0 |
|   18  | severely_tilted         |     -5.0 |
|   19  | torso_roll              |     -5.0 |
|   20  | forward_pitch           |    -10.0 |
|   21  | illegal_contacts        |     -2.0 |
|   22  | feet_distance           |     -5.0 |
|   23  | feet_distance_standing  |    -10.0 |
|   24  | ground_unloaded         |     -2.0 |
|   25  | flat_feet               |     -1.0 |
|   26  | feet_slide              |     -1.0 |
|   27  | feet_yaw_mean           |     -2.0 |
|   28  | completely_airborne     |    -50.0 |
|   29  | body_velocity           |     -0.1 |
|   30  | ground_slam             |     -1.0 |
|   31  | torso_slam              |     -5.0 |
+-------+-------------------------+----------+

[INFO] Curriculum Manager:  <CurriculumManager> contains 8 active terms.
+---------------------------------+
|     Active Curriculum Terms     |
+-------+-------------------------+
| Index | Name                    |
+-------+-------------------------+
|   0   | adaptive_lift           |
|   1   | terrain_levels          |
|   2   | polish_action_rate_rate |
|   3   | polish_ground_slam      |
|   4   | polish_torso_slam       |
|   5   | polish_not_moving       |
|   6   | polish_joint_vel_l2     |
|   7   | random_fallen_states    |
+-------+-------------------------+

[INFO]: Completed setting up the environment...
[nexus] env built in 6.6s
[nexus] pre_learn (fallen-state dataset) done in 0.0s
/workspace/WBC-AGILE/.venv/lib/python3.12/site-packages/rsl_rl/utils/utils.py:220: UserWarning: The observation configuration dictionary 'obs_groups' is empty and thus likely not configured. Consider configuring the 'obs_groups' dictionary explicitly
  warnings.warn(
/workspace/WBC-AGILE/.venv/lib/python3.12/site-packages/rsl_rl/utils/utils.py:251: UserWarning: The observation configuration dictionary 'obs_groups' does not contain the 'actor' key. As an observation group with the name 'policy' was found, this is assumed to be the appropriate observation. Consider adding the 'actor' key to the 'obs_groups' dictionary for clarity. This behavior will be removed in a future version.
  warnings.warn(
/workspace/WBC-AGILE/.venv/lib/python3.12/site-packages/rsl_rl/utils/utils.py:243: UserWarning: The observation configuration dictionary 'obs_groups' does not contain the 'critic' key. As an observation group with the name 'critic' was found, this is assumed to be the appropriate observation. Consider adding the 'critic' key to the 'obs_groups' dictionary for clarity. This behavior will be removed in a future version.
  warnings.warn(
--------------------------------------------------------------------------------
Resolved observation sets: 
	 actor :  ['policy']
	 critic :  ['critic']
--------------------------------------------------------------------------------
Actor Model: MLPModel(
  (obs_normalizer): Identity()
  (distribution): GaussianDistribution()
  (mlp): MLP(
    (0): Linear(in_features=470, out_features=256, bias=True)
    (1): ELU(alpha=1.0)
    (2): Linear(in_features=256, out_features=256, bias=True)
    (3): ELU(alpha=1.0)
    (4): Linear(in_features=256, out_features=128, bias=True)
    (5): ELU(alpha=1.0)
    (6): Linear(in_features=128, out_features=29, bias=True)
  )
)
Critic Model: MLPModel(
  (obs_normalizer): Identity()
  (mlp): MLP(
    (0): Linear(in_features=640, out_features=512, bias=True)
    (1): ELU(alpha=1.0)
    (2): Linear(in_features=512, out_features=256, bias=True)
    (3): ELU(alpha=1.0)
    (4): Linear(in_features=256, out_features=128, bias=True)
    (5): ELU(alpha=1.0)
    (6): Linear(in_features=128, out_features=1, bias=True)
  )
)
Storing git diff for 'WBC-AGILE' in: /workspace/bench/nexus_port/logs/2026-09-02_15-15-49_nexus/git/WBC-AGILE.diff
################################################################################
[1m                            Learning iteration 0/10                             [0m 

                               Run name: nexus
                            Total steps: 24576 
                       Steps per second: 4673 
                        Collection time: 5.010s 
                          Learning time: 0.248s 
                        Mean value loss: 6.3477
                    Mean surrogate loss: 0.0346
                      Mean entropy loss: 41.1317
                     Mean symmetry loss: 0.0044
                   Mean l2c2_actor loss: 0.0015
                  Mean l2c2_critic loss: 0.0069
                            Mean reward: -33.14
                    Mean episode length: 11.26
                        Mean action std: 1.00
                    Entropy coefficient: 0.002500
        Episode_Reward/base_height_fine: 0.0350
             Episode_Reward/action_rate: -0.9265
             Episode_Reward/ground_slam: -0.0017
           Episode_Reward/torso_upright: 0.0000
         Episode_Reward/severely_tilted: -0.0006
              Episode_Reward/torso_roll: -0.0116
            Episode_Reward/joint_acc_l2: -0.0032
              Episode_Reward/relaxation: -0.1780
              Curriculum/terrain_levels: 0.0000
              Episode_Reward/torso_slam: -0.0025
           Episode_Reward/ankle_torques: -0.0030
     Episode_Reward/completely_airborne: -0.7458
           Episode_Reward/feet_yaw_mean: -0.0044
               Curriculum/adaptive_lift: 1.0000
              Episode_Reward/feet_slide: -0.0004
              Episode_Reward/not_moving: -0.0127
     Curriculum/polish_action_rate_rate: -0.1500
 Episode_Reward/joint_deviation_l1_arms: -0.0042
         Curriculum/polish_joint_vel_l2: -0.0010
           Episode_Reward/feet_distance: -0.0024
        Episode_Reward/action_rate_rate: -0.4003
            Episode_Reward/joint_vel_l2: -0.0168
      Episode_Reward/joint_deviation_l1: -0.0145
           Episode_Reward/body_velocity: -0.0739
          Curriculum/polish_ground_slam: -1.0000
         Episode_Reward/ground_unloaded: -0.0147
    Episode_Reward/joint_tracking_error: -0.0511
  Episode_Reward/feet_distance_standing: -0.0033
        Episode_Reward/illegal_contacts: -0.0007
        Curriculum/random_fallen_states: 0.0000
           Episode_Reward/forward_pitch: -0.0081
           Episode_Termination/time_out: 0.0173
               Episode_Reward/flat_feet: -0.0302
        Episode_Reward/joint_pos_limits: -0.0000
      Episode_Reward/base_height_medium: 0.0238
           Curriculum/polish_torso_slam: -5.0000
            Metrics/height/height_error: 0.0000
           Curriculum/polish_not_moving: -1.0000
        Episode_Reward/joint_vel_limits: -0.0000
        Episode_Reward/joint_torques_l2: -0.0152
       Episode_Reward/base_height_rough: 0.0176
      Episode_Termination/invalid_state: 0.0000
           Episode_Reward/torque_limits: -0.0210
--------------------------------------------------------------------------------
                         Iteration time: 5.26s
                           Time elapsed: 0:00:05
                                    ETA: 0:00:47

################################################################################
[1m                            Learning iteration 1/10                             [0m 

                               Run name: nexus
                            Total steps: 49152 
                       Steps per second: 4782 
                        Collection time: 4.991s 
                          Learning time: 0.148s 
                        Mean value loss: 4.3267
                    Mean surrogate loss: 0.0077
                      Mean entropy loss: 41.0993
                     Mean symmetry loss: 0.0030
                   Mean l2c2_actor loss: 0.0016
                  Mean l2c2_critic loss: 0.0338
                            Mean reward: -64.05
                    Mean episode length: 23.66
                        Mean action std: 1.00
                    Entropy coefficient: 0.002500
        Episode_Reward/base_height_fine: 0.1711
             Episode_Reward/action_rate: -2.7873
             Episode_Reward/ground_slam: -0.0253
           Episode_Reward/torso_upright: 0.0000
         Episode_Reward/severely_tilted: -0.0054
              Episode_Reward/torso_roll: -0.0606
            Episode_Reward/joint_acc_l2: -0.0093
              Episode_Reward/relaxation: -0.2705
              Curriculum/terrain_levels: 0.0000
              Episode_Reward/torso_slam: -0.0134
           Episode_Reward/ankle_torques: -0.0109
     Episode_Reward/completely_airborne: -1.3551
           Episode_Reward/feet_yaw_mean: -0.0167
               Curriculum/adaptive_lift: 1.0000
              Episode_Reward/feet_slide: -0.0095
              Episode_Reward/not_moving: -0.0600
     Curriculum/polish_action_rate_rate: -0.1500
 Episode_Reward/joint_deviation_l1_arms: -0.0095
         Curriculum/polish_joint_vel_l2: -0.0010
           Episode_Reward/feet_distance: -0.0158
        Episode_Reward/action_rate_rate: -1.2409
            Episode_Reward/joint_vel_l2: -0.0538
      Episode_Reward/joint_deviation_l1: -0.0270
           Episode_Reward/body_velocity: -0.2363
          Curriculum/polish_ground_slam: -1.0000
         Episode_Reward/ground_unloaded: -0.0689
    Episode_Reward/joint_tracking_error: -0.1543
  Episode_Reward/feet_distance_standing: -0.0087
        Episode_Reward/illegal_contacts: -0.0221
        Curriculum/random_fallen_states: 0.0000
           Episode_Reward/forward_pitch: -0.0343
           Episode_Termination/time_out: 0.0487
               Episode_Reward/flat_feet: -0.0953
        Episode_Reward/joint_pos_limits: -0.0002
      Episode_Reward/base_height_medium: 0.1203
           Curriculum/polish_torso_slam: -5.0000
            Metrics/height/height_error: 0.0000
           Curriculum/polish_not_moving: -1.0000
        Episode_Reward/joint_vel_limits: -0.0001
        Episode_Reward/joint_torques_l2: -0.0461
       Episode_Reward/base_height_rough: 0.0873
      Episode_Termination/invalid_state: 0.0000
           Episode_Reward/torque_limits: -0.0564
--------------------------------------------------------------------------------
                         Iteration time: 5.14s
                           Time elapsed: 0:00:10
                                    ETA: 0:00:41

################################################################################
[1m                            Learning iteration 2/10                             [0m 

                               Run name: nexus
                            Total steps: 73728 
                       Steps per second: 4328 
                        Collection time: 5.529s 
                          Learning time: 0.148s 
                        Mean value loss: 4.2116
                    Mean surrogate loss: -0.0099
                      Mean entropy loss: 40.9972
                     Mean symmetry loss: 0.0015
                   Mean l2c2_actor loss: 0.0019
                  Mean l2c2_critic loss: 0.0632
                            Mean reward: -92.84
                    Mean episode length: 35.02
                        Mean action std: 0.99
                    Entropy coefficient: 0.002500
        Episode_Reward/base_height_fine: 0.1797
             Episode_Reward/action_rate: -4.6943
             Episode_Reward/ground_slam: -0.0450
           Episode_Reward/torso_upright: -0.0001
         Episode_Reward/severely_tilted: -0.0419
              Episode_Reward/torso_roll: -0.0870
            Episode_Reward/joint_acc_l2: -0.0160
              Episode_Reward/relaxation: -0.6454
              Curriculum/terrain_levels: 0.0000
              Episode_Reward/torso_slam: -0.0242
           Episode_Reward/ankle_torques: -0.0146
     Episode_Reward/completely_airborne: -1.7032
           Episode_Reward/feet_yaw_mean: -0.0298
               Curriculum/adaptive_lift: 0.9994
              Episode_Reward/feet_slide: -0.0157
              Episode_Reward/not_moving: -0.0771
     Curriculum/polish_action_rate_rate: -0.1500
 Episode_Reward/joint_deviation_l1_arms: -0.0069
         Curriculum/polish_joint_vel_l2: -0.0010
           Episode_Reward/feet_distance: -0.0249
        Episode_Reward/action_rate_rate: -2.0942
            Episode_Reward/joint_vel_l2: -0.0903
      Episode_Reward/joint_deviation_l1: -0.0211
           Episode_Reward/body_velocity: -0.3005
          Curriculum/polish_ground_slam: -1.0000
         Episode_Reward/ground_unloaded: -0.0834
    Episode_Reward/joint_tracking_error: -0.2591
  Episode_Reward/feet_distance_standing: -0.0048
        Episode_Reward/illegal_contacts: -0.0609
        Curriculum/random_fallen_states: 0.0000
           Episode_Reward/forward_pitch: -0.0886
           Episode_Termination/time_out: 0.0793
               Episode_Reward/flat_feet: -0.2164
        Episode_Reward/joint_pos_limits: -0.0003
      Episode_Reward/base_height_medium: 0.1342
           Curriculum/polish_torso_slam: -5.0000
            Metrics/height/height_error: 0.0000
           Curriculum/polish_not_moving: -1.0000
        Episode_Reward/joint_vel_limits: -0.0001
        Episode_Reward/joint_torques_l2: -0.0771
       Episode_Reward/base_height_rough: 0.1105
      Episode_Termination/invalid_state: 0.0000
           Episode_Reward/torque_limits: -0.0897
--------------------------------------------------------------------------------
                         Iteration time: 5.68s
                           Time elapsed: 0:00:16
                                    ETA: 0:00:37

################################################################################
[1m                            Learning iteration 3/10                             [0m 

                               Run name: nexus
                            Total steps: 98304 
                       Steps per second: 4463 
                        Collection time: 5.356s 
                          Learning time: 0.150s 
                        Mean value loss: 4.1526
                    Mean surrogate loss: -0.0104
                      Mean entropy loss: 40.9093
                     Mean symmetry loss: 0.0011
                   Mean l2c2_actor loss: 0.0022
                  Mean l2c2_critic loss: 0.0778
                            Mean reward: -143.55
                    Mean episode length: 56.07
                        Mean action std: 0.99
                    Entropy coefficient: 0.002500
        Episode_Reward/base_height_fine: 0.0875
             Episode_Reward/action_rate: -6.4451
             Episode_Reward/ground_slam: -0.0631
           Episode_Reward/torso_upright: 0.0000
         Episode_Reward/severely_tilted: -0.0278
              Episode_Reward/torso_roll: -0.1398
            Episode_Reward/joint_acc_l2: -0.0213
              Episode_Reward/relaxation: -0.5646
              Curriculum/terrain_levels: 0.0000
              Episode_Reward/torso_slam: -0.0314
           Episode_Reward/ankle_torques: -0.0243
     Episode_Reward/completely_airborne: -1.9486
           Episode_Reward/feet_yaw_mean: -0.0452
               Curriculum/adaptive_lift: 0.9979
              Episode_Reward/feet_slide: -0.0228
              Episode_Reward/not_moving: -0.0219
     Curriculum/polish_action_rate_rate: -0.1500
 Episode_Reward/joint_deviation_l1_arms: -0.0031
         Curriculum/polish_joint_vel_l2: -0.0010
           Episode_Reward/feet_distance: -0.0320
        Episode_Reward/action_rate_rate: -2.8720
            Episode_Reward/joint_vel_l2: -0.1221
      Episode_Reward/joint_deviation_l1: -0.0105
           Episode_Reward/body_velocity: -0.3390
          Curriculum/polish_ground_slam: -1.0000
         Episode_Reward/ground_unloaded: -0.1568
    Episode_Reward/joint_tracking_error: -0.3598
  Episode_Reward/feet_distance_standing: -0.0033
        Episode_Reward/illegal_contacts: -0.1170
        Curriculum/random_fallen_states: 0.0000
           Episode_Reward/forward_pitch: -0.1250
           Episode_Termination/time_out: 0.1042
               Episode_Reward/flat_feet: -0.3694
        Episode_Reward/joint_pos_limits: -0.0003
      Episode_Reward/base_height_medium: 0.0704
           Curriculum/polish_torso_slam: -5.0000
            Metrics/height/height_error: 0.0000
           Curriculum/polish_not_moving: -1.0000
        Episode_Reward/joint_vel_limits: -0.0002
        Episode_Reward/joint_torques_l2: -0.1044
       Episode_Reward/base_height_rough: 0.0706
      Episode_Termination/invalid_state: 0.0000
           Episode_Reward/torque_limits: -0.1192
--------------------------------------------------------------------------------
                         Iteration time: 5.51s
                           Time elapsed: 0:00:21
                                    ETA: 0:00:32

################################################################################
[1m                            Learning iteration 4/10                             [0m 

                               Run name: nexus
                            Total steps: 122880 
                       Steps per second: 4401 
                        Collection time: 5.434s 
                          Learning time: 0.150s 
                        Mean value loss: 4.1460
                    Mean surrogate loss: -0.0150
                      Mean entropy loss: 40.7758
                     Mean symmetry loss: 0.0009
                   Mean l2c2_actor loss: 0.0026
                  Mean l2c2_critic loss: 0.0843
                            Mean reward: -205.92
                    Mean episode length: 83.21
                        Mean action std: 0.99
                    Entropy coefficient: 0.002500
        Episode_Reward/base_height_fine: 0.2463
             Episode_Reward/action_rate: -8.1692
             Episode_Reward/ground_slam: -0.0938
           Episode_Reward/torso_upright: 0.0000
         Episode_Reward/severely_tilted: -0.0049
              Episode_Reward/torso_roll: -0.1508
            Episode_Reward/joint_acc_l2: -0.0340
              Episode_Reward/relaxation: -1.4200
              Curriculum/terrain_levels: 0.0000
              Episode_Reward/torso_slam: -0.0445
           Episode_Reward/ankle_torques: -0.0317
     Episode_Reward/completely_airborne: -2.2958
           Episode_Reward/feet_yaw_mean: -0.0474
               Curriculum/adaptive_lift: 0.9965
              Episode_Reward/feet_slide: -0.0364
              Episode_Reward/not_moving: -0.0706
     Curriculum/polish_action_rate_rate: -0.1500
 Episode_Reward/joint_deviation_l1_arms: -0.0076
         Curriculum/polish_joint_vel_l2: -0.0010
           Episode_Reward/feet_distance: -0.0479
        Episode_Reward/action_rate_rate: -3.6496
            Episode_Reward/joint_vel_l2: -0.1437
      Episode_Reward/joint_deviation_l1: -0.0224
           Episode_Reward/body_velocity: -0.3427
          Curriculum/polish_ground_slam: -1.0000
         Episode_Reward/ground_unloaded: -0.1506
    Episode_Reward/joint_tracking_error: -0.4457
  Episode_Reward/feet_distance_standing: -0.0029
        Episode_Reward/illegal_contacts: -0.1194
        Curriculum/random_fallen_states: 0.0000
           Episode_Reward/forward_pitch: -0.3858
           Episode_Termination/time_out: 0.1392
               Episode_Reward/flat_feet: -0.4396
        Episode_Reward/joint_pos_limits: -0.0004
      Episode_Reward/base_height_medium: 0.2153
           Curriculum/polish_torso_slam: -5.0000
            Metrics/height/height_error: 0.3018
           Curriculum/polish_not_moving: -1.0000
        Episode_Reward/joint_vel_limits: -0.0002
        Episode_Reward/joint_torques_l2: -0.1487
       Episode_Reward/base_height_rough: 0.2032
      Episode_Termination/invalid_state: 0.0000
           Episode_Reward/torque_limits: -0.1535
--------------------------------------------------------------------------------
                         Iteration time: 5.58s
                           Time elapsed: 0:00:27
                                    ETA: 0:00:27

################################################################################
[1m                            Learning iteration 5/10                             [0m 

                               Run name: nexus
                            Total steps: 147456 
                       Steps per second: 4410 
                        Collection time: 5.423s 
                          Learning time: 0.148s 
                        Mean value loss: 4.0373
                    Mean surrogate loss: -0.0137
                      Mean entropy loss: 40.6773
                     Mean symmetry loss: 0.0008
                   Mean l2c2_actor loss: 0.0029
                  Mean l2c2_critic loss: 0.0888
                            Mean reward: -264.65
                    Mean episode length: 109.81
                        Mean action std: 0.98
                    Entropy coefficient: 0.002500
        Episode_Reward/base_height_fine: 0.1466
             Episode_Reward/action_rate: -10.1787
             Episode_Reward/ground_slam: -0.1075
           Episode_Reward/torso_upright: 0.0000
         Episode_Reward/severely_tilted: -0.0037
              Episode_Reward/torso_roll: -0.1853
            Episode_Reward/joint_acc_l2: -0.0281
              Episode_Reward/relaxation: -0.9032
              Curriculum/terrain_levels: 0.0000
              Episode_Reward/torso_slam: -0.0460
           Episode_Reward/ankle_torques: -0.0349
     Episode_Reward/completely_airborne: -2.3720
           Episode_Reward/feet_yaw_mean: -0.0599
               Curriculum/adaptive_lift: 0.9963
              Episode_Reward/feet_slide: -0.0376
              Episode_Reward/not_moving: -0.0465
     Curriculum/polish_action_rate_rate: -0.1500
 Episode_Reward/joint_deviation_l1_arms: -0.0055
         Curriculum/polish_joint_vel_l2: -0.0010
           Episode_Reward/feet_distance: -0.0646
        Episode_Reward/action_rate_rate: -4.5478
            Episode_Reward/joint_vel_l2: -0.1992
      Episode_Reward/joint_deviation_l1: -0.0158
           Episode_Reward/body_velocity: -0.3836
          Curriculum/polish_ground_slam: -1.0000
         Episode_Reward/ground_unloaded: -0.2453
    Episode_Reward/joint_tracking_error: -0.5604
  Episode_Reward/feet_distance_standing: -0.0055
        Episode_Reward/illegal_contacts: -0.2371
        Curriculum/random_fallen_states: 0.0000
           Episode_Reward/forward_pitch: -0.1074
           Episode_Termination/time_out: 0.1692
               Episode_Reward/flat_feet: -0.5508
        Episode_Reward/joint_pos_limits: -0.0005
      Episode_Reward/base_height_medium: 0.1525
           Curriculum/polish_torso_slam: -5.0000
            Metrics/height/height_error: 0.8872
           Curriculum/polish_not_moving: -1.0000
        Episode_Reward/joint_vel_limits: -0.0003
        Episode_Reward/joint_torques_l2: -0.1517
       Episode_Reward/base_height_rough: 0.1705
      Episode_Termination/invalid_state: 0.0000
           Episode_Reward/torque_limits: -0.1834
--------------------------------------------------------------------------------
                         Iteration time: 5.57s
                           Time elapsed: 0:00:32
                                    ETA: 0:00:21

################################################################################
[1m                            Learning iteration 6/10                             [0m 

                               Run name: nexus
                            Total steps: 172032 
                       Steps per second: 4384 
                        Collection time: 5.457s 
                          Learning time: 0.148s 
                        Mean value loss: 3.8506
                    Mean surrogate loss: -0.0150
                      Mean entropy loss: 40.5686
                     Mean symmetry loss: 0.0008
                   Mean l2c2_actor loss: 0.0032
                  Mean l2c2_critic loss: 0.0877
                            Mean reward: -319.61
                    Mean episode length: 134.16
                        Mean action std: 0.98
                    Entropy coefficient: 0.002500
        Episode_Reward/base_height_fine: 0.2261
             Episode_Reward/action_rate: -11.8770
             Episode_Reward/ground_slam: -0.1257
           Episode_Reward/torso_upright: 0.0000
         Episode_Reward/severely_tilted: -0.0035
              Episode_Reward/torso_roll: -0.1997
            Episode_Reward/joint_acc_l2: -0.0287
              Episode_Reward/relaxation: -1.8008
              Curriculum/terrain_levels: 0.0000
              Episode_Reward/torso_slam: -0.0531
           Episode_Reward/ankle_torques: -0.0428
     Episode_Reward/completely_airborne: -2.5199
           Episode_Reward/feet_yaw_mean: -0.0690
               Curriculum/adaptive_lift: 0.9963
              Episode_Reward/feet_slide: -0.0474
              Episode_Reward/not_moving: -0.0589
     Curriculum/polish_action_rate_rate: -0.1500
 Episode_Reward/joint_deviation_l1_arms: -0.0087
         Curriculum/polish_joint_vel_l2: -0.0010
           Episode_Reward/feet_distance: -0.0697
        Episode_Reward/action_rate_rate: -5.3231
            Episode_Reward/joint_vel_l2: -0.2241
      Episode_Reward/joint_deviation_l1: -0.0262
           Episode_Reward/body_velocity: -0.3816
          Curriculum/polish_ground_slam: -1.0000
         Episode_Reward/ground_unloaded: -0.2021
    Episode_Reward/joint_tracking_error: -0.6465
  Episode_Reward/feet_distance_standing: -0.0113
        Episode_Reward/illegal_contacts: -0.2500
        Curriculum/random_fallen_states: 0.0000
           Episode_Reward/forward_pitch: -0.2522
           Episode_Termination/time_out: 0.2053
               Episode_Reward/flat_feet: -0.6661
        Episode_Reward/joint_pos_limits: -0.0006
      Episode_Reward/base_height_medium: 0.1940
           Curriculum/polish_torso_slam: -5.0000
            Metrics/height/height_error: 0.5032
           Curriculum/polish_not_moving: -1.0000
        Episode_Reward/joint_vel_limits: -0.0003
        Episode_Reward/joint_torques_l2: -0.1666
       Episode_Reward/base_height_rough: 0.2041
      Episode_Termination/invalid_state: 0.0000
           Episode_Reward/torque_limits: -0.2043
--------------------------------------------------------------------------------
                         Iteration time: 5.61s
                           Time elapsed: 0:00:38
                                    ETA: 0:00:16

################################################################################
[1m                            Learning iteration 7/10                             [0m 

                               Run name: nexus
                            Total steps: 196608 
                       Steps per second: 4403 
                        Collection time: 5.434s 
                          Learning time: 0.148s 
                        Mean value loss: 3.6241
                    Mean surrogate loss: -0.0155
                      Mean entropy loss: 40.4622
                     Mean symmetry loss: 0.0007
                   Mean l2c2_actor loss: 0.0035
                  Mean l2c2_critic loss: 0.0863
                            Mean reward: -365.15
                    Mean episode length: 156.08
                        Mean action std: 0.98
                    Entropy coefficient: 0.002500
        Episode_Reward/base_height_fine: 0.4223
             Episode_Reward/action_rate: -13.6344
             Episode_Reward/ground_slam: -0.1426
           Episode_Reward/torso_upright: 0.0000
         Episode_Reward/severely_tilted: -0.0233
              Episode_Reward/torso_roll: -0.2146
            Episode_Reward/joint_acc_l2: -0.0415
              Episode_Reward/relaxation: -1.0752
              Curriculum/terrain_levels: 0.0000
              Episode_Reward/torso_slam: -0.0661
           Episode_Reward/ankle_torques: -0.0509
     Episode_Reward/completely_airborne: -2.4278
           Episode_Reward/feet_yaw_mean: -0.0736
               Curriculum/adaptive_lift: 0.9963
              Episode_Reward/feet_slide: -0.0520
              Episode_Reward/not_moving: -0.1474
     Curriculum/polish_action_rate_rate: -0.1500
 Episode_Reward/joint_deviation_l1_arms: -0.0114
         Curriculum/polish_joint_vel_l2: -0.0010
           Episode_Reward/feet_distance: -0.0699
        Episode_Reward/action_rate_rate: -6.1146
            Episode_Reward/joint_vel_l2: -0.2311
      Episode_Reward/joint_deviation_l1: -0.0398
           Episode_Reward/body_velocity: -0.3542
          Curriculum/polish_ground_slam: -1.0000
         Episode_Reward/ground_unloaded: -0.3467
    Episode_Reward/joint_tracking_error: -0.7305
  Episode_Reward/feet_distance_standing: -0.0025
        Episode_Reward/illegal_contacts: -0.2651
        Curriculum/random_fallen_states: 0.0000
           Episode_Reward/forward_pitch: -0.2589
           Episode_Termination/time_out: 0.2356
               Episode_Reward/flat_feet: -0.8148
        Episode_Reward/joint_pos_limits: -0.0006
      Episode_Reward/base_height_medium: 0.3446
           Curriculum/polish_torso_slam: -5.0000
            Metrics/height/height_error: 0.5557
           Curriculum/polish_not_moving: -1.0000
        Episode_Reward/joint_vel_limits: -0.0003
        Episode_Reward/joint_torques_l2: -0.2123
       Episode_Reward/base_height_rough: 0.3350
      Episode_Termination/invalid_state: 0.0000
           Episode_Reward/torque_limits: -0.2513
--------------------------------------------------------------------------------
                         Iteration time: 5.58s
                           Time elapsed: 0:00:43
                                    ETA: 0:00:10

################################################################################
[1m                            Learning iteration 8/10                             [0m 

                               Run name: nexus
                            Total steps: 221184 
                       Steps per second: 4399 
                        Collection time: 5.435s 
                          Learning time: 0.151s 
                        Mean value loss: 3.5463
                    Mean surrogate loss: -0.0138
                      Mean entropy loss: 40.3556
                     Mean symmetry loss: 0.0007
                   Mean l2c2_actor loss: 0.0038
                  Mean l2c2_critic loss: 0.0821
                            Mean reward: -412.97
                    Mean episode length: 178.78
                        Mean action std: 0.97
                    Entropy coefficient: 0.002500
        Episode_Reward/base_height_fine: 0.2637
             Episode_Reward/action_rate: -15.3449
             Episode_Reward/ground_slam: -0.1578
           Episode_Reward/torso_upright: 0.0000
         Episode_Reward/severely_tilted: -0.0143
              Episode_Reward/torso_roll: -0.2752
            Episode_Reward/joint_acc_l2: -0.0549
              Episode_Reward/relaxation: -1.7400
              Curriculum/terrain_levels: 0.0000
              Episode_Reward/torso_slam: -0.0860
           Episode_Reward/ankle_torques: -0.0568
     Episode_Reward/completely_airborne: -3.5385
           Episode_Reward/feet_yaw_mean: -0.0909
               Curriculum/adaptive_lift: 0.9963
              Episode_Reward/feet_slide: -0.0688
              Episode_Reward/not_moving: -0.0884
     Curriculum/polish_action_rate_rate: -0.1500
 Episode_Reward/joint_deviation_l1_arms: -0.0046
         Curriculum/polish_joint_vel_l2: -0.0010
           Episode_Reward/feet_distance: -0.0967
        Episode_Reward/action_rate_rate: -6.8611
            Episode_Reward/joint_vel_l2: -0.2810
      Episode_Reward/joint_deviation_l1: -0.0147
           Episode_Reward/body_velocity: -0.4568
          Curriculum/polish_ground_slam: -1.0000
         Episode_Reward/ground_unloaded: -0.3316
    Episode_Reward/joint_tracking_error: -0.8375
  Episode_Reward/feet_distance_standing: -0.0028
        Episode_Reward/illegal_contacts: -0.2934
        Curriculum/random_fallen_states: 0.0000
           Episode_Reward/forward_pitch: -0.6152
           Episode_Termination/time_out: 0.2682
               Episode_Reward/flat_feet: -0.9565
        Episode_Reward/joint_pos_limits: -0.0008
      Episode_Reward/base_height_medium: 0.2209
           Curriculum/polish_torso_slam: -5.0000
            Metrics/height/height_error: 0.6788
           Curriculum/polish_not_moving: -1.0000
        Episode_Reward/joint_vel_limits: -0.0004
        Episode_Reward/joint_torques_l2: -0.2607
       Episode_Reward/base_height_rough: 0.2371
      Episode_Termination/invalid_state: 0.0000
           Episode_Reward/torque_limits: -0.2949
--------------------------------------------------------------------------------
                         Iteration time: 5.59s
                           Time elapsed: 0:00:49
                                    ETA: 0:00:05

################################################################################
[1m                            Learning iteration 9/10                             [0m 

                               Run name: nexus
                            Total steps: 245760 
                       Steps per second: 4427 
                        Collection time: 5.403s 
                          Learning time: 0.148s 
                        Mean value loss: 3.5981
                    Mean surrogate loss: -0.0149
                      Mean entropy loss: 40.2192
                     Mean symmetry loss: 0.0007
                   Mean l2c2_actor loss: 0.0042
                  Mean l2c2_critic loss: 0.0906
                            Mean reward: -456.04
                    Mean episode length: 200.59
                        Mean action std: 0.97
                    Entropy coefficient: 0.002500
        Episode_Reward/base_height_fine: 0.6315
             Episode_Reward/action_rate: -17.0023
             Episode_Reward/ground_slam: -0.1707
           Episode_Reward/torso_upright: 0.0000
         Episode_Reward/severely_tilted: -0.0014
              Episode_Reward/torso_roll: -0.2706
            Episode_Reward/joint_acc_l2: -0.0424
              Episode_Reward/relaxation: -1.2436
              Curriculum/terrain_levels: 0.0000
              Episode_Reward/torso_slam: -0.0860
           Episode_Reward/ankle_torques: -0.0405
     Episode_Reward/completely_airborne: -3.2762
           Episode_Reward/feet_yaw_mean: -0.1053
               Curriculum/adaptive_lift: 0.9963
              Episode_Reward/feet_slide: -0.0663
              Episode_Reward/not_moving: -0.2615
     Curriculum/polish_action_rate_rate: -0.1500
 Episode_Reward/joint_deviation_l1_arms: -0.0111
         Curriculum/polish_joint_vel_l2: -0.0010
           Episode_Reward/feet_distance: -0.1027
        Episode_Reward/action_rate_rate: -7.5939
            Episode_Reward/joint_vel_l2: -0.3188
      Episode_Reward/joint_deviation_l1: -0.0279
           Episode_Reward/body_velocity: -0.4547
          Curriculum/polish_ground_slam: -1.0000
         Episode_Reward/ground_unloaded: -0.4267
    Episode_Reward/joint_tracking_error: -0.9205
  Episode_Reward/feet_distance_standing: -0.0095
        Episode_Reward/illegal_contacts: -0.3416
        Curriculum/random_fallen_states: 0.0000
           Episode_Reward/forward_pitch: -0.5426
           Episode_Termination/time_out: 0.2981
               Episode_Reward/flat_feet: -1.0203
        Episode_Reward/joint_pos_limits: -0.0008
      Episode_Reward/base_height_medium: 0.4420
           Curriculum/polish_torso_slam: -5.0000
            Metrics/height/height_error: 0.7009
           Curriculum/polish_not_moving: -1.0000
        Episode_Reward/joint_vel_limits: -0.0004
        Episode_Reward/joint_torques_l2: -0.2509
       Episode_Reward/base_height_rough: 0.3632
      Episode_Termination/invalid_state: 0.0000
           Episode_Reward/torque_limits: -0.2898
--------------------------------------------------------------------------------
                         Iteration time: 5.55s
                           Time elapsed: 0:00:55
                                    ETA: 0:00:00

[nexus] 10 PPO iterations x 24 steps x 1024 envs in 55.2s -> 5523 ms/iter, 4450 env-steps/s | log /workspace/bench/nexus_port/logs/2026-09-02_15-15-49_nexus
TRAIN ON NEXUS OK
[INFO]: SimulationContext cleared
