The '--headless' CLI argument is deprecated. Omit '--viz' for default headless. If config visualizers are enabled and you want to force headless, use '--viz none'.
Loading user config located at: '/workspace/WBC-AGILE-NEWTON/.venv/lib/python3.12/site-packages/isaacsim/kit/data/Kit/IsaacLab/3.0/user.config.json'
WARNING: All log messages before absl::InitializeLog() is called are written to STDERR
E0000 00:00:1788573163.516636  195976 descriptor_database.cc:633] File already exists in database: grpc/health/v1/health.proto
W0000 00:00:1788573163.516666  195976 message.cc:301] Protobuf GeneratedMessageFactory: File is already registered: grpc/health/v1/health.proto
[ISAACLAB] AppLauncher initialization complete
[INFO]: Parsing configuration from: agile.rl_env.tasks.stand_up.g1.height_tracking_env_cfg:G1HeightTrackingEnvCfg
[INFO]: Base environment:
	Environment device    : cuda:0
	Environment seed      : None
	Physics step-size     : 0.005
	Rendering step-size   : 0.02
	Environment step-size : 0.02
[INFO] Generating terrains based on curriculum took Last: 0.354916 s
[newton] heightfield: captured terrain mesh 'terrain' (369728 verts, 699080 faces) at /World/ground/terrain
[INFO]: Registered backend 'newton' for factory Articulation.
[INFO]: Setting variant selection 'PhysX' for variant set 'Physics' on prim '/World/envs/env_0/Robot'.
[INFO]: Setting variant selection 'None' for variant set 'left_hand' on prim '/World/envs/env_0/Robot'.
[INFO]: Setting variant selection 'None' for variant set 'right_hand' on prim '/World/envs/env_0/Robot'.
[INFO]: Registered backend 'newton' for factory FrameView.
[INFO]: Registered backend 'newton' for factory ContactSensor.
[INFO]: Registered backend 'newton' for factory RayCaster.
[newton] heightfield: terrain 'terrain' -> 961x881 cells @ 0.1 m over x[-44.0,44.0] y[-48.0,48.0], z[-0.140,0.140], 132 shape(s) (tiles of 8 m); trimesh collider excluded
[INFO]: Time taken for scene creation Last: 3.834834 s, Mean: 3.834834 s, Std: 0.000000 s, N: 1
[INFO]: Scene manager:  <class InteractiveScene>
	Number of environments: 288
	Environment spacing   : 2.5
	Source prim name      : /World/envs/env_0
	Global prim paths     : ['/World/ground']
	Replicate physics     : True
[INFO]: Dispatching MODEL_INIT callbacks
[INFO]: Finalizing model on device: cuda:0
/workspace/WBC-AGILE-NEWTON/.venv/lib/python3.12/site-packages/isaaclab_newton/physics/newton_manager.py:985: UserWarning: Heightfield-vs-heightfield collision is not supported; contacts between heightfield pairs will be skipped.
  NewtonManager._model = cls._builder.finalize(device=device)
/workspace/WBC-AGILE-NEWTON/.venv/lib/python3.12/site-packages/isaaclab_newton/physics/newton_manager.py:989: FutureWarning: Newton shape color replacement is enabled; this workaround will be deprecated in a future release.
  replace_newton_shape_colors(cls._model)
Finalize builder took: Last: 1.828911 s, Mean: 1.828911 s, Std: 0.000000 s, N: 1
[INFO]: Dispatching PHYSICS_READY callbacks
[INFO]: Simulation parameters for joints in /World/envs/env_.*/Robot:
+-------------------------------------------------------------------------------------------------------------------------------------------+
|                                     Simulation Joint Information (Prim path: /World/envs/env_.*/Robot)                                    |
+-------+----------------------------+-----------+---------+----------+-----------------+-----------------+-----------------+---------------+
| Index | Name                       | Stiffness | Damping | Armature | Static Friction | Position Limits | Velocity Limits | Effort Limits |
+-------+----------------------------+-----------+---------+----------+-----------------+-----------------+-----------------+---------------+
|   0   | left_hip_pitch_joint       |  100.000  |  2.500  |  0.020   |      0.010      | [-2.531, 2.880] |      32.000     |     88.000    |
|   1   | left_hip_roll_joint        |  100.000  |  2.500  |  0.020   |      0.010      | [-0.524, 2.967] |      32.000     |     88.000    |
|   2   | left_hip_yaw_joint         |  100.000  |  2.500  |  0.020   |      0.010      | [-2.758, 2.758] |      32.000     |     88.000    |
|   3   | left_knee_joint            |  100.000  |  2.500  |  0.020   |      0.010      | [-0.087, 2.880] |      20.000     |    139.000    |
|   4   | left_ankle_pitch_joint     |   20.000  |  1.000  |  0.020   |      0.010      | [-0.873, 0.524] |      37.000     |     50.000    |
|   5   | left_ankle_roll_joint      |   20.000  |  1.000  |  0.020   |      0.010      | [-0.262, 0.262] |      37.000     |     50.000    |
|   6   | right_hip_pitch_joint      |  100.000  |  2.500  |  0.020   |      0.010      | [-2.531, 2.880] |      32.000     |     88.000    |
|   7   | right_hip_roll_joint       |  100.000  |  2.500  |  0.020   |      0.010      | [-2.967, 0.524] |      32.000     |     88.000    |
|   8   | right_hip_yaw_joint        |  100.000  |  2.500  |  0.020   |      0.010      | [-2.758, 2.758] |      32.000     |     88.000    |
|   9   | right_knee_joint           |  100.000  |  2.500  |  0.020   |      0.010      | [-0.087, 2.880] |      20.000     |    139.000    |
|   10  | right_ankle_pitch_joint    |   20.000  |  1.000  |  0.020   |      0.010      | [-0.873, 0.524] |      37.000     |     50.000    |
|   11  | right_ankle_roll_joint     |   20.000  |  1.000  |  0.020   |      0.010      | [-0.262, 0.262] |      37.000     |     50.000    |
|   12  | waist_yaw_joint            |  100.000  |  2.500  |  0.020   |      0.010      | [-2.618, 2.618] |      32.000     |     88.000    |
|   13  | waist_roll_joint           |  100.000  |  2.500  |  0.020   |      0.010      | [-0.520, 0.520] |      37.000     |     50.000    |
|   14  | waist_pitch_joint          |  100.000  |  2.500  |  0.020   |      0.010      | [-0.520, 0.520] |      37.000     |     50.000    |
|   15  | left_shoulder_pitch_joint  |   20.000  |  0.500  |  0.020   |      0.010      | [-3.089, 2.670] |      37.000     |     25.000    |
|   16  | left_shoulder_roll_joint   |   20.000  |  0.500  |  0.020   |      0.010      | [-1.588, 2.251] |      37.000     |     25.000    |
|   17  | left_shoulder_yaw_joint    |   20.000  |  0.500  |  0.020   |      0.010      | [-2.618, 2.618] |      37.000     |     25.000    |
|   18  | left_elbow_joint           |   20.000  |  0.500  |  0.020   |      0.010      | [-1.047, 2.094] |      37.000     |     25.000    |
|   19  | left_wrist_roll_joint      |   20.000  |  0.200  |  0.020   |      0.010      | [-1.972, 1.972] |      37.000     |     25.000    |
|   20  | left_wrist_pitch_joint     |   20.000  |  0.200  |  0.020   |      0.010      | [-1.614, 1.614] |      22.000     |     5.000     |
|   21  | left_wrist_yaw_joint       |   20.000  |  0.200  |  0.020   |      0.010      | [-1.614, 1.614] |      22.000     |     5.000     |
|   22  | right_shoulder_pitch_joint |   20.000  |  0.500  |  0.020   |      0.010      | [-3.089, 2.670] |      37.000     |     25.000    |
|   23  | right_shoulder_roll_joint  |   20.000  |  0.500  |  0.020   |      0.010      | [-2.251, 1.588] |      37.000     |     25.000    |
|   24  | right_shoulder_yaw_joint   |   20.000  |  0.500  |  0.020   |      0.010      | [-2.618, 2.618] |      37.000     |     25.000    |
|   25  | right_elbow_joint          |   20.000  |  0.500  |  0.020   |      0.010      | [-1.047, 2.094] |      37.000     |     25.000    |
|   26  | right_wrist_roll_joint     |   20.000  |  0.200  |  0.020   |      0.010      | [-1.972, 1.972] |      37.000     |     25.000    |
|   27  | right_wrist_pitch_joint    |   20.000  |  0.200  |  0.020   |      0.010      | [-1.614, 1.614] |      22.000     |     5.000     |
|   28  | right_wrist_yaw_joint      |   20.000  |  0.200  |  0.020   |      0.010      | [-1.614, 1.614] |      22.000     |     5.000     |
+-------+----------------------------+-----------+---------+----------+-----------------+-----------------+-----------------+---------------+
[INFO]: Adding contact sensor for /World/envs/env_.*/Robot/.* with filter all bodies/shapes
Contact sensor construction took: Last: 0.011605 s, Mean: 0.011605 s, Std: 0.000000 s, N: 1
[INFO]: Contact sensor initialized with 30 sensors.
[INFO]: Creating buffers for contact sensor data with num_envs: 288, num_sensors: 30, num_filter_objects: 0, history_length: 3, generate_force_matrix: False, track_air_time: True, track_pose: False, device: cuda:0
[INFO]: Creating buffers for contact sensor data with num_envs: 288, num_sensors: 30, num_filter_objects: 0, history_length: 3, generate_force_matrix: False, track_air_time: True, track_pose: False, device: cuda:0
[INFO]: Read mesh prim: /World/ground/terrain/mesh with 369728 vertices and 2097240 faces.
[newton] heightfield: restored min_z offset on 72 hfield geom(s) in all worlds (z=-0.0000; Newton's geom sync had dropped it)
Initialize solver took: Last: 1.051861 s, Mean: 1.051861 s, Std: 0.000000 s, N: 1
[INFO]: Newton CUDA graph captured (standard Warp mode)
CUDA graph took: Last: 1.090380 s, Mean: 1.090380 s, Std: 0.000000 s, N: 1
[newton] DC-motor torque-speed envelope active on 8352/10080 DOFs (288 worlds x 30 joints) via jnt_actfrcrange + generator braking via dof_damping, velocity-limit band gain 50
[newton] joint-limit solref set to (0.02, 1) on 8352 joints; explicit limit spring disabled
[INFO]: Time taken for simulation start Last: 4.298155 s, Mean: 4.298155 s, Std: 0.000000 s, N: 1
[INFO] Command Manager:  <CommandManager> contains 1 active terms.
+--------------------------------------+
|         Active Command Terms         |
+-------+--------+---------------------+
| Index | Name   |         Type        |
+-------+--------+---------------------+
|   0   | height | SmoothHeightCommand |
+-------+--------+---------------------+

[INFO] Event Manager:  <EventManager> contains 3 active terms.
+----------------------------------------+
| Active Event Terms in Mode: 'startup'  |
+--------+-------------------------------+
| Index  | Name                          |
+--------+-------------------------------+
|   0    | randomize_physics_material    |
|   1    | randomize_actuator_gains      |
|   2    | randomize_bodies_mass         |
|   3    | randomize_base_mass           |
|   4    | randomize_base_com            |
+--------+-------------------------------+
+---------------------------------------------------------------------------+
|                   Active Event Terms in Mode: 'interval'                  |
+-------+-----------------------------------------+-------------------------+
| Index | Name                                    | Interval time range (s) |
+-------+-----------------------------------------+-------------------------+
|   0   | push_robot                              |       (0.0, 10.0)       |
|   1   | apply_external_force_torque             |       (0.0, 10.0)       |
|   2   | apply_external_force_torque_extremities |       (0.0, 10.0)       |
+-------+-----------------------------------------+-------------------------+
+----------------------------------+
| Active Event Terms in Mode: 'reset' |
+------------+---------------------+
|   Index    | Name                |
+------------+---------------------+
|     0      | reset_base          |
+------------+---------------------+

[INFO] Recorder Manager:  <RecorderManager> contains 0 active terms.
+---------------------+
| Active Recorder Terms |
+-----------+---------+
|   Index   | Name    |
+-----------+---------+
+-----------+---------+

[INFO]: Resolved joint names for the action term JointPositionAction: ['left_hip_pitch_joint', 'left_hip_roll_joint', 'left_hip_yaw_joint', 'left_knee_joint', 'left_ankle_pitch_joint', 'left_ankle_roll_joint', 'right_hip_pitch_joint', 'right_hip_roll_joint', 'right_hip_yaw_joint', 'right_knee_joint'
[INFO] Action Manager:  <ActionManager> contains 2 active terms.
+------------------------------------+
|  Active Action Terms (shape: 29)   |
+--------+-------------+-------------+
| Index  | Name        |   Dimension |
+--------+-------------+-------------+
|   0    | joint_pos   |          29 |
|   1    | lift        |           0 |
+--------+-------------+-------------+

[INFO] Observation Manager: <ObservationManager> contains 2 groups.
+----------------------------------------------+
| Active Observation Terms in Group: 'policy'  |
+---------+------------------------+-----------+
|  Index  | Name                   |   Shape   |
+---------+------------------------+-----------+
|    0    | base_ang_vel           |   (5, 3)  |
|    1    | projected_gravity      |   (5, 3)  |
|    2    | joint_pos              |  (5, 29)  |
|    3    | joint_vel              |  (5, 29)  |
|    4    | actions                |  (5, 29)  |
|    5    | height_command         |   (5, 1)  |
+---------+------------------------+-----------+
+----------------------------------------------+
| Active Observation Terms in Group: 'critic'  |
+---------+------------------------+-----------+
|  Index  | Name                   |   Shape   |
+---------+------------------------+-----------+
|    0    | projected_gravity      |   (5, 3)  |
|    1    | base_lin_vel           |   (5, 3)  |
|    2    | base_ang_vel           |   (5, 3)  |
|    3    | joint_pos              |  (5, 29)  |
|    4    | joint_vel              |  (5, 29)  |
|    5    | actions                |  (5, 29)  |
|    6    | contact_forces         |  (5, 30)  |
|    7    | base_height            |   (5, 1)  |
|    8    | height_command         |   (5, 1)  |
+---------+------------------------+-----------+

[INFO] Termination Manager:  <TerminationManager> contains 2 active terms.
+----------------------------------+
|     Active Termination Terms     |
+-------+---------------+----------+
| Index | Name          | Time Out |
+-------+---------------+----------+
|   0   | time_out      |   True   |
|   1   | invalid_state |  False   |
+-------+---------------+----------+

[INFO] Reward Manager:  <RewardManager> contains 32 active terms.
+--------------------------------------------+
|            Active Reward Terms             |
+-------+-------------------------+----------+
| Index | Name                    |   Weight |
+-------+-------------------------+----------+
|   0   | joint_torques_l2        |   -5e-05 |
|   1   | torque_limits           |    -0.01 |
|   2   | joint_acc_l2            | -2.5e-08 |
|   3   | joint_pos_limits        |     -0.1 |
|   4   | joint_vel_limits        |    -0.01 |
|   5   | action_rate             |     -1.0 |
|   6   | action_rate_rate        |    -0.15 |
|   7   | joint_vel_l2            |   -0.001 |
|   8   | joint_tracking_error    |     -0.5 |
|   9   | base_height_rough       |      4.0 |
|   10  | base_height_medium      |      8.0 |
|   11  | base_height_fine        |     16.0 |
|   12  | relaxation              |     -1.0 |
|   13  | joint_deviation_l1      |     -0.5 |
|   14  | joint_deviation_l1_arms |     -0.5 |
|   15  | ankle_torques           |   -0.001 |
|   16  | not_moving              |     -1.0 |
|   17  | torso_upright           |     -1.0 |
|   18  | severely_tilted         |     -5.0 |
|   19  | torso_roll              |     -5.0 |
|   20  | forward_pitch           |    -10.0 |
|   21  | illegal_contacts        |     -2.0 |
|   22  | feet_distance           |     -5.0 |
|   23  | feet_distance_standing  |    -10.0 |
|   24  | ground_unloaded         |     -2.0 |
|   25  | flat_feet               |     -1.0 |
|   26  | feet_slide              |     -1.0 |
|   27  | feet_yaw_mean           |     -2.0 |
|   28  | completely_airborne     |    -50.0 |
|   29  | body_velocity           |     -0.1 |
|   30  | ground_slam             |     -1.0 |
|   31  | torso_slam              |     -5.0 |
+-------+-------------------------+----------+

[INFO] Curriculum Manager:  <CurriculumManager> contains 8 active terms.
+---------------------------------+
|     Active Curriculum Terms     |
+-------+-------------------------+
| Index | Name                    |
+-------+-------------------------+
|   0   | adaptive_lift           |
|   1   | terrain_levels          |
|   2   | polish_action_rate_rate |
|   3   | polish_ground_slam      |
|   4   | polish_torso_slam       |
|   5   | polish_not_moving       |
|   6   | polish_joint_vel_l2     |
|   7   | random_fallen_states    |
+-------+-------------------------+

/workspace/WBC-AGILE-NEWTON/.venv/lib/python3.12/site-packages/isaaclab/source/isaaclab/isaaclab/envs/mdp/events.py:742: UserWarning: In Newton, body com pose always has unit quaternion. Consider using body_com_pos_b instead.Querying this property requires appending a unit quaternion to the position
  self.default_com = self.asset.data.body_com_pose_b.torch.clone()
[INFO]: Completed setting up the environment...

[al] heightfield shapes: [0, 1, 2, 3, 4, 5, 6, 7, 8, 9, 10, 11, 12, 13, 14, 15, 16, 17, 18, 19, 20, 21, 22, 23, 24, 25, 26, 27, 28, 29, 30, 31, 32, 33, 34, 35, 36, 37, 38, 39, 40, 41, 42, 43, 44, 45, 46, 47, 48, 49, 50, 51, 52, 53, 54, 55, 56, 57, 58, 59, 60, 61, 62, 63, 64, 65, 66, 67, 68, 69, 70, 
[al] newton hfield shape 0: nrow=81 ncol=81 hx=4.00 hy=4.00 min_z=-0.0000 max_z=+0.0001 data[0,1] range=[0.000,1.000] xform p=(-40.00,-44.00,+0.0000)
[al] newton hfield shape 1: nrow=81 ncol=81 hx=4.00 hy=4.00 min_z=-0.0000 max_z=+0.0001 data[0,1] range=[0.000,1.000] xform p=(-32.00,-44.00,+0.0000)
[al] newton hfield shape 2: nrow=81 ncol=81 hx=4.00 hy=4.00 min_z=-0.0000 max_z=+0.0001 data[0,1] range=[0.000,1.000] xform p=(-24.00,-44.00,+0.0000)
[al] newton hfield shape 3: nrow=81 ncol=81 hx=4.00 hy=4.00 min_z=-0.0000 max_z=+0.0001 data[0,1] range=[0.000,1.000] xform p=(-16.00,-44.00,+0.0000)
[al] newton hfield shape 4: nrow=81 ncol=81 hx=4.00 hy=4.00 min_z=-0.0000 max_z=+0.0001 data[0,1] range=[0.000,1.000] xform p=(-8.00,-44.00,+0.0000)
[al] newton hfield shape 5: nrow=81 ncol=81 hx=4.00 hy=4.00 min_z=-0.0000 max_z=+0.0001 data[0,1] range=[0.000,1.000] xform p=(+0.00,-44.00,+0.0000)
[al] newton hfield shape 6: nrow=81 ncol=81 hx=4.00 hy=4.00 min_z=-0.0000 max_z=+0.0001 data[0,1] range=[0.000,1.000] xform p=(+8.00,-44.00,+0.0000)
[al] newton hfield shape 7: nrow=81 ncol=81 hx=4.00 hy=4.00 min_z=-0.0000 max_z=+0.0001 data[0,1] range=[0.000,1.000] xform p=(+16.00,-44.00,+0.0000)
[al] newton hfield shape 8: nrow=81 ncol=81 hx=4.00 hy=4.00 min_z=-0.0000 max_z=+0.0001 data[0,1] range=[0.000,1.000] xform p=(+24.00,-44.00,+0.0000)
[al] newton hfield shape 9: nrow=81 ncol=81 hx=4.00 hy=4.00 min_z=-0.0000 max_z=+0.0001 data[0,1] range=[0.000,1.000] xform p=(+32.00,-44.00,+0.0000)
[al] newton hfield shape 10: nrow=81 ncol=81 hx=4.00 hy=4.00 min_z=-0.0000 max_z=+0.0001 data[0,1] range=[0.000,1.000] xform p=(+40.00,-44.00,+0.0000)
[al] newton hfield shape 11: nrow=81 ncol=81 hx=4.00 hy=4.00 min_z=-0.0000 max_z=+0.0001 data[0,1] range=[0.000,1.000] xform p=(-40.00,-36.00,+0.0000)
[al] newton hfield shape 12: nrow=81 ncol=81 hx=4.00 hy=4.00 min_z=-0.0160 max_z=+0.0163 data[0,1] range=[0.000,1.000] xform p=(-32.00,-36.00,+0.0000)
[al] newton hfield shape 13: nrow=81 ncol=81 hx=4.00 hy=4.00 min_z=-0.0208 max_z=+0.0217 data[0,1] range=[0.000,1.000] xform p=(-24.00,-36.00,+0.0000)
[al] newton hfield shape 14: nrow=81 ncol=81 hx=4.00 hy=4.00 min_z=-0.0322 max_z=+0.0332 data[0,1] range=[0.000,1.000] xform p=(-16.00,-36.00,+0.0000)
[al] newton hfield shape 15: nrow=81 ncol=81 hx=4.00 hy=4.00 min_z=-0.0390 max_z=+0.0400 data[0,1] range=[0.000,1.000] xform p=(-8.00,-36.00,+0.0000)
[al] newton hfield shape 16: nrow=81 ncol=81 hx=4.00 hy=4.00 min_z=-0.0427 max_z=+0.0433 data[0,1] range=[0.000,1.000] xform p=(+0.00,-36.00,+0.0000)
[al] newton hfield shape 17: nrow=81 ncol=81 hx=4.00 hy=4.00 min_z=-0.0578 max_z=+0.0586 data[0,1] range=[0.000,1.000] xform p=(+8.00,-36.00,+0.0000)
[al] newton hfield shape 18: nrow=81 ncol=81 hx=4.00 hy=4.00 min_z=-0.0625 max_z=+0.0649 data[0,1] range=[0.000,1.000] xform p=(+16.00,-36.00,+0.0000)
[al] newton hfield shape 19: nrow=81 ncol=81 hx=4.00 hy=4.00 min_z=-0.0726 max_z=+0.0733 data[0,1] range=[0.000,1.000] xform p=(+24.00,-36.00,+0.0000)
[al] newton hfield shape 20: nrow=81 ncol=81 hx=4.00 hy=4.00 min_z=-0.0699 max_z=+0.0733 data[0,1] range=[0.000,1.000] xform p=(+32.00,-36.00,+0.0000)
[al] newton hfield shape 21: nrow=81 ncol=81 hx=4.00 hy=4.00 min_z=-0.0000 max_z=+0.0001 data[0,1] range=[0.000,1.000] xform p=(+40.00,-36.00,+0.0000)
[al] newton hfield shape 22: nrow=81 ncol=81 hx=4.00 hy=4.00 min_z=-0.0000 max_z=+0.0001 data[0,1] range=[0.000,1.000] xform p=(-40.00,-28.00,+0.0000)
[al] newton hfield shape 23: nrow=81 ncol=81 hx=4.00 hy=4.00 min_z=-0.0131 max_z=+0.0163 data[0,1] range=[0.000,1.000] xform p=(-32.00,-28.00,+0.0000)
[al] newton hfield shape 24: nrow=81 ncol=81 hx=4.00 hy=4.00 min_z=-0.0215 max_z=+0.0218 data[0,1] range=[0.000,1.000] xform p=(-24.00,-28.00,+0.0000)
[al] newton hfield shape 25: nrow=81 ncol=81 hx=4.00 hy=4.00 min_z=-0.0330 max_z=+0.0332 data[0,1] range=[0.000,1.000] xform p=(-16.00,-28.00,+0.0000)
[al] newton hfield shape 26: nrow=81 ncol=81 hx=4.00 hy=4.00 min_z=-0.0418 max_z=+0.0419 data[0,1] range=[0.000,1.000] xform p=(-8.00,-28.00,+0.0000)
[al] newton hfield shape 27: nrow=81 ncol=81 hx=4.00 hy=4.00 min_z=-0.0468 max_z=+0.0477 data[0,1] range=[0.000,1.000] xform p=(+0.00,-28.00,+0.0000)
[al] newton hfield shape 28: nrow=81 ncol=81 hx=4.00 hy=4.00 min_z=-0.0578 max_z=+0.0586 data[0,1] range=[0.000,1.000] xform p=(+8.00,-28.00,+0.0000)
[al] newton hfield shape 29: nrow=81 ncol=81 hx=4.00 hy=4.00 min_z=-0.0634 max_z=+0.0649 data[0,1] range=[0.000,1.000] xform p=(+16.00,-28.00,+0.0000)
[al] newton hfield shape 30: nrow=81 ncol=81 hx=4.00 hy=4.00 min_z=-0.0726 max_z=+0.0733 data[0,1] range=[0.000,1.000] xform p=(+24.00,-28.00,+0.0000)
[al] newton hfield shape 31: nrow=81 ncol=81 hx=4.00 hy=4.00 min_z=-0.0730 max_z=+0.0733 data[0,1] range=[0.000,1.000] xform p=(+32.00,-28.00,+0.0000)
[al] newton hfield shape 32: nrow=81 ncol=81 hx=4.00 hy=4.00 min_z=+0.0000 max_z=+0.0001 data[0,1] range=[0.000,1.000] xform p=(+40.00,-28.00,+0.0000)
[al] newton hfield shape 33: nrow=81 ncol=81 hx=4.00 hy=4.00 min_z=-0.0000 max_z=+0.0001 data[0,1] range=[0.000,1.000] xform p=(-40.00,-20.00,+0.0000)
[al] newton hfield shape 34: nrow=81 ncol=81 hx=4.00 hy=4.00 min_z=-0.0145 max_z=+0.0145 data[0,1] range=[0.000,1.000] xform p=(-32.00,-20.00,+0.0000)
[al] newton hfield shape 35: nrow=81 ncol=81 hx=4.00 hy=4.00 min_z=-0.0215 max_z=+0.0218 data[0,1] range=[0.000,1.000] xform p=(-24.00,-20.00,+0.0000)
[al] newton hfield shape 36: nrow=81 ncol=81 hx=4.00 hy=4.00 min_z=-0.0326 max_z=+0.0330 data[0,1] range=[0.000,1.000] xform p=(-16.00,-20.00,+0.0000)
[al] newton hfield shape 37: nrow=81 ncol=81 hx=4.00 hy=4.00 min_z=-0.0415 max_z=+0.0419 data[0,1] range=[0.000,1.000] xform p=(-8.00,-20.00,+0.0000)
[al] newton hfield shape 38: nrow=81 ncol=81 hx=4.00 hy=4.00 min_z=-0.0480 max_z=+0.0487 data[0,1] range=[0.000,1.000] xform p=(+0.00,-20.00,+0.0000)
[al] newton hfield shape 39: nrow=81 ncol=81 hx=4.00 hy=4.00 min_z=-0.0572 max_z=+0.0573 data[0,1] range=[0.000,1.000] xform p=(+8.00,-20.00,+0.0000)
[al] newton hfield shape 40: nrow=81 ncol=81 hx=4.00 hy=4.00 min_z=-0.0641 max_z=+0.0666 data[0,1] range=[0.000,1.000] xform p=(+16.00,-20.00,+0.0000)
[al] newton hfield shape 41: nrow=81 ncol=81 hx=4.00 hy=4.00 min_z=-0.0739 max_z=+0.0741 data[0,1] range=[0.000,1.000] xform p=(+24.00,-20.00,+0.0000)
[al] newton hfield shape 42: nrow=81 ncol=81 hx=4.00 hy=4.00 min_z=-0.0710 max_z=+0.0741 data[0,1] range=[0.000,1.000] xform p=(+32.00,-20.00,+0.0000)
[al] newton hfield shape 43: nrow=81 ncol=81 hx=4.00 hy=4.00 min_z=+0.0000 max_z=+0.0001 data[0,1] range=[0.000,1.000] xform p=(+40.00,-20.00,+0.0000)
[al] newton hfield shape 44: nrow=81 ncol=81 hx=4.00 hy=4.00 min_z=-0.0000 max_z=+0.0001 data[0,1] range=[0.000,1.000] xform p=(-40.00,-12.00,+0.0000)
[al] newton hfield shape 45: nrow=81 ncol=81 hx=4.00 hy=4.00 min_z=-0.0139 max_z=+0.0145 data[0,1] range=[0.000,1.000] xform p=(-32.00,-12.00,+0.0000)
[al] newton hfield shape 46: nrow=81 ncol=81 hx=4.00 hy=4.00 min_z=-0.0185 max_z=+0.0186 data[0,1] range=[0.000,1.000] xform p=(-24.00,-12.00,+0.0000)
[al] newton hfield shape 47: nrow=81 ncol=81 hx=4.00 hy=4.00 min_z=-0.0327 max_z=+0.0330 data[0,1] range=[0.000,1.000] xform p=(-16.00,-12.00,+0.0000)
[al] newton hfield shape 48: nrow=81 ncol=81 hx=4.00 hy=4.00 min_z=-0.0393 max_z=+0.0395 data[0,1] range=[0.000,1.000] xform p=(-8.00,-12.00,+0.0000)
[al] newton hfield shape 49: nrow=81 ncol=81 hx=4.00 hy=4.00 min_z=-0.0443 max_z=+0.0500 data[0,1] range=[0.000,1.000] xform p=(+0.00,-12.00,+0.0000)
[al] newton hfield shape 50: nrow=81 ncol=81 hx=4.00 hy=4.00 min_z=-0.0522 max_z=+0.0700 data[0,1] range=[0.000,1.000] xform p=(+8.00,-12.00,+0.0000)
[al] newton hfield shape 51: nrow=81 ncol=81 hx=4.00 hy=4.00 min_z=-0.0649 max_z=+0.0800 data[0,1] range=[0.000,1.000] xform p=(+16.00,-12.00,+0.0000)
[al] newton hfield shape 52: nrow=81 ncol=81 hx=4.00 hy=4.00 min_z=-0.0739 max_z=+0.0900 data[0,1] range=[0.000,1.000] xform p=(+24.00,-12.00,+0.0000)
[al] newton hfield shape 53: nrow=81 ncol=81 hx=4.00 hy=4.00 min_z=-0.0719 max_z=+0.0900 data[0,1] range=[0.000,1.000] xform p=(+32.00,-12.00,+0.0000)
[al] newton hfield shape 54: nrow=81 ncol=81 hx=4.00 hy=4.00 min_z=-0.0000 max_z=+0.0001 data[0,1] range=[0.000,1.000] xform p=(+40.00,-12.00,+0.0000)
[al] newton hfield shape 55: nrow=81 ncol=81 hx=4.00 hy=4.00 min_z=-0.0000 max_z=+0.0001 data[0,1] range=[0.000,1.000] xform p=(-40.00,-4.00,+0.0000)
[al] newton hfield shape 56: nrow=81 ncol=81 hx=4.00 hy=4.00 min_z=-0.0000 max_z=+0.0001 data[0,1] range=[0.000,1.000] xform p=(-32.00,-4.00,+0.0000)
[al] newton hfield shape 57: nrow=81 ncol=81 hx=4.00 hy=4.00 min_z=-0.0000 max_z=+0.0100 data[0,1] range=[0.000,1.000] xform p=(-24.00,-4.00,+0.0000)
[al] newton hfield shape 58: nrow=81 ncol=81 hx=4.00 hy=4.00 min_z=-0.0000 max_z=+0.0300 data[0,1] range=[0.000,1.000] xform p=(-16.00,-4.00,+0.0000)
[al] newton hfield shape 59: nrow=81 ncol=81 hx=4.00 hy=4.00 min_z=-0.0000 max_z=+0.0300 data[0,1] range=[0.000,1.000] xform p=(-8.00,-4.00,+0.0000)
[al] newton hfield shape 60: nrow=81 ncol=81 hx=4.00 hy=4.00 min_z=-0.0000 max_z=+0.0500 data[0,1] range=[0.000,1.000] xform p=(+0.00,-4.00,+0.0000)
[al] newton hfield shape 61: nrow=81 ncol=81 hx=4.00 hy=4.00 min_z=-0.0000 max_z=+0.0700 data[0,1] range=[0.000,1.000] xform p=(+8.00,-4.00,+0.0000)
[al] newton hfield shape 62: nrow=81 ncol=81 hx=4.00 hy=4.00 min_z=-0.0000 max_z=+0.0800 data[0,1] range=[0.000,1.000] xform p=(+16.00,-4.00,+0.0000)
[al] newton hfield shape 63: nrow=81 ncol=81 hx=4.00 hy=4.00 min_z=-0.0000 max_z=+0.0900 data[0,1] range=[0.000,1.000] xform p=(+24.00,-4.00,+0.0000)
[al] newton hfield shape 64: nrow=81 ncol=81 hx=4.00 hy=4.00 min_z=-0.0000 max_z=+0.0900 data[0,1] range=[0.000,1.000] xform p=(+32.00,-4.00,+0.0000)
[al] newton hfield shape 65: nrow=81 ncol=81 hx=4.00 hy=4.00 min_z=-0.0000 max_z=+0.0001 data[0,1] range=[0.000,1.000] xform p=(+40.00,-4.00,+0.0000)
[al] newton hfield shape 66: nrow=81 ncol=81 hx=4.00 hy=4.00 min_z=-0.0000 max_z=+0.0001 data[0,1] range=[0.000,1.000] xform p=(-40.00,+4.00,+0.0000)
[al] newton hfield shape 67: nrow=81 ncol=81 hx=4.00 hy=4.00 min_z=-0.0000 max_z=+0.0001 data[0,1] range=[0.000,1.000] xform p=(-32.00,+4.00,+0.0000)
[al] newton hfield shape 68: nrow=81 ncol=81 hx=4.00 hy=4.00 min_z=-0.0000 max_z=+0.0200 data[0,1] range=[0.000,1.000] xform p=(-24.00,+4.00,+0.0000)
[al] newton hfield shape 69: nrow=81 ncol=81 hx=4.00 hy=4.00 min_z=-0.0000 max_z=+0.0300 data[0,1] range=[0.000,1.000] xform p=(-16.00,+4.00,+0.0000)
[al] newton hfield shape 70: nrow=81 ncol=81 hx=4.00 hy=4.00 min_z=-0.0000 max_z=+0.0400 data[0,1] range=[0.000,1.000] xform p=(-8.00,+4.00,+0.0000)
[al] newton hfield shape 71: nrow=81 ncol=81 hx=4.00 hy=4.00 min_z=-0.0000 max_z=+0.0600 data[0,1] range=[0.000,1.000] xform p=(+0.00,+4.00,+0.0000)
[al] newton hfield shape 72: nrow=81 ncol=81 hx=4.00 hy=4.00 min_z=-0.0000 max_z=+0.0700 data[0,1] range=[0.000,1.000] xform p=(+8.00,+4.00,+0.0000)
[al] newton hfield shape 73: nrow=81 ncol=81 hx=4.00 hy=4.00 min_z=-0.0000 max_z=+0.0700 data[0,1] range=[0.000,1.000] xform p=(+16.00,+4.00,+0.0000)
[al] newton hfield shape 74: nrow=81 ncol=81 hx=4.00 hy=4.00 min_z=-0.0000 max_z=+0.0900 data[0,1] range=[0.000,1.000] xform p=(+24.00,+4.00,+0.0000)
[al] newton hfield shape 75: nrow=81 ncol=81 hx=4.00 hy=4.00 min_z=-0.0000 max_z=+0.0900 data[0,1] range=[0.000,1.000] xform p=(+32.00,+4.00,+0.0000)
[al] newton hfield shape 76: nrow=81 ncol=81 hx=4.00 hy=4.00 min_z=-0.0000 max_z=+0.0001 data[0,1] range=[0.000,1.000] xform p=(+40.00,+4.00,+0.0000)
[al] newton hfield shape 77: nrow=81 ncol=81 hx=4.00 hy=4.00 min_z=-0.0000 max_z=+0.0001 data[0,1] range=[0.000,1.000] xform p=(-40.00,+12.00,+0.0000)
[al] newton hfield shape 78: nrow=81 ncol=81 hx=4.00 hy=4.00 min_z=-0.0200 max_z=+0.0200 data[0,1] range=[0.000,1.000] xform p=(-32.00,+12.00,+0.0000)
[al] newton hfield shape 79: nrow=81 ncol=81 hx=4.00 hy=4.00 min_z=-0.0200 max_z=+0.0200 data[0,1] range=[0.000,1.000] xform p=(-24.00,+12.00,+0.0000)
[al] newton hfield shape 80: nrow=81 ncol=81 hx=4.00 hy=4.00 min_z=-0.0400 max_z=+0.0400 data[0,1] range=[0.000,1.000] xform p=(-16.00,+12.00,+0.0000)
[al] newton hfield shape 81: nrow=81 ncol=81 hx=4.00 hy=4.00 min_z=-0.0600 max_z=+0.0600 data[0,1] range=[0.000,1.000] xform p=(-8.00,+12.00,+0.0000)
[al] newton hfield shape 82: nrow=81 ncol=81 hx=4.00 hy=4.00 min_z=-0.0800 max_z=+0.0800 data[0,1] range=[0.000,1.000] xform p=(+0.00,+12.00,+0.0000)
[al] newton hfield shape 83: nrow=81 ncol=81 hx=4.00 hy=4.00 min_z=-0.1000 max_z=+0.1000 data[0,1] range=[0.000,1.000] xform p=(+8.00,+12.00,+0.0000)
[al] newton hfield shape 84: nrow=81 ncol=81 hx=4.00 hy=4.00 min_z=-0.1200 max_z=+0.1200 data[0,1] range=[0.000,1.000] xform p=(+16.00,+12.00,+0.0000)
[al] newton hfield shape 85: nrow=81 ncol=81 hx=4.00 hy=4.00 min_z=-0.1400 max_z=+0.1400 data[0,1] range=[0.000,1.000] xform p=(+24.00,+12.00,+0.0000)
[al] newton hfield shape 86: nrow=81 ncol=81 hx=4.00 hy=4.00 min_z=-0.1400 max_z=+0.1400 data[0,1] range=[0.000,1.000] xform p=(+32.00,+12.00,+0.0000)
[al] newton hfield shape 87: nrow=81 ncol=81 hx=4.00 hy=4.00 min_z=-0.0000 max_z=+0.0001 data[0,1] range=[0.000,1.000] xform p=(+40.00,+12.00,+0.0000)
[al] newton hfield shape 88: nrow=81 ncol=81 hx=4.00 hy=4.00 min_z=-0.0000 max_z=+0.0001 data[0,1] range=[0.000,1.000] xform p=(-40.00,+20.00,+0.0000)
[al] newton hfield shape 89: nrow=81 ncol=81 hx=4.00 hy=4.00 min_z=-0.0200 max_z=+0.0200 data[0,1] range=[0.000,1.000] xform p=(-32.00,+20.00,+0.0000)
[al] newton hfield shape 90: nrow=81 ncol=81 hx=4.00 hy=4.00 min_z=-0.0200 max_z=+0.0200 data[0,1] range=[0.000,1.000] xform p=(-24.00,+20.00,+0.0000)
[al] newton hfield shape 91: nrow=81 ncol=81 hx=4.00 hy=4.00 min_z=-0.0400 max_z=+0.0400 data[0,1] range=[0.000,1.000] xform p=(-16.00,+20.00,+0.0000)
[al] newton hfield shape 92: nrow=81 ncol=81 hx=4.00 hy=4.00 min_z=-0.0600 max_z=+0.0600 data[0,1] range=[0.000,1.000] xform p=(-8.00,+20.00,+0.0000)
[al] newton hfield shape 93: nrow=81 ncol=81 hx=4.00 hy=4.00 min_z=-0.0800 max_z=+0.0800 data[0,1] range=[0.000,1.000] xform p=(+0.00,+20.00,+0.0000)
[al] newton hfield shape 94: nrow=81 ncol=81 hx=4.00 hy=4.00 min_z=-0.1000 max_z=+0.1000 data[0,1] range=[0.000,1.000] xform p=(+8.00,+20.00,+0.0000)
[al] newton hfield shape 95: nrow=81 ncol=81 hx=4.00 hy=4.00 min_z=-0.1200 max_z=+0.1200 data[0,1] range=[0.000,1.000] xform p=(+16.00,+20.00,+0.0000)
[al] newton hfield shape 96: nrow=81 ncol=81 hx=4.00 hy=4.00 min_z=-0.1400 max_z=+0.1400 data[0,1] range=[0.000,1.000] xform p=(+24.00,+20.00,+0.0000)
[al] newton hfield shape 97: nrow=81 ncol=81 hx=4.00 hy=4.00 min_z=-0.1400 max_z=+0.1400 data[0,1] range=[0.000,1.000] xform p=(+32.00,+20.00,+0.0000)
[al] newton hfield shape 98: nrow=81 ncol=81 hx=4.00 hy=4.00 min_z=+0.0000 max_z=+0.0001 data[0,1] range=[0.000,1.000] xform p=(+40.00,+20.00,+0.0000)
[al] newton hfield shape 99: nrow=81 ncol=81 hx=4.00 hy=4.00 min_z=-0.0000 max_z=+0.0001 data[0,1] range=[0.000,1.000] xform p=(-40.00,+28.00,+0.0000)
[al] newton hfield shape 100: nrow=81 ncol=81 hx=4.00 hy=4.00 min_z=-0.0200 max_z=+0.0200 data[0,1] range=[0.000,1.000] xform p=(-32.00,+28.00,+0.0000)
[al] newton hfield shape 101: nrow=81 ncol=81 hx=4.00 hy=4.00 min_z=-0.0200 max_z=+0.0200 data[0,1] range=[0.000,1.000] xform p=(-24.00,+28.00,+0.0000)
[al] newton hfield shape 102: nrow=81 ncol=81 hx=4.00 hy=4.00 min_z=-0.0400 max_z=+0.0400 data[0,1] range=[0.000,1.000] xform p=(-16.00,+28.00,+0.0000)
[al] newton hfield shape 103: nrow=81 ncol=81 hx=4.00 hy=4.00 min_z=-0.0600 max_z=+0.0600 data[0,1] range=[0.000,1.000] xform p=(-8.00,+28.00,+0.0000)
[al] newton hfield shape 104: nrow=81 ncol=81 hx=4.00 hy=4.00 min_z=-0.0800 max_z=+0.0800 data[0,1] range=[0.000,1.000] xform p=(+0.00,+28.00,+0.0000)
[al] newton hfield shape 105: nrow=81 ncol=81 hx=4.00 hy=4.00 min_z=-0.1000 max_z=+0.1000 data[0,1] range=[0.000,1.000] xform p=(+8.00,+28.00,+0.0000)
[al] newton hfield shape 106: nrow=81 ncol=81 hx=4.00 hy=4.00 min_z=-0.1200 max_z=+0.1200 data[0,1] range=[0.000,1.000] xform p=(+16.00,+28.00,+0.0000)
[al] newton hfield shape 107: nrow=81 ncol=81 hx=4.00 hy=4.00 min_z=-0.1400 max_z=+0.1400 data[0,1] range=[0.000,1.000] xform p=(+24.00,+28.00,+0.0000)
[al] newton hfield shape 108: nrow=81 ncol=81 hx=4.00 hy=4.00 min_z=-0.1400 max_z=+0.1400 data[0,1] range=[0.000,1.000] xform p=(+32.00,+28.00,+0.0000)
[al] newton hfield shape 109: nrow=81 ncol=81 hx=4.00 hy=4.00 min_z=+0.0000 max_z=+0.0001 data[0,1] range=[0.000,1.000] xform p=(+40.00,+28.00,+0.0000)
[al] newton hfield shape 110: nrow=81 ncol=81 hx=4.00 hy=4.00 min_z=-0.0000 max_z=+0.0001 data[0,1] range=[0.000,1.000] xform p=(-40.00,+36.00,+0.0000)
[al] newton hfield shape 111: nrow=81 ncol=81 hx=4.00 hy=4.00 min_z=-0.0200 max_z=+0.0200 data[0,1] range=[0.000,1.000] xform p=(-32.00,+36.00,+0.0000)
[al] newton hfield shape 112: nrow=81 ncol=81 hx=4.00 hy=4.00 min_z=-0.0200 max_z=+0.0200 data[0,1] range=[0.000,1.000] xform p=(-24.00,+36.00,+0.0000)
[al] newton hfield shape 113: nrow=81 ncol=81 hx=4.00 hy=4.00 min_z=-0.0400 max_z=+0.0400 data[0,1] range=[0.000,1.000] xform p=(-16.00,+36.00,+0.0000)
[al] newton hfield shape 114: nrow=81 ncol=81 hx=4.00 hy=4.00 min_z=-0.0600 max_z=+0.0600 data[0,1] range=[0.000,1.000] xform p=(-8.00,+36.00,+0.0000)
[al] newton hfield shape 115: nrow=81 ncol=81 hx=4.00 hy=4.00 min_z=-0.0800 max_z=+0.0800 data[0,1] range=[0.000,1.000] xform p=(+0.00,+36.00,+0.0000)
[al] newton hfield shape 116: nrow=81 ncol=81 hx=4.00 hy=4.00 min_z=-0.1000 max_z=+0.1000 data[0,1] range=[0.000,1.000] xform p=(+8.00,+36.00,+0.0000)
[al] newton hfield shape 117: nrow=81 ncol=81 hx=4.00 hy=4.00 min_z=-0.1000 max_z=+0.1000 data[0,1] range=[0.000,1.000] xform p=(+16.00,+36.00,+0.0000)
[al] newton hfield shape 118: nrow=81 ncol=81 hx=4.00 hy=4.00 min_z=-0.1200 max_z=+0.1200 data[0,1] range=[0.000,1.000] xform p=(+24.00,+36.00,+0.0000)
[al] newton hfield shape 119: nrow=81 ncol=81 hx=4.00 hy=4.00 min_z=-0.1200 max_z=+0.1200 data[0,1] range=[0.000,1.000] xform p=(+32.00,+36.00,+0.0000)
[al] newton hfield shape 120: nrow=81 ncol=81 hx=4.00 hy=4.00 min_z=-0.0000 max_z=+0.0001 data[0,1] range=[0.000,1.000] xform p=(+40.00,+36.00,+0.0000)
[al] newton hfield shape 121: nrow=81 ncol=81 hx=4.00 hy=4.00 min_z=-0.0000 max_z=+0.0001 data[0,1] range=[0.000,1.000] xform p=(-40.00,+44.00,+0.0000)
[al] newton hfield shape 122: nrow=81 ncol=81 hx=4.00 hy=4.00 min_z=-0.0000 max_z=+0.0001 data[0,1] range=[0.000,1.000] xform p=(-32.00,+44.00,+0.0000)
[al] newton hfield shape 123: nrow=81 ncol=81 hx=4.00 hy=4.00 min_z=-0.0000 max_z=+0.0001 data[0,1] range=[0.000,1.000] xform p=(-24.00,+44.00,+0.0000)
[al] newton hfield shape 124: nrow=81 ncol=81 hx=4.00 hy=4.00 min_z=-0.0000 max_z=+0.0001 data[0,1] range=[0.000,1.000] xform p=(-16.00,+44.00,+0.0000)
[al] newton hfield shape 125: nrow=81 ncol=81 hx=4.00 hy=4.00 min_z=-0.0000 max_z=+0.0001 data[0,1] range=[0.000,1.000] xform p=(-8.00,+44.00,+0.0000)
[al] newton hfield shape 126: nrow=81 ncol=81 hx=4.00 hy=4.00 min_z=-0.0000 max_z=+0.0001 data[0,1] range=[0.000,1.000] xform p=(+0.00,+44.00,+0.0000)
[al] newton hfield shape 127: nrow=81 ncol=81 hx=4.00 hy=4.00 min_z=-0.0000 max_z=+0.0001 data[0,1] range=[0.000,1.000] xform p=(+8.00,+44.00,+0.0000)
[al] newton hfield shape 128: nrow=81 ncol=81 hx=4.00 hy=4.00 min_z=-0.0000 max_z=+0.0001 data[0,1] range=[0.000,1.000] xform p=(+16.00,+44.00,+0.0000)
[al] newton hfield shape 129: nrow=81 ncol=81 hx=4.00 hy=4.00 min_z=-0.0000 max_z=+0.0001 data[0,1] range=[0.000,1.000] xform p=(+24.00,+44.00,+0.0000)
[al] newton hfield shape 130: nrow=81 ncol=81 hx=4.00 hy=4.00 min_z=-0.0000 max_z=+0.0001 data[0,1] range=[0.000,1.000] xform p=(+32.00,+44.00,+0.0000)
[al] newton hfield shape 131: nrow=81 ncol=81 hx=4.00 hy=4.00 min_z=-0.0000 max_z=+0.0001 data[0,1] range=[0.000,1.000] xform p=(+40.00,+44.00,+0.0000)
[al] mujoco hfield geom 0: pos=(-40.00,-44.00,-0.0000) size(hx,hy,z_top,z_base)=(4.00,4.00,0.0001,0.0001) data range=[0.000,1.000] -> surface z in [-0.0000,+0.0001]
[al] mujoco hfield geom 1: pos=(-32.00,-44.00,-0.0000) size(hx,hy,z_top,z_base)=(4.00,4.00,0.0001,0.0001) data range=[0.000,1.000] -> surface z in [-0.0000,+0.0001]
[al] mujoco hfield geom 2: pos=(-24.00,-44.00,-0.0000) size(hx,hy,z_top,z_base)=(4.00,4.00,0.0001,0.0001) data range=[0.000,1.000] -> surface z in [-0.0000,+0.0001]
[al] mujoco hfield geom 3: pos=(-16.00,-44.00,-0.0000) size(hx,hy,z_top,z_base)=(4.00,4.00,0.0001,0.0001) data range=[0.000,1.000] -> surface z in [-0.0000,+0.0001]
[al] mujoco hfield geom 4: pos=(-8.00,-44.00,-0.0000) size(hx,hy,z_top,z_base)=(4.00,4.00,0.0001,0.0001) data range=[0.000,1.000] -> surface z in [-0.0000,+0.0001]
[al] mujoco hfield geom 5: pos=(+0.00,-44.00,-0.0000) size(hx,hy,z_top,z_base)=(4.00,4.00,0.0001,0.0001) data range=[0.000,1.000] -> surface z in [-0.0000,+0.0001]
[al] mujoco hfield geom 6: pos=(+8.00,-44.00,-0.0000) size(hx,hy,z_top,z_base)=(4.00,4.00,0.0001,0.0001) data range=[0.000,1.000] -> surface z in [-0.0000,+0.0001]
[al] mujoco hfield geom 7: pos=(+16.00,-44.00,-0.0000) size(hx,hy,z_top,z_base)=(4.00,4.00,0.0001,0.0001) data range=[0.000,1.000] -> surface z in [-0.0000,+0.0001]
[al] mujoco hfield geom 8: pos=(+24.00,-44.00,-0.0000) size(hx,hy,z_top,z_base)=(4.00,4.00,0.0001,0.0001) data range=[0.000,1.000] -> surface z in [-0.0000,+0.0001]
[al] mujoco hfield geom 9: pos=(+32.00,-44.00,-0.0000) size(hx,hy,z_top,z_base)=(4.00,4.00,0.0001,0.0001) data range=[0.000,1.000] -> surface z in [-0.0000,+0.0001]
[al] mujoco hfield geom 10: pos=(+40.00,-44.00,-0.0000) size(hx,hy,z_top,z_base)=(4.00,4.00,0.0001,0.0001) data range=[0.000,1.000] -> surface z in [-0.0000,+0.0001]
[al] mujoco hfield geom 11: pos=(-40.00,-36.00,-0.0000) size(hx,hy,z_top,z_base)=(4.00,4.00,0.0001,0.0001) data range=[0.000,1.000] -> surface z in [-0.0000,+0.0001]
[al] mujoco hfield geom 12: pos=(-32.00,-36.00,-0.0160) size(hx,hy,z_top,z_base)=(4.00,4.00,0.0322,0.0001) data range=[0.000,1.000] -> surface z in [-0.0160,+0.0163]
[al] mujoco hfield geom 13: pos=(-24.00,-36.00,-0.0208) size(hx,hy,z_top,z_base)=(4.00,4.00,0.0425,0.0001) data range=[0.000,1.000] -> surface z in [-0.0208,+0.0217]
[al] mujoco hfield geom 14: pos=(-16.00,-36.00,-0.0322) size(hx,hy,z_top,z_base)=(4.00,4.00,0.0655,0.0001) data range=[0.000,1.000] -> surface z in [-0.0322,+0.0332]
[al] mujoco hfield geom 15: pos=(-8.00,-36.00,-0.0390) size(hx,hy,z_top,z_base)=(4.00,4.00,0.0790,0.0001) data range=[0.000,1.000] -> surface z in [-0.0390,+0.0400]
[al] mujoco hfield geom 16: pos=(+0.00,-36.00,-0.0427) size(hx,hy,z_top,z_base)=(4.00,4.00,0.0860,0.0001) data range=[0.000,1.000] -> surface z in [-0.0427,+0.0433]
[al] mujoco hfield geom 17: pos=(+8.00,-36.00,-0.0578) size(hx,hy,z_top,z_base)=(4.00,4.00,0.1164,0.0001) data range=[0.000,1.000] -> surface z in [-0.0578,+0.0586]
[al] mujoco hfield geom 18: pos=(+16.00,-36.00,-0.0625) size(hx,hy,z_top,z_base)=(4.00,4.00,0.1274,0.0001) data range=[0.000,1.000] -> surface z in [-0.0625,+0.0649]
[al] mujoco hfield geom 19: pos=(+24.00,-36.00,-0.0726) size(hx,hy,z_top,z_base)=(4.00,4.00,0.1459,0.0001) data range=[0.000,1.000] -> surface z in [-0.0726,+0.0733]
[al] mujoco hfield geom 20: pos=(+32.00,-36.00,-0.0699) size(hx,hy,z_top,z_base)=(4.00,4.00,0.1432,0.0001) data range=[0.000,1.000] -> surface z in [-0.0699,+0.0733]
[al] mujoco hfield geom 21: pos=(+40.00,-36.00,-0.0000) size(hx,hy,z_top,z_base)=(4.00,4.00,0.0001,0.0001) data range=[0.000,1.000] -> surface z in [-0.0000,+0.0001]
[al] mujoco hfield geom 22: pos=(-40.00,-28.00,-0.0000) size(hx,hy,z_top,z_base)=(4.00,4.00,0.0001,0.0001) data range=[0.000,1.000] -> surface z in [-0.0000,+0.0001]
[al] mujoco hfield geom 23: pos=(-32.00,-28.00,-0.0131) size(hx,hy,z_top,z_base)=(4.00,4.00,0.0294,0.0001) data range=[0.000,1.000] -> surface z in [-0.0131,+0.0163]
[al] mujoco hfield geom 24: pos=(-24.00,-28.00,-0.0215) size(hx,hy,z_top,z_base)=(4.00,4.00,0.0433,0.0001) data range=[0.000,1.000] -> surface z in [-0.0215,+0.0218]
[al] mujoco hfield geom 25: pos=(-16.00,-28.00,-0.0330) size(hx,hy,z_top,z_base)=(4.00,4.00,0.0663,0.0001) data range=[0.000,1.000] -> surface z in [-0.0330,+0.0332]
[al] mujoco hfield geom 26: pos=(-8.00,-28.00,-0.0418) size(hx,hy,z_top,z_base)=(4.00,4.00,0.0837,0.0001) data range=[0.000,1.000] -> surface z in [-0.0418,+0.0419]
[al] mujoco hfield geom 27: pos=(+0.00,-28.00,-0.0468) size(hx,hy,z_top,z_base)=(4.00,4.00,0.0946,0.0001) data range=[0.000,1.000] -> surface z in [-0.0468,+0.0477]
[al] mujoco hfield geom 28: pos=(+8.00,-28.00,-0.0578) size(hx,hy,z_top,z_base)=(4.00,4.00,0.1164,0.0001) data range=[0.000,1.000] -> surface z in [-0.0578,+0.0586]
[al] mujoco hfield geom 29: pos=(+16.00,-28.00,-0.0634) size(hx,hy,z_top,z_base)=(4.00,4.00,0.1283,0.0001) data range=[0.000,1.000] -> surface z in [-0.0634,+0.0649]
[al] mujoco hfield geom 30: pos=(+24.00,-28.00,-0.0726) size(hx,hy,z_top,z_base)=(4.00,4.00,0.1459,0.0001) data range=[0.000,1.000] -> surface z in [-0.0726,+0.0733]
[al] mujoco hfield geom 31: pos=(+32.00,-28.00,-0.0730) size(hx,hy,z_top,z_base)=(4.00,4.00,0.1462,0.0001) data range=[0.000,1.000] -> surface z in [-0.0730,+0.0733]
[al] mujoco hfield geom 32: pos=(+40.00,-28.00,+0.0000) size(hx,hy,z_top,z_base)=(4.00,4.00,0.0001,0.0001) data range=[0.000,1.000] -> surface z in [+0.0000,+0.0001]
[al] mujoco hfield geom 33: pos=(-40.00,-20.00,-0.0000) size(hx,hy,z_top,z_base)=(4.00,4.00,0.0001,0.0001) data range=[0.000,1.000] -> surface z in [-0.0000,+0.0001]
[al] mujoco hfield geom 34: pos=(-32.00,-20.00,-0.0145) size(hx,hy,z_top,z_base)=(4.00,4.00,0.0290,0.0001) data range=[0.000,1.000] -> surface z in [-0.0145,+0.0145]
[al] mujoco hfield geom 35: pos=(-24.00,-20.00,-0.0215) size(hx,hy,z_top,z_base)=(4.00,4.00,0.0433,0.0001) data range=[0.000,1.000] -> surface z in [-0.0215,+0.0218]
[al] mujoco hfield geom 36: pos=(-16.00,-20.00,-0.0326) size(hx,hy,z_top,z_base)=(4.00,4.00,0.0655,0.0001) data range=[0.000,1.000] -> surface z in [-0.0326,+0.0330]
[al] mujoco hfield geom 37: pos=(-8.00,-20.00,-0.0415) size(hx,hy,z_top,z_base)=(4.00,4.00,0.0834,0.0001) data range=[0.000,1.000] -> surface z in [-0.0415,+0.0419]
[al] mujoco hfield geom 38: pos=(+0.00,-20.00,-0.0480) size(hx,hy,z_top,z_base)=(4.00,4.00,0.0967,0.0001) data range=[0.000,1.000] -> surface z in [-0.0480,+0.0487]
[al] mujoco hfield geom 39: pos=(+8.00,-20.00,-0.0572) size(hx,hy,z_top,z_base)=(4.00,4.00,0.1145,0.0001) data range=[0.000,1.000] -> surface z in [-0.0572,+0.0573]
[al] mujoco hfield geom 40: pos=(+16.00,-20.00,-0.0641) size(hx,hy,z_top,z_base)=(4.00,4.00,0.1307,0.0001) data range=[0.000,1.000] -> surface z in [-0.0641,+0.0666]
[al] mujoco hfield geom 41: pos=(+24.00,-20.00,-0.0739) size(hx,hy,z_top,z_base)=(4.00,4.00,0.1480,0.0001) data range=[0.000,1.000] -> surface z in [-0.0739,+0.0741]
[al] mujoco hfield geom 42: pos=(+32.00,-20.00,-0.0710) size(hx,hy,z_top,z_base)=(4.00,4.00,0.1451,0.0001) data range=[0.000,1.000] -> surface z in [-0.0710,+0.0741]
[al] mujoco hfield geom 43: pos=(+40.00,-20.00,+0.0000) size(hx,hy,z_top,z_base)=(4.00,4.00,0.0001,0.0001) data range=[0.000,1.000] -> surface z in [+0.0000,+0.0001]
[al] mujoco hfield geom 44: pos=(-40.00,-12.00,-0.0000) size(hx,hy,z_top,z_base)=(4.00,4.00,0.0001,0.0001) data range=[0.000,1.000] -> surface z in [-0.0000,+0.0001]
[al] mujoco hfield geom 45: pos=(-32.00,-12.00,-0.0139) size(hx,hy,z_top,z_base)=(4.00,4.00,0.0284,0.0001) data range=[0.000,1.000] -> surface z in [-0.0139,+0.0145]
[al] mujoco hfield geom 46: pos=(-24.00,-12.00,-0.0185) size(hx,hy,z_top,z_base)=(4.00,4.00,0.0371,0.0001) data range=[0.000,1.000] -> surface z in [-0.0185,+0.0186]
[al] mujoco hfield geom 47: pos=(-16.00,-12.00,-0.0327) size(hx,hy,z_top,z_base)=(4.00,4.00,0.0657,0.0001) data range=[0.000,1.000] -> surface z in [-0.0327,+0.0330]
[al] mujoco hfield geom 48: pos=(-8.00,-12.00,-0.0393) size(hx,hy,z_top,z_base)=(4.00,4.00,0.0788,0.0001) data range=[0.000,1.000] -> surface z in [-0.0393,+0.0395]
[al] mujoco hfield geom 49: pos=(+0.00,-12.00,-0.0443) size(hx,hy,z_top,z_base)=(4.00,4.00,0.0943,0.0001) data range=[0.000,1.000] -> surface z in [-0.0443,+0.0500]
[al] mujoco hfield geom 50: pos=(+8.00,-12.00,-0.0522) size(hx,hy,z_top,z_base)=(4.00,4.00,0.1222,0.0001) data range=[0.000,1.000] -> surface z in [-0.0522,+0.0700]
[al] mujoco hfield geom 51: pos=(+16.00,-12.00,-0.0649) size(hx,hy,z_top,z_base)=(4.00,4.00,0.1449,0.0001) data range=[0.000,1.000] -> surface z in [-0.0649,+0.0800]
[al] mujoco hfield geom 52: pos=(+24.00,-12.00,-0.0739) size(hx,hy,z_top,z_base)=(4.00,4.00,0.1639,0.0001) data range=[0.000,1.000] -> surface z in [-0.0739,+0.0900]
[al] mujoco hfield geom 53: pos=(+32.00,-12.00,-0.0719) size(hx,hy,z_top,z_base)=(4.00,4.00,0.1619,0.0001) data range=[0.000,1.000] -> surface z in [-0.0719,+0.0900]
[al] mujoco hfield geom 54: pos=(+40.00,-12.00,-0.0000) size(hx,hy,z_top,z_base)=(4.00,4.00,0.0001,0.0001) data range=[0.000,1.000] -> surface z in [-0.0000,+0.0001]
[al] mujoco hfield geom 55: pos=(-40.00,-4.00,-0.0000) size(hx,hy,z_top,z_base)=(4.00,4.00,0.0001,0.0001) data range=[0.000,1.000] -> surface z in [-0.0000,+0.0001]
[al] mujoco hfield geom 56: pos=(-32.00,-4.00,-0.0000) size(hx,hy,z_top,z_base)=(4.00,4.00,0.0001,0.0001) data range=[0.000,1.000] -> surface z in [-0.0000,+0.0001]
[al] mujoco hfield geom 57: pos=(-24.00,-4.00,-0.0000) size(hx,hy,z_top,z_base)=(4.00,4.00,0.0100,0.0001) data range=[0.000,1.000] -> surface z in [-0.0000,+0.0100]
[al] mujoco hfield geom 58: pos=(-16.00,-4.00,-0.0000) size(hx,hy,z_top,z_base)=(4.00,4.00,0.0300,0.0001) data range=[0.000,1.000] -> surface z in [-0.0000,+0.0300]
[al] mujoco hfield geom 59: pos=(-8.00,-4.00,-0.0000) size(hx,hy,z_top,z_base)=(4.00,4.00,0.0300,0.0001) data range=[0.000,1.000] -> surface z in [-0.0000,+0.0300]
[al] mujoco hfield geom 60: pos=(+0.00,-4.00,-0.0000) size(hx,hy,z_top,z_base)=(4.00,4.00,0.0500,0.0001) data range=[0.000,1.000] -> surface z in [-0.0000,+0.0500]
[al] mujoco hfield geom 61: pos=(+8.00,-4.00,-0.0000) size(hx,hy,z_top,z_base)=(4.00,4.00,0.0700,0.0001) data range=[0.000,1.000] -> surface z in [-0.0000,+0.0700]
[al] mujoco hfield geom 62: pos=(+16.00,-4.00,-0.0000) size(hx,hy,z_top,z_base)=(4.00,4.00,0.0800,0.0001) data range=[0.000,1.000] -> surface z in [-0.0000,+0.0800]
[al] mujoco hfield geom 63: pos=(+24.00,-4.00,-0.0000) size(hx,hy,z_top,z_base)=(4.00,4.00,0.0900,0.0001) data range=[0.000,1.000] -> surface z in [-0.0000,+0.0900]
[al] mujoco hfield geom 64: pos=(+32.00,-4.00,-0.0000) size(hx,hy,z_top,z_base)=(4.00,4.00,0.0900,0.0001) data range=[0.000,1.000] -> surface z in [-0.0000,+0.0900]
[al] mujoco hfield geom 65: pos=(+40.00,-4.00,-0.0000) size(hx,hy,z_top,z_base)=(4.00,4.00,0.0001,0.0001) data range=[0.000,1.000] -> surface z in [-0.0000,+0.0001]
[al] mujoco hfield geom 66: pos=(-40.00,+4.00,-0.0000) size(hx,hy,z_top,z_base)=(4.00,4.00,0.0001,0.0001) data range=[0.000,1.000] -> surface z in [-0.0000,+0.0001]
[al] mujoco hfield geom 67: pos=(-32.00,+4.00,-0.0000) size(hx,hy,z_top,z_base)=(4.00,4.00,0.0001,0.0001) data range=[0.000,1.000] -> surface z in [-0.0000,+0.0001]
[al] mujoco hfield geom 68: pos=(-24.00,+4.00,-0.0000) size(hx,hy,z_top,z_base)=(4.00,4.00,0.0200,0.0001) data range=[0.000,1.000] -> surface z in [-0.0000,+0.0200]
[al] mujoco hfield geom 69: pos=(-16.00,+4.00,-0.0000) size(hx,hy,z_top,z_base)=(4.00,4.00,0.0300,0.0001) data range=[0.000,1.000] -> surface z in [-0.0000,+0.0300]
[al] mujoco hfield geom 70: pos=(-8.00,+4.00,-0.0000) size(hx,hy,z_top,z_base)=(4.00,4.00,0.0400,0.0001) data range=[0.000,1.000] -> surface z in [-0.0000,+0.0400]
[al] mujoco hfield geom 71: pos=(+0.00,+4.00,-0.0000) size(hx,hy,z_top,z_base)=(4.00,4.00,0.0600,0.0001) data range=[0.000,1.000] -> surface z in [-0.0000,+0.0600]
[al] mujoco hfield geom 72: pos=(+8.00,+4.00,-0.0000) size(hx,hy,z_top,z_base)=(4.00,4.00,0.0700,0.0001) data range=[0.000,1.000] -> surface z in [-0.0000,+0.0700]
[al] mujoco hfield geom 73: pos=(+16.00,+4.00,-0.0000) size(hx,hy,z_top,z_base)=(4.00,4.00,0.0700,0.0001) data range=[0.000,1.000] -> surface z in [-0.0000,+0.0700]
[al] mujoco hfield geom 74: pos=(+24.00,+4.00,-0.0000) size(hx,hy,z_top,z_base)=(4.00,4.00,0.0900,0.0001) data range=[0.000,1.000] -> surface z in [-0.0000,+0.0900]
[al] mujoco hfield geom 75: pos=(+32.00,+4.00,-0.0000) size(hx,hy,z_top,z_base)=(4.00,4.00,0.0900,0.0001) data range=[0.000,1.000] -> surface z in [-0.0000,+0.0900]
[al] mujoco hfield geom 76: pos=(+40.00,+4.00,-0.0000) size(hx,hy,z_top,z_base)=(4.00,4.00,0.0001,0.0001) data range=[0.000,1.000] -> surface z in [-0.0000,+0.0001]
[al] mujoco hfield geom 77: pos=(-40.00,+12.00,-0.0000) size(hx,hy,z_top,z_base)=(4.00,4.00,0.0001,0.0001) data range=[0.000,1.000] -> surface z in [-0.0000,+0.0001]
[al] mujoco hfield geom 78: pos=(-32.00,+12.00,-0.0200) size(hx,hy,z_top,z_base)=(4.00,4.00,0.0400,0.0001) data range=[0.000,1.000] -> surface z in [-0.0200,+0.0200]
[al] mujoco hfield geom 79: pos=(-24.00,+12.00,-0.0200) size(hx,hy,z_top,z_base)=(4.00,4.00,0.0400,0.0001) data range=[0.000,1.000] -> surface z in [-0.0200,+0.0200]
[al] mujoco hfield geom 80: pos=(-16.00,+12.00,-0.0400) size(hx,hy,z_top,z_base)=(4.00,4.00,0.0800,0.0001) data range=[0.000,1.000] -> surface z in [-0.0400,+0.0400]
[al] mujoco hfield geom 81: pos=(-8.00,+12.00,-0.0600) size(hx,hy,z_top,z_base)=(4.00,4.00,0.1200,0.0001) data range=[0.000,1.000] -> surface z in [-0.0600,+0.0600]
[al] mujoco hfield geom 82: pos=(+0.00,+12.00,-0.0800) size(hx,hy,z_top,z_base)=(4.00,4.00,0.1600,0.0001) data range=[0.000,1.000] -> surface z in [-0.0800,+0.0800]
[al] mujoco hfield geom 83: pos=(+8.00,+12.00,-0.1000) size(hx,hy,z_top,z_base)=(4.00,4.00,0.2000,0.0001) data range=[0.000,1.000] -> surface z in [-0.1000,+0.1000]
[al] mujoco hfield geom 84: pos=(+16.00,+12.00,-0.1200) size(hx,hy,z_top,z_base)=(4.00,4.00,0.2400,0.0001) data range=[0.000,1.000] -> surface z in [-0.1200,+0.1200]
[al] mujoco hfield geom 85: pos=(+24.00,+12.00,-0.1400) size(hx,hy,z_top,z_base)=(4.00,4.00,0.2800,0.0001) data range=[0.000,1.000] -> surface z in [-0.1400,+0.1400]
[al] mujoco hfield geom 86: pos=(+32.00,+12.00,-0.1400) size(hx,hy,z_top,z_base)=(4.00,4.00,0.2800,0.0001) data range=[0.000,1.000] -> surface z in [-0.1400,+0.1400]
[al] mujoco hfield geom 87: pos=(+40.00,+12.00,-0.0000) size(hx,hy,z_top,z_base)=(4.00,4.00,0.0001,0.0001) data range=[0.000,1.000] -> surface z in [-0.0000,+0.0001]
[al] mujoco hfield geom 88: pos=(-40.00,+20.00,-0.0000) size(hx,hy,z_top,z_base)=(4.00,4.00,0.0001,0.0001) data range=[0.000,1.000] -> surface z in [-0.0000,+0.0001]
[al] mujoco hfield geom 89: pos=(-32.00,+20.00,-0.0200) size(hx,hy,z_top,z_base)=(4.00,4.00,0.0400,0.0001) data range=[0.000,1.000] -> surface z in [-0.0200,+0.0200]
[al] mujoco hfield geom 90: pos=(-24.00,+20.00,-0.0200) size(hx,hy,z_top,z_base)=(4.00,4.00,0.0400,0.0001) data range=[0.000,1.000] -> surface z in [-0.0200,+0.0200]
[al] mujoco hfield geom 91: pos=(-16.00,+20.00,-0.0400) size(hx,hy,z_top,z_base)=(4.00,4.00,0.0800,0.0001) data range=[0.000,1.000] -> surface z in [-0.0400,+0.0400]
[al] mujoco hfield geom 92: pos=(-8.00,+20.00,-0.0600) size(hx,hy,z_top,z_base)=(4.00,4.00,0.1200,0.0001) data range=[0.000,1.000] -> surface z in [-0.0600,+0.0600]
[al] mujoco hfield geom 93: pos=(+0.00,+20.00,-0.0800) size(hx,hy,z_top,z_base)=(4.00,4.00,0.1600,0.0001) data range=[0.000,1.000] -> surface z in [-0.0800,+0.0800]
[al] mujoco hfield geom 94: pos=(+8.00,+20.00,-0.1000) size(hx,hy,z_top,z_base)=(4.00,4.00,0.2000,0.0001) data range=[0.000,1.000] -> surface z in [-0.1000,+0.1000]
[al] mujoco hfield geom 95: pos=(+16.00,+20.00,-0.1200) size(hx,hy,z_top,z_base)=(4.00,4.00,0.2400,0.0001) data range=[0.000,1.000] -> surface z in [-0.1200,+0.1200]
[al] mujoco hfield geom 96: pos=(+24.00,+20.00,-0.1400) size(hx,hy,z_top,z_base)=(4.00,4.00,0.2800,0.0001) data range=[0.000,1.000] -> surface z in [-0.1400,+0.1400]
[al] mujoco hfield geom 97: pos=(+32.00,+20.00,-0.1400) size(hx,hy,z_top,z_base)=(4.00,4.00,0.2800,0.0001) data range=[0.000,1.000] -> surface z in [-0.1400,+0.1400]
[al] mujoco hfield geom 98: pos=(+40.00,+20.00,+0.0000) size(hx,hy,z_top,z_base)=(4.00,4.00,0.0001,0.0001) data range=[0.000,1.000] -> surface z in [+0.0000,+0.0001]
[al] mujoco hfield geom 99: pos=(-40.00,+28.00,-0.0000) size(hx,hy,z_top,z_base)=(4.00,4.00,0.0001,0.0001) data range=[0.000,1.000] -> surface z in [-0.0000,+0.0001]
[al] mujoco hfield geom 100: pos=(-32.00,+28.00,-0.0200) size(hx,hy,z_top,z_base)=(4.00,4.00,0.0400,0.0001) data range=[0.000,1.000] -> surface z in [-0.0200,+0.0200]
[al] mujoco hfield geom 101: pos=(-24.00,+28.00,-0.0200) size(hx,hy,z_top,z_base)=(4.00,4.00,0.0400,0.0001) data range=[0.000,1.000] -> surface z in [-0.0200,+0.0200]
[al] mujoco hfield geom 102: pos=(-16.00,+28.00,-0.0400) size(hx,hy,z_top,z_base)=(4.00,4.00,0.0800,0.0001) data range=[0.000,1.000] -> surface z in [-0.0400,+0.0400]
[al] mujoco hfield geom 103: pos=(-8.00,+28.00,-0.0600) size(hx,hy,z_top,z_base)=(4.00,4.00,0.1200,0.0001) data range=[0.000,1.000] -> surface z in [-0.0600,+0.0600]
[al] mujoco hfield geom 104: pos=(+0.00,+28.00,-0.0800) size(hx,hy,z_top,z_base)=(4.00,4.00,0.1600,0.0001) data range=[0.000,1.000] -> surface z in [-0.0800,+0.0800]
[al] mujoco hfield geom 105: pos=(+8.00,+28.00,-0.1000) size(hx,hy,z_top,z_base)=(4.00,4.00,0.2000,0.0001) data range=[0.000,1.000] -> surface z in [-0.1000,+0.1000]
[al] mujoco hfield geom 106: pos=(+16.00,+28.00,-0.1200) size(hx,hy,z_top,z_base)=(4.00,4.00,0.2400,0.0001) data range=[0.000,1.000] -> surface z in [-0.1200,+0.1200]
[al] mujoco hfield geom 107: pos=(+24.00,+28.00,-0.1400) size(hx,hy,z_top,z_base)=(4.00,4.00,0.2800,0.0001) data range=[0.000,1.000] -> surface z in [-0.1400,+0.1400]
[al] mujoco hfield geom 108: pos=(+32.00,+28.00,-0.1400) size(hx,hy,z_top,z_base)=(4.00,4.00,0.2800,0.0001) data range=[0.000,1.000] -> surface z in [-0.1400,+0.1400]
[al] mujoco hfield geom 109: pos=(+40.00,+28.00,+0.0000) size(hx,hy,z_top,z_base)=(4.00,4.00,0.0001,0.0001) data range=[0.000,1.000] -> surface z in [+0.0000,+0.0001]
[al] mujoco hfield geom 110: pos=(-40.00,+36.00,-0.0000) size(hx,hy,z_top,z_base)=(4.00,4.00,0.0001,0.0001) data range=[0.000,1.000] -> surface z in [-0.0000,+0.0001]
[al] mujoco hfield geom 111: pos=(-32.00,+36.00,-0.0200) size(hx,hy,z_top,z_base)=(4.00,4.00,0.0400,0.0001) data range=[0.000,1.000] -> surface z in [-0.0200,+0.0200]
[al] mujoco hfield geom 112: pos=(-24.00,+36.00,-0.0200) size(hx,hy,z_top,z_base)=(4.00,4.00,0.0400,0.0001) data range=[0.000,1.000] -> surface z in [-0.0200,+0.0200]
[al] mujoco hfield geom 113: pos=(-16.00,+36.00,-0.0400) size(hx,hy,z_top,z_base)=(4.00,4.00,0.0800,0.0001) data range=[0.000,1.000] -> surface z in [-0.0400,+0.0400]
[al] mujoco hfield geom 114: pos=(-8.00,+36.00,-0.0600) size(hx,hy,z_top,z_base)=(4.00,4.00,0.1200,0.0001) data range=[0.000,1.000] -> surface z in [-0.0600,+0.0600]
[al] mujoco hfield geom 115: pos=(+0.00,+36.00,-0.0800) size(hx,hy,z_top,z_base)=(4.00,4.00,0.1600,0.0001) data range=[0.000,1.000] -> surface z in [-0.0800,+0.0800]
[al] mujoco hfield geom 116: pos=(+8.00,+36.00,-0.1000) size(hx,hy,z_top,z_base)=(4.00,4.00,0.2000,0.0001) data range=[0.000,1.000] -> surface z in [-0.1000,+0.1000]
[al] mujoco hfield geom 117: pos=(+16.00,+36.00,-0.1000) size(hx,hy,z_top,z_base)=(4.00,4.00,0.2000,0.0001) data range=[0.000,1.000] -> surface z in [-0.1000,+0.1000]
[al] mujoco hfield geom 118: pos=(+24.00,+36.00,-0.1200) size(hx,hy,z_top,z_base)=(4.00,4.00,0.2400,0.0001) data range=[0.000,1.000] -> surface z in [-0.1200,+0.1200]
[al] mujoco hfield geom 119: pos=(+32.00,+36.00,-0.1200) size(hx,hy,z_top,z_base)=(4.00,4.00,0.2400,0.0001) data range=[0.000,1.000] -> surface z in [-0.1200,+0.1200]
[al] mujoco hfield geom 120: pos=(+40.00,+36.00,-0.0000) size(hx,hy,z_top,z_base)=(4.00,4.00,0.0001,0.0001) data range=[0.000,1.000] -> surface z in [-0.0000,+0.0001]
[al] mujoco hfield geom 121: pos=(-40.00,+44.00,-0.0000) size(hx,hy,z_top,z_base)=(4.00,4.00,0.0001,0.0001) data range=[0.000,1.000] -> surface z in [-0.0000,+0.0001]
[al] mujoco hfield geom 122: pos=(-32.00,+44.00,-0.0000) size(hx,hy,z_top,z_base)=(4.00,4.00,0.0001,0.0001) data range=[0.000,1.000] -> surface z in [-0.0000,+0.0001]
[al] mujoco hfield geom 123: pos=(-24.00,+44.00,-0.0000) size(hx,hy,z_top,z_base)=(4.00,4.00,0.0001,0.0001) data range=[0.000,1.000] -> surface z in [-0.0000,+0.0001]
[al] mujoco hfield geom 124: pos=(-16.00,+44.00,-0.0000) size(hx,hy,z_top,z_base)=(4.00,4.00,0.0001,0.0001) data range=[0.000,1.000] -> surface z in [-0.0000,+0.0001]
[al] mujoco hfield geom 125: pos=(-8.00,+44.00,-0.0000) size(hx,hy,z_top,z_base)=(4.00,4.00,0.0001,0.0001) data range=[0.000,1.000] -> surface z in [-0.0000,+0.0001]
[al] mujoco hfield geom 126: pos=(+0.00,+44.00,-0.0000) size(hx,hy,z_top,z_base)=(4.00,4.00,0.0001,0.0001) data range=[0.000,1.000] -> surface z in [-0.0000,+0.0001]
[al] mujoco hfield geom 127: pos=(+8.00,+44.00,-0.0000) size(hx,hy,z_top,z_base)=(4.00,4.00,0.0001,0.0001) data range=[0.000,1.000] -> surface z in [-0.0000,+0.0001]
[al] mujoco hfield geom 128: pos=(+16.00,+44.00,-0.0000) size(hx,hy,z_top,z_base)=(4.00,4.00,0.0001,0.0001) data range=[0.000,1.000] -> surface z in [-0.0000,+0.0001]
[al] mujoco hfield geom 129: pos=(+24.00,+44.00,-0.0000) size(hx,hy,z_top,z_base)=(4.00,4.00,0.0001,0.0001) data range=[0.000,1.000] -> surface z in [-0.0000,+0.0001]
[al] mujoco hfield geom 130: pos=(+32.00,+44.00,-0.0000) size(hx,hy,z_top,z_base)=(4.00,4.00,0.0001,0.0001) data range=[0.000,1.000] -> surface z in [-0.0000,+0.0001]
[al] mujoco hfield geom 131: pos=(+40.00,+44.00,-0.0000) size(hx,hy,z_top,z_base)=(4.00,4.00,0.0001,0.0001) data range=[0.000,1.000] -> surface z in [-0.0000,+0.0001]
[al] mjw_model.geom_pos[world0, hfield] = [-40. -44.   0.]
[al] terrain mesh z range: [-1.0000, +0.1400]
[al] terrain contacts sampled: 231878  (mesh hit for 231878)
[al] contact z - MESH height at same xy:   median=-0.0004  p90|.|=0.0098  max|.|=0.1288 m
[al] contact z - RASTER height at same xy: median=-0.0005  p90|.|=0.0095  max|.|=0.1288 m
[al]   if the physics used flip_y: median=-0.0007  p90|.|=0.0195
[al]   if the physics used flip_x: median=-0.0404  p90|.|=0.0870
[al] penetration (dist) on terrain contacts: median=-0.0011  min=-0.2574   fraction deeper than 5 cm: 0.003
[al] mesh relief in sampled area: z in [-0.020, +0.020]   raster z in [-0.140, +0.140]
[al] per-cell stats over 8x9 cells (row=level, col=type); contacts assigned to nearest cell centre:
[al]   cell row 0 col 5: n=23072  max|contact z - mesh z|=0.129 m  min dist=-0.257 m
[al]   cell row 0 col 4: n=28356  max|contact z - mesh z|=0.127 m  min dist=-0.253 m
[al]   cell row 0 col 3: n=27482  max|contact z - mesh z|=0.117 m  min dist=-0.235 m
[al]   cell row 0 col 7: n=26576  max|contact z - mesh z|=0.111 m  min dist=-0.221 m
[al]   cell row 0 col 2: n=25279  max|contact z - mesh z|=0.099 m  min dist=-0.200 m
[al]   cell row 0 col 1: n=26720  max|contact z - mesh z|=0.095 m  min dist=-0.174 m
[al]   cell row 0 col 8: n=27741  max|contact z - mesh z|=0.083 m  min dist=-0.170 m
[al]   cell row 0 col 6: n=20959  max|contact z - mesh z|=0.074 m  min dist=-0.146 m
[al]   perimeter: cells=9  median max-error=0.099 m  worst min dist=-0.257 m
[INFO]: SimulationContext cleared
EXIT=0
