The '--headless' CLI argument is deprecated. Omit '--viz' for default headless. If config visualizers are enabled and you want to force headless, use '--viz none'.
Loading user config located at: '/workspace/WBC-AGILE-NEWTON/.venv/lib/python3.12/site-packages/isaacsim/kit/data/Kit/IsaacLab/3.0/user.config.json'
2026-09-02T13:19:06Z [0ms] [Warning] [omni.ext.plugin] [ext: isaaclab_visualizers] Extensions config 'extension.toml' doesn't exist '/workspace/WBC-AGILE-NEWTON/.venv/lib/python3.12/site-packages/isaaclab/source/isaaclab_visualizers' or '/workspace/WBC-AGILE-NEWTON/.venv/lib/python3.12/site-packages/isaaclab/source/isaaclab_visualizers/config'
WARNING: All log messages before absl::InitializeLog() is called are written to STDERR
E0000 00:00:1788355146.703946  661010 descriptor_database.cc:633] File already exists in database: grpc/health/v1/health.proto
W0000 00:00:1788355146.703971  661010 message.cc:301] Protobuf GeneratedMessageFactory: File is already registered: grpc/health/v1/health.proto
2026-09-02T13:19:07Z [360ms] [Warning] [omni.usd_config.extension] Enable omni.materialx.libs extension to use MaterialX
2026-09-02T13:19:07Z [370ms] [Warning] [omni.platforminfo.plugin] failed to open the default display.  Can't verify X Server version.
2026-09-02T13:19:07Z [406ms] [Error] [omni.ext.plugin] Could not load the dynamic library from /workspace/WBC-AGILE-NEWTON/.venv/lib/python3.12/site-packages/isaacsim/extscache/omni.usd.libs-1.0.3+6312fa25.lx64.r.cp312/bin/libMaterialXRenderHw.so. Error: libXt.so.6: cannot open shared object file: No such file or directory (note that this may be caused by a dependent library)
2026-09-02T13:19:07Z [406ms] [Error] [omni.ext.plugin] Could not load the dynamic library from /workspace/WBC-AGILE-NEWTON/.venv/lib/python3.12/site-packages/isaacsim/extscache/omni.usd.libs-1.0.3+6312fa25.lx64.r.cp312/bin/libMaterialXRenderGlsl.so. Error: libXt.so.6: cannot open shared object file: No such file or directory (note that this may be caused by a dependent library)
2026-09-02T13:19:07Z [407ms] [Error] [omni.ext.plugin] Could not load the dynamic library from /workspace/WBC-AGILE-NEWTON/.venv/lib/python3.12/site-packages/isaacsim/extscache/omni.usd.libs-1.0.3+6312fa25.lx64.r.cp312/bin/libusd_usdBakeMtlx.so. Error: libXt.so.6: cannot open shared object file: No such file or directory (note that this may be caused by a dependent library)
2026-09-02T13:19:07Z [991ms] [Warning] [isaacsim.core.simulation_manager.plugin] USD stage is not available; stage-opened subscription is deferred
2026-09-02T13:19:07Z [991ms] [Warning] [isaacsim.core.simulation_manager.plugin] USD stage is not available; stage-opened subscription is deferred
[ISAACLAB] AppLauncher initialization complete
[INFO]: Parsing configuration from: agile.rl_env.tasks.stand_up.g1.height_tracking_env_cfg:G1HeightTrackingEnvCfg
[INFO]: Base environment:
	Environment device    : cuda:0
	Environment seed      : 42
	Physics step-size     : 0.005
	Rendering step-size   : 0.02
	Environment step-size : 0.02
[INFO] Generating terrains based on curriculum took Last: 0.266360 s
[INFO]: Registered backend 'newton' for factory Articulation.
[INFO]: Setting variant selection 'PhysX' for variant set 'Physics' on prim '/World/envs/env_0/Robot'.
[INFO]: Setting variant selection 'None' for variant set 'left_hand' on prim '/World/envs/env_0/Robot'.
[INFO]: Setting variant selection 'None' for variant set 'right_hand' on prim '/World/envs/env_0/Robot'.
[INFO]: Registered backend 'newton' for factory FrameView.
[INFO]: Registered backend 'newton' for factory ContactSensor.
[INFO]: Registered backend 'newton' for factory RayCaster.
[INFO]: Time taken for scene creation Last: 3.193753 s, Mean: 3.193753 s, Std: 0.000000 s, N: 1
[INFO]: Scene manager:  <class InteractiveScene>
	Number of environments: 64
	Environment spacing   : 2.5
	Source prim name      : /World/envs/env_0
	Global prim paths     : ['/World/ground']
	Replicate physics     : True
[INFO]: Dispatching MODEL_INIT callbacks
[INFO]: Finalizing model on device: cuda:0
/workspace/WBC-AGILE-NEWTON/.venv/lib/python3.12/site-packages/isaaclab_newton/physics/newton_manager.py:989: FutureWarning: Newton shape color replacement is enabled; this workaround will be deprecated in a future release.
  replace_newton_shape_colors(cls._model)
Finalize builder took: Last: 1.389911 s, Mean: 1.389911 s, Std: 0.000000 s, N: 1
[INFO]: Dispatching PHYSICS_READY callbacks
[INFO]: Simulation parameters for joints in /World/envs/env_.*/Robot:
+-------------------------------------------------------------------------------------------------------------------------------------------+
|                                     Simulation Joint Information (Prim path: /World/envs/env_.*/Robot)                                    |
+-------+----------------------------+-----------+---------+----------+-----------------+-----------------+-----------------+---------------+
| Index | Name                       | Stiffness | Damping | Armature | Static Friction | Position Limits | Velocity Limits | Effort Limits |
+-------+----------------------------+-----------+---------+----------+-----------------+-----------------+-----------------+---------------+
|   0   | left_hip_pitch_joint       |   0.000   |  0.000  |  0.020   |      0.010      | [-2.531, 2.880] |      32.000     |     88.000    |
|   1   | left_hip_roll_joint        |   0.000   |  0.000  |  0.020   |      0.010      | [-0.524, 2.967] |      32.000     |     88.000    |
|   2   | left_hip_yaw_joint         |   0.000   |  0.000  |  0.020   |      0.010      | [-2.758, 2.758] |      32.000     |     88.000    |
|   3   | left_knee_joint            |   0.000   |  0.000  |  0.020   |      0.010      | [-0.087, 2.880] |      20.000     |    139.000    |
|   4   | left_ankle_pitch_joint     |   0.000   |  0.000  |  0.020   |      0.010      | [-0.873, 0.524] |      37.000     |     50.000    |
|   5   | left_ankle_roll_joint      |   0.000   |  0.000  |  0.020   |      0.010      | [-0.262, 0.262] |      37.000     |     50.000    |
|   6   | right_hip_pitch_joint      |   0.000   |  0.000  |  0.020   |      0.010      | [-2.531, 2.880] |      32.000     |     88.000    |
|   7   | right_hip_roll_joint       |   0.000   |  0.000  |  0.020   |      0.010      | [-2.967, 0.524] |      32.000     |     88.000    |
|   8   | right_hip_yaw_joint        |   0.000   |  0.000  |  0.020   |      0.010      | [-2.758, 2.758] |      32.000     |     88.000    |
|   9   | right_knee_joint           |   0.000   |  0.000  |  0.020   |      0.010      | [-0.087, 2.880] |      20.000     |    139.000    |
|   10  | right_ankle_pitch_joint    |   0.000   |  0.000  |  0.020   |      0.010      | [-0.873, 0.524] |      37.000     |     50.000    |
|   11  | right_ankle_roll_joint     |   0.000   |  0.000  |  0.020   |      0.010      | [-0.262, 0.262] |      37.000     |     50.000    |
|   12  | waist_yaw_joint            |   0.000   |  0.000  |  0.020   |      0.010      | [-2.618, 2.618] |      32.000     |     88.000    |
|   13  | waist_roll_joint           |   0.000   |  0.000  |  0.020   |      0.010      | [-0.520, 0.520] |      37.000     |     50.000    |
|   14  | waist_pitch_joint          |   0.000   |  0.000  |  0.020   |      0.010      | [-0.520, 0.520] |      37.000     |     50.000    |
|   15  | left_shoulder_pitch_joint  |   0.000   |  0.000  |  0.020   |      0.010      | [-3.089, 2.670] |      37.000     |     25.000    |
|   16  | left_shoulder_roll_joint   |   0.000   |  0.000  |  0.020   |      0.010      | [-1.588, 2.251] |      37.000     |     25.000    |
|   17  | left_shoulder_yaw_joint    |   0.000   |  0.000  |  0.020   |      0.010      | [-2.618, 2.618] |      37.000     |     25.000    |
|   18  | left_elbow_joint           |   0.000   |  0.000  |  0.020   |      0.010      | [-1.047, 2.094] |      37.000     |     25.000    |
|   19  | left_wrist_roll_joint      |   0.000   |  0.000  |  0.020   |      0.010      | [-1.972, 1.972] |      37.000     |     25.000    |
|   20  | left_wrist_pitch_joint     |   0.000   |  0.000  |  0.020   |      0.010      | [-1.614, 1.614] |      22.000     |     5.000     |
|   21  | left_wrist_yaw_joint       |   0.000   |  0.000  |  0.020   |      0.010      | [-1.614, 1.614] |      22.000     |     5.000     |
|   22  | right_shoulder_pitch_joint |   0.000   |  0.000  |  0.020   |      0.010      | [-3.089, 2.670] |      37.000     |     25.000    |
|   23  | right_shoulder_roll_joint  |   0.000   |  0.000  |  0.020   |      0.010      | [-2.251, 1.588] |      37.000     |     25.000    |
|   24  | right_shoulder_yaw_joint   |   0.000   |  0.000  |  0.020   |      0.010      | [-2.618, 2.618] |      37.000     |     25.000    |
|   25  | right_elbow_joint          |   0.000   |  0.000  |  0.020   |      0.010      | [-1.047, 2.094] |      37.000     |     25.000    |
|   26  | right_wrist_roll_joint     |   0.000   |  0.000  |  0.020   |      0.010      | [-1.972, 1.972] |      37.000     |     25.000    |
|   27  | right_wrist_pitch_joint    |   0.000   |  0.000  |  0.020   |      0.010      | [-1.614, 1.614] |      22.000     |     5.000     |
|   28  | right_wrist_yaw_joint      |   0.000   |  0.000  |  0.020   |      0.010      | [-1.614, 1.614] |      22.000     |     5.000     |
+-------+----------------------------+-----------+---------+----------+-----------------+-----------------+-----------------+---------------+
[INFO]: Adding contact sensor for /World/envs/env_.*/Robot/.* with filter all bodies/shapes
Contact sensor construction took: Last: 0.004453 s, Mean: 0.004453 s, Std: 0.000000 s, N: 1
[INFO]: Contact sensor initialized with 30 sensors.
[INFO]: Creating buffers for contact sensor data with num_envs: 64, num_sensors: 30, num_filter_objects: 0, history_length: 3, generate_force_matrix: False, track_air_time: True, track_pose: False, device: cuda:0
[INFO]: Creating buffers for contact sensor data with num_envs: 64, num_sensors: 30, num_filter_objects: 0, history_length: 3, generate_force_matrix: False, track_air_time: True, track_pose: False, device: cuda:0
[INFO]: Read mesh prim: /World/ground/terrain/mesh with 369728 vertices and 2097240 faces.
Initialize solver took: Last: 1.947017 s, Mean: 1.947017 s, Std: 0.000000 s, N: 1
[INFO]: Newton CUDA graph captured (standard Warp mode)
CUDA graph took: Last: 0.880161 s, Mean: 0.880161 s, Std: 0.000000 s, N: 1
[INFO]: Time taken for simulation start Last: 4.405916 s, Mean: 4.405916 s, Std: 0.000000 s, N: 1
[INFO] Command Manager:  <CommandManager> contains 1 active terms.
+--------------------------------------+
|         Active Command Terms         |
+-------+--------+---------------------+
| Index | Name   |         Type        |
+-------+--------+---------------------+
|   0   | height | SmoothHeightCommand |
+-------+--------+---------------------+

[INFO] Event Manager:  <EventManager> contains 3 active terms.
+----------------------------------------+
| Active Event Terms in Mode: 'startup'  |
+--------+-------------------------------+
| Index  | Name                          |
+--------+-------------------------------+
|   0    | randomize_physics_material    |
|   1    | randomize_actuator_gains      |
|   2    | randomize_bodies_mass         |
|   3    | randomize_base_mass           |
|   4    | randomize_base_com            |
+--------+-------------------------------+
+---------------------------------------------------------------------------+
|                   Active Event Terms in Mode: 'interval'                  |
+-------+-----------------------------------------+-------------------------+
| Index | Name                                    | Interval time range (s) |
+-------+-----------------------------------------+-------------------------+
|   0   | push_robot                              |       (0.0, 10.0)       |
|   1   | apply_external_force_torque             |       (0.0, 10.0)       |
|   2   | apply_external_force_torque_extremities |       (0.0, 10.0)       |
+-------+-----------------------------------------+-------------------------+
+----------------------------------+
| Active Event Terms in Mode: 'reset' |
+------------+---------------------+
|   Index    | Name                |
+------------+---------------------+
|     0      | reset_base          |
+------------+---------------------+

[INFO] Recorder Manager:  <RecorderManager> contains 0 active terms.
+---------------------+
| Active Recorder Terms |
+-----------+---------+
|   Index   | Name    |
+-----------+---------+
+-----------+---------+

[INFO]: Resolved joint names for the action term JointPositionAction: ['left_hip_pitch_joint', 'left_hip_roll_joint', 'left_hip_yaw_joint', 'left_knee_joint', 'left_ankle_pitch_joint', 'left_ankle_roll_joint', 'right_hip_pitch_joint', 'right_hip_roll_joint', 'right_hip_yaw_joint', 'right_knee_joint', 'right_ankle_pitch_joint', 'right_ankle_roll_joint', 'waist_yaw_joint', 'waist_roll_joint', 'waist_pitch_joint', 'left_shoulder_pitch_joint', 'left_shoulder_roll_joint', 'left_shoulder_yaw_joint', 'left_elbow_joint', 'left_wrist_roll_joint', 'left_wrist_pitch_joint', 'left_wrist_yaw_joint', 'right_shoulder_pitch_joint', 'right_shoulder_roll_joint', 'right_shoulder_yaw_joint', 'right_elbow_joint', 'right_wrist_roll_joint', 'right_wrist_pitch_joint', 'right_wrist_yaw_joint'] [[0, 1, 2, 3, 4, 5, 6, 7, 8, 9, 10, 11, 12, 13, 14, 15, 16, 17, 18, 19, 20, 21, 22, 23, 24, 25, 26, 27, 28]]
[INFO] Action Manager:  <ActionManager> contains 2 active terms.
+------------------------------------+
|  Active Action Terms (shape: 29)   |
+--------+-------------+-------------+
| Index  | Name        |   Dimension |
+--------+-------------+-------------+
|   0    | joint_pos   |          29 |
|   1    | lift        |           0 |
+--------+-------------+-------------+

[INFO] Observation Manager: <ObservationManager> contains 2 groups.
+----------------------------------------------+
| Active Observation Terms in Group: 'policy'  |
+---------+------------------------+-----------+
|  Index  | Name                   |   Shape   |
+---------+------------------------+-----------+
|    0    | base_ang_vel           |   (5, 3)  |
|    1    | projected_gravity      |   (5, 3)  |
|    2    | joint_pos              |  (5, 29)  |
|    3    | joint_vel              |  (5, 29)  |
|    4    | actions                |  (5, 29)  |
|    5    | height_command         |   (5, 1)  |
+---------+------------------------+-----------+
+----------------------------------------------+
| Active Observation Terms in Group: 'critic'  |
+---------+------------------------+-----------+
|  Index  | Name                   |   Shape   |
+---------+------------------------+-----------+
|    0    | projected_gravity      |   (5, 3)  |
|    1    | base_lin_vel           |   (5, 3)  |
|    2    | base_ang_vel           |   (5, 3)  |
|    3    | joint_pos              |  (5, 29)  |
|    4    | joint_vel              |  (5, 29)  |
|    5    | actions                |  (5, 29)  |
|    6    | contact_forces         |  (5, 30)  |
|    7    | base_height            |   (5, 1)  |
|    8    | height_command         |   (5, 1)  |
+---------+------------------------+-----------+

[INFO] Termination Manager:  <TerminationManager> contains 2 active terms.
+----------------------------------+
|     Active Termination Terms     |
+-------+---------------+----------+
| Index | Name          | Time Out |
+-------+---------------+----------+
|   0   | time_out      |   True   |
|   1   | invalid_state |  False   |
+-------+---------------+----------+

[INFO] Reward Manager:  <RewardManager> contains 32 active terms.
+--------------------------------------------+
|            Active Reward Terms             |
+-------+-------------------------+----------+
| Index | Name                    |   Weight |
+-------+-------------------------+----------+
|   0   | joint_torques_l2        |   -5e-05 |
|   1   | torque_limits           |    -0.01 |
|   2   | joint_acc_l2            | -2.5e-08 |
|   3   | joint_pos_limits        |     -0.1 |
|   4   | joint_vel_limits        |    -0.01 |
|   5   | action_rate             |     -1.0 |
|   6   | action_rate_rate        |    -0.15 |
|   7   | joint_vel_l2            |   -0.001 |
|   8   | joint_tracking_error    |     -0.5 |
|   9   | base_height_rough       |      4.0 |
|   10  | base_height_medium      |      8.0 |
|   11  | base_height_fine        |     16.0 |
|   12  | relaxation              |     -1.0 |
|   13  | joint_deviation_l1      |     -0.5 |
|   14  | joint_deviation_l1_arms |     -0.5 |
|   15  | ankle_torques           |   -0.001 |
|   16  | not_moving              |     -1.0 |
|   17  | torso_upright           |     -1.0 |
|   18  | severely_tilted         |     -5.0 |
|   19  | torso_roll              |     -5.0 |
|   20  | forward_pitch           |    -10.0 |
|   21  | illegal_contacts        |     -2.0 |
|   22  | feet_distance           |     -5.0 |
|   23  | feet_distance_standing  |    -10.0 |
|   24  | ground_unloaded         |     -2.0 |
|   25  | flat_feet               |     -1.0 |
|   26  | feet_slide              |     -1.0 |
|   27  | feet_yaw_mean           |     -2.0 |
|   28  | completely_airborne     |    -50.0 |
|   29  | body_velocity           |     -0.1 |
|   30  | ground_slam             |     -1.0 |
|   31  | torso_slam              |     -5.0 |
+-------+-------------------------+----------+

[INFO] Curriculum Manager:  <CurriculumManager> contains 8 active terms.
+---------------------------------+
|     Active Curriculum Terms     |
+-------+-------------------------+
| Index | Name                    |
+-------+-------------------------+
|   0   | adaptive_lift           |
|   1   | terrain_levels          |
|   2   | polish_action_rate_rate |
|   3   | polish_ground_slam      |
|   4   | polish_torso_slam       |
|   5   | polish_not_moving       |
|   6   | polish_joint_vel_l2     |
|   7   | random_fallen_states    |
+-------+-------------------------+

/workspace/WBC-AGILE-NEWTON/.venv/lib/python3.12/site-packages/isaaclab/source/isaaclab/isaaclab/envs/mdp/events.py:742: UserWarning: In Newton, body com pose always has unit quaternion. Consider using body_com_pos_b instead.Querying this property requires appending a unit quaternion to the position which is expensive.
  self.default_com = self.asset.data.body_com_pose_b.torch.clone()
[INFO]: Completed setting up the environment...
[ld] before: limit_ke=10000 limit_kd=10 on 1856 dofs
[ld] notified JOINT_DOF_PROPERTIES
[ld] after : limit_kd=1000
broadphase overflow - please increase nconmax to 99 or naconmax to 6316
broadphase overflow - please increase nconmax to 90 or naconmax to 5756
broadphase overflow - please increase nconmax to 98 or naconmax to 6264
broadphase overflow - please increase nconmax to 110 or naconmax to 7039
broadphase overflow - please increase nconmax to 114 or naconmax to 7272
broadphase overflow - please increase nconmax to 142 or naconmax to 9088
broadphase overflow - please increase nconmax to 99 or naconmax to 6279
broadphase overflow - please increase nconmax to 138 or naconmax to 8777
broadphase overflow - please increase nconmax to 159 or naconmax to 10125
broadphase overflow - please increase nconmax to 120 or naconmax to 7631
broadphase overflow - please increase nconmax to 163 or naconmax to 10390
broadphase overflow - please increase nconmax to 170 or naconmax to 10857
broadphase overflow - please increase nconmax to 124 or naconmax to 7932
broadphase overflow - please increase nconmax to 184 or naconmax to 11722
broadphase overflow - please increase nconmax to 211 or naconmax to 13495
broadphase overflow - please increase nconmax to 133 or naconmax to 8511
broadphase overflow - please increase nconmax to 174 or naconmax to 11118
broadphase overflow - please increase nconmax to 210 or naconmax to 13409
broadphase overflow - please increase nconmax to 144 or naconmax to 9170
broadphase overflow - please increase nconmax to 201 or naconmax to 12843
broadphase overflow - please increase nconmax to 213 or naconmax to 13583
nefc overflow - please increase njmax to 346
broadphase overflow - please increase nconmax to 147 or naconmax to 9404
broadphase overflow - please increase nconmax to 201 or naconmax to 12805
broadphase overflow - please increase nconmax to 218 or naconmax to 13943
broadphase overflow - please increase nconmax to 154 or naconmax to 9810
broadphase overflow - please increase nconmax to 209 or naconmax to 13313
broadphase overflow - please increase nconmax to 225 or naconmax to 14344
broadphase overflow - please increase nconmax to 157 or naconmax to 10034
broadphase overflow - please increase nconmax to 212 or naconmax to 13550
broadphase overflow - please increase nconmax to 225 or naconmax to 14370
broadphase overflow - please increase nconmax to 147 or naconmax to 9376
broadphase overflow - please increase nconmax to 206 or naconmax to 13129
broadphase overflow - please increase nconmax to 206 or naconmax to 13136
broadphase overflow - please increase nconmax to 142 or naconmax to 9059
broadphase overflow - please increase nconmax to 193 or naconmax to 12344
broadphase overflow - please increase nconmax to 217 or naconmax to 13839
broadphase overflow - please increase nconmax to 140 or naconmax to 8960
broadphase overflow - please increase nconmax to 181 or naconmax to 11578
broadphase overflow - please increase nconmax to 203 or naconmax to 12938
broadphase overflow - please increase nconmax to 132 or naconmax to 8392
broadphase overflow - please increase nconmax to 187 or naconmax to 11924
broadphase overflow - please increase nconmax to 207 or naconmax to 13233
broadphase overflow - please increase nconmax to 134 or naconmax to 8569
broadphase overflow - please increase nconmax to 189 or naconmax to 12057
broadphase overflow - please increase nconmax to 210 or naconmax to 13422
broadphase overflow - please increase nconmax to 136 or naconmax to 8665
broadphase overflow - please increase nconmax to 184 or naconmax to 11716
broadphase overflow - please increase nconmax to 205 or naconmax to 13059
broadphase overflow - please increase nconmax to 135 or naconmax to 8616
broadphase overflow - please increase nconmax to 189 or naconmax to 12079
broadphase overflow - please increase nconmax to 203 or naconmax to 12960
broadphase overflow - please increase nconmax to 147 or naconmax to 9389
broadphase overflow - please increase nconmax to 185 or naconmax to 11788
broadphase overflow - please increase nconmax to 207 or naconmax to 13237
broadphase overflow - please increase nconmax to 134 or naconmax to 8569
broadphase overflow - please increase nconmax to 181 or naconmax to 11553
broadphase overflow - please increase nconmax to 204 or naconmax to 13041
broadphase overflow - please increase nconmax to 125 or naconmax to 7957
broadphase overflow - please increase nconmax to 175 or naconmax to 11161
broadphase overflow - please increase nconmax to 197 or naconmax to 12569
broadphase overflow - please increase nconmax to 126 or naconmax to 8055
broadphase overflow - please increase nconmax to 184 or naconmax to 11737
broadphase overflow - please increase nconmax to 196 or naconmax to 12529
broadphase overflow - please increase nconmax to 123 or naconmax to 7831
broadphase overflow - please increase nconmax to 169 or naconmax to 10809
broadphase overflow - please increase nconmax to 194 or naconmax to 12378
nefc overflow - please increase njmax to 302
broadphase overflow - please increase nconmax to 127 or naconmax to 8099
broadphase overflow - please increase nconmax to 171 or naconmax to 10921
broadphase overflow - please increase nconmax to 195 or naconmax to 12430
broadphase overflow - please increase nconmax to 124 or naconmax to 7917
broadphase overflow - please increase nconmax to 175 or naconmax to 11158
broadphase overflow - please increase nconmax to 197 or naconmax to 12547
broadphase overflow - please increase nconmax to 120 or naconmax to 7633
broadphase overflow - please increase nconmax to 173 or naconmax to 11054
broadphase overflow - please increase nconmax to 197 or naconmax to 12552
broadphase overflow - please increase nconmax to 125 or naconmax to 7948
broadphase overflow - please increase nconmax to 177 or naconmax to 11299
broadphase overflow - please increase nconmax to 195 or naconmax to 12425
broadphase overflow - please increase nconmax to 129 or naconmax to 8218
broadphase overflow - please increase nconmax to 172 or naconmax to 10974
broadphase overflow - please increase nconmax to 197 or naconmax to 12552
broadphase overflow - please increase nconmax to 131 or naconmax to 8354
broadphase overflow - please increase nconmax to 174 or naconmax to 11085
broadphase overflow - please increase nconmax to 201 or naconmax to 12837
broadphase overflow - please increase nconmax to 127 or naconmax to 8101
broadphase overflow - please increase nconmax to 178 or naconmax to 11338
broadphase overflow - please increase nconmax to 196 or naconmax to 12501
broadphase overflow - please increase nconmax to 124 or naconmax to 7908
broadphase overflow - please increase nconmax to 178 or naconmax to 11364
broadphase overflow - please increase nconmax to 202 or naconmax to 12872
broadphase overflow - please increase nconmax to 123 or naconmax to 7825
broadphase overflow - please increase nconmax to 174 or naconmax to 11074
broadphase overflow - please increase nconmax to 196 or naconmax to 12495
broadphase overflow - please increase nconmax to 119 or naconmax to 7599
broadphase overflow - please increase nconmax to 175 or naconmax to 11194
broadphase overflow - please increase nconmax to 195 or naconmax to 12449
broadphase overflow - please increase nconmax to 130 or naconmax to 8302
broadphase overflow - please increase nconmax to 179 or naconmax to 11402
broadphase overflow - please increase nconmax to 201 or naconmax to 12863
broadphase overflow - please increase nconmax to 123 or naconmax to 7826
broadphase overflow - please increase nconmax to 176 or naconmax to 11250
broadphase overflow - please increase nconmax to 190 or naconmax to 12108
broadphase overflow - please increase nconmax to 124 or naconmax to 7887
broadphase overflow - please increase nconmax to 175 or naconmax to 11172
broadphase overflow - please increase nconmax to 192 or naconmax to 12259
broadphase overflow - please increase nconmax to 119 or naconmax to 7612
broadphase overflow - please increase nconmax to 177 or naconmax to 11325
broadphase overflow - please increase nconmax to 195 or naconmax to 12449
broadphase overflow - please increase nconmax to 125 or naconmax to 7971
broadphase overflow - please increase nconmax to 175 or naconmax to 11147
broadphase overflow - please increase nconmax to 201 or naconmax to 12807
broadphase overflow - please increase nconmax to 125 or naconmax to 7969
broadphase overflow - please increase nconmax to 176 or naconmax to 11262
broadphase overflow - please increase nconmax to 192 or naconmax to 12247
broadphase overflow - please increase nconmax to 121 or naconmax to 7706
broadphase overflow - please increase nconmax to 179 or naconmax to 11425
broadphase overflow - please increase nconmax to 198 or naconmax to 12641
broadphase overflow - please increase nconmax to 115 or naconmax to 7348
broadphase overflow - please increase nconmax to 172 or naconmax to 10945
broadphase overflow - please increase nconmax to 196 or naconmax to 12511
broadphase overflow - please increase nconmax to 123 or naconmax to 7853
broadphase overflow - please increase nconmax to 177 or naconmax to 11272
broadphase overflow - please increase nconmax to 193 or naconmax to 12346
broadphase overflow - please increase nconmax to 124 or naconmax to 7892
broadphase overflow - please increase nconmax to 174 or naconmax to 11080
broadphase overflow - please increase nconmax to 196 or naconmax to 12486
broadphase overflow - please increase nconmax to 120 or naconmax to 7639
broadphase overflow - please increase nconmax to 177 or naconmax to 11279
broadphase overflow - please increase nconmax to 197 or naconmax to 12563
broadphase overflow - please increase nconmax to 124 or naconmax to 7921
broadphase overflow - please increase nconmax to 176 or naconmax to 11246
broadphase overflow - please increase nconmax to 196 or naconmax to 12536
broadphase overflow - please increase nconmax to 127 or naconmax to 8108
broadphase overflow - please increase nconmax to 174 or naconmax to 11133
broadphase overflow - please increase nconmax to 199 or naconmax to 12675
broadphase overflow - please increase nconmax to 116 or naconmax to 7410
broadphase overflow - please increase nconmax to 172 or naconmax to 10992
broadphase overflow - please increase nconmax to 193 or naconmax to 12296
broadphase overflow - please increase nconmax to 123 or naconmax to 7845
broadphase overflow - please increase nconmax to 181 or naconmax to 11529
broadphase overflow - please increase nconmax to 193 or naconmax to 12342
broadphase overflow - please increase nconmax to 120 or naconmax to 7626
broadphase overflow - please increase nconmax to 172 or naconmax to 10966
broadphase overflow - please increase nconmax to 194 or naconmax to 12379
broadphase overflow - please increase nconmax to 130 or naconmax to 8276
broadphase overflow - please increase nconmax to 178 or naconmax to 11381
broadphase overflow - please increase nconmax to 208 or naconmax to 13301
broadphase overflow - please increase nconmax to 127 or naconmax to 8078
broadphase overflow - please increase nconmax to 166 or naconmax to 10623
broadphase overflow - please increase nconmax to 201 or naconmax to 12845
broadphase overflow - please increase nconmax to 119 or naconmax to 7603
broadphase overflow - please increase nconmax to 175 or naconmax to 11186
broadphase overflow - please increase nconmax to 196 or naconmax to 12507
broadphase overflow - please increase nconmax to 128 or naconmax to 8189
broadphase overflow - please increase nconmax to 171 or naconmax to 10907
broadphase overflow - please increase nconmax to 195 or naconmax to 12442
broadphase overflow - please increase nconmax to 122 or naconmax to 7779
broadphase overflow - please increase nconmax to 173 or naconmax to 11069
broadphase overflow - please increase nconmax to 199 or naconmax to 12728
broadphase overflow - please increase nconmax to 120 or naconmax to 7653
broadphase overflow - please increase nconmax to 175 or naconmax to 11174
broadphase overflow - please increase nconmax to 197 or naconmax to 12572
broadphase overflow - please increase nconmax to 127 or naconmax to 8096
broadphase overflow - please increase nconmax to 172 or naconmax to 10982
broadphase overflow - please increase nconmax to 195 or naconmax to 12473
broadphase overflow - please increase nconmax to 122 or naconmax to 7748
broadphase overflow - please increase nconmax to 175 or naconmax to 11137
broadphase overflow - please increase nconmax to 202 or naconmax to 12890
broadphase overflow - please increase nconmax to 120 or naconmax to 7659
broadphase overflow - please increase nconmax to 174 or naconmax to 11116
broadphase overflow - please increase nconmax to 199 or naconmax to 12678
broadphase overflow - please increase nconmax to 126 or naconmax to 8024
broadphase overflow - please increase nconmax to 186 or naconmax to 11846
broadphase overflow - please increase nconmax to 198 or naconmax to 12669
broadphase overflow - please increase nconmax to 126 or naconmax to 8027
broadphase overflow - please increase nconmax to 174 or naconmax to 11111
broadphase overflow - please increase nconmax to 201 or naconmax to 12860
broadphase overflow - please increase nconmax to 124 or naconmax to 7908
broadphase overflow - please increase nconmax to 178 or naconmax to 11350
broadphase overflow - please increase nconmax to 198 or naconmax to 12636
broadphase overflow - please increase nconmax to 123 or naconmax to 7864
broadphase overflow - please increase nconmax to 171 or naconmax to 10936
broadphase overflow - please increase nconmax to 194 or naconmax to 12370
broadphase overflow - please increase nconmax to 131 or naconmax to 8334
broadphase overflow - please increase nconmax to 174 or naconmax to 11121
broadphase overflow - please increase nconmax to 199 or naconmax to 12724
broadphase overflow - please increase nconmax to 125 or naconmax to 7999
broadphase overflow - please increase nconmax to 181 or naconmax to 11565
broadphase overflow - please increase nconmax to 199 or naconmax to 12714
broadphase overflow - please increase nconmax to 120 or naconmax to 7669
broadphase overflow - please increase nconmax to 172 or naconmax to 10972
broadphase overflow - please increase nconmax to 200 or naconmax to 12742
broadphase overflow - please increase nconmax to 127 or naconmax to 8112
broadphase overflow - please increase nconmax to 180 or naconmax to 11461
broadphase overflow - please increase nconmax to 191 or naconmax to 12196
broadphase overflow - please increase nconmax to 125 or naconmax to 7943
broadphase overflow - please increase nconmax to 177 or naconmax to 11284
broadphase overflow - please increase nconmax to 200 or naconmax to 12793
broadphase overflow - please increase nconmax to 113 or naconmax to 7218
broadphase overflow - please increase nconmax to 178 or naconmax to 11374
broadphase overflow - please increase nconmax to 198 or naconmax to 12653
broadphase overflow - please increase nconmax to 118 or naconmax to 7532
broadphase overflow - please increase nconmax to 179 or naconmax to 11442
broadphase overflow - please increase nconmax to 199 or naconmax to 12687
nefc overflow - please increase njmax to 318
broadphase overflow - please increase nconmax to 126 or naconmax to 8046
broadphase overflow - please increase nconmax to 175 or naconmax to 11142
broadphase overflow - please increase nconmax to 196 or naconmax to 12520
broadphase overflow - please increase nconmax to 126 or naconmax to 8044
broadphase overflow - please increase nconmax to 178 or naconmax to 11329
broadphase overflow - please increase nconmax to 197 or naconmax to 12570
broadphase overflow - please increase nconmax to 120 or naconmax to 7617
broadphase overflow - please increase nconmax to 172 or naconmax to 10977
broadphase overflow - please increase nconmax to 193 or naconmax to 12345
broadphase overflow - please increase nconmax to 124 or naconmax to 7897
broadphase overflow - please increase nconmax to 179 or naconmax to 11447
broadphase overflow - please increase nconmax to 192 or naconmax to 12259
broadphase overflow - please increase nconmax to 120 or naconmax to 7656
broadphase overflow - please increase nconmax to 172 or naconmax to 10972
broadphase overflow - please increase nconmax to 195 or naconmax to 12446
broadphase overflow - please increase nconmax to 131 or naconmax to 8325
broadphase overflow - please increase nconmax to 182 or naconmax to 11633
broadphase overflow - please increase nconmax to 196 or naconmax to 12530
broadphase overflow - please increase nconmax to 124 or naconmax to 7917
broadphase overflow - please increase nconmax to 176 or naconmax to 11209
broadphase overflow - please increase nconmax to 208 or naconmax to 13310
broadphase overflow - please increase nconmax to 118 or naconmax to 7515
broadphase overflow - please increase nconmax to 170 or naconmax to 10876
broadphase overflow - please increase nconmax to 195 or naconmax to 12463
broadphase overflow - please increase nconmax to 119 or naconmax to 7575
broadphase overflow - please increase nconmax to 182 or naconmax to 11587
broadphase overflow - please increase nconmax to 192 or naconmax to 12272
broadphase overflow - please increase nconmax to 123 or naconmax to 7810
broadphase overflow - please increase nconmax to 182 or naconmax to 11642
broadphase overflow - please increase nconmax to 198 or naconmax to 12671
broadphase overflow - please increase nconmax to 129 or naconmax to 8221
broadphase overflow - please increase nconmax to 177 or naconmax to 11307
broadphase overflow - please increase nconmax to 199 or naconmax to 12701
broadphase overflow - please increase nconmax to 130 or naconmax to 8275
broadphase overflow - please increase nconmax to 174 or naconmax to 11096
broadphase overflow - please increase nconmax to 199 or naconmax to 12692
broadphase overflow - please increase nconmax to 118 or naconmax to 7531
broadphase overflow - please increase nconmax to 178 or naconmax to 11357
broadphase overflow - please increase nconmax to 191 or naconmax to 12215
broadphase overflow - please increase nconmax to 126 or naconmax to 8016
broadphase overflow - please increase nconmax to 173 or naconmax to 11025
broadphase overflow - please increase nconmax to 196 or naconmax to 12544
broadphase overflow - please increase nconmax to 121 or naconmax to 7721
broadphase overflow - please increase nconmax to 180 or naconmax to 11495
broadphase overflow - please increase nconmax to 200 or naconmax to 12753
broadphase overflow - please increase nconmax to 118 or naconmax to 7515
broadphase overflow - please increase nconmax to 177 or naconmax to 11296
broadphase overflow - please increase nconmax to 199 or naconmax to 12679
broadphase overflow - please increase nconmax to 125 or naconmax to 7979
broadphase overflow - please increase nconmax to 178 or naconmax to 11359
broadphase overflow - please increase nconmax to 193 or naconmax to 12339
broadphase overflow - please increase nconmax to 119 or naconmax to 7613
broadphase overflow - please increase nconmax to 178 or naconmax to 11345
broadphase overflow - please increase nconmax to 198 or naconmax to 12626
broadphase overflow - please increase nconmax to 121 or naconmax to 7682
broadphase overflow - please increase nconmax to 183 or naconmax to 11674
broadphase overflow - please increase nconmax to 198 or naconmax to 12618
nefc overflow - please increase njmax to 306
broadphase overflow - please increase nconmax to 120 or naconmax to 7645
broadphase overflow - please increase nconmax to 172 or naconmax to 10961
broadphase overflow - please increase nconmax to 196 or naconmax to 12518
broadphase overflow - please increase nconmax to 130 or naconmax to 8282
broadphase overflow - please increase nconmax to 171 or naconmax to 10914
broadphase overflow - please increase nconmax to 194 or naconmax to 12364
broadphase overflow - please increase nconmax to 121 or naconmax to 7720
broadphase overflow - please increase nconmax to 186 or naconmax to 11854
broadphase overflow - please increase nconmax to 200 or naconmax to 12763
broadphase overflow - please increase nconmax to 122 or naconmax to 7794
broadphase overflow - please increase nconmax to 175 or naconmax to 11188
broadphase overflow - please increase nconmax to 201 or naconmax to 12801
broadphase overflow - please increase nconmax to 124 or naconmax to 7878
broadphase overflow - please increase nconmax to 178 or naconmax to 11332
broadphase overflow - please increase nconmax to 197 or naconmax to 12594
broadphase overflow - please increase nconmax to 118 or naconmax to 7507
broadphase overflow - please increase nconmax to 172 or naconmax to 10949
broadphase overflow - please increase nconmax to 198 or naconmax to 12644
broadphase overflow - please increase nconmax to 123 or naconmax to 7832
broadphase overflow - please increase nconmax to 177 or naconmax to 11311
broadphase overflow - please increase nconmax to 208 or naconmax to 13256
broadphase overflow - please increase nconmax to 119 or naconmax to 7573
broadphase overflow - please increase nconmax to 172 or naconmax to 10959
broadphase overflow - please increase nconmax to 201 or naconmax to 12801
broadphase overflow - please increase nconmax to 124 or naconmax to 7902
broadphase overflow - please increase nconmax to 176 or naconmax to 11235
broadphase overflow - please increase nconmax to 200 or naconmax to 12770
broadphase overflow - please increase nconmax to 109 or naconmax to 6918
broadphase overflow - please increase nconmax to 179 or naconmax to 11404
broadphase overflow - please increase nconmax to 202 or naconmax to 12885
broadphase overflow - please increase nconmax to 114 or naconmax to 7271
broadphase overflow - please increase nconmax to 171 or naconmax to 10916
broadphase overflow - please increase nconmax to 197 or naconmax to 12583
broadphase overflow - please increase nconmax to 118 or naconmax to 7538
broadphase overflow - please increase nconmax to 182 or naconmax to 11606
broadphase overflow - please increase nconmax to 202 or naconmax to 12903
broadphase overflow - please increase nconmax to 128 or naconmax to 8153
broadphase overflow - please increase nconmax to 180 or naconmax to 11481
broadphase overflow - please increase nconmax to 203 or naconmax to 12931
broadphase overflow - please increase nconmax to 126 or naconmax to 8051
broadphase overflow - please increase nconmax to 171 or naconmax to 10910
broadphase overflow - please increase nconmax to 204 or naconmax to 13032
broadphase overflow - please increase nconmax to 117 or naconmax to 7439
broadphase overflow - please increase nconmax to 171 or naconmax to 10924
broadphase overflow - please increase nconmax to 197 or naconmax to 12569
broadphase overflow - please increase nconmax to 133 or naconmax to 8465
broadphase overflow - please increase nconmax to 178 or naconmax to 11373
broadphase overflow - please increase nconmax to 197 or naconmax to 12589
broadphase overflow - please increase nconmax to 133 or naconmax to 8506
broadphase overflow - please increase nconmax to 169 or naconmax to 10810
broadphase overflow - please increase nconmax to 192 or naconmax to 12247
broadphase overflow - please increase nconmax to 120 or naconmax to 7647
broadphase overflow - please increase nconmax to 178 or naconmax to 11376
broadphase overflow - please increase nconmax to 196 or naconmax to 12536
broadphase overflow - please increase nconmax to 115 or naconmax to 7345
broadphase overflow - please increase nconmax to 178 or naconmax to 11380
broadphase overflow - please increase nconmax to 193 or naconmax to 12294
broadphase overflow - please increase nconmax to 127 or naconmax to 8089
broadphase overflow - please increase nconmax to 182 or naconmax to 11625
broadphase overflow - please increase nconmax to 199 or naconmax to 12719
broadphase overflow - please increase nconmax to 127 or naconmax to 8094
broadphase overflow - please increase nconmax to 180 or naconmax to 11476
broadphase overflow - please increase nconmax to 195 or naconmax to 12454
broadphase overflow - please increase nconmax to 119 or naconmax to 7585
broadphase overflow - please increase nconmax to 180 or naconmax to 11509
broadphase overflow - please increase nconmax to 200 or naconmax to 12751
broadphase overflow - please increase nconmax to 126 or naconmax to 8020
broadphase overflow - please increase nconmax to 176 or naconmax to 11224
broadphase overflow - please increase nconmax to 190 or naconmax to 12154
broadphase overflow - please increase nconmax to 132 or naconmax to 8440
broadphase overflow - please increase nconmax to 175 or naconmax to 11143
broadphase overflow - please increase nconmax to 198 or naconmax to 12609
broadphase overflow - please increase nconmax to 133 or naconmax to 8472
broadphase overflow - please increase nconmax to 172 or naconmax to 10948
broadphase overflow - please increase nconmax to 195 or naconmax to 12466
broadphase overflow - please increase nconmax to 134 or naconmax to 8559
broadphase overflow - please increase nconmax to 181 or naconmax to 11578
broadphase overflow - please increase nconmax to 202 or naconmax to 12903
nefc overflow - please increase njmax to 302
broadphase overflow - please increase nconmax to 122 or naconmax to 7774
broadphase overflow - please increase nconmax to 182 or naconmax to 11620
broadphase overflow - please increase nconmax to 195 or naconmax to 12436
broadphase overflow - please increase nconmax to 120 or naconmax to 7630
broadphase overflow - please increase nconmax to 174 or naconmax to 11102
broadphase overflow - please increase nconmax to 197 or naconmax to 12552
broadphase overflow - please increase nconmax to 116 or naconmax to 7377
broadphase overflow - please increase nconmax to 175 or naconmax to 11161
broadphase overflow - please increase nconmax to 193 or naconmax to 12290
broadphase overflow - please increase nconmax to 122 or naconmax to 7768
broadphase overflow - please increase nconmax to 180 or naconmax to 11511
broadphase overflow - please increase nconmax to 200 or naconmax to 12758
broadphase overflow - please increase nconmax to 121 or naconmax to 7697
broadphase overflow - please increase nconmax to 179 or naconmax to 11448
broadphase overflow - please increase nconmax to 200 or naconmax to 12759
broadphase overflow - please increase nconmax to 119 or naconmax to 7615
broadphase overflow - please increase nconmax to 177 or naconmax to 11267
broadphase overflow - please increase nconmax to 194 or naconmax to 12401
broadphase overflow - please increase nconmax to 118 or naconmax to 7525
broadphase overflow - please increase nconmax to 175 or naconmax to 11188
broadphase overflow - please increase nconmax to 194 or naconmax to 12414
broadphase overflow - please increase nconmax to 126 or naconmax to 8004
broadphase overflow - please increase nconmax to 169 or naconmax to 10816
broadphase overflow - please increase nconmax to 196 or naconmax to 12493
broadphase overflow - please increase nconmax to 120 or naconmax to 7672
broadphase overflow - please increase nconmax to 173 or naconmax to 11013
broadphase overflow - please increase nconmax to 193 or naconmax to 12297
broadphase overflow - please increase nconmax to 132 or naconmax to 8430
broadphase overflow - please increase nconmax to 170 or naconmax to 10837
broadphase overflow - please increase nconmax to 192 or naconmax to 12262
broadphase overflow - please increase nconmax to 127 or naconmax to 8116
broadphase overflow - please increase nconmax to 174 or naconmax to 11131
broadphase overflow - please increase nconmax to 198 or naconmax to 12649
broadphase overflow - please increase nconmax to 122 or naconmax to 7801
broadphase overflow - please increase nconmax to 181 or naconmax to 11578
broadphase overflow - please increase nconmax to 195 or naconmax to 12433
broadphase overflow - please increase nconmax to 120 or naconmax to 7672
broadphase overflow - please increase nconmax to 184 or naconmax to 11774
broadphase overflow - please increase nconmax to 193 or naconmax to 12339
broadphase overflow - please increase nconmax to 124 or naconmax to 7880
broadphase overflow - please increase nconmax to 174 or naconmax to 11132
broadphase overflow - please increase nconmax to 197 or naconmax to 12571
broadphase overflow - please increase nconmax to 128 or naconmax to 8154
broadphase overflow - please increase nconmax to 174 or naconmax to 11112
broadphase overflow - please increase nconmax to 194 or naconmax to 12403
broadphase overflow - please increase nconmax to 133 or naconmax to 8457
broadphase overflow - please increase nconmax to 172 or naconmax to 10977
broadphase overflow - please increase nconmax to 194 or naconmax to 12398
broadphase overflow - please increase nconmax to 133 or naconmax to 8471
broadphase overflow - please increase nconmax to 169 or naconmax to 10809
broadphase overflow - please increase nconmax to 197 or naconmax to 12593
broadphase overflow - please increase nconmax to 124 or naconmax to 7907
broadphase overflow - please increase nconmax to 171 or naconmax to 10928
broadphase overflow - please increase nconmax to 198 or naconmax to 12645
broadphase overflow - please increase nconmax to 125 or naconmax to 7969
broadphase overflow - please increase nconmax to 176 or naconmax to 11225
broadphase overflow - please increase nconmax to 193 or naconmax to 12330
broadphase overflow - please increase nconmax to 121 or naconmax to 7689
broadphase overflow - please increase nconmax to 176 or naconmax to 11223
broadphase overflow - please increase nconmax to 194 or naconmax to 12364
broadphase overflow - please increase nconmax to 117 or naconmax to 7462
broadphase overflow - please increase nconmax to 178 or naconmax to 11350
broadphase overflow - please increase nconmax to 202 or naconmax to 12888
broadphase overflow - please increase nconmax to 123 or naconmax to 7819
broadphase overflow - please increase nconmax to 178 or naconmax to 11372
broadphase overflow - please increase nconmax to 196 or naconmax to 12540
broadphase overflow - please increase nconmax to 123 or naconmax to 7853
broadphase overflow - please increase nconmax to 179 or naconmax to 11404
broadphase overflow - please increase nconmax to 192 or naconmax to 12242
broadphase overflow - please increase nconmax to 123 or naconmax to 7872
broadphase overflow - please increase nconmax to 171 or naconmax to 10941
broadphase overflow - please increase nconmax to 196 or naconmax to 12487
broadphase overflow - please increase nconmax to 120 or naconmax to 7652
broadphase overflow - please increase nconmax to 174 or naconmax to 11080
broadphase overflow - please increase nconmax to 198 or naconmax to 12659
nefc overflow - please increase njmax to 322
broadphase overflow - please increase nconmax to 126 or naconmax to 8040
broadphase overflow - please increase nconmax to 179 or naconmax to 11450
broadphase overflow - please increase nconmax to 198 or naconmax to 12645
broadphase overflow - please increase nconmax to 122 or naconmax to 7795
broadphase overflow - please increase nconmax to 178 or naconmax to 11374
broadphase overflow - please increase nconmax to 192 or naconmax to 12263
broadphase overflow - please increase nconmax to 124 or naconmax to 7931
broadphase overflow - please increase nconmax to 181 or naconmax to 11563
broadphase overflow - please increase nconmax to 193 or naconmax to 12290
broadphase overflow - please increase nconmax to 131 or naconmax to 8362
broadphase overflow - please increase nconmax to 179 or naconmax to 11419
broadphase overflow - please increase nconmax to 192 or naconmax to 12279
nefc overflow - please increase njmax to 318
broadphase overflow - please increase nconmax to 131 or naconmax to 8350
broadphase overflow - please increase nconmax to 180 or naconmax to 11481
broadphase overflow - please increase nconmax to 201 or naconmax to 12819
[ld] ===== newton limp collapse, limit_kd=1000 =====  z0=0.909
[ld] z(t): 0.12s:0.88  0.42s:0.902  0.82s:0.909  1.62s:0.909  3.0s:0.909
[ld] final z = 0.909   (PhysX limp final: 0.279; Newton default kd=10: 0.625)
[INFO]: SimulationContext cleared
