The '--headless' CLI argument is deprecated. Omit '--viz' for default headless. If config visualizers are enabled and you want to force headless, use '--viz none'.
Loading user config located at: '/workspace/WBC-AGILE-NEWTON/.venv/lib/python3.12/site-packages/isaacsim/kit/data/Kit/IsaacLab/3.0/user.config.json'
2026-09-02T06:29:01Z [0ms] [Warning] [omni.ext.plugin] [ext: isaaclab_visualizers] Extensions config 'extension.toml' doesn't exist '/workspace/WBC-AGILE-NEWTON/.venv/lib/python3.12/site-packages/isaaclab/source/isaaclab_visualizers' or '/workspace/WBC-AGILE-NEWTON/.venv/lib/python3.12/site-packages/isaaclab/source/isaaclab_visualizers/config'
WARNING: All log messages before absl::InitializeLog() is called are written to STDERR
E0000 00:00:1788330541.971853  439470 descriptor_database.cc:633] File already exists in database: grpc/health/v1/health.proto
W0000 00:00:1788330541.972161  439470 message.cc:301] Protobuf GeneratedMessageFactory: File is already registered: grpc/health/v1/health.proto
2026-09-02T06:29:02Z [558ms] [Warning] [omni.platforminfo.plugin] failed to open the default display.  Can't verify X Server version.
2026-09-02T06:29:02Z [558ms] [Warning] [omni.usd_config.extension] Enable omni.materialx.libs extension to use MaterialX
2026-09-02T06:29:02Z [699ms] [Error] [omni.ext.plugin] Could not load the dynamic library from /workspace/WBC-AGILE-NEWTON/.venv/lib/python3.12/site-packages/isaacsim/extscache/omni.usd.libs-1.0.3+6312fa25.lx64.r.cp312/bin/libMaterialXRenderHw.so. Error: libXt.so.6: cannot open shared object file: No such file or directory (note that this may be caused by a dependent library)
2026-09-02T06:29:02Z [700ms] [Error] [omni.ext.plugin] Could not load the dynamic library from /workspace/WBC-AGILE-NEWTON/.venv/lib/python3.12/site-packages/isaacsim/extscache/omni.usd.libs-1.0.3+6312fa25.lx64.r.cp312/bin/libMaterialXRenderGlsl.so. Error: libXt.so.6: cannot open shared object file: No such file or directory (note that this may be caused by a dependent library)
2026-09-02T06:29:02Z [702ms] [Error] [omni.ext.plugin] Could not load the dynamic library from /workspace/WBC-AGILE-NEWTON/.venv/lib/python3.12/site-packages/isaacsim/extscache/omni.usd.libs-1.0.3+6312fa25.lx64.r.cp312/bin/libusd_usdBakeMtlx.so. Error: libXt.so.6: cannot open shared object file: No such file or directory (note that this may be caused by a dependent library)
2026-09-02T06:29:03Z [1,661ms] [Warning] [isaacsim.core.simulation_manager.plugin] USD stage is not available; stage-opened subscription is deferred
2026-09-02T06:29:03Z [1,661ms] [Warning] [isaacsim.core.simulation_manager.plugin] USD stage is not available; stage-opened subscription is deferred
[ISAACLAB] AppLauncher initialization complete
[INFO]: Parsing configuration from: agile.rl_env.tasks.stand_up.g1.height_tracking_env_cfg:G1HeightTrackingEnvCfg
[INFO]: Parsing configuration from: agile.rl_env.tasks.stand_up.g1.agents.rsl_rl_ppo_cfg:G1HeightTrackingPpoRunnerCfg
[INFO] Logging experiment in directory: /workspace/WBC-AGILE-NEWTON/logs/rsl_rl/height_tracking_g1
Exact experiment name requested from command line: 2026-09-02_06-29-13
[INFO]: Base environment:
	Environment device    : cuda:0
	Environment seed      : 42
	Physics step-size     : 0.005
	Rendering step-size   : 0.02
	Environment step-size : 0.02
[INFO] Generating terrains based on curriculum took Last: 0.231010 s
[INFO]: Registered backend 'newton' for factory Articulation.
[INFO]: Setting variant selection 'PhysX' for variant set 'Physics' on prim '/World/envs/env_0/Robot'.
[INFO]: Setting variant selection 'None' for variant set 'left_hand' on prim '/World/envs/env_0/Robot'.
[INFO]: Setting variant selection 'None' for variant set 'right_hand' on prim '/World/envs/env_0/Robot'.
[INFO]: Registered backend 'newton' for factory FrameView.
[INFO]: Registered backend 'newton' for factory ContactSensor.
[INFO]: Registered backend 'newton' for factory RayCaster.
[INFO]: Time taken for scene creation Last: 4.258335 s, Mean: 4.258335 s, Std: 0.000000 s, N: 1
[INFO]: Scene manager:  <class InteractiveScene>
	Number of environments: 512
	Environment spacing   : 2.5
	Source prim name      : /World/envs/env_0
	Global prim paths     : ['/World/ground']
	Replicate physics     : True
[INFO]: Dispatching MODEL_INIT callbacks
[INFO]: Finalizing model on device: cuda:0
/workspace/WBC-AGILE-NEWTON/.venv/lib/python3.12/site-packages/isaaclab_newton/physics/newton_manager.py:989: FutureWarning: Newton shape color replacement is enabled; this workaround will be deprecated in a future release.
  replace_newton_shape_colors(cls._model)
Finalize builder took: Last: 2.635190 s, Mean: 2.635190 s, Std: 0.000000 s, N: 1
[INFO]: Dispatching PHYSICS_READY callbacks
[INFO]: Simulation parameters for joints in /World/envs/env_.*/Robot:
+-------------------------------------------------------------------------------------------------------------------------------------------+
|                                     Simulation Joint Information (Prim path: /World/envs/env_.*/Robot)                                    |
+-------+----------------------------+-----------+---------+----------+-----------------+-----------------+-----------------+---------------+
| Index | Name                       | Stiffness | Damping | Armature | Static Friction | Position Limits | Velocity Limits | Effort Limits |
+-------+----------------------------+-----------+---------+----------+-----------------+-----------------+-----------------+---------------+
|   0   | left_hip_pitch_joint       |   0.000   |  0.000  |  0.020   |      0.010      | [-2.531, 2.880] |      32.000     |     88.000    |
|   1   | left_hip_roll_joint        |   0.000   |  0.000  |  0.020   |      0.010      | [-0.524, 2.967] |      32.000     |     88.000    |
|   2   | left_hip_yaw_joint         |   0.000   |  0.000  |  0.020   |      0.010      | [-2.758, 2.758] |      32.000     |     88.000    |
|   3   | left_knee_joint            |   0.000   |  0.000  |  0.020   |      0.010      | [-0.087, 2.880] |      20.000     |    139.000    |
|   4   | left_ankle_pitch_joint     |   0.000   |  0.000  |  0.020   |      0.010      | [-0.873, 0.524] |      37.000     |     50.000    |
|   5   | left_ankle_roll_joint      |   0.000   |  0.000  |  0.020   |      0.010      | [-0.262, 0.262] |      37.000     |     50.000    |
|   6   | right_hip_pitch_joint      |   0.000   |  0.000  |  0.020   |      0.010      | [-2.531, 2.880] |      32.000     |     88.000    |
|   7   | right_hip_roll_joint       |   0.000   |  0.000  |  0.020   |      0.010      | [-2.967, 0.524] |      32.000     |     88.000    |
|   8   | right_hip_yaw_joint        |   0.000   |  0.000  |  0.020   |      0.010      | [-2.758, 2.758] |      32.000     |     88.000    |
|   9   | right_knee_joint           |   0.000   |  0.000  |  0.020   |      0.010      | [-0.087, 2.880] |      20.000     |    139.000    |
|   10  | right_ankle_pitch_joint    |   0.000   |  0.000  |  0.020   |      0.010      | [-0.873, 0.524] |      37.000     |     50.000    |
|   11  | right_ankle_roll_joint     |   0.000   |  0.000  |  0.020   |      0.010      | [-0.262, 0.262] |      37.000     |     50.000    |
|   12  | waist_yaw_joint            |   0.000   |  0.000  |  0.020   |      0.010      | [-2.618, 2.618] |      32.000     |     88.000    |
|   13  | waist_roll_joint           |   0.000   |  0.000  |  0.020   |      0.010      | [-0.520, 0.520] |      37.000     |     50.000    |
|   14  | waist_pitch_joint          |   0.000   |  0.000  |  0.020   |      0.010      | [-0.520, 0.520] |      37.000     |     50.000    |
|   15  | left_shoulder_pitch_joint  |   0.000   |  0.000  |  0.020   |      0.010      | [-3.089, 2.670] |      37.000     |     25.000    |
|   16  | left_shoulder_roll_joint   |   0.000   |  0.000  |  0.020   |      0.010      | [-1.588, 2.251] |      37.000     |     25.000    |
|   17  | left_shoulder_yaw_joint    |   0.000   |  0.000  |  0.020   |      0.010      | [-2.618, 2.618] |      37.000     |     25.000    |
|   18  | left_elbow_joint           |   0.000   |  0.000  |  0.020   |      0.010      | [-1.047, 2.094] |      37.000     |     25.000    |
|   19  | left_wrist_roll_joint      |   0.000   |  0.000  |  0.020   |      0.010      | [-1.972, 1.972] |      37.000     |     25.000    |
|   20  | left_wrist_pitch_joint     |   0.000   |  0.000  |  0.020   |      0.010      | [-1.614, 1.614] |      22.000     |     5.000     |
|   21  | left_wrist_yaw_joint       |   0.000   |  0.000  |  0.020   |      0.010      | [-1.614, 1.614] |      22.000     |     5.000     |
|   22  | right_shoulder_pitch_joint |   0.000   |  0.000  |  0.020   |      0.010      | [-3.089, 2.670] |      37.000     |     25.000    |
|   23  | right_shoulder_roll_joint  |   0.000   |  0.000  |  0.020   |      0.010      | [-2.251, 1.588] |      37.000     |     25.000    |
|   24  | right_shoulder_yaw_joint   |   0.000   |  0.000  |  0.020   |      0.010      | [-2.618, 2.618] |      37.000     |     25.000    |
|   25  | right_elbow_joint          |   0.000   |  0.000  |  0.020   |      0.010      | [-1.047, 2.094] |      37.000     |     25.000    |
|   26  | right_wrist_roll_joint     |   0.000   |  0.000  |  0.020   |      0.010      | [-1.972, 1.972] |      37.000     |     25.000    |
|   27  | right_wrist_pitch_joint    |   0.000   |  0.000  |  0.020   |      0.010      | [-1.614, 1.614] |      22.000     |     5.000     |
|   28  | right_wrist_yaw_joint      |   0.000   |  0.000  |  0.020   |      0.010      | [-1.614, 1.614] |      22.000     |     5.000     |
+-------+----------------------------+-----------+---------+----------+-----------------+-----------------+-----------------+---------------+
[INFO]: Adding contact sensor for /World/envs/env_.*/Robot/.* with filter all bodies/shapes
Contact sensor construction took: Last: 0.018185 s, Mean: 0.018185 s, Std: 0.000000 s, N: 1
[INFO]: Contact sensor initialized with 30 sensors.
[INFO]: Creating buffers for contact sensor data with num_envs: 512, num_sensors: 30, num_filter_objects: 0, history_length: 3, generate_force_matrix: False, track_air_time: True, track_pose: False, device: cuda:0
[INFO]: Creating buffers for contact sensor data with num_envs: 512, num_sensors: 30, num_filter_objects: 0, history_length: 3, generate_force_matrix: False, track_air_time: True, track_pose: False, device: cuda:0
[INFO]: Read mesh prim: /World/ground/terrain/mesh with 369728 vertices and 2097240 faces.
Initialize solver took: Last: 1.778680 s, Mean: 1.778680 s, Std: 0.000000 s, N: 1
[INFO]: Newton CUDA graph captured (standard Warp mode)
CUDA graph took: Last: 66.758773 s, Mean: 66.758773 s, Std: 0.000000 s, N: 1
[INFO]: Time taken for simulation start Last: 71.405234 s, Mean: 71.405234 s, Std: 0.000000 s, N: 1
[INFO] Command Manager:  <CommandManager> contains 1 active terms.
+--------------------------------------+
|         Active Command Terms         |
+-------+--------+---------------------+
| Index | Name   |         Type        |
+-------+--------+---------------------+
|   0   | height | SmoothHeightCommand |
+-------+--------+---------------------+

[INFO] Event Manager:  <EventManager> contains 3 active terms.
+----------------------------------------+
| Active Event Terms in Mode: 'startup'  |
+--------+-------------------------------+
| Index  | Name                          |
+--------+-------------------------------+
|   0    | randomize_physics_material    |
|   1    | randomize_actuator_gains      |
|   2    | randomize_bodies_mass         |
|   3    | randomize_base_mass           |
|   4    | randomize_base_com            |
+--------+-------------------------------+
+---------------------------------------------------------------------------+
|                   Active Event Terms in Mode: 'interval'                  |
+-------+-----------------------------------------+-------------------------+
| Index | Name                                    | Interval time range (s) |
+-------+-----------------------------------------+-------------------------+
|   0   | push_robot                              |       (0.0, 10.0)       |
|   1   | apply_external_force_torque             |       (0.0, 10.0)       |
|   2   | apply_external_force_torque_extremities |       (0.0, 10.0)       |
+-------+-----------------------------------------+-------------------------+
+----------------------------------+
| Active Event Terms in Mode: 'reset' |
+------------+---------------------+
|   Index    | Name                |
+------------+---------------------+
|     0      | reset_base          |
+------------+---------------------+

[INFO] Recorder Manager:  <RecorderManager> contains 0 active terms.
+---------------------+
| Active Recorder Terms |
+-----------+---------+
|   Index   | Name    |
+-----------+---------+
+-----------+---------+

[INFO]: Resolved joint names for the action term JointPositionAction: ['left_hip_pitch_joint', 'left_hip_roll_joint', 'left_hip_yaw_joint', 'left_knee_joint', 'left_ankle_pitch_joint', 'left_ankle_roll_joint', 'right_hip_pitch_joint', 'right_hip_roll_joint', 'right_hip_yaw_joint', 'right_knee_joint', 'right_ankle_pitch_joint', 'right_ankle_roll_joint', 'waist_yaw_joint', 'waist_roll_joint', 'waist_pitch_joint', 'left_shoulder_pitch_joint', 'left_shoulder_roll_joint', 'left_shoulder_yaw_joint', 'left_elbow_joint', 'left_wrist_roll_joint', 'left_wrist_pitch_joint', 'left_wrist_yaw_joint', 'right_shoulder_pitch_joint', 'right_shoulder_roll_joint', 'right_shoulder_yaw_joint', 'right_elbow_joint', 'right_wrist_roll_joint', 'right_wrist_pitch_joint', 'right_wrist_yaw_joint'] [[0, 1, 2, 3, 4, 5, 6, 7, 8, 9, 10, 11, 12, 13, 14, 15, 16, 17, 18, 19, 20, 21, 22, 23, 24, 25, 26, 27, 28]]
[INFO] Action Manager:  <ActionManager> contains 2 active terms.
+------------------------------------+
|  Active Action Terms (shape: 29)   |
+--------+-------------+-------------+
| Index  | Name        |   Dimension |
+--------+-------------+-------------+
|   0    | joint_pos   |          29 |
|   1    | lift        |           0 |
+--------+-------------+-------------+

[INFO] Observation Manager: <ObservationManager> contains 2 groups.
+----------------------------------------------+
| Active Observation Terms in Group: 'policy'  |
+---------+------------------------+-----------+
|  Index  | Name                   |   Shape   |
+---------+------------------------+-----------+
|    0    | base_ang_vel           |   (5, 3)  |
|    1    | projected_gravity      |   (5, 3)  |
|    2    | joint_pos              |  (5, 29)  |
|    3    | joint_vel              |  (5, 29)  |
|    4    | actions                |  (5, 29)  |
|    5    | height_command         |   (5, 1)  |
+---------+------------------------+-----------+
+----------------------------------------------+
| Active Observation Terms in Group: 'critic'  |
+---------+------------------------+-----------+
|  Index  | Name                   |   Shape   |
+---------+------------------------+-----------+
|    0    | projected_gravity      |   (5, 3)  |
|    1    | base_lin_vel           |   (5, 3)  |
|    2    | base_ang_vel           |   (5, 3)  |
|    3    | joint_pos              |  (5, 29)  |
|    4    | joint_vel              |  (5, 29)  |
|    5    | actions                |  (5, 29)  |
|    6    | contact_forces         |  (5, 30)  |
|    7    | base_height            |   (5, 1)  |
|    8    | height_command         |   (5, 1)  |
+---------+------------------------+-----------+

[INFO] Termination Manager:  <TerminationManager> contains 2 active terms.
+----------------------------------+
|     Active Termination Terms     |
+-------+---------------+----------+
| Index | Name          | Time Out |
+-------+---------------+----------+
|   0   | time_out      |   True   |
|   1   | invalid_state |  False   |
+-------+---------------+----------+

[INFO] Reward Manager:  <RewardManager> contains 32 active terms.
+--------------------------------------------+
|            Active Reward Terms             |
+-------+-------------------------+----------+
| Index | Name                    |   Weight |
+-------+-------------------------+----------+
|   0   | joint_torques_l2        |   -5e-05 |
|   1   | torque_limits           |    -0.01 |
|   2   | joint_acc_l2            | -2.5e-08 |
|   3   | joint_pos_limits        |     -0.1 |
|   4   | joint_vel_limits        |    -0.01 |
|   5   | action_rate             |     -1.0 |
|   6   | action_rate_rate        |    -0.15 |
|   7   | joint_vel_l2            |   -0.001 |
|   8   | joint_tracking_error    |     -0.5 |
|   9   | base_height_rough       |      4.0 |
|   10  | base_height_medium      |      8.0 |
|   11  | base_height_fine        |     16.0 |
|   12  | relaxation              |     -1.0 |
|   13  | joint_deviation_l1      |     -0.5 |
|   14  | joint_deviation_l1_arms |     -0.5 |
|   15  | ankle_torques           |   -0.001 |
|   16  | not_moving              |     -1.0 |
|   17  | torso_upright           |     -1.0 |
|   18  | severely_tilted         |     -5.0 |
|   19  | torso_roll              |     -5.0 |
|   20  | forward_pitch           |    -10.0 |
|   21  | illegal_contacts        |     -2.0 |
|   22  | feet_distance           |     -5.0 |
|   23  | feet_distance_standing  |    -10.0 |
|   24  | ground_unloaded         |     -2.0 |
|   25  | flat_feet               |     -1.0 |
|   26  | feet_slide              |     -1.0 |
|   27  | feet_yaw_mean           |     -2.0 |
|   28  | completely_airborne     |    -50.0 |
|   29  | body_velocity           |     -0.1 |
|   30  | ground_slam             |     -1.0 |
|   31  | torso_slam              |     -5.0 |
+-------+-------------------------+----------+

[INFO] Curriculum Manager:  <CurriculumManager> contains 8 active terms.
+---------------------------------+
|     Active Curriculum Terms     |
+-------+-------------------------+
| Index | Name                    |
+-------+-------------------------+
|   0   | adaptive_lift           |
|   1   | terrain_levels          |
|   2   | polish_action_rate_rate |
|   3   | polish_ground_slam      |
|   4   | polish_torso_slam       |
|   5   | polish_not_moving       |
|   6   | polish_joint_vel_l2     |
|   7   | random_fallen_states    |
+-------+-------------------------+

/workspace/WBC-AGILE-NEWTON/.venv/lib/python3.12/site-packages/isaaclab/source/isaaclab/isaaclab/envs/mdp/events.py:742: UserWarning: In Newton, body com pose always has unit quaternion. Consider using body_com_pos_b instead.Querying this property requires appending a unit quaternion to the position which is expensive.
  self.default_com = self.asset.data.body_com_pose_b.torch.clone()
[INFO]: Completed setting up the environment...
/workspace/WBC-AGILE-NEWTON/.venv/lib/python3.12/site-packages/rsl_rl/utils/utils.py:220: UserWarning: The observation configuration dictionary 'obs_groups' is empty and thus likely not configured. Consider configuring the 'obs_groups' dictionary explicitly
  warnings.warn(
/workspace/WBC-AGILE-NEWTON/.venv/lib/python3.12/site-packages/rsl_rl/utils/utils.py:251: UserWarning: The observation configuration dictionary 'obs_groups' does not contain the 'actor' key. As an observation group with the name 'policy' was found, this is assumed to be the appropriate observation. Consider adding the 'actor' key to the 'obs_groups' dictionary for clarity. This behavior will be removed in a future version.
  warnings.warn(
/workspace/WBC-AGILE-NEWTON/.venv/lib/python3.12/site-packages/rsl_rl/utils/utils.py:243: UserWarning: The observation configuration dictionary 'obs_groups' does not contain the 'critic' key. As an observation group with the name 'critic' was found, this is assumed to be the appropriate observation. Consider adding the 'critic' key to the 'obs_groups' dictionary for clarity. This behavior will be removed in a future version.
  warnings.warn(
--------------------------------------------------------------------------------
Resolved observation sets: 
	 actor :  ['policy']
	 critic :  ['critic']
--------------------------------------------------------------------------------
Actor Model: MLPModel(
  (obs_normalizer): Identity()
  (distribution): GaussianDistribution()
  (mlp): MLP(
    (0): Linear(in_features=470, out_features=256, bias=True)
    (1): ELU(alpha=1.0)
    (2): Linear(in_features=256, out_features=256, bias=True)
    (3): ELU(alpha=1.0)
    (4): Linear(in_features=256, out_features=128, bias=True)
    (5): ELU(alpha=1.0)
    (6): Linear(in_features=128, out_features=29, bias=True)
  )
)
Critic Model: MLPModel(
  (obs_normalizer): Identity()
  (mlp): MLP(
    (0): Linear(in_features=640, out_features=512, bias=True)
    (1): ELU(alpha=1.0)
    (2): Linear(in_features=512, out_features=256, bias=True)
    (3): ELU(alpha=1.0)
    (4): Linear(in_features=256, out_features=128, bias=True)
    (5): ELU(alpha=1.0)
    (6): Linear(in_features=128, out_features=1, bias=True)
  )
)
Storing git diff for 'WBC-AGILE-NEWTON' in: /workspace/WBC-AGILE-NEWTON/logs/rsl_rl/height_tracking_g1/2026-09-02_06-29-13_height_tracking_g1/git/WBC-AGILE-NEWTON.diff
################################################################################
[1m                             Learning iteration 0/3                             [0m 

                               Run name: height_tracking_g1
                            Total steps: 12288 
                       Steps per second: 6128 
                        Collection time: 1.789s 
                          Learning time: 0.216s 
                        Mean value loss: 6.2844
                    Mean surrogate loss: 0.0160
                      Mean entropy loss: 41.1264
                     Mean symmetry loss: 0.0049
                   Mean l2c2_actor loss: 0.0017
                  Mean l2c2_critic loss: 0.0140
                            Mean reward: -49.11
                    Mean episode length: 15.29
                        Mean action std: 1.00
                    Entropy coefficient: 0.002500
         Episode_Reward/severely_tilted: -0.0031
           Episode_Reward/forward_pitch: -0.0024
          Curriculum/polish_ground_slam: -1.0000
           Episode_Reward/feet_distance: -0.0009
      Episode_Reward/joint_deviation_l1: -0.0330
  Episode_Reward/feet_distance_standing: -0.0019
           Episode_Termination/time_out: 0.0103
               Episode_Reward/flat_feet: -0.0173
           Episode_Reward/ankle_torques: -0.0063
         Episode_Reward/ground_unloaded: -0.0078
              Episode_Reward/feet_slide: -0.0143
      Episode_Termination/invalid_state: 0.0002
            Episode_Reward/joint_vel_l2: -0.0356
              Episode_Reward/relaxation: -0.2212
              Episode_Reward/not_moving: -0.0104
           Episode_Reward/body_velocity: -0.3284
         Curriculum/polish_joint_vel_l2: -0.0010
       Episode_Reward/base_height_rough: 0.0191
 Episode_Reward/joint_deviation_l1_arms: -0.0145
            Metrics/height/height_error: 0.0000
        Episode_Reward/action_rate_rate: -0.3614
           Episode_Reward/torso_upright: 0.0000
    Episode_Reward/joint_tracking_error: -0.0699
             Episode_Reward/action_rate: -0.8505
     Episode_Reward/completely_airborne: -0.1463
        Curriculum/random_fallen_states: 0.0000
        Episode_Reward/base_height_fine: 0.0270
        Episode_Reward/joint_vel_limits: -0.0001
              Episode_Reward/torso_slam: -0.0600
        Episode_Reward/joint_pos_limits: -0.0002
           Episode_Reward/torque_limits: -0.0222
     Curriculum/polish_action_rate_rate: -0.1500
             Episode_Reward/ground_slam: -0.0841
               Curriculum/adaptive_lift: 1.0000
           Curriculum/polish_not_moving: -1.0000
           Episode_Reward/feet_yaw_mean: -0.0046
        Episode_Reward/illegal_contacts: -0.0008
            Episode_Reward/joint_acc_l2: -0.0048
              Curriculum/terrain_levels: 0.0000
      Episode_Reward/base_height_medium: 0.0217
              Episode_Reward/torso_roll: -0.0217
        Episode_Reward/joint_torques_l2: -0.0172
           Curriculum/polish_torso_slam: -5.0000
--------------------------------------------------------------------------------
                         Iteration time: 2.01s
                           Time elapsed: 0:00:02
                                    ETA: 0:00:04

################################################################################
[1m                             Learning iteration 1/3                             [0m 

                               Run name: height_tracking_g1
                            Total steps: 24576 
                       Steps per second: 10624 
                        Collection time: 1.034s 
                          Learning time: 0.123s 
                        Mean value loss: 9.5968
                    Mean surrogate loss: 0.0123
                      Mean entropy loss: 41.1065
                     Mean symmetry loss: 0.0046
                   Mean l2c2_actor loss: 0.0018
                  Mean l2c2_critic loss: 0.0242
                            Mean reward: -60.56
                    Mean episode length: 18.93
                        Mean action std: 1.00
                    Entropy coefficient: 0.002500
         Episode_Reward/severely_tilted: -0.0026
           Episode_Reward/forward_pitch: -0.0139
          Curriculum/polish_ground_slam: -1.0000
           Episode_Reward/feet_distance: -0.0047
      Episode_Reward/joint_deviation_l1: -0.0472
  Episode_Reward/feet_distance_standing: -0.0084
           Episode_Termination/time_out: 0.0361
               Episode_Reward/flat_feet: -0.0350
           Episode_Reward/ankle_torques: -0.0110
         Episode_Reward/ground_unloaded: -0.0197
              Episode_Reward/feet_slide: -0.0272
      Episode_Termination/invalid_state: 0.0071
            Episode_Reward/joint_vel_l2: -0.0776
              Episode_Reward/relaxation: -0.2510
              Episode_Reward/not_moving: -0.0972
           Episode_Reward/body_velocity: -0.8181
         Curriculum/polish_joint_vel_l2: -0.0010
       Episode_Reward/base_height_rough: 0.0562
 Episode_Reward/joint_deviation_l1_arms: -0.0244
            Metrics/height/height_error: 0.0000
        Episode_Reward/action_rate_rate: -0.5501
           Episode_Reward/torso_upright: 0.0000
    Episode_Reward/joint_tracking_error: -0.1287
             Episode_Reward/action_rate: -1.2600
     Episode_Reward/completely_airborne: -0.1394
        Curriculum/random_fallen_states: 0.0000
        Episode_Reward/base_height_fine: 0.1214
        Episode_Reward/joint_vel_limits: -0.0002
              Episode_Reward/torso_slam: -0.2346
        Episode_Reward/joint_pos_limits: -0.0005
           Episode_Reward/torque_limits: -0.0433
     Curriculum/polish_action_rate_rate: -0.1500
             Episode_Reward/ground_slam: -0.1673
               Curriculum/adaptive_lift: 1.0000
           Curriculum/polish_not_moving: -1.0000
           Episode_Reward/feet_yaw_mean: -0.0154
        Episode_Reward/illegal_contacts: -0.0051
            Episode_Reward/joint_acc_l2: -0.0112
              Curriculum/terrain_levels: 0.0000
      Episode_Reward/base_height_medium: 0.0803
              Episode_Reward/torso_roll: -0.0513
        Episode_Reward/joint_torques_l2: -0.0342
           Curriculum/polish_torso_slam: -5.0000
--------------------------------------------------------------------------------
                         Iteration time: 1.16s
                           Time elapsed: 0:00:03
                                    ETA: 0:00:01

################################################################################
[1m                             Learning iteration 2/3                             [0m 

                               Run name: height_tracking_g1
                            Total steps: 36864 
                       Steps per second: 13275 
                        Collection time: 0.810s 
                          Learning time: 0.116s 
                        Mean value loss: 9.4571
                    Mean surrogate loss: -0.0082
                      Mean entropy loss: 41.0655
                     Mean symmetry loss: 0.0029
                   Mean l2c2_actor loss: 0.0019
                  Mean l2c2_critic loss: 0.0492
                            Mean reward: -112.89
                    Mean episode length: 31.11
                        Mean action std: 1.00
                    Entropy coefficient: 0.002500
         Episode_Reward/severely_tilted: -0.0145
           Episode_Reward/forward_pitch: -0.0663
          Curriculum/polish_ground_slam: -1.0000
           Episode_Reward/feet_distance: -0.0376
      Episode_Reward/joint_deviation_l1: -0.1296
  Episode_Reward/feet_distance_standing: -0.0546
           Episode_Termination/time_out: 0.0675
               Episode_Reward/flat_feet: -0.1175
           Episode_Reward/ankle_torques: -0.0264
         Episode_Reward/ground_unloaded: -0.0448
              Episode_Reward/feet_slide: -0.0795
      Episode_Termination/invalid_state: 0.0207
            Episode_Reward/joint_vel_l2: -0.1710
              Episode_Reward/relaxation: -0.6668
              Episode_Reward/not_moving: -0.2091
           Episode_Reward/body_velocity: -2.1267
         Curriculum/polish_joint_vel_l2: -0.0010
       Episode_Reward/base_height_rough: 0.1111
 Episode_Reward/joint_deviation_l1_arms: -0.0726
            Metrics/height/height_error: 0.0000
        Episode_Reward/action_rate_rate: -1.5022
           Episode_Reward/torso_upright: -0.0013
    Episode_Reward/joint_tracking_error: -0.3341
             Episode_Reward/action_rate: -3.3673
     Episode_Reward/completely_airborne: -0.4273
        Curriculum/random_fallen_states: 0.0000
        Episode_Reward/base_height_fine: 0.2151
        Episode_Reward/joint_vel_limits: -0.0004
              Episode_Reward/torso_slam: -1.0849
        Episode_Reward/joint_pos_limits: -0.0011
           Episode_Reward/torque_limits: -0.1110
     Curriculum/polish_action_rate_rate: -0.1500
             Episode_Reward/ground_slam: -0.5577
               Curriculum/adaptive_lift: 0.9999
           Curriculum/polish_not_moving: -1.0000
           Episode_Reward/feet_yaw_mean: -0.1160
        Episode_Reward/illegal_contacts: -0.0116
            Episode_Reward/joint_acc_l2: -0.0237
              Curriculum/terrain_levels: 0.0000
      Episode_Reward/base_height_medium: 0.1525
              Episode_Reward/torso_roll: -0.1298
        Episode_Reward/joint_torques_l2: -0.0821
           Curriculum/polish_torso_slam: -5.0000
--------------------------------------------------------------------------------
                         Iteration time: 0.93s
                           Time elapsed: 0:00:04
                                    ETA: 0:00:00

[INFO]: SimulationContext cleared
