The '--headless' CLI argument is deprecated. Omit '--viz' for default headless. If config visualizers are enabled and you want to force headless, use '--viz none'.
Loading user config located at: '/workspace/WBC-AGILE-NEWTON/.venv/lib/python3.12/site-packages/isaacsim/kit/data/Kit/IsaacLab/3.0/user.config.json'
2026-09-02T17:37:29Z [0ms] [Warning] [omni.ext.plugin] [ext: isaaclab_visualizers] Extensions config 'extension.toml' doesn't exist '/workspace/WBC-AGILE-NEWTON/.venv/lib/python3.12/site-packages/isaaclab/source/isaaclab_visualizers' or '/workspace/WBC-AGILE-NEWTON/.venv/lib/python3.12/site-packages/isaaclab/source/isaaclab_visualizers/config'
WARNING: All log messages before absl::InitializeLog() is called are written to STDERR
E0000 00:00:1788370649.218972   72872 descriptor_database.cc:633] File already exists in database: grpc/health/v1/health.proto
W0000 00:00:1788370649.219003   72872 message.cc:301] Protobuf GeneratedMessageFactory: File is already registered: grpc/health/v1/health.proto
2026-09-02T17:37:29Z [374ms] [Warning] [omni.usd_config.extension] Enable omni.materialx.libs extension to use MaterialX
2026-09-02T17:37:29Z [404ms] [Warning] [omni.platforminfo.plugin] failed to open the default display.  Can't verify X Server version.
2026-09-02T17:37:29Z [420ms] [Error] [omni.ext.plugin] Could not load the dynamic library from /workspace/WBC-AGILE-NEWTON/.venv/lib/python3.12/site-packages/isaacsim/extscache/omni.usd.libs-1.0.3+6312fa25.lx64.r.cp312/bin/libMaterialXRenderHw.so. Error: libXt.so.6: cannot open shared object file: No such file or directory (note that this may be caused by a dependent library)
2026-09-02T17:37:29Z [420ms] [Error] [omni.ext.plugin] Could not load the dynamic library from /workspace/WBC-AGILE-NEWTON/.venv/lib/python3.12/site-packages/isaacsim/extscache/omni.usd.libs-1.0.3+6312fa25.lx64.r.cp312/bin/libMaterialXRenderGlsl.so. Error: libXt.so.6: cannot open shared object file: No such file or directory (note that this may be caused by a dependent library)
2026-09-02T17:37:29Z [421ms] [Error] [omni.ext.plugin] Could not load the dynamic library from /workspace/WBC-AGILE-NEWTON/.venv/lib/python3.12/site-packages/isaacsim/extscache/omni.usd.libs-1.0.3+6312fa25.lx64.r.cp312/bin/libusd_usdBakeMtlx.so. Error: libXt.so.6: cannot open shared object file: No such file or directory (note that this may be caused by a dependent library)
2026-09-02T17:37:30Z [1,005ms] [Warning] [isaacsim.core.simulation_manager.plugin] USD stage is not available; stage-opened subscription is deferred
2026-09-02T17:37:30Z [1,005ms] [Warning] [isaacsim.core.simulation_manager.plugin] USD stage is not available; stage-opened subscription is deferred
[ISAACLAB] AppLauncher initialization complete
[watchdog] armed on RslRlVecEnvWrapper.step
[INFO]: Parsing configuration from: agile.rl_env.tasks.stand_up.g1.height_tracking_env_cfg:G1HeightTrackingEnvCfg
[INFO]: Parsing configuration from: agile.rl_env.tasks.stand_up.g1.agents.rsl_rl_ppo_cfg:G1HeightTrackingPpoRunnerCfg
[INFO] Logging experiment in directory: /workspace/WBC-AGILE-NEWTON/logs/rsl_rl/height_tracking_g1
Exact experiment name requested from command line: 2026-09-02_17-37-37
[INFO]: Base environment:
	Environment device    : cuda:0
	Environment seed      : 42
	Physics step-size     : 0.005
	Rendering step-size   : 0.02
	Environment step-size : 0.02
2026-09-02T17:37:37Z [8,632ms] [Warning] [isaaclab.terrains.terrain_importer] Visual material specified for ground plane but no diffuse color found. Using default color: (0.0, 0.0, 0.0)
[INFO]: Registered backend 'newton' for factory Articulation.
[INFO]: Setting variant selection 'PhysX' for variant set 'Physics' on prim '/World/envs/env_0/Robot'.
[INFO]: Setting variant selection 'None' for variant set 'left_hand' on prim '/World/envs/env_0/Robot'.
[INFO]: Setting variant selection 'None' for variant set 'right_hand' on prim '/World/envs/env_0/Robot'.
[INFO]: Registered backend 'newton' for factory FrameView.
[INFO]: Registered backend 'newton' for factory ContactSensor.
[INFO]: Registered backend 'newton' for factory RayCaster.
[INFO]: Time taken for scene creation Last: 15.790981 s, Mean: 15.790981 s, Std: 0.000000 s, N: 1
[INFO]: Scene manager:  <class InteractiveScene>
	Number of environments: 4096
	Environment spacing   : 2.5
	Source prim name      : /World/envs/env_0
	Global prim paths     : ['/World/ground']
	Replicate physics     : True
[INFO]: Dispatching MODEL_INIT callbacks
[INFO]: Finalizing model on device: cuda:0
/workspace/WBC-AGILE-NEWTON/.venv/lib/python3.12/site-packages/isaaclab_newton/physics/newton_manager.py:989: FutureWarning: Newton shape color replacement is enabled; this workaround will be deprecated in a future release.
  replace_newton_shape_colors(cls._model)
Finalize builder took: Last: 9.252799 s, Mean: 9.252799 s, Std: 0.000000 s, N: 1
[INFO]: Dispatching PHYSICS_READY callbacks
[INFO]: Simulation parameters for joints in /World/envs/env_.*/Robot:
+-------------------------------------------------------------------------------------------------------------------------------------------+
|                                     Simulation Joint Information (Prim path: /World/envs/env_.*/Robot)                                    |
+-------+----------------------------+-----------+---------+----------+-----------------+-----------------+-----------------+---------------+
| Index | Name                       | Stiffness | Damping | Armature | Static Friction | Position Limits | Velocity Limits | Effort Limits |
+-------+----------------------------+-----------+---------+----------+-----------------+-----------------+-----------------+---------------+
|   0   | left_hip_pitch_joint       |  100.000  |  2.500  |  0.020   |      0.010      | [-2.531, 2.880] |      32.000     |     88.000    |
|   1   | left_hip_roll_joint        |  100.000  |  2.500  |  0.020   |      0.010      | [-0.524, 2.967] |      32.000     |     88.000    |
|   2   | left_hip_yaw_joint         |  100.000  |  2.500  |  0.020   |      0.010      | [-2.758, 2.758] |      32.000     |     88.000    |
|   3   | left_knee_joint            |  100.000  |  2.500  |  0.020   |      0.010      | [-0.087, 2.880] |      20.000     |    139.000    |
|   4   | left_ankle_pitch_joint     |   20.000  |  1.000  |  0.020   |      0.010      | [-0.873, 0.524] |      37.000     |     50.000    |
|   5   | left_ankle_roll_joint      |   20.000  |  1.000  |  0.020   |      0.010      | [-0.262, 0.262] |      37.000     |     50.000    |
|   6   | right_hip_pitch_joint      |  100.000  |  2.500  |  0.020   |      0.010      | [-2.531, 2.880] |      32.000     |     88.000    |
|   7   | right_hip_roll_joint       |  100.000  |  2.500  |  0.020   |      0.010      | [-2.967, 0.524] |      32.000     |     88.000    |
|   8   | right_hip_yaw_joint        |  100.000  |  2.500  |  0.020   |      0.010      | [-2.758, 2.758] |      32.000     |     88.000    |
|   9   | right_knee_joint           |  100.000  |  2.500  |  0.020   |      0.010      | [-0.087, 2.880] |      20.000     |    139.000    |
|   10  | right_ankle_pitch_joint    |   20.000  |  1.000  |  0.020   |      0.010      | [-0.873, 0.524] |      37.000     |     50.000    |
|   11  | right_ankle_roll_joint     |   20.000  |  1.000  |  0.020   |      0.010      | [-0.262, 0.262] |      37.000     |     50.000    |
|   12  | waist_yaw_joint            |  100.000  |  2.500  |  0.020   |      0.010      | [-2.618, 2.618] |      32.000     |     88.000    |
|   13  | waist_roll_joint           |  100.000  |  2.500  |  0.020   |      0.010      | [-0.520, 0.520] |      37.000     |     50.000    |
|   14  | waist_pitch_joint          |  100.000  |  2.500  |  0.020   |      0.010      | [-0.520, 0.520] |      37.000     |     50.000    |
|   15  | left_shoulder_pitch_joint  |   20.000  |  0.500  |  0.020   |      0.010      | [-3.089, 2.670] |      37.000     |     25.000    |
|   16  | left_shoulder_roll_joint   |   20.000  |  0.500  |  0.020   |      0.010      | [-1.588, 2.251] |      37.000     |     25.000    |
|   17  | left_shoulder_yaw_joint    |   20.000  |  0.500  |  0.020   |      0.010      | [-2.618, 2.618] |      37.000     |     25.000    |
|   18  | left_elbow_joint           |   20.000  |  0.500  |  0.020   |      0.010      | [-1.047, 2.094] |      37.000     |     25.000    |
|   19  | left_wrist_roll_joint      |   20.000  |  0.200  |  0.020   |      0.010      | [-1.972, 1.972] |      37.000     |     25.000    |
|   20  | left_wrist_pitch_joint     |   20.000  |  0.200  |  0.020   |      0.010      | [-1.614, 1.614] |      22.000     |     5.000     |
|   21  | left_wrist_yaw_joint       |   20.000  |  0.200  |  0.020   |      0.010      | [-1.614, 1.614] |      22.000     |     5.000     |
|   22  | right_shoulder_pitch_joint |   20.000  |  0.500  |  0.020   |      0.010      | [-3.089, 2.670] |      37.000     |     25.000    |
|   23  | right_shoulder_roll_joint  |   20.000  |  0.500  |  0.020   |      0.010      | [-2.251, 1.588] |      37.000     |     25.000    |
|   24  | right_shoulder_yaw_joint   |   20.000  |  0.500  |  0.020   |      0.010      | [-2.618, 2.618] |      37.000     |     25.000    |
|   25  | right_elbow_joint          |   20.000  |  0.500  |  0.020   |      0.010      | [-1.047, 2.094] |      37.000     |     25.000    |
|   26  | right_wrist_roll_joint     |   20.000  |  0.200  |  0.020   |      0.010      | [-1.972, 1.972] |      37.000     |     25.000    |
|   27  | right_wrist_pitch_joint    |   20.000  |  0.200  |  0.020   |      0.010      | [-1.614, 1.614] |      22.000     |     5.000     |
|   28  | right_wrist_yaw_joint      |   20.000  |  0.200  |  0.020   |      0.010      | [-1.614, 1.614] |      22.000     |     5.000     |
+-------+----------------------------+-----------+---------+----------+-----------------+-----------------+-----------------+---------------+
[INFO]: Adding contact sensor for /World/envs/env_.*/Robot/.* with filter all bodies/shapes
Contact sensor construction took: Last: 0.121094 s, Mean: 0.121094 s, Std: 0.000000 s, N: 1
[INFO]: Contact sensor initialized with 30 sensors.
[INFO]: Creating buffers for contact sensor data with num_envs: 4096, num_sensors: 30, num_filter_objects: 0, history_length: 3, generate_force_matrix: False, track_air_time: True, track_pose: False, device: cuda:0
[INFO]: Creating buffers for contact sensor data with num_envs: 4096, num_sensors: 30, num_filter_objects: 0, history_length: 3, generate_force_matrix: False, track_air_time: True, track_pose: False, device: cuda:0
[INFO]: Created infinite plane mesh prim: /World/ground/terrain/GroundPlane/CollisionPlane.
Initialize solver took: Last: 1.933064 s, Mean: 1.933064 s, Std: 0.000000 s, N: 1
[INFO]: Newton CUDA graph captured (standard Warp mode)
CUDA graph took: Last: 1.079146 s, Mean: 1.079146 s, Std: 0.000000 s, N: 1
[newton] DC-motor torque-speed envelope active on 118784/143360 DOFs (4096 worlds x 30 joints) via jnt_actfrcrange + generator braking via dof_damping, velocity-limit band gain 50
[newton] joint-limit solref set to (0.02, 1) on 118784 joints; explicit limit spring disabled
[INFO]: Time taken for simulation start Last: 13.285277 s, Mean: 13.285277 s, Std: 0.000000 s, N: 1
[INFO] Command Manager:  <CommandManager> contains 1 active terms.
+--------------------------------------+
|         Active Command Terms         |
+-------+--------+---------------------+
| Index | Name   |         Type        |
+-------+--------+---------------------+
|   0   | height | SmoothHeightCommand |
+-------+--------+---------------------+

[INFO] Event Manager:  <EventManager> contains 3 active terms.
+----------------------------------------+
| Active Event Terms in Mode: 'startup'  |
+--------+-------------------------------+
| Index  | Name                          |
+--------+-------------------------------+
|   0    | randomize_physics_material    |
|   1    | randomize_actuator_gains      |
|   2    | randomize_bodies_mass         |
|   3    | randomize_base_mass           |
|   4    | randomize_base_com            |
+--------+-------------------------------+
+---------------------------------------------------------------------------+
|                   Active Event Terms in Mode: 'interval'                  |
+-------+-----------------------------------------+-------------------------+
| Index | Name                                    | Interval time range (s) |
+-------+-----------------------------------------+-------------------------+
|   0   | push_robot                              |       (0.0, 10.0)       |
|   1   | apply_external_force_torque             |       (0.0, 10.0)       |
|   2   | apply_external_force_torque_extremities |       (0.0, 10.0)       |
+-------+-----------------------------------------+-------------------------+
+----------------------------------+
| Active Event Terms in Mode: 'reset' |
+------------+---------------------+
|   Index    | Name                |
+------------+---------------------+
|     0      | reset_base          |
+------------+---------------------+

[INFO] Recorder Manager:  <RecorderManager> contains 0 active terms.
+---------------------+
| Active Recorder Terms |
+-----------+---------+
|   Index   | Name    |
+-----------+---------+
+-----------+---------+

[INFO]: Resolved joint names for the action term JointPositionAction: ['left_hip_pitch_joint', 'left_hip_roll_joint', 'left_hip_yaw_joint', 'left_knee_joint', 'left_ankle_pitch_joint', 'left_ankle_roll_joint', 'right_hip_pitch_joint', 'right_hip_roll_joint', 'right_hip_yaw_joint', 'right_knee_joint', 'right_ankle_pitch_joint', 'right_ankle_roll_joint', 'waist_yaw_joint', 'waist_roll_joint', 'waist_pitch_joint', 'left_shoulder_pitch_joint', 'left_shoulder_roll_joint', 'left_shoulder_yaw_joint', 'left_elbow_joint', 'left_wrist_roll_joint', 'left_wrist_pitch_joint', 'left_wrist_yaw_joint', 'right_shoulder_pitch_joint', 'right_shoulder_roll_joint', 'right_shoulder_yaw_joint', 'right_elbow_joint', 'right_wrist_roll_joint', 'right_wrist_pitch_joint', 'right_wrist_yaw_joint'] [[0, 1, 2, 3, 4, 5, 6, 7, 8, 9, 10, 11, 12, 13, 14, 15, 16, 17, 18, 19, 20, 21, 22, 23, 24, 25, 26, 27, 28]]
[INFO] Action Manager:  <ActionManager> contains 2 active terms.
+------------------------------------+
|  Active Action Terms (shape: 29)   |
+--------+-------------+-------------+
| Index  | Name        |   Dimension |
+--------+-------------+-------------+
|   0    | joint_pos   |          29 |
|   1    | lift        |           0 |
+--------+-------------+-------------+

[INFO] Observation Manager: <ObservationManager> contains 2 groups.
+----------------------------------------------+
| Active Observation Terms in Group: 'policy'  |
+---------+------------------------+-----------+
|  Index  | Name                   |   Shape   |
+---------+------------------------+-----------+
|    0    | base_ang_vel           |   (5, 3)  |
|    1    | projected_gravity      |   (5, 3)  |
|    2    | joint_pos              |  (5, 29)  |
|    3    | joint_vel              |  (5, 29)  |
|    4    | actions                |  (5, 29)  |
|    5    | height_command         |   (5, 1)  |
+---------+------------------------+-----------+
+----------------------------------------------+
| Active Observation Terms in Group: 'critic'  |
+---------+------------------------+-----------+
|  Index  | Name                   |   Shape   |
+---------+------------------------+-----------+
|    0    | projected_gravity      |   (5, 3)  |
|    1    | base_lin_vel           |   (5, 3)  |
|    2    | base_ang_vel           |   (5, 3)  |
|    3    | joint_pos              |  (5, 29)  |
|    4    | joint_vel              |  (5, 29)  |
|    5    | actions                |  (5, 29)  |
|    6    | contact_forces         |  (5, 30)  |
|    7    | base_height            |   (5, 1)  |
|    8    | height_command         |   (5, 1)  |
+---------+------------------------+-----------+

[INFO] Termination Manager:  <TerminationManager> contains 2 active terms.
+----------------------------------+
|     Active Termination Terms     |
+-------+---------------+----------+
| Index | Name          | Time Out |
+-------+---------------+----------+
|   0   | time_out      |   True   |
|   1   | invalid_state |  False   |
+-------+---------------+----------+

[INFO] Reward Manager:  <RewardManager> contains 32 active terms.
+--------------------------------------------+
|            Active Reward Terms             |
+-------+-------------------------+----------+
| Index | Name                    |   Weight |
+-------+-------------------------+----------+
|   0   | joint_torques_l2        |   -5e-05 |
|   1   | torque_limits           |    -0.01 |
|   2   | joint_acc_l2            | -2.5e-08 |
|   3   | joint_pos_limits        |     -0.1 |
|   4   | joint_vel_limits        |    -0.01 |
|   5   | action_rate             |     -1.0 |
|   6   | action_rate_rate        |    -0.15 |
|   7   | joint_vel_l2            |   -0.001 |
|   8   | joint_tracking_error    |     -0.5 |
|   9   | base_height_rough       |      4.0 |
|   10  | base_height_medium      |      8.0 |
|   11  | base_height_fine        |     16.0 |
|   12  | relaxation              |     -1.0 |
|   13  | joint_deviation_l1      |     -0.5 |
|   14  | joint_deviation_l1_arms |     -0.5 |
|   15  | ankle_torques           |   -0.001 |
|   16  | not_moving              |     -1.0 |
|   17  | torso_upright           |     -1.0 |
|   18  | severely_tilted         |     -5.0 |
|   19  | torso_roll              |     -5.0 |
|   20  | forward_pitch           |    -10.0 |
|   21  | illegal_contacts        |     -2.0 |
|   22  | feet_distance           |     -5.0 |
|   23  | feet_distance_standing  |    -10.0 |
|   24  | ground_unloaded         |     -2.0 |
|   25  | flat_feet               |     -1.0 |
|   26  | feet_slide              |     -1.0 |
|   27  | feet_yaw_mean           |     -2.0 |
|   28  | completely_airborne     |    -50.0 |
|   29  | body_velocity           |     -0.1 |
|   30  | ground_slam             |     -1.0 |
|   31  | torso_slam              |     -5.0 |
+-------+-------------------------+----------+

[INFO] Curriculum Manager:  <CurriculumManager> contains 8 active terms.
+---------------------------------+
|     Active Curriculum Terms     |
+-------+-------------------------+
| Index | Name                    |
+-------+-------------------------+
|   0   | adaptive_lift           |
|   1   | terrain_levels          |
|   2   | polish_action_rate_rate |
|   3   | polish_ground_slam      |
|   4   | polish_torso_slam       |
|   5   | polish_not_moving       |
|   6   | polish_joint_vel_l2     |
|   7   | random_fallen_states    |
+-------+-------------------------+

/workspace/WBC-AGILE-NEWTON/.venv/lib/python3.12/site-packages/isaaclab/source/isaaclab/isaaclab/envs/mdp/events.py:742: UserWarning: In Newton, body com pose always has unit quaternion. Consider using body_com_pos_b instead.Querying this property requires appending a unit quaternion to the position which is expensive.
  self.default_com = self.asset.data.body_com_pose_b.torch.clone()
[INFO]: Completed setting up the environment...
/workspace/WBC-AGILE-NEWTON/.venv/lib/python3.12/site-packages/rsl_rl/utils/utils.py:220: UserWarning: The observation configuration dictionary 'obs_groups' is empty and thus likely not configured. Consider configuring the 'obs_groups' dictionary explicitly
  warnings.warn(
/workspace/WBC-AGILE-NEWTON/.venv/lib/python3.12/site-packages/rsl_rl/utils/utils.py:251: UserWarning: The observation configuration dictionary 'obs_groups' does not contain the 'actor' key. As an observation group with the name 'policy' was found, this is assumed to be the appropriate observation. Consider adding the 'actor' key to the 'obs_groups' dictionary for clarity. This behavior will be removed in a future version.
  warnings.warn(
/workspace/WBC-AGILE-NEWTON/.venv/lib/python3.12/site-packages/rsl_rl/utils/utils.py:243: UserWarning: The observation configuration dictionary 'obs_groups' does not contain the 'critic' key. As an observation group with the name 'critic' was found, this is assumed to be the appropriate observation. Consider adding the 'critic' key to the 'obs_groups' dictionary for clarity. This behavior will be removed in a future version.
  warnings.warn(
--------------------------------------------------------------------------------
Resolved observation sets: 
	 actor :  ['policy']
	 critic :  ['critic']
--------------------------------------------------------------------------------
Actor Model: MLPModel(
  (obs_normalizer): Identity()
  (distribution): GaussianDistribution()
  (mlp): MLP(
    (0): Linear(in_features=470, out_features=256, bias=True)
    (1): ELU(alpha=1.0)
    (2): Linear(in_features=256, out_features=256, bias=True)
    (3): ELU(alpha=1.0)
    (4): Linear(in_features=256, out_features=128, bias=True)
    (5): ELU(alpha=1.0)
    (6): Linear(in_features=128, out_features=29, bias=True)
  )
)
Critic Model: MLPModel(
  (obs_normalizer): Identity()
  (mlp): MLP(
    (0): Linear(in_features=640, out_features=512, bias=True)
    (1): ELU(alpha=1.0)
    (2): Linear(in_features=512, out_features=256, bias=True)
    (3): ELU(alpha=1.0)
    (4): Linear(in_features=256, out_features=128, bias=True)
    (5): ELU(alpha=1.0)
    (6): Linear(in_features=128, out_features=1, bias=True)
  )
)
Storing git diff for 'WBC-AGILE-NEWTON' in: /workspace/WBC-AGILE-NEWTON/logs/rsl_rl/height_tracking_g1/2026-09-02_17-37-37_height_tracking_g1/git/WBC-AGILE-NEWTON.diff
################################################################################
[1m                            Learning iteration 0/60                             [0m 

                               Run name: height_tracking_g1
                            Total steps: 98304 
                       Steps per second: 16009 
                        Collection time: 5.509s 
                          Learning time: 0.632s 
                        Mean value loss: 8.0580
                    Mean surrogate loss: 0.0330
                      Mean entropy loss: 41.0963
                     Mean symmetry loss: 0.0028
                   Mean l2c2_actor loss: 0.0011
                  Mean l2c2_critic loss: 0.0072
                            Mean reward: -46.18
                    Mean episode length: 16.36
                        Mean action std: 1.00
                    Entropy coefficient: 0.002500
      Episode_Reward/joint_deviation_l1: -0.0315
         Curriculum/polish_joint_vel_l2: -0.0010
      Episode_Termination/invalid_state: 0.0000
             Episode_Reward/ground_slam: -0.0591
         Episode_Reward/severely_tilted: -0.0004
           Episode_Reward/ankle_torques: -0.0052
           Curriculum/polish_not_moving: -1.0000
              Episode_Reward/not_moving: -0.0458
        Episode_Reward/joint_torques_l2: -0.0203
          Curriculum/polish_ground_slam: -1.0000
              Episode_Reward/torso_slam: -0.0852
               Curriculum/adaptive_lift: 1.0000
        Episode_Reward/action_rate_rate: -0.3967
         Episode_Reward/ground_unloaded: -0.0134
     Curriculum/polish_action_rate_rate: -0.1500
     Episode_Reward/completely_airborne: -0.3394
            Episode_Reward/joint_vel_l2: -0.0265
              Curriculum/terrain_levels: 0.0000
        Episode_Reward/base_height_fine: 0.0748
               Episode_Reward/flat_feet: -0.0281
           Episode_Termination/time_out: 0.0165
            Episode_Reward/joint_acc_l2: -0.0024
        Episode_Reward/joint_pos_limits: -0.0002
              Episode_Reward/relaxation: -0.1435
              Episode_Reward/torso_roll: -0.0277
             Episode_Reward/action_rate: -0.9196
    Episode_Reward/joint_tracking_error: -0.0669
           Episode_Reward/feet_distance: -0.0032
            Metrics/height/height_error: 0.0000
        Curriculum/random_fallen_states: 0.0000
           Episode_Reward/body_velocity: -0.1566
      Episode_Reward/base_height_medium: 0.0485
       Episode_Reward/base_height_rough: 0.0330
        Episode_Reward/illegal_contacts: -0.0021
              Episode_Reward/feet_slide: -0.0142
           Episode_Reward/feet_yaw_mean: -0.0120
 Episode_Reward/joint_deviation_l1_arms: -0.0130
        Episode_Reward/joint_vel_limits: -0.0000
           Curriculum/polish_torso_slam: -5.0000
           Episode_Reward/torso_upright: 0.0000
  Episode_Reward/feet_distance_standing: -0.0050
           Episode_Reward/torque_limits: -0.0241
           Episode_Reward/forward_pitch: -0.0118
--------------------------------------------------------------------------------
                         Iteration time: 6.14s
                           Time elapsed: 0:00:06
                                    ETA: 0:06:02

################################################################################
[1m                            Learning iteration 1/60                             [0m 

                               Run name: height_tracking_g1
                            Total steps: 196608 
                       Steps per second: 21258 
                        Collection time: 4.079s 
                          Learning time: 0.545s 
                        Mean value loss: 12.6341
                    Mean surrogate loss: 0.0075
                      Mean entropy loss: 41.0704
                     Mean symmetry loss: 0.0020
                   Mean l2c2_actor loss: 0.0011
                  Mean l2c2_critic loss: 0.0263
                            Mean reward: -148.46
                    Mean episode length: 40.93
                        Mean action std: 1.00
                    Entropy coefficient: 0.002500
      Episode_Reward/joint_deviation_l1: -0.1074
         Curriculum/polish_joint_vel_l2: -0.0010
      Episode_Termination/invalid_state: 0.0019
             Episode_Reward/ground_slam: -0.3521
         Episode_Reward/severely_tilted: -0.0137
           Episode_Reward/ankle_torques: -0.0142
           Curriculum/polish_not_moving: -1.0000
              Episode_Reward/not_moving: -0.2317
        Episode_Reward/joint_torques_l2: -0.0651
          Curriculum/polish_ground_slam: -1.0000
              Episode_Reward/torso_slam: -0.4978
               Curriculum/adaptive_lift: 0.9999
        Episode_Reward/action_rate_rate: -1.2187
         Episode_Reward/ground_unloaded: -0.0484
     Curriculum/polish_action_rate_rate: -0.1500
     Episode_Reward/completely_airborne: -1.0155
            Episode_Reward/joint_vel_l2: -0.1024
              Curriculum/terrain_levels: 0.0000
        Episode_Reward/base_height_fine: 0.2497
               Episode_Reward/flat_feet: -0.0980
           Episode_Termination/time_out: 0.0477
            Episode_Reward/joint_acc_l2: -0.0083
        Episode_Reward/joint_pos_limits: -0.0010
              Episode_Reward/relaxation: -0.4256
              Episode_Reward/torso_roll: -0.0965
             Episode_Reward/action_rate: -2.7470
    Episode_Reward/joint_tracking_error: -0.2700
           Episode_Reward/feet_distance: -0.0238
            Metrics/height/height_error: 0.0000
        Curriculum/random_fallen_states: 0.0000
           Episode_Reward/body_velocity: -1.4197
      Episode_Reward/base_height_medium: 0.1572
       Episode_Reward/base_height_rough: 0.1042
        Episode_Reward/illegal_contacts: -0.0140
              Episode_Reward/feet_slide: -0.0456
           Episode_Reward/feet_yaw_mean: -0.0605
 Episode_Reward/joint_deviation_l1_arms: -0.0608
        Episode_Reward/joint_vel_limits: -0.0002
           Curriculum/polish_torso_slam: -5.0000
           Episode_Reward/torso_upright: 0.0000
  Episode_Reward/feet_distance_standing: -0.0321
           Episode_Reward/torque_limits: -0.0877
           Episode_Reward/forward_pitch: -0.0560
--------------------------------------------------------------------------------
                         Iteration time: 4.62s
                           Time elapsed: 0:00:10
                                    ETA: 0:05:12

################################################################################
[1m                            Learning iteration 2/60                             [0m 

                               Run name: height_tracking_g1
                            Total steps: 294912 
                       Steps per second: 21217 
                        Collection time: 3.961s 
                          Learning time: 0.672s 
                        Mean value loss: 12.4125
                    Mean surrogate loss: -0.0085
                      Mean entropy loss: 40.9640
                     Mean symmetry loss: 0.0009
                   Mean l2c2_actor loss: 0.0012
                  Mean l2c2_critic loss: 0.0208
                            Mean reward: -255.02
                    Mean episode length: 62.40
                        Mean action std: 0.99
                    Entropy coefficient: 0.002500
      Episode_Reward/joint_deviation_l1: -0.1578
         Curriculum/polish_joint_vel_l2: -0.0010
      Episode_Termination/invalid_state: 0.0085
             Episode_Reward/ground_slam: -0.8641
         Episode_Reward/severely_tilted: -0.0200
           Episode_Reward/ankle_torques: -0.0220
           Curriculum/polish_not_moving: -1.0000
              Episode_Reward/not_moving: -0.3378
        Episode_Reward/joint_torques_l2: -0.1051
          Curriculum/polish_ground_slam: -1.0000
              Episode_Reward/torso_slam: -1.0492
               Curriculum/adaptive_lift: 0.9983
        Episode_Reward/action_rate_rate: -1.9614
         Episode_Reward/ground_unloaded: -0.0748
     Curriculum/polish_action_rate_rate: -0.1500
     Episode_Reward/completely_airborne: -1.5953
            Episode_Reward/joint_vel_l2: -0.1731
              Curriculum/terrain_levels: 0.0000
        Episode_Reward/base_height_fine: 0.3660
               Episode_Reward/flat_feet: -0.1706
           Episode_Termination/time_out: 0.0798
            Episode_Reward/joint_acc_l2: -0.0161
        Episode_Reward/joint_pos_limits: -0.0018
              Episode_Reward/relaxation: -0.7351
              Episode_Reward/torso_roll: -0.1571
             Episode_Reward/action_rate: -4.3959
    Episode_Reward/joint_tracking_error: -0.4611
           Episode_Reward/feet_distance: -0.0555
            Metrics/height/height_error: 0.0000
        Curriculum/random_fallen_states: 0.0000
           Episode_Reward/body_velocity: -2.8424
      Episode_Reward/base_height_medium: 0.2357
       Episode_Reward/base_height_rough: 0.1613
        Episode_Reward/illegal_contacts: -0.0247
              Episode_Reward/feet_slide: -0.0760
           Episode_Reward/feet_yaw_mean: -0.1181
 Episode_Reward/joint_deviation_l1_arms: -0.0943
        Episode_Reward/joint_vel_limits: -0.0004
           Curriculum/polish_torso_slam: -5.0000
           Episode_Reward/torso_upright: -0.0025
  Episode_Reward/feet_distance_standing: -0.0709
           Episode_Reward/torque_limits: -0.1439
           Episode_Reward/forward_pitch: -0.0930
--------------------------------------------------------------------------------
                         Iteration time: 4.63s
                           Time elapsed: 0:00:15
                                    ETA: 0:04:52

nefc overflow - please increase njmax to 346

==============================================================================
[watchdog] FIRST NON-FINITE at env-step 76
[watchdog] leading quantity: joint_pos
[watchdog] envs affected: 1 / 4096   first env: 847
[watchdog] episode_length_buf[847] = 0 (0 means it reset this step)

[watchdog] all quantities THIS step (env 847):
    root_pos_w               finite      absmax=46.23
    root_quat_w              finite      absmax=0.7139
    root_lin_vel_w           finite      absmax=0
    root_ang_vel_w           finite      absmax=0
    joint_pos                NON-FINITE  absmax=nan
    joint_vel                NON-FINITE  absmax=nan
    joint_acc                NON-FINITE  absmax=nan
    applied_torque           finite      absmax=139
    contact_net_forces_w     finite      absmax=0

[watchdog] PREVIOUS step (env 847) -- the last good state:
    root_pos_w               absmax=46.25
    root_quat_w              absmax=0.9095
    root_lin_vel_w           absmax=0
    root_ang_vel_w           absmax=0
    joint_pos                absmax=15.73
    joint_vel                absmax=3179
    joint_acc                absmax=6.395e+05
    applied_torque           absmax=139
    contact_net_forces_w     absmax=0

[watchdog] max|joint_vel| of env 847 over the last 10 steps: 32.1 -> 35.4 -> 40.3 -> 329 -> 67.9 -> 66 -> 90.6 -> 501 -> 3.18e+03 -> nan
[watchdog] fastest joints on the last good step: right_knee_joint=3179.4 rad/s (pos 15.73), right_ankle_pitch_joint=1641.8 rad/s (pos 7.25), waist_pitch_joint=-1263.5 rad/s (pos -12.75)
[watchdog]   right_knee_joint: mjc_jnt=10 newton_dof=29660 armature=0.019999999552965164 limited=True range=[-0.08726699650287628, 2.8797998428344727] actfrcrange=[0.0, 0.0]
[watchdog]     qfrc: actuator=0.0 constraint=nan passive=-2767511.2 smooth=13824415498240.0
[watchdog]   right_ankle_pitch_joint: mjc_jnt=11 newton_dof=29661 armature=0.019999999552965164 limited=True range=[-0.8726699352264404, 0.5235999226570129] actfrcrange=[0.0, 0.0]
[watchdog]     qfrc: actuator=0.0 constraint=nan passive=-4492529.5 smooth=-681072263168.0
[watchdog]   waist_pitch_joint: mjc_jnt=15 newton_dof=29665 armature=0.019999999552965164 limited=True range=[-0.5199999213218689, 0.5199999213218689] actfrcrange=[0.0, 0.0]
[watchdog]     qfrc: actuator=0.0 constraint=nan passive=-242510992.0 smooth=-31944643444736.0
==============================================================================

Traceback (most recent call last):
  File "/workspace/WBC-AGILE-NEWTON/scripts/train.py", line 221, in <module>
    main()
  File "/workspace/WBC-AGILE-NEWTON/.venv/lib/python3.12/site-packages/isaaclab_tasks/utils/hydra.py", line 485, in wrapper
    _run_hydra(task, env_cfg, agent_cfg, hydra_args, lambda e, a: func(e, a, *args, **kwargs))
  File "/workspace/WBC-AGILE-NEWTON/.venv/lib/python3.12/site-packages/isaaclab_tasks/utils/hydra.py", line 426, in _run_hydra
    callback(env_cfg, agent_cfg)
  File "/workspace/WBC-AGILE-NEWTON/.venv/lib/python3.12/site-packages/isaaclab_tasks/utils/hydra.py", line 485, in <lambda>
    _run_hydra(task, env_cfg, agent_cfg, hydra_args, lambda e, a: func(e, a, *args, **kwargs))
                                                                  ^^^^^^^^^^^^^^^^^^^^^^^^^^^
  File "/workspace/WBC-AGILE-NEWTON/scripts/train.py", line 213, in main
    runner.learn(num_learning_iterations=agent_cfg.max_iterations, init_at_random_ep_len=True)
  File "/workspace/WBC-AGILE-NEWTON/.venv/lib/python3.12/site-packages/rsl_rl/runners/on_policy_runner.py", line 100, in learn
    check_nan(obs, rewards, dones)
  File "/workspace/WBC-AGILE-NEWTON/.venv/lib/python3.12/site-packages/rsl_rl/utils/utils.py", line 279, in check_nan
    raise ValueError(
ValueError: The observation group 'policy' returned by the environment contains NaN values. This usually indicates a bug in the environment's step() or reset() function.
EXIT=0
