The '--headless' CLI argument is deprecated. Omit '--viz' for default headless. If config visualizers are enabled and you want to force headless, use '--viz none'.
Loading user config located at: '/workspace/WBC-AGILE-NEWTON/.venv/lib/python3.12/site-packages/isaacsim/kit/data/Kit/IsaacLab/3.0/user.config.json'
2026-09-02T17:39:11Z [0ms] [Warning] [omni.ext.plugin] [ext: isaaclab_visualizers] Extensions config 'extension.toml' doesn't exist '/workspace/WBC-AGILE-NEWTON/.venv/lib/python3.12/site-packages/isaaclab/source/isaaclab_visualizers' or '/workspace/WBC-AGILE-NEWTON/.venv/lib/python3.12/site-packages/isaaclab/source/isaaclab_visualizers/config'
WARNING: All log messages before absl::InitializeLog() is called are written to STDERR
E0000 00:00:1788370751.144582   73208 descriptor_database.cc:633] File already exists in database: grpc/health/v1/health.proto
W0000 00:00:1788370751.144609   73208 message.cc:301] Protobuf GeneratedMessageFactory: File is already registered: grpc/health/v1/health.proto
2026-09-02T17:39:11Z [382ms] [Warning] [omni.usd_config.extension] Enable omni.materialx.libs extension to use MaterialX
2026-09-02T17:39:11Z [424ms] [Warning] [omni.platforminfo.plugin] failed to open the default display.  Can't verify X Server version.
2026-09-02T17:39:11Z [429ms] [Error] [omni.ext.plugin] Could not load the dynamic library from /workspace/WBC-AGILE-NEWTON/.venv/lib/python3.12/site-packages/isaacsim/extscache/omni.usd.libs-1.0.3+6312fa25.lx64.r.cp312/bin/libMaterialXRenderHw.so. Error: libXt.so.6: cannot open shared object file: No such file or directory (note that this may be caused by a dependent library)
2026-09-02T17:39:11Z [429ms] [Error] [omni.ext.plugin] Could not load the dynamic library from /workspace/WBC-AGILE-NEWTON/.venv/lib/python3.12/site-packages/isaacsim/extscache/omni.usd.libs-1.0.3+6312fa25.lx64.r.cp312/bin/libMaterialXRenderGlsl.so. Error: libXt.so.6: cannot open shared object file: No such file or directory (note that this may be caused by a dependent library)
2026-09-02T17:39:11Z [430ms] [Error] [omni.ext.plugin] Could not load the dynamic library from /workspace/WBC-AGILE-NEWTON/.venv/lib/python3.12/site-packages/isaacsim/extscache/omni.usd.libs-1.0.3+6312fa25.lx64.r.cp312/bin/libusd_usdBakeMtlx.so. Error: libXt.so.6: cannot open shared object file: No such file or directory (note that this may be caused by a dependent library)
2026-09-02T17:39:12Z [1,008ms] [Warning] [isaacsim.core.simulation_manager.plugin] USD stage is not available; stage-opened subscription is deferred
2026-09-02T17:39:12Z [1,009ms] [Warning] [isaacsim.core.simulation_manager.plugin] USD stage is not available; stage-opened subscription is deferred
[ISAACLAB] AppLauncher initialization complete
[watchdog] armed on RslRlVecEnvWrapper.step
[INFO]: Parsing configuration from: agile.rl_env.tasks.stand_up.g1.height_tracking_env_cfg:G1HeightTrackingEnvCfg
[INFO]: Parsing configuration from: agile.rl_env.tasks.stand_up.g1.agents.rsl_rl_ppo_cfg:G1HeightTrackingPpoRunnerCfg
[INFO] Logging experiment in directory: /workspace/WBC-AGILE-NEWTON/logs/rsl_rl/height_tracking_g1
Exact experiment name requested from command line: 2026-09-02_17-39-19
[INFO]: Base environment:
	Environment device    : cuda:0
	Environment seed      : 42
	Physics step-size     : 0.005
	Rendering step-size   : 0.02
	Environment step-size : 0.02
2026-09-02T17:39:19Z [8,699ms] [Warning] [isaaclab.terrains.terrain_importer] Visual material specified for ground plane but no diffuse color found. Using default color: (0.0, 0.0, 0.0)
[INFO]: Registered backend 'newton' for factory Articulation.
[INFO]: Setting variant selection 'PhysX' for variant set 'Physics' on prim '/World/envs/env_0/Robot'.
[INFO]: Setting variant selection 'None' for variant set 'left_hand' on prim '/World/envs/env_0/Robot'.
[INFO]: Setting variant selection 'None' for variant set 'right_hand' on prim '/World/envs/env_0/Robot'.
[INFO]: Registered backend 'newton' for factory FrameView.
[INFO]: Registered backend 'newton' for factory ContactSensor.
[INFO]: Registered backend 'newton' for factory RayCaster.
[INFO]: Time taken for scene creation Last: 17.548023 s, Mean: 17.548023 s, Std: 0.000000 s, N: 1
[INFO]: Scene manager:  <class InteractiveScene>
	Number of environments: 4096
	Environment spacing   : 2.5
	Source prim name      : /World/envs/env_0
	Global prim paths     : ['/World/ground']
	Replicate physics     : True
[INFO]: Dispatching MODEL_INIT callbacks
[INFO]: Finalizing model on device: cuda:0
/workspace/WBC-AGILE-NEWTON/.venv/lib/python3.12/site-packages/isaaclab_newton/physics/newton_manager.py:989: FutureWarning: Newton shape color replacement is enabled; this workaround will be deprecated in a future release.
  replace_newton_shape_colors(cls._model)
Finalize builder took: Last: 11.723172 s, Mean: 11.723172 s, Std: 0.000000 s, N: 1
[INFO]: Dispatching PHYSICS_READY callbacks
[INFO]: Simulation parameters for joints in /World/envs/env_.*/Robot:
+-------------------------------------------------------------------------------------------------------------------------------------------+
|                                     Simulation Joint Information (Prim path: /World/envs/env_.*/Robot)                                    |
+-------+----------------------------+-----------+---------+----------+-----------------+-----------------+-----------------+---------------+
| Index | Name                       | Stiffness | Damping | Armature | Static Friction | Position Limits | Velocity Limits | Effort Limits |
+-------+----------------------------+-----------+---------+----------+-----------------+-----------------+-----------------+---------------+
|   0   | left_hip_pitch_joint       |  100.000  |  2.500  |  0.020   |      0.010      | [-2.531, 2.880] |      32.000     |     88.000    |
|   1   | left_hip_roll_joint        |  100.000  |  2.500  |  0.020   |      0.010      | [-0.524, 2.967] |      32.000     |     88.000    |
|   2   | left_hip_yaw_joint         |  100.000  |  2.500  |  0.020   |      0.010      | [-2.758, 2.758] |      32.000     |     88.000    |
|   3   | left_knee_joint            |  100.000  |  2.500  |  0.020   |      0.010      | [-0.087, 2.880] |      20.000     |    139.000    |
|   4   | left_ankle_pitch_joint     |   20.000  |  1.000  |  0.020   |      0.010      | [-0.873, 0.524] |      37.000     |     50.000    |
|   5   | left_ankle_roll_joint      |   20.000  |  1.000  |  0.020   |      0.010      | [-0.262, 0.262] |      37.000     |     50.000    |
|   6   | right_hip_pitch_joint      |  100.000  |  2.500  |  0.020   |      0.010      | [-2.531, 2.880] |      32.000     |     88.000    |
|   7   | right_hip_roll_joint       |  100.000  |  2.500  |  0.020   |      0.010      | [-2.967, 0.524] |      32.000     |     88.000    |
|   8   | right_hip_yaw_joint        |  100.000  |  2.500  |  0.020   |      0.010      | [-2.758, 2.758] |      32.000     |     88.000    |
|   9   | right_knee_joint           |  100.000  |  2.500  |  0.020   |      0.010      | [-0.087, 2.880] |      20.000     |    139.000    |
|   10  | right_ankle_pitch_joint    |   20.000  |  1.000  |  0.020   |      0.010      | [-0.873, 0.524] |      37.000     |     50.000    |
|   11  | right_ankle_roll_joint     |   20.000  |  1.000  |  0.020   |      0.010      | [-0.262, 0.262] |      37.000     |     50.000    |
|   12  | waist_yaw_joint            |  100.000  |  2.500  |  0.020   |      0.010      | [-2.618, 2.618] |      32.000     |     88.000    |
|   13  | waist_roll_joint           |  100.000  |  2.500  |  0.020   |      0.010      | [-0.520, 0.520] |      37.000     |     50.000    |
|   14  | waist_pitch_joint          |  100.000  |  2.500  |  0.020   |      0.010      | [-0.520, 0.520] |      37.000     |     50.000    |
|   15  | left_shoulder_pitch_joint  |   20.000  |  0.500  |  0.020   |      0.010      | [-3.089, 2.670] |      37.000     |     25.000    |
|   16  | left_shoulder_roll_joint   |   20.000  |  0.500  |  0.020   |      0.010      | [-1.588, 2.251] |      37.000     |     25.000    |
|   17  | left_shoulder_yaw_joint    |   20.000  |  0.500  |  0.020   |      0.010      | [-2.618, 2.618] |      37.000     |     25.000    |
|   18  | left_elbow_joint           |   20.000  |  0.500  |  0.020   |      0.010      | [-1.047, 2.094] |      37.000     |     25.000    |
|   19  | left_wrist_roll_joint      |   20.000  |  0.200  |  0.020   |      0.010      | [-1.972, 1.972] |      37.000     |     25.000    |
|   20  | left_wrist_pitch_joint     |   20.000  |  0.200  |  0.020   |      0.010      | [-1.614, 1.614] |      22.000     |     5.000     |
|   21  | left_wrist_yaw_joint       |   20.000  |  0.200  |  0.020   |      0.010      | [-1.614, 1.614] |      22.000     |     5.000     |
|   22  | right_shoulder_pitch_joint |   20.000  |  0.500  |  0.020   |      0.010      | [-3.089, 2.670] |      37.000     |     25.000    |
|   23  | right_shoulder_roll_joint  |   20.000  |  0.500  |  0.020   |      0.010      | [-2.251, 1.588] |      37.000     |     25.000    |
|   24  | right_shoulder_yaw_joint   |   20.000  |  0.500  |  0.020   |      0.010      | [-2.618, 2.618] |      37.000     |     25.000    |
|   25  | right_elbow_joint          |   20.000  |  0.500  |  0.020   |      0.010      | [-1.047, 2.094] |      37.000     |     25.000    |
|   26  | right_wrist_roll_joint     |   20.000  |  0.200  |  0.020   |      0.010      | [-1.972, 1.972] |      37.000     |     25.000    |
|   27  | right_wrist_pitch_joint    |   20.000  |  0.200  |  0.020   |      0.010      | [-1.614, 1.614] |      22.000     |     5.000     |
|   28  | right_wrist_yaw_joint      |   20.000  |  0.200  |  0.020   |      0.010      | [-1.614, 1.614] |      22.000     |     5.000     |
+-------+----------------------------+-----------+---------+----------+-----------------+-----------------+-----------------+---------------+
[INFO]: Adding contact sensor for /World/envs/env_.*/Robot/.* with filter all bodies/shapes
Contact sensor construction took: Last: 0.126765 s, Mean: 0.126765 s, Std: 0.000000 s, N: 1
[INFO]: Contact sensor initialized with 30 sensors.
[INFO]: Creating buffers for contact sensor data with num_envs: 4096, num_sensors: 30, num_filter_objects: 0, history_length: 3, generate_force_matrix: False, track_air_time: True, track_pose: False, device: cuda:0
[INFO]: Creating buffers for contact sensor data with num_envs: 4096, num_sensors: 30, num_filter_objects: 0, history_length: 3, generate_force_matrix: False, track_air_time: True, track_pose: False, device: cuda:0
[INFO]: Created infinite plane mesh prim: /World/ground/terrain/GroundPlane/CollisionPlane.
Initialize solver took: Last: 2.280767 s, Mean: 2.280767 s, Std: 0.000000 s, N: 1
[INFO]: Newton CUDA graph captured (standard Warp mode)
CUDA graph took: Last: 2.209644 s, Mean: 2.209644 s, Std: 0.000000 s, N: 1
[newton] DC-motor torque-speed envelope active on 118784/143360 DOFs (4096 worlds x 30 joints) via jnt_actfrcrange + generator braking via dof_damping, velocity-limit band gain 50
[newton] joint-limit solref set to (0.02, 1) on 118784 joints; explicit limit spring disabled
[INFO]: Time taken for simulation start Last: 17.257601 s, Mean: 17.257601 s, Std: 0.000000 s, N: 1
[INFO] Command Manager:  <CommandManager> contains 1 active terms.
+--------------------------------------+
|         Active Command Terms         |
+-------+--------+---------------------+
| Index | Name   |         Type        |
+-------+--------+---------------------+
|   0   | height | SmoothHeightCommand |
+-------+--------+---------------------+

[INFO] Event Manager:  <EventManager> contains 3 active terms.
+----------------------------------------+
| Active Event Terms in Mode: 'startup'  |
+--------+-------------------------------+
| Index  | Name                          |
+--------+-------------------------------+
|   0    | randomize_physics_material    |
|   1    | randomize_actuator_gains      |
|   2    | randomize_bodies_mass         |
|   3    | randomize_base_mass           |
|   4    | randomize_base_com            |
+--------+-------------------------------+
+---------------------------------------------------------------------------+
|                   Active Event Terms in Mode: 'interval'                  |
+-------+-----------------------------------------+-------------------------+
| Index | Name                                    | Interval time range (s) |
+-------+-----------------------------------------+-------------------------+
|   0   | push_robot                              |       (0.0, 10.0)       |
|   1   | apply_external_force_torque             |       (0.0, 10.0)       |
|   2   | apply_external_force_torque_extremities |       (0.0, 10.0)       |
+-------+-----------------------------------------+-------------------------+
+----------------------------------+
| Active Event Terms in Mode: 'reset' |
+------------+---------------------+
|   Index    | Name                |
+------------+---------------------+
|     0      | reset_base          |
+------------+---------------------+

[INFO] Recorder Manager:  <RecorderManager> contains 0 active terms.
+---------------------+
| Active Recorder Terms |
+-----------+---------+
|   Index   | Name    |
+-----------+---------+
+-----------+---------+

[INFO]: Resolved joint names for the action term JointPositionAction: ['left_hip_pitch_joint', 'left_hip_roll_joint', 'left_hip_yaw_joint', 'left_knee_joint', 'left_ankle_pitch_joint', 'left_ankle_roll_joint', 'right_hip_pitch_joint', 'right_hip_roll_joint', 'right_hip_yaw_joint', 'right_knee_joint', 'right_ankle_pitch_joint', 'right_ankle_roll_joint', 'waist_yaw_joint', 'waist_roll_joint', 'waist_pitch_joint', 'left_shoulder_pitch_joint', 'left_shoulder_roll_joint', 'left_shoulder_yaw_joint', 'left_elbow_joint', 'left_wrist_roll_joint', 'left_wrist_pitch_joint', 'left_wrist_yaw_joint', 'right_shoulder_pitch_joint', 'right_shoulder_roll_joint', 'right_shoulder_yaw_joint', 'right_elbow_joint', 'right_wrist_roll_joint', 'right_wrist_pitch_joint', 'right_wrist_yaw_joint'] [[0, 1, 2, 3, 4, 5, 6, 7, 8, 9, 10, 11, 12, 13, 14, 15, 16, 17, 18, 19, 20, 21, 22, 23, 24, 25, 26, 27, 28]]
[INFO] Action Manager:  <ActionManager> contains 2 active terms.
+------------------------------------+
|  Active Action Terms (shape: 29)   |
+--------+-------------+-------------+
| Index  | Name        |   Dimension |
+--------+-------------+-------------+
|   0    | joint_pos   |          29 |
|   1    | lift        |           0 |
+--------+-------------+-------------+

[INFO] Observation Manager: <ObservationManager> contains 2 groups.
+----------------------------------------------+
| Active Observation Terms in Group: 'policy'  |
+---------+------------------------+-----------+
|  Index  | Name                   |   Shape   |
+---------+------------------------+-----------+
|    0    | base_ang_vel           |   (5, 3)  |
|    1    | projected_gravity      |   (5, 3)  |
|    2    | joint_pos              |  (5, 29)  |
|    3    | joint_vel              |  (5, 29)  |
|    4    | actions                |  (5, 29)  |
|    5    | height_command         |   (5, 1)  |
+---------+------------------------+-----------+
+----------------------------------------------+
| Active Observation Terms in Group: 'critic'  |
+---------+------------------------+-----------+
|  Index  | Name                   |   Shape   |
+---------+------------------------+-----------+
|    0    | projected_gravity      |   (5, 3)  |
|    1    | base_lin_vel           |   (5, 3)  |
|    2    | base_ang_vel           |   (5, 3)  |
|    3    | joint_pos              |  (5, 29)  |
|    4    | joint_vel              |  (5, 29)  |
|    5    | actions                |  (5, 29)  |
|    6    | contact_forces         |  (5, 30)  |
|    7    | base_height            |   (5, 1)  |
|    8    | height_command         |   (5, 1)  |
+---------+------------------------+-----------+

[INFO] Termination Manager:  <TerminationManager> contains 2 active terms.
+----------------------------------+
|     Active Termination Terms     |
+-------+---------------+----------+
| Index | Name          | Time Out |
+-------+---------------+----------+
|   0   | time_out      |   True   |
|   1   | invalid_state |  False   |
+-------+---------------+----------+

[INFO] Reward Manager:  <RewardManager> contains 32 active terms.
+--------------------------------------------+
|            Active Reward Terms             |
+-------+-------------------------+----------+
| Index | Name                    |   Weight |
+-------+-------------------------+----------+
|   0   | joint_torques_l2        |   -5e-05 |
|   1   | torque_limits           |    -0.01 |
|   2   | joint_acc_l2            | -2.5e-08 |
|   3   | joint_pos_limits        |     -0.1 |
|   4   | joint_vel_limits        |    -0.01 |
|   5   | action_rate             |     -1.0 |
|   6   | action_rate_rate        |    -0.15 |
|   7   | joint_vel_l2            |   -0.001 |
|   8   | joint_tracking_error    |     -0.5 |
|   9   | base_height_rough       |      4.0 |
|   10  | base_height_medium      |      8.0 |
|   11  | base_height_fine        |     16.0 |
|   12  | relaxation              |     -1.0 |
|   13  | joint_deviation_l1      |     -0.5 |
|   14  | joint_deviation_l1_arms |     -0.5 |
|   15  | ankle_torques           |   -0.001 |
|   16  | not_moving              |     -1.0 |
|   17  | torso_upright           |     -1.0 |
|   18  | severely_tilted         |     -5.0 |
|   19  | torso_roll              |     -5.0 |
|   20  | forward_pitch           |    -10.0 |
|   21  | illegal_contacts        |     -2.0 |
|   22  | feet_distance           |     -5.0 |
|   23  | feet_distance_standing  |    -10.0 |
|   24  | ground_unloaded         |     -2.0 |
|   25  | flat_feet               |     -1.0 |
|   26  | feet_slide              |     -1.0 |
|   27  | feet_yaw_mean           |     -2.0 |
|   28  | completely_airborne     |    -50.0 |
|   29  | body_velocity           |     -0.1 |
|   30  | ground_slam             |     -1.0 |
|   31  | torso_slam              |     -5.0 |
+-------+-------------------------+----------+

[INFO] Curriculum Manager:  <CurriculumManager> contains 8 active terms.
+---------------------------------+
|     Active Curriculum Terms     |
+-------+-------------------------+
| Index | Name                    |
+-------+-------------------------+
|   0   | adaptive_lift           |
|   1   | terrain_levels          |
|   2   | polish_action_rate_rate |
|   3   | polish_ground_slam      |
|   4   | polish_torso_slam       |
|   5   | polish_not_moving       |
|   6   | polish_joint_vel_l2     |
|   7   | random_fallen_states    |
+-------+-------------------------+

/workspace/WBC-AGILE-NEWTON/.venv/lib/python3.12/site-packages/isaaclab/source/isaaclab/isaaclab/envs/mdp/events.py:742: UserWarning: In Newton, body com pose always has unit quaternion. Consider using body_com_pos_b instead.Querying this property requires appending a unit quaternion to the position which is expensive.
  self.default_com = self.asset.data.body_com_pose_b.torch.clone()
[INFO]: Completed setting up the environment...
/workspace/WBC-AGILE-NEWTON/.venv/lib/python3.12/site-packages/rsl_rl/utils/utils.py:220: UserWarning: The observation configuration dictionary 'obs_groups' is empty and thus likely not configured. Consider configuring the 'obs_groups' dictionary explicitly
  warnings.warn(
/workspace/WBC-AGILE-NEWTON/.venv/lib/python3.12/site-packages/rsl_rl/utils/utils.py:251: UserWarning: The observation configuration dictionary 'obs_groups' does not contain the 'actor' key. As an observation group with the name 'policy' was found, this is assumed to be the appropriate observation. Consider adding the 'actor' key to the 'obs_groups' dictionary for clarity. This behavior will be removed in a future version.
  warnings.warn(
/workspace/WBC-AGILE-NEWTON/.venv/lib/python3.12/site-packages/rsl_rl/utils/utils.py:243: UserWarning: The observation configuration dictionary 'obs_groups' does not contain the 'critic' key. As an observation group with the name 'critic' was found, this is assumed to be the appropriate observation. Consider adding the 'critic' key to the 'obs_groups' dictionary for clarity. This behavior will be removed in a future version.
  warnings.warn(
--------------------------------------------------------------------------------
Resolved observation sets: 
	 actor :  ['policy']
	 critic :  ['critic']
--------------------------------------------------------------------------------
Actor Model: MLPModel(
  (obs_normalizer): Identity()
  (distribution): GaussianDistribution()
  (mlp): MLP(
    (0): Linear(in_features=470, out_features=256, bias=True)
    (1): ELU(alpha=1.0)
    (2): Linear(in_features=256, out_features=256, bias=True)
    (3): ELU(alpha=1.0)
    (4): Linear(in_features=256, out_features=128, bias=True)
    (5): ELU(alpha=1.0)
    (6): Linear(in_features=128, out_features=29, bias=True)
  )
)
Critic Model: MLPModel(
  (obs_normalizer): Identity()
  (mlp): MLP(
    (0): Linear(in_features=640, out_features=512, bias=True)
    (1): ELU(alpha=1.0)
    (2): Linear(in_features=512, out_features=256, bias=True)
    (3): ELU(alpha=1.0)
    (4): Linear(in_features=256, out_features=128, bias=True)
    (5): ELU(alpha=1.0)
    (6): Linear(in_features=128, out_features=1, bias=True)
  )
)
Storing git diff for 'WBC-AGILE-NEWTON' in: /workspace/WBC-AGILE-NEWTON/logs/rsl_rl/height_tracking_g1/2026-09-02_17-39-19_height_tracking_g1/git/WBC-AGILE-NEWTON.diff
################################################################################
[1m                            Learning iteration 0/60                             [0m 

                               Run name: height_tracking_g1
                            Total steps: 98304 
                       Steps per second: 19423 
                        Collection time: 4.489s 
                          Learning time: 0.572s 
                        Mean value loss: 7.4790
                    Mean surrogate loss: 0.0329
                      Mean entropy loss: 41.0925
                     Mean symmetry loss: 0.0028
                   Mean l2c2_actor loss: 0.0011
                  Mean l2c2_critic loss: 0.0068
                            Mean reward: -45.49
                    Mean episode length: 16.36
                        Mean action std: 1.00
                    Entropy coefficient: 0.002500
           Episode_Reward/torque_limits: -0.0247
              Episode_Reward/torso_slam: -0.0228
           Episode_Reward/torso_upright: 0.0000
              Episode_Reward/relaxation: -0.1458
              Episode_Reward/not_moving: -0.0459
         Episode_Reward/ground_unloaded: -0.0135
               Episode_Reward/flat_feet: -0.0282
              Episode_Reward/feet_slide: -0.0144
            Episode_Reward/joint_vel_l2: -0.0270
        Episode_Reward/joint_pos_limits: -0.0002
           Episode_Reward/body_velocity: -0.1656
        Curriculum/random_fallen_states: 0.0000
     Episode_Reward/completely_airborne: -0.3761
               Curriculum/adaptive_lift: 1.0000
           Curriculum/polish_torso_slam: -5.0000
           Episode_Reward/feet_distance: -0.0035
      Episode_Reward/base_height_medium: 0.0484
             Episode_Reward/ground_slam: -0.0428
         Episode_Reward/severely_tilted: -0.0002
    Episode_Reward/joint_tracking_error: -0.0684
           Curriculum/polish_not_moving: -1.0000
           Episode_Termination/time_out: 0.0165
         Curriculum/polish_joint_vel_l2: -0.0010
        Episode_Reward/joint_torques_l2: -0.0204
           Episode_Reward/feet_yaw_mean: -0.0133
        Episode_Reward/illegal_contacts: -0.0012
      Episode_Termination/invalid_state: 0.0000
        Episode_Reward/joint_vel_limits: -0.0000
           Episode_Reward/ankle_torques: -0.0052
             Episode_Reward/action_rate: -0.9196
           Episode_Reward/forward_pitch: -0.0115
 Episode_Reward/joint_deviation_l1_arms: -0.0129
            Episode_Reward/joint_acc_l2: -0.0024
      Episode_Reward/joint_deviation_l1: -0.0318
              Episode_Reward/torso_roll: -0.0277
        Episode_Reward/base_height_fine: 0.0747
       Episode_Reward/base_height_rough: 0.0330
  Episode_Reward/feet_distance_standing: -0.0056
              Curriculum/terrain_levels: 0.0000
     Curriculum/polish_action_rate_rate: -0.1500
          Curriculum/polish_ground_slam: -1.0000
            Metrics/height/height_error: 0.0000
        Episode_Reward/action_rate_rate: -0.3967
--------------------------------------------------------------------------------
                         Iteration time: 5.06s
                           Time elapsed: 0:00:05
                                    ETA: 0:04:58

################################################################################
[1m                            Learning iteration 1/60                             [0m 

                               Run name: height_tracking_g1
                            Total steps: 196608 
                       Steps per second: 28647 
                        Collection time: 2.970s 
                          Learning time: 0.462s 
                        Mean value loss: 11.5088
                    Mean surrogate loss: 0.0077
                      Mean entropy loss: 41.0574
                     Mean symmetry loss: 0.0020
                   Mean l2c2_actor loss: 0.0011
                  Mean l2c2_critic loss: 0.0255
                            Mean reward: -148.94
                    Mean episode length: 40.65
                        Mean action std: 1.00
                    Entropy coefficient: 0.002500
           Episode_Reward/torque_limits: -0.0891
              Episode_Reward/torso_slam: -0.0770
           Episode_Reward/torso_upright: 0.0000
              Episode_Reward/relaxation: -0.4421
              Episode_Reward/not_moving: -0.2116
         Episode_Reward/ground_unloaded: -0.0472
               Episode_Reward/flat_feet: -0.0972
              Episode_Reward/feet_slide: -0.0429
            Episode_Reward/joint_vel_l2: -0.1049
        Episode_Reward/joint_pos_limits: -0.0011
           Episode_Reward/body_velocity: -1.4951
        Curriculum/random_fallen_states: 0.0000
     Episode_Reward/completely_airborne: -1.2155
               Curriculum/adaptive_lift: 0.9999
           Curriculum/polish_torso_slam: -5.0000
           Episode_Reward/feet_distance: -0.0246
      Episode_Reward/base_height_medium: 0.1502
             Episode_Reward/ground_slam: -0.1590
         Episode_Reward/severely_tilted: -0.0131
    Episode_Reward/joint_tracking_error: -0.2725
           Curriculum/polish_not_moving: -1.0000
           Episode_Termination/time_out: 0.0474
         Curriculum/polish_joint_vel_l2: -0.0010
        Episode_Reward/joint_torques_l2: -0.0647
           Episode_Reward/feet_yaw_mean: -0.0666
        Episode_Reward/illegal_contacts: -0.0069
      Episode_Termination/invalid_state: 0.0034
        Episode_Reward/joint_vel_limits: -0.0002
           Episode_Reward/ankle_torques: -0.0138
             Episode_Reward/action_rate: -2.6866
           Episode_Reward/forward_pitch: -0.0545
 Episode_Reward/joint_deviation_l1_arms: -0.0591
            Episode_Reward/joint_acc_l2: -0.0100
      Episode_Reward/joint_deviation_l1: -0.1048
              Episode_Reward/torso_roll: -0.0944
        Episode_Reward/base_height_fine: 0.2356
       Episode_Reward/base_height_rough: 0.1003
  Episode_Reward/feet_distance_standing: -0.0331
              Curriculum/terrain_levels: 0.0000
     Curriculum/polish_action_rate_rate: -0.1500
          Curriculum/polish_ground_slam: -1.0000
            Metrics/height/height_error: 0.0000
        Episode_Reward/action_rate_rate: -1.1897
--------------------------------------------------------------------------------
                         Iteration time: 3.43s
                           Time elapsed: 0:00:08
                                    ETA: 0:04:06

################################################################################
[1m                            Learning iteration 2/60                             [0m 

                               Run name: height_tracking_g1
                            Total steps: 294912 
                       Steps per second: 28095 
                        Collection time: 3.040s 
                          Learning time: 0.459s 
                        Mean value loss: 11.3343
                    Mean surrogate loss: -0.0079
                      Mean entropy loss: 40.9337
                     Mean symmetry loss: 0.0008
                   Mean l2c2_actor loss: 0.0012
                  Mean l2c2_critic loss: 0.0273
                            Mean reward: -243.04
                    Mean episode length: 63.78
                        Mean action std: 0.99
                    Entropy coefficient: 0.002500
           Episode_Reward/torque_limits: -0.1591
              Episode_Reward/torso_slam: -0.1546
           Episode_Reward/torso_upright: -0.0022
              Episode_Reward/relaxation: -0.7693
              Episode_Reward/not_moving: -0.3434
         Episode_Reward/ground_unloaded: -0.0759
               Episode_Reward/flat_feet: -0.1733
              Episode_Reward/feet_slide: -0.0738
            Episode_Reward/joint_vel_l2: -0.1861
        Episode_Reward/joint_pos_limits: -0.0020
           Episode_Reward/body_velocity: -3.1747
        Curriculum/random_fallen_states: 0.0000
     Episode_Reward/completely_airborne: -2.0566
               Curriculum/adaptive_lift: 0.9983
           Curriculum/polish_torso_slam: -5.0000
           Episode_Reward/feet_distance: -0.0603
      Episode_Reward/base_height_medium: 0.2401
             Episode_Reward/ground_slam: -0.4390
         Episode_Reward/severely_tilted: -0.0263
    Episode_Reward/joint_tracking_error: -0.5018
           Curriculum/polish_not_moving: -1.0000
           Episode_Termination/time_out: 0.0792
         Curriculum/polish_joint_vel_l2: -0.0010
        Episode_Reward/joint_torques_l2: -0.1090
           Episode_Reward/feet_yaw_mean: -0.1396
        Episode_Reward/illegal_contacts: -0.0156
      Episode_Termination/invalid_state: 0.0150
        Episode_Reward/joint_vel_limits: -0.0005
           Episode_Reward/ankle_torques: -0.0221
             Episode_Reward/action_rate: -4.4056
           Episode_Reward/forward_pitch: -0.0927
 Episode_Reward/joint_deviation_l1_arms: -0.1013
            Episode_Reward/joint_acc_l2: -0.0152
      Episode_Reward/joint_deviation_l1: -0.1670
              Episode_Reward/torso_roll: -0.1603
        Episode_Reward/base_height_fine: 0.3708
       Episode_Reward/base_height_rough: 0.1639
  Episode_Reward/feet_distance_standing: -0.0728
              Curriculum/terrain_levels: 0.0000
     Curriculum/polish_action_rate_rate: -0.1500
          Curriculum/polish_ground_slam: -1.0000
            Metrics/height/height_error: 0.0000
        Episode_Reward/action_rate_rate: -1.9630
--------------------------------------------------------------------------------
                         Iteration time: 3.50s
                           Time elapsed: 0:00:11
                                    ETA: 0:03:47

################################################################################
[1m                            Learning iteration 3/60                             [0m 

                               Run name: height_tracking_g1
                            Total steps: 393216 
                       Steps per second: 29879 
                        Collection time: 2.860s 
                          Learning time: 0.430s 
                        Mean value loss: 11.3417
                    Mean surrogate loss: -0.0120
                      Mean entropy loss: 40.8687
                     Mean symmetry loss: 0.0006
                   Mean l2c2_actor loss: 0.0014
                  Mean l2c2_critic loss: 0.0240
                            Mean reward: -337.66
                    Mean episode length: 82.40
                        Mean action std: 0.99
                    Entropy coefficient: 0.002500
           Episode_Reward/torque_limits: -0.2179
              Episode_Reward/torso_slam: -0.1937
           Episode_Reward/torso_upright: -0.0044
              Episode_Reward/relaxation: -1.0136
              Episode_Reward/not_moving: -0.4794
         Episode_Reward/ground_unloaded: -0.1064
               Episode_Reward/flat_feet: -0.2380
              Episode_Reward/feet_slide: -0.0991
            Episode_Reward/joint_vel_l2: -0.2578
        Episode_Reward/joint_pos_limits: -0.0029
           Episode_Reward/body_velocity: -4.9323
        Curriculum/random_fallen_states: 0.0000
     Episode_Reward/completely_airborne: -2.7912
               Curriculum/adaptive_lift: 0.9959
           Curriculum/polish_torso_slam: -5.0000
           Episode_Reward/feet_distance: -0.0903
      Episode_Reward/base_height_medium: 0.3191
             Episode_Reward/ground_slam: -0.6854
         Episode_Reward/severely_tilted: -0.0327
    Episode_Reward/joint_tracking_error: -0.6982
           Curriculum/polish_not_moving: -1.0000
           Episode_Termination/time_out: 0.1124
         Curriculum/polish_joint_vel_l2: -0.0010
        Episode_Reward/joint_torques_l2: -0.1481
           Episode_Reward/feet_yaw_mean: -0.2221
        Episode_Reward/illegal_contacts: -0.0231
      Episode_Termination/invalid_state: 0.0304
        Episode_Reward/joint_vel_limits: -0.0007
           Episode_Reward/ankle_torques: -0.0302
             Episode_Reward/action_rate: -5.7380
           Episode_Reward/forward_pitch: -0.1300
 Episode_Reward/joint_deviation_l1_arms: -0.1440
            Episode_Reward/joint_acc_l2: -0.0213
      Episode_Reward/joint_deviation_l1: -0.2235
              Episode_Reward/torso_roll: -0.2144
        Episode_Reward/base_height_fine: 0.4858
       Episode_Reward/base_height_rough: 0.2183
  Episode_Reward/feet_distance_standing: -0.1090
              Curriculum/terrain_levels: 0.0000
     Curriculum/polish_action_rate_rate: -0.1500
          Curriculum/polish_ground_slam: -1.0000
            Metrics/height/height_error: 0.0000
        Episode_Reward/action_rate_rate: -2.5618
--------------------------------------------------------------------------------
                         Iteration time: 3.29s
                           Time elapsed: 0:00:15
                                    ETA: 0:03:33

################################################################################
[1m                            Learning iteration 4/60                             [0m 

                               Run name: height_tracking_g1
                            Total steps: 491520 
                       Steps per second: 28648 
                        Collection time: 2.973s 
                          Learning time: 0.459s 
                        Mean value loss: 10.5422
                    Mean surrogate loss: -0.0115
                      Mean entropy loss: 40.8089
                     Mean symmetry loss: 0.0007
                   Mean l2c2_actor loss: 0.0017
                  Mean l2c2_critic loss: 0.0211
                            Mean reward: -406.44
                    Mean episode length: 96.05
                        Mean action std: 0.99
                    Entropy coefficient: 0.002500
           Episode_Reward/torque_limits: -0.2729
              Episode_Reward/torso_slam: -0.2647
           Episode_Reward/torso_upright: -0.0042
              Episode_Reward/relaxation: -1.2693
              Episode_Reward/not_moving: -0.5634
         Episode_Reward/ground_unloaded: -0.1313
               Episode_Reward/flat_feet: -0.3022
              Episode_Reward/feet_slide: -0.1247
            Episode_Reward/joint_vel_l2: -0.3181
        Episode_Reward/joint_pos_limits: -0.0037
           Episode_Reward/body_velocity: -6.6995
        Curriculum/random_fallen_states: 0.0000
     Episode_Reward/completely_airborne: -3.4642
               Curriculum/adaptive_lift: 0.9935
           Curriculum/polish_torso_slam: -5.0000
           Episode_Reward/feet_distance: -0.1076
      Episode_Reward/base_height_medium: 0.3718
             Episode_Reward/ground_slam: -0.9019
         Episode_Reward/severely_tilted: -0.0449
    Episode_Reward/joint_tracking_error: -0.8728
           Curriculum/polish_not_moving: -1.0000
           Episode_Termination/time_out: 0.1393
         Curriculum/polish_joint_vel_l2: -0.0010
        Episode_Reward/joint_torques_l2: -0.1790
           Episode_Reward/feet_yaw_mean: -0.2892
        Episode_Reward/illegal_contacts: -0.0294
      Episode_Termination/invalid_state: 0.0465
        Episode_Reward/joint_vel_limits: -0.0008
           Episode_Reward/ankle_torques: -0.0348
             Episode_Reward/action_rate: -6.9904
           Episode_Reward/forward_pitch: -0.1741
 Episode_Reward/joint_deviation_l1_arms: -0.1757
            Episode_Reward/joint_acc_l2: -0.0249
      Episode_Reward/joint_deviation_l1: -0.2645
              Episode_Reward/torso_roll: -0.2696
        Episode_Reward/base_height_fine: 0.5714
       Episode_Reward/base_height_rough: 0.2574
  Episode_Reward/feet_distance_standing: -0.1272
              Curriculum/terrain_levels: 0.0000
     Curriculum/polish_action_rate_rate: -0.1500
          Curriculum/polish_ground_slam: -1.0000
            Metrics/height/height_error: 0.1002
        Episode_Reward/action_rate_rate: -3.1288
--------------------------------------------------------------------------------
                         Iteration time: 3.43s
                           Time elapsed: 0:00:18
                                    ETA: 0:03:25

nefc overflow - please increase njmax to 350
################################################################################
[1m                            Learning iteration 5/60                             [0m 

                               Run name: height_tracking_g1
                            Total steps: 589824 
                       Steps per second: 26803 
                        Collection time: 3.211s 
                          Learning time: 0.456s 
                        Mean value loss: 6456151366225101.0000
                    Mean surrogate loss: 0.0080
                      Mean entropy loss: 40.8097
                     Mean symmetry loss: 230733840069427.1875
                   Mean l2c2_actor loss: 0.0017
                  Mean l2c2_critic loss: 0.0123
                            Mean reward: -2408164989780035108864.00
                    Mean episode length: 107.80
                        Mean action std: 0.99
                    Entropy coefficient: 0.002500
           Episode_Reward/torque_limits: -26879788.0000
              Episode_Reward/torso_slam: -0.2312
           Episode_Reward/torso_upright: -0.0044
              Episode_Reward/relaxation: -2754856619962531840.0000
              Episode_Reward/not_moving: -0.6225
         Episode_Reward/ground_unloaded: -0.1355
               Episode_Reward/flat_feet: -0.3422
              Episode_Reward/feet_slide: -0.1457
            Episode_Reward/joint_vel_l2: -514506570613129216.0000
        Episode_Reward/joint_pos_limits: -2582607.7500
           Episode_Reward/body_velocity: -54733930723247390720.0000
        Curriculum/random_fallen_states: 0.0000
     Episode_Reward/completely_airborne: -3.9384
               Curriculum/adaptive_lift: 0.9911
           Curriculum/polish_torso_slam: -5.0000
           Episode_Reward/feet_distance: -0.1267
      Episode_Reward/base_height_medium: 0.4144
             Episode_Reward/ground_slam: -1.4382
         Episode_Reward/severely_tilted: -0.0400
    Episode_Reward/joint_tracking_error: -2036559417431818240.0000
           Curriculum/polish_not_moving: -1.0000
           Episode_Termination/time_out: 0.1605
         Curriculum/polish_joint_vel_l2: -0.0010
        Episode_Reward/joint_torques_l2: -0.2044
           Episode_Reward/feet_yaw_mean: -0.3548
        Episode_Reward/illegal_contacts: -0.0330
      Episode_Termination/invalid_state: 0.0649
        Episode_Reward/joint_vel_limits: -0.0010
           Episode_Reward/ankle_torques: -0.0429
             Episode_Reward/action_rate: -2575185618141184.0000
           Episode_Reward/forward_pitch: -0.1946
 Episode_Reward/joint_deviation_l1_arms: -0.1925
            Episode_Reward/joint_acc_l2: -689450698932224.0000
      Episode_Reward/joint_deviation_l1: -0.2817
              Episode_Reward/torso_roll: -0.3034
        Episode_Reward/base_height_fine: 0.6292
       Episode_Reward/base_height_rough: 0.2886
  Episode_Reward/feet_distance_standing: -0.1370
              Curriculum/terrain_levels: 0.0000
     Curriculum/polish_action_rate_rate: -0.1500
          Curriculum/polish_ground_slam: -1.0000
            Metrics/height/height_error: 0.0990
        Episode_Reward/action_rate_rate: -386277882986496.0000
--------------------------------------------------------------------------------
                         Iteration time: 3.67s
                           Time elapsed: 0:00:22
                                    ETA: 0:03:21


==============================================================================
[watchdog] FIRST NON-FINITE at env-step 156
[watchdog] leading quantity: joint_pos
[watchdog] envs affected: 1 / 4096   first env: 1941
[watchdog] episode_length_buf[1941] = 0 (0 means it reset this step)

[watchdog] all quantities THIS step (env 1941):
    root_pos_w               finite      absmax=26.25
    root_quat_w              finite      absmax=0.8267
    root_lin_vel_w           finite      absmax=0
    root_ang_vel_w           finite      absmax=0
    joint_pos                NON-FINITE  absmax=nan
    joint_vel                NON-FINITE  absmax=nan
    joint_acc                NON-FINITE  absmax=nan
    applied_torque           finite      absmax=139
    contact_net_forces_w     finite      absmax=0

[watchdog] PREVIOUS step (env 1941) -- the last good state:
    root_pos_w               absmax=26.24
    root_quat_w              absmax=0.6034
    root_lin_vel_w           absmax=0
    root_ang_vel_w           absmax=0
    joint_pos                absmax=2.025e+12
    joint_vel                absmax=9.248e+12
    joint_acc                absmax=1.444e+13
    applied_torque           absmax=139
    contact_net_forces_w     absmax=0

[watchdog] max|joint_vel| of env 1941 over the last 10 steps: 5.74e+12 -> 6.14e+12 -> 6.55e+12 -> 6.97e+12 -> 7.56e+12 -> 8.07e+12 -> 8.45e+12 -> 8.86e+12 -> 9.25e+12 -> nan
[watchdog] fastest joints on the last good step: waist_roll_joint=9247890866176.0 rad/s (pos 2025042214912.00), right_hip_roll_joint=3420626616320.0 rad/s (pos 763957149696.00), right_shoulder_roll_joint=2364125478912.0 rad/s (pos 534874554368.00)
[watchdog]   waist_roll_joint: mjc_jnt=14 newton_dof=67954 armature=0.019999999552965164 limited=True range=[-0.5199999213218689, 0.5199999213218689] actfrcrange=[0.0, 0.0]
[watchdog]     qfrc: actuator=0.0 constraint=nan passive=-651738872807424.0 smooth=212695985187055275606016.0
[watchdog]   right_hip_roll_joint: mjc_jnt=8 newton_dof=67948 armature=0.019999999552965164 limited=True range=[-2.967099666595459, 0.5235999226570129] actfrcrange=[0.0, 0.0]
[watchdog]     qfrc: actuator=0.0 constraint=nan passive=-492856120705024.0 smooth=57750464166105169526784.0
[watchdog]   right_shoulder_roll_joint: mjc_jnt=24 newton_dof=67964 armature=0.019999999552965164 limited=True range=[-2.251499652862549, 1.5881999731063843] actfrcrange=[0.0, 0.0]
[watchdog]     qfrc: actuator=0.0 constraint=nan passive=-77327312617472.0 smooth=-64237372508175966666752.0
==============================================================================

Traceback (most recent call last):
  File "/workspace/WBC-AGILE-NEWTON/scripts/train.py", line 221, in <module>
    main()
  File "/workspace/WBC-AGILE-NEWTON/.venv/lib/python3.12/site-packages/isaaclab_tasks/utils/hydra.py", line 485, in wrapper
    _run_hydra(task, env_cfg, agent_cfg, hydra_args, lambda e, a: func(e, a, *args, **kwargs))
  File "/workspace/WBC-AGILE-NEWTON/.venv/lib/python3.12/site-packages/isaaclab_tasks/utils/hydra.py", line 426, in _run_hydra
    callback(env_cfg, agent_cfg)
  File "/workspace/WBC-AGILE-NEWTON/.venv/lib/python3.12/site-packages/isaaclab_tasks/utils/hydra.py", line 485, in <lambda>
    _run_hydra(task, env_cfg, agent_cfg, hydra_args, lambda e, a: func(e, a, *args, **kwargs))
                                                                  ^^^^^^^^^^^^^^^^^^^^^^^^^^^
  File "/workspace/WBC-AGILE-NEWTON/scripts/train.py", line 213, in main
    runner.learn(num_learning_iterations=agent_cfg.max_iterations, init_at_random_ep_len=True)
  File "/workspace/WBC-AGILE-NEWTON/.venv/lib/python3.12/site-packages/rsl_rl/runners/on_policy_runner.py", line 100, in learn
    check_nan(obs, rewards, dones)
  File "/workspace/WBC-AGILE-NEWTON/.venv/lib/python3.12/site-packages/rsl_rl/utils/utils.py", line 279, in check_nan
    raise ValueError(
ValueError: The observation group 'policy' returned by the environment contains NaN values. This usually indicates a bug in the environment's step() or reset() function.
EXIT=0
