The '--headless' CLI argument is deprecated. Omit '--viz' for default headless. If config visualizers are enabled and you want to force headless, use '--viz none'.
Loading user config located at: '/workspace/WBC-AGILE-NEWTON/.venv/lib/python3.12/site-packages/isaacsim/kit/data/Kit/IsaacLab/3.0/user.config.json'
2026-09-02T06:35:29Z [0ms] [Warning] [omni.ext.plugin] [ext: isaaclab_visualizers] Extensions config 'extension.toml' doesn't exist '/workspace/WBC-AGILE-NEWTON/.venv/lib/python3.12/site-packages/isaaclab/source/isaaclab_visualizers' or '/workspace/WBC-AGILE-NEWTON/.venv/lib/python3.12/site-packages/isaaclab/source/isaaclab_visualizers/config'
WARNING: All log messages before absl::InitializeLog() is called are written to STDERR
E0000 00:00:1788330929.431571  474495 descriptor_database.cc:633] File already exists in database: grpc/health/v1/health.proto
W0000 00:00:1788330929.431595  474495 message.cc:301] Protobuf GeneratedMessageFactory: File is already registered: grpc/health/v1/health.proto
2026-09-02T06:35:29Z [388ms] [Warning] [omni.usd_config.extension] Enable omni.materialx.libs extension to use MaterialX
2026-09-02T06:35:29Z [406ms] [Warning] [omni.platforminfo.plugin] failed to open the default display.  Can't verify X Server version.
2026-09-02T06:35:29Z [436ms] [Error] [omni.ext.plugin] Could not load the dynamic library from /workspace/WBC-AGILE-NEWTON/.venv/lib/python3.12/site-packages/isaacsim/extscache/omni.usd.libs-1.0.3+6312fa25.lx64.r.cp312/bin/libMaterialXRenderHw.so. Error: libXt.so.6: cannot open shared object file: No such file or directory (note that this may be caused by a dependent library)
2026-09-02T06:35:29Z [436ms] [Error] [omni.ext.plugin] Could not load the dynamic library from /workspace/WBC-AGILE-NEWTON/.venv/lib/python3.12/site-packages/isaacsim/extscache/omni.usd.libs-1.0.3+6312fa25.lx64.r.cp312/bin/libMaterialXRenderGlsl.so. Error: libXt.so.6: cannot open shared object file: No such file or directory (note that this may be caused by a dependent library)
2026-09-02T06:35:29Z [437ms] [Error] [omni.ext.plugin] Could not load the dynamic library from /workspace/WBC-AGILE-NEWTON/.venv/lib/python3.12/site-packages/isaacsim/extscache/omni.usd.libs-1.0.3+6312fa25.lx64.r.cp312/bin/libusd_usdBakeMtlx.so. Error: libXt.so.6: cannot open shared object file: No such file or directory (note that this may be caused by a dependent library)
2026-09-02T06:35:30Z [1,019ms] [Warning] [isaacsim.core.simulation_manager.plugin] USD stage is not available; stage-opened subscription is deferred
2026-09-02T06:35:30Z [1,019ms] [Warning] [isaacsim.core.simulation_manager.plugin] USD stage is not available; stage-opened subscription is deferred
[ISAACLAB] AppLauncher initialization complete
[INFO]: Parsing configuration from: agile.rl_env.tasks.stand_up.g1.height_tracking_env_cfg:G1HeightTrackingEnvCfg
[INFO]: Parsing configuration from: agile.rl_env.tasks.stand_up.g1.agents.rsl_rl_ppo_cfg:G1HeightTrackingPpoRunnerCfg
[INFO] Logging experiment in directory: /workspace/WBC-AGILE-NEWTON/logs/rsl_rl/height_tracking_g1
Exact experiment name requested from command line: 2026-09-02_06-35-40
[INFO]: Base environment:
	Environment device    : cuda:0
	Environment seed      : 42
	Physics step-size     : 0.005
	Rendering step-size   : 0.02
	Environment step-size : 0.02
[INFO] Generating terrains based on curriculum took Last: 0.220120 s
[INFO]: Registered backend 'newton' for factory Articulation.
[INFO]: Setting variant selection 'PhysX' for variant set 'Physics' on prim '/World/envs/env_0/Robot'.
[INFO]: Setting variant selection 'None' for variant set 'left_hand' on prim '/World/envs/env_0/Robot'.
[INFO]: Setting variant selection 'None' for variant set 'right_hand' on prim '/World/envs/env_0/Robot'.
[INFO]: Registered backend 'newton' for factory FrameView.
[INFO]: Registered backend 'newton' for factory ContactSensor.
[INFO]: Registered backend 'newton' for factory RayCaster.
[INFO]: Time taken for scene creation Last: 7.372998 s, Mean: 7.372998 s, Std: 0.000000 s, N: 1
[INFO]: Scene manager:  <class InteractiveScene>
	Number of environments: 2048
	Environment spacing   : 2.5
	Source prim name      : /World/envs/env_0
	Global prim paths     : ['/World/ground']
	Replicate physics     : True
[INFO]: Dispatching MODEL_INIT callbacks
[INFO]: Finalizing model on device: cuda:0
/workspace/WBC-AGILE-NEWTON/.venv/lib/python3.12/site-packages/isaaclab_newton/physics/newton_manager.py:989: FutureWarning: Newton shape color replacement is enabled; this workaround will be deprecated in a future release.
  replace_newton_shape_colors(cls._model)
Finalize builder took: Last: 5.707040 s, Mean: 5.707040 s, Std: 0.000000 s, N: 1
[INFO]: Dispatching PHYSICS_READY callbacks
[INFO]: Simulation parameters for joints in /World/envs/env_.*/Robot:
+-------------------------------------------------------------------------------------------------------------------------------------------+
|                                     Simulation Joint Information (Prim path: /World/envs/env_.*/Robot)                                    |
+-------+----------------------------+-----------+---------+----------+-----------------+-----------------+-----------------+---------------+
| Index | Name                       | Stiffness | Damping | Armature | Static Friction | Position Limits | Velocity Limits | Effort Limits |
+-------+----------------------------+-----------+---------+----------+-----------------+-----------------+-----------------+---------------+
|   0   | left_hip_pitch_joint       |   0.000   |  0.000  |  0.020   |      0.010      | [-2.531, 2.880] |      32.000     |     88.000    |
|   1   | left_hip_roll_joint        |   0.000   |  0.000  |  0.020   |      0.010      | [-0.524, 2.967] |      32.000     |     88.000    |
|   2   | left_hip_yaw_joint         |   0.000   |  0.000  |  0.020   |      0.010      | [-2.758, 2.758] |      32.000     |     88.000    |
|   3   | left_knee_joint            |   0.000   |  0.000  |  0.020   |      0.010      | [-0.087, 2.880] |      20.000     |    139.000    |
|   4   | left_ankle_pitch_joint     |   0.000   |  0.000  |  0.020   |      0.010      | [-0.873, 0.524] |      37.000     |     50.000    |
|   5   | left_ankle_roll_joint      |   0.000   |  0.000  |  0.020   |      0.010      | [-0.262, 0.262] |      37.000     |     50.000    |
|   6   | right_hip_pitch_joint      |   0.000   |  0.000  |  0.020   |      0.010      | [-2.531, 2.880] |      32.000     |     88.000    |
|   7   | right_hip_roll_joint       |   0.000   |  0.000  |  0.020   |      0.010      | [-2.967, 0.524] |      32.000     |     88.000    |
|   8   | right_hip_yaw_joint        |   0.000   |  0.000  |  0.020   |      0.010      | [-2.758, 2.758] |      32.000     |     88.000    |
|   9   | right_knee_joint           |   0.000   |  0.000  |  0.020   |      0.010      | [-0.087, 2.880] |      20.000     |    139.000    |
|   10  | right_ankle_pitch_joint    |   0.000   |  0.000  |  0.020   |      0.010      | [-0.873, 0.524] |      37.000     |     50.000    |
|   11  | right_ankle_roll_joint     |   0.000   |  0.000  |  0.020   |      0.010      | [-0.262, 0.262] |      37.000     |     50.000    |
|   12  | waist_yaw_joint            |   0.000   |  0.000  |  0.020   |      0.010      | [-2.618, 2.618] |      32.000     |     88.000    |
|   13  | waist_roll_joint           |   0.000   |  0.000  |  0.020   |      0.010      | [-0.520, 0.520] |      37.000     |     50.000    |
|   14  | waist_pitch_joint          |   0.000   |  0.000  |  0.020   |      0.010      | [-0.520, 0.520] |      37.000     |     50.000    |
|   15  | left_shoulder_pitch_joint  |   0.000   |  0.000  |  0.020   |      0.010      | [-3.089, 2.670] |      37.000     |     25.000    |
|   16  | left_shoulder_roll_joint   |   0.000   |  0.000  |  0.020   |      0.010      | [-1.588, 2.251] |      37.000     |     25.000    |
|   17  | left_shoulder_yaw_joint    |   0.000   |  0.000  |  0.020   |      0.010      | [-2.618, 2.618] |      37.000     |     25.000    |
|   18  | left_elbow_joint           |   0.000   |  0.000  |  0.020   |      0.010      | [-1.047, 2.094] |      37.000     |     25.000    |
|   19  | left_wrist_roll_joint      |   0.000   |  0.000  |  0.020   |      0.010      | [-1.972, 1.972] |      37.000     |     25.000    |
|   20  | left_wrist_pitch_joint     |   0.000   |  0.000  |  0.020   |      0.010      | [-1.614, 1.614] |      22.000     |     5.000     |
|   21  | left_wrist_yaw_joint       |   0.000   |  0.000  |  0.020   |      0.010      | [-1.614, 1.614] |      22.000     |     5.000     |
|   22  | right_shoulder_pitch_joint |   0.000   |  0.000  |  0.020   |      0.010      | [-3.089, 2.670] |      37.000     |     25.000    |
|   23  | right_shoulder_roll_joint  |   0.000   |  0.000  |  0.020   |      0.010      | [-2.251, 1.588] |      37.000     |     25.000    |
|   24  | right_shoulder_yaw_joint   |   0.000   |  0.000  |  0.020   |      0.010      | [-2.618, 2.618] |      37.000     |     25.000    |
|   25  | right_elbow_joint          |   0.000   |  0.000  |  0.020   |      0.010      | [-1.047, 2.094] |      37.000     |     25.000    |
|   26  | right_wrist_roll_joint     |   0.000   |  0.000  |  0.020   |      0.010      | [-1.972, 1.972] |      37.000     |     25.000    |
|   27  | right_wrist_pitch_joint    |   0.000   |  0.000  |  0.020   |      0.010      | [-1.614, 1.614] |      22.000     |     5.000     |
|   28  | right_wrist_yaw_joint      |   0.000   |  0.000  |  0.020   |      0.010      | [-1.614, 1.614] |      22.000     |     5.000     |
+-------+----------------------------+-----------+---------+----------+-----------------+-----------------+-----------------+---------------+
[INFO]: Adding contact sensor for /World/envs/env_.*/Robot/.* with filter all bodies/shapes
Contact sensor construction took: Last: 0.061280 s, Mean: 0.061280 s, Std: 0.000000 s, N: 1
[INFO]: Contact sensor initialized with 30 sensors.
[INFO]: Creating buffers for contact sensor data with num_envs: 2048, num_sensors: 30, num_filter_objects: 0, history_length: 3, generate_force_matrix: False, track_air_time: True, track_pose: False, device: cuda:0
[INFO]: Creating buffers for contact sensor data with num_envs: 2048, num_sensors: 30, num_filter_objects: 0, history_length: 3, generate_force_matrix: False, track_air_time: True, track_pose: False, device: cuda:0
[INFO]: Read mesh prim: /World/ground/terrain/mesh with 369728 vertices and 2097240 faces.
Initialize solver took: Last: 2.971267 s, Mean: 2.971267 s, Std: 0.000000 s, N: 1
[INFO]: Newton CUDA graph captured (standard Warp mode)
CUDA graph took: Last: 1.519204 s, Mean: 1.519204 s, Std: 0.000000 s, N: 1
[INFO]: Time taken for simulation start Last: 10.878494 s, Mean: 10.878494 s, Std: 0.000000 s, N: 1
[INFO] Command Manager:  <CommandManager> contains 1 active terms.
+--------------------------------------+
|         Active Command Terms         |
+-------+--------+---------------------+
| Index | Name   |         Type        |
+-------+--------+---------------------+
|   0   | height | SmoothHeightCommand |
+-------+--------+---------------------+

[INFO] Event Manager:  <EventManager> contains 3 active terms.
+----------------------------------------+
| Active Event Terms in Mode: 'startup'  |
+--------+-------------------------------+
| Index  | Name                          |
+--------+-------------------------------+
|   0    | randomize_physics_material    |
|   1    | randomize_actuator_gains      |
|   2    | randomize_bodies_mass         |
|   3    | randomize_base_mass           |
|   4    | randomize_base_com            |
+--------+-------------------------------+
+---------------------------------------------------------------------------+
|                   Active Event Terms in Mode: 'interval'                  |
+-------+-----------------------------------------+-------------------------+
| Index | Name                                    | Interval time range (s) |
+-------+-----------------------------------------+-------------------------+
|   0   | push_robot                              |       (0.0, 10.0)       |
|   1   | apply_external_force_torque             |       (0.0, 10.0)       |
|   2   | apply_external_force_torque_extremities |       (0.0, 10.0)       |
+-------+-----------------------------------------+-------------------------+
+----------------------------------+
| Active Event Terms in Mode: 'reset' |
+------------+---------------------+
|   Index    | Name                |
+------------+---------------------+
|     0      | reset_base          |
+------------+---------------------+

[INFO] Recorder Manager:  <RecorderManager> contains 0 active terms.
+---------------------+
| Active Recorder Terms |
+-----------+---------+
|   Index   | Name    |
+-----------+---------+
+-----------+---------+

[INFO]: Resolved joint names for the action term JointPositionAction: ['left_hip_pitch_joint', 'left_hip_roll_joint', 'left_hip_yaw_joint', 'left_knee_joint', 'left_ankle_pitch_joint', 'left_ankle_roll_joint', 'right_hip_pitch_joint', 'right_hip_roll_joint', 'right_hip_yaw_joint', 'right_knee_joint', 'right_ankle_pitch_joint', 'right_ankle_roll_joint', 'waist_yaw_joint', 'waist_roll_joint', 'waist_pitch_joint', 'left_shoulder_pitch_joint', 'left_shoulder_roll_joint', 'left_shoulder_yaw_joint', 'left_elbow_joint', 'left_wrist_roll_joint', 'left_wrist_pitch_joint', 'left_wrist_yaw_joint', 'right_shoulder_pitch_joint', 'right_shoulder_roll_joint', 'right_shoulder_yaw_joint', 'right_elbow_joint', 'right_wrist_roll_joint', 'right_wrist_pitch_joint', 'right_wrist_yaw_joint'] [[0, 1, 2, 3, 4, 5, 6, 7, 8, 9, 10, 11, 12, 13, 14, 15, 16, 17, 18, 19, 20, 21, 22, 23, 24, 25, 26, 27, 28]]
[INFO] Action Manager:  <ActionManager> contains 2 active terms.
+------------------------------------+
|  Active Action Terms (shape: 29)   |
+--------+-------------+-------------+
| Index  | Name        |   Dimension |
+--------+-------------+-------------+
|   0    | joint_pos   |          29 |
|   1    | lift        |           0 |
+--------+-------------+-------------+

[INFO] Observation Manager: <ObservationManager> contains 2 groups.
+----------------------------------------------+
| Active Observation Terms in Group: 'policy'  |
+---------+------------------------+-----------+
|  Index  | Name                   |   Shape   |
+---------+------------------------+-----------+
|    0    | base_ang_vel           |   (5, 3)  |
|    1    | projected_gravity      |   (5, 3)  |
|    2    | joint_pos              |  (5, 29)  |
|    3    | joint_vel              |  (5, 29)  |
|    4    | actions                |  (5, 29)  |
|    5    | height_command         |   (5, 1)  |
+---------+------------------------+-----------+
+----------------------------------------------+
| Active Observation Terms in Group: 'critic'  |
+---------+------------------------+-----------+
|  Index  | Name                   |   Shape   |
+---------+------------------------+-----------+
|    0    | projected_gravity      |   (5, 3)  |
|    1    | base_lin_vel           |   (5, 3)  |
|    2    | base_ang_vel           |   (5, 3)  |
|    3    | joint_pos              |  (5, 29)  |
|    4    | joint_vel              |  (5, 29)  |
|    5    | actions                |  (5, 29)  |
|    6    | contact_forces         |  (5, 30)  |
|    7    | base_height            |   (5, 1)  |
|    8    | height_command         |   (5, 1)  |
+---------+------------------------+-----------+

[INFO] Termination Manager:  <TerminationManager> contains 2 active terms.
+----------------------------------+
|     Active Termination Terms     |
+-------+---------------+----------+
| Index | Name          | Time Out |
+-------+---------------+----------+
|   0   | time_out      |   True   |
|   1   | invalid_state |  False   |
+-------+---------------+----------+

[INFO] Reward Manager:  <RewardManager> contains 32 active terms.
+--------------------------------------------+
|            Active Reward Terms             |
+-------+-------------------------+----------+
| Index | Name                    |   Weight |
+-------+-------------------------+----------+
|   0   | joint_torques_l2        |   -5e-05 |
|   1   | torque_limits           |    -0.01 |
|   2   | joint_acc_l2            | -2.5e-08 |
|   3   | joint_pos_limits        |     -0.1 |
|   4   | joint_vel_limits        |    -0.01 |
|   5   | action_rate             |     -1.0 |
|   6   | action_rate_rate        |    -0.15 |
|   7   | joint_vel_l2            |   -0.001 |
|   8   | joint_tracking_error    |     -0.5 |
|   9   | base_height_rough       |      4.0 |
|   10  | base_height_medium      |      8.0 |
|   11  | base_height_fine        |     16.0 |
|   12  | relaxation              |     -1.0 |
|   13  | joint_deviation_l1      |     -0.5 |
|   14  | joint_deviation_l1_arms |     -0.5 |
|   15  | ankle_torques           |   -0.001 |
|   16  | not_moving              |     -1.0 |
|   17  | torso_upright           |     -1.0 |
|   18  | severely_tilted         |     -5.0 |
|   19  | torso_roll              |     -5.0 |
|   20  | forward_pitch           |    -10.0 |
|   21  | illegal_contacts        |     -2.0 |
|   22  | feet_distance           |     -5.0 |
|   23  | feet_distance_standing  |    -10.0 |
|   24  | ground_unloaded         |     -2.0 |
|   25  | flat_feet               |     -1.0 |
|   26  | feet_slide              |     -1.0 |
|   27  | feet_yaw_mean           |     -2.0 |
|   28  | completely_airborne     |    -50.0 |
|   29  | body_velocity           |     -0.1 |
|   30  | ground_slam             |     -1.0 |
|   31  | torso_slam              |     -5.0 |
+-------+-------------------------+----------+

[INFO] Curriculum Manager:  <CurriculumManager> contains 8 active terms.
+---------------------------------+
|     Active Curriculum Terms     |
+-------+-------------------------+
| Index | Name                    |
+-------+-------------------------+
|   0   | adaptive_lift           |
|   1   | terrain_levels          |
|   2   | polish_action_rate_rate |
|   3   | polish_ground_slam      |
|   4   | polish_torso_slam       |
|   5   | polish_not_moving       |
|   6   | polish_joint_vel_l2     |
|   7   | random_fallen_states    |
+-------+-------------------------+

/workspace/WBC-AGILE-NEWTON/.venv/lib/python3.12/site-packages/isaaclab/source/isaaclab/isaaclab/envs/mdp/events.py:742: UserWarning: In Newton, body com pose always has unit quaternion. Consider using body_com_pos_b instead.Querying this property requires appending a unit quaternion to the position which is expensive.
  self.default_com = self.asset.data.body_com_pose_b.torch.clone()
[INFO]: Completed setting up the environment...
/workspace/WBC-AGILE-NEWTON/.venv/lib/python3.12/site-packages/rsl_rl/utils/utils.py:220: UserWarning: The observation configuration dictionary 'obs_groups' is empty and thus likely not configured. Consider configuring the 'obs_groups' dictionary explicitly
  warnings.warn(
/workspace/WBC-AGILE-NEWTON/.venv/lib/python3.12/site-packages/rsl_rl/utils/utils.py:251: UserWarning: The observation configuration dictionary 'obs_groups' does not contain the 'actor' key. As an observation group with the name 'policy' was found, this is assumed to be the appropriate observation. Consider adding the 'actor' key to the 'obs_groups' dictionary for clarity. This behavior will be removed in a future version.
  warnings.warn(
/workspace/WBC-AGILE-NEWTON/.venv/lib/python3.12/site-packages/rsl_rl/utils/utils.py:243: UserWarning: The observation configuration dictionary 'obs_groups' does not contain the 'critic' key. As an observation group with the name 'critic' was found, this is assumed to be the appropriate observation. Consider adding the 'critic' key to the 'obs_groups' dictionary for clarity. This behavior will be removed in a future version.
  warnings.warn(
--------------------------------------------------------------------------------
Resolved observation sets: 
	 actor :  ['policy']
	 critic :  ['critic']
--------------------------------------------------------------------------------
Actor Model: MLPModel(
  (obs_normalizer): Identity()
  (distribution): GaussianDistribution()
  (mlp): MLP(
    (0): Linear(in_features=470, out_features=256, bias=True)
    (1): ELU(alpha=1.0)
    (2): Linear(in_features=256, out_features=256, bias=True)
    (3): ELU(alpha=1.0)
    (4): Linear(in_features=256, out_features=128, bias=True)
    (5): ELU(alpha=1.0)
    (6): Linear(in_features=128, out_features=29, bias=True)
  )
)
Critic Model: MLPModel(
  (obs_normalizer): Identity()
  (mlp): MLP(
    (0): Linear(in_features=640, out_features=512, bias=True)
    (1): ELU(alpha=1.0)
    (2): Linear(in_features=512, out_features=256, bias=True)
    (3): ELU(alpha=1.0)
    (4): Linear(in_features=256, out_features=128, bias=True)
    (5): ELU(alpha=1.0)
    (6): Linear(in_features=128, out_features=1, bias=True)
  )
)
Storing git diff for 'WBC-AGILE-NEWTON' in: /workspace/WBC-AGILE-NEWTON/logs/rsl_rl/height_tracking_g1/2026-09-02_06-35-40_height_tracking_g1/git/WBC-AGILE-NEWTON.diff
################################################################################
[1m                            Learning iteration 0/30                             [0m 

                               Run name: height_tracking_g1
                            Total steps: 49152 
                       Steps per second: 18908 
                        Collection time: 2.345s 
                          Learning time: 0.255s 
                        Mean value loss: 6.3680
                    Mean surrogate loss: 0.0256
                      Mean entropy loss: 41.1035
                     Mean symmetry loss: 0.0033
                   Mean l2c2_actor loss: 0.0014
                  Mean l2c2_critic loss: 0.0154
                            Mean reward: -33.28
                    Mean episode length: 12.35
                        Mean action std: 1.00
                    Entropy coefficient: 0.002500
              Episode_Reward/feet_slide: -0.0174
            Metrics/height/height_error: 0.0000
      Episode_Termination/invalid_state: 0.0003
         Curriculum/polish_joint_vel_l2: -0.0010
           Episode_Reward/torque_limits: -0.0228
           Episode_Reward/feet_distance: -0.0018
         Episode_Reward/ground_unloaded: -0.0136
           Episode_Termination/time_out: 0.0165
               Curriculum/adaptive_lift: 1.0000
              Episode_Reward/not_moving: -0.0522
           Episode_Reward/body_velocity: -0.2651
           Curriculum/polish_not_moving: -1.0000
 Episode_Reward/joint_deviation_l1_arms: -0.0109
    Episode_Reward/joint_tracking_error: -0.0666
           Episode_Reward/ankle_torques: -0.0063
             Episode_Reward/action_rate: -0.8134
          Curriculum/polish_ground_slam: -1.0000
              Episode_Reward/torso_slam: -0.1449
            Episode_Reward/joint_acc_l2: -0.0051
      Episode_Reward/base_height_medium: 0.0477
        Curriculum/random_fallen_states: 0.0000
       Episode_Reward/base_height_rough: 0.0327
        Episode_Reward/action_rate_rate: -0.3460
           Episode_Reward/torso_upright: 0.0000
        Episode_Reward/joint_vel_limits: -0.0001
           Episode_Reward/forward_pitch: -0.0108
     Episode_Reward/completely_airborne: -0.0859
             Episode_Reward/ground_slam: -0.0849
        Episode_Reward/joint_torques_l2: -0.0176
              Episode_Reward/relaxation: -0.0914
              Episode_Reward/torso_roll: -0.0273
              Curriculum/terrain_levels: 0.0000
     Curriculum/polish_action_rate_rate: -0.1500
      Episode_Reward/joint_deviation_l1: -0.0226
  Episode_Reward/feet_distance_standing: -0.0018
        Episode_Reward/joint_pos_limits: -0.0002
           Curriculum/polish_torso_slam: -5.0000
            Episode_Reward/joint_vel_l2: -0.0356
           Episode_Reward/feet_yaw_mean: -0.0115
               Episode_Reward/flat_feet: -0.0228
        Episode_Reward/illegal_contacts: -0.0010
         Episode_Reward/severely_tilted: -0.0006
        Episode_Reward/base_height_fine: 0.0718
--------------------------------------------------------------------------------
                         Iteration time: 2.60s
                           Time elapsed: 0:00:02
                                    ETA: 0:01:15

################################################################################
[1m                            Learning iteration 1/30                             [0m 

                               Run name: height_tracking_g1
                            Total steps: 98304 
                       Steps per second: 46089 
                        Collection time: 0.913s 
                          Learning time: 0.154s 
                        Mean value loss: 9.4474
                    Mean surrogate loss: 0.0075
                      Mean entropy loss: 41.0721
                     Mean symmetry loss: 0.0025
                   Mean l2c2_actor loss: 0.0014
                  Mean l2c2_critic loss: 0.0228
                            Mean reward: -108.75
                    Mean episode length: 33.59
                        Mean action std: 1.00
                    Entropy coefficient: 0.002500
              Episode_Reward/feet_slide: -0.0575
            Metrics/height/height_error: nan
      Episode_Termination/invalid_state: 0.0069
         Curriculum/polish_joint_vel_l2: -0.0010
           Episode_Reward/torque_limits: -0.0737
           Episode_Reward/feet_distance: -0.0108
         Episode_Reward/ground_unloaded: -0.0352
           Episode_Termination/time_out: 0.0489
               Curriculum/adaptive_lift: 1.0000
              Episode_Reward/not_moving: -0.1569
           Episode_Reward/body_velocity: -1.2300
           Curriculum/polish_not_moving: -1.0000
 Episode_Reward/joint_deviation_l1_arms: -0.0473
    Episode_Reward/joint_tracking_error: -0.2209
           Episode_Reward/ankle_torques: -0.0172
             Episode_Reward/action_rate: -2.4954
          Curriculum/polish_ground_slam: -1.0000
              Episode_Reward/torso_slam: -0.4030
            Episode_Reward/joint_acc_l2: -0.0153
      Episode_Reward/base_height_medium: 0.1152
        Curriculum/random_fallen_states: 0.0000
       Episode_Reward/base_height_rough: 0.0808
        Episode_Reward/action_rate_rate: -1.1054
           Episode_Reward/torso_upright: 0.0000
        Episode_Reward/joint_vel_limits: -0.0002
           Episode_Reward/forward_pitch: -0.0452
     Episode_Reward/completely_airborne: -0.2893
             Episode_Reward/ground_slam: -0.3505
        Episode_Reward/joint_torques_l2: -0.0560
              Episode_Reward/relaxation: -0.4485
              Episode_Reward/torso_roll: -0.0869
              Curriculum/terrain_levels: 0.0000
     Curriculum/polish_action_rate_rate: -0.1500
      Episode_Reward/joint_deviation_l1: -0.0836
  Episode_Reward/feet_distance_standing: -0.0150
        Episode_Reward/joint_pos_limits: -0.0008
           Curriculum/polish_torso_slam: -5.0000
            Episode_Reward/joint_vel_l2: -0.1126
           Episode_Reward/feet_yaw_mean: -0.0504
               Episode_Reward/flat_feet: -0.0771
        Episode_Reward/illegal_contacts: -0.0087
         Episode_Reward/severely_tilted: -0.0094
        Episode_Reward/base_height_fine: 0.1756
--------------------------------------------------------------------------------
                         Iteration time: 1.07s
                           Time elapsed: 0:00:03
                                    ETA: 0:00:51

################################################################################
[1m                            Learning iteration 2/30                             [0m 

                               Run name: height_tracking_g1
                            Total steps: 147456 
                       Steps per second: 45973 
                        Collection time: 0.918s 
                          Learning time: 0.151s 
                        Mean value loss: 8.6561
                    Mean surrogate loss: -0.0090
                      Mean entropy loss: 40.9789
                     Mean symmetry loss: 0.0012
                   Mean l2c2_actor loss: 0.0017
                  Mean l2c2_critic loss: 0.0255
                            Mean reward: -160.14
                    Mean episode length: 45.20
                        Mean action std: 0.99
                    Entropy coefficient: 0.002500
              Episode_Reward/feet_slide: -0.0827
            Metrics/height/height_error: nan
      Episode_Termination/invalid_state: 0.0198
         Curriculum/polish_joint_vel_l2: -0.0010
           Episode_Reward/torque_limits: -0.1085
           Episode_Reward/feet_distance: -0.0271
         Episode_Reward/ground_unloaded: -0.0535
           Episode_Termination/time_out: 0.0816
               Curriculum/adaptive_lift: 1.0000
              Episode_Reward/not_moving: -0.2474
           Episode_Reward/body_velocity: -2.0904
           Curriculum/polish_not_moving: -1.0000
 Episode_Reward/joint_deviation_l1_arms: -0.0703
    Episode_Reward/joint_tracking_error: -0.3401
           Episode_Reward/ankle_torques: -0.0245
             Episode_Reward/action_rate: -3.5004
          Curriculum/polish_ground_slam: -1.0000
              Episode_Reward/torso_slam: -0.8353
            Episode_Reward/joint_acc_l2: -0.0220
      Episode_Reward/base_height_medium: 0.1965
        Curriculum/random_fallen_states: 0.0000
       Episode_Reward/base_height_rough: 0.1376
        Episode_Reward/action_rate_rate: -1.5580
           Episode_Reward/torso_upright: -0.0018
        Episode_Reward/joint_vel_limits: -0.0004
           Episode_Reward/forward_pitch: -0.0679
     Episode_Reward/completely_airborne: -0.4310
             Episode_Reward/ground_slam: -0.5857
        Episode_Reward/joint_torques_l2: -0.0792
              Episode_Reward/relaxation: -0.5341
              Episode_Reward/torso_roll: -0.1288
              Curriculum/terrain_levels: 0.0000
     Curriculum/polish_action_rate_rate: -0.1500
      Episode_Reward/joint_deviation_l1: -0.1230
  Episode_Reward/feet_distance_standing: -0.0317
        Episode_Reward/joint_pos_limits: -0.0012
           Curriculum/polish_torso_slam: -5.0000
            Episode_Reward/joint_vel_l2: -0.1768
           Episode_Reward/feet_yaw_mean: -0.0959
               Episode_Reward/flat_feet: -0.1253
        Episode_Reward/illegal_contacts: -0.0123
         Episode_Reward/severely_tilted: -0.0148
        Episode_Reward/base_height_fine: 0.2901
--------------------------------------------------------------------------------
                         Iteration time: 1.07s
                           Time elapsed: 0:00:04
                                    ETA: 0:00:42

################################################################################
[1m                            Learning iteration 3/30                             [0m 

                               Run name: height_tracking_g1
                            Total steps: 196608 
                       Steps per second: 46001 
                        Collection time: 0.919s 
                          Learning time: 0.149s 
                        Mean value loss: 8.6650
                    Mean surrogate loss: -0.0053
                      Mean entropy loss: 40.9257
                     Mean symmetry loss: 0.0010
                   Mean l2c2_actor loss: 0.0018
                  Mean l2c2_critic loss: 0.0289
                            Mean reward: -229.73
                    Mean episode length: 65.78
                        Mean action std: 0.99
                    Entropy coefficient: 0.002500
              Episode_Reward/feet_slide: -0.1135
            Metrics/height/height_error: 0.0000
      Episode_Termination/invalid_state: 0.0299
         Curriculum/polish_joint_vel_l2: -0.0010
           Episode_Reward/torque_limits: -0.1586
           Episode_Reward/feet_distance: -0.0508
         Episode_Reward/ground_unloaded: -0.0768
           Episode_Termination/time_out: 0.1116
               Curriculum/adaptive_lift: 1.0000
              Episode_Reward/not_moving: -0.3900
           Episode_Reward/body_velocity: -2.7738
           Curriculum/polish_not_moving: -1.0000
 Episode_Reward/joint_deviation_l1_arms: -0.1044
    Episode_Reward/joint_tracking_error: -0.4939
           Episode_Reward/ankle_torques: -0.0342
             Episode_Reward/action_rate: -5.1051
          Curriculum/polish_ground_slam: -1.0000
              Episode_Reward/torso_slam: -1.2590
            Episode_Reward/joint_acc_l2: -0.0300
      Episode_Reward/base_height_medium: 0.2735
        Curriculum/random_fallen_states: 0.0000
       Episode_Reward/base_height_rough: 0.1835
        Episode_Reward/action_rate_rate: -2.2797
           Episode_Reward/torso_upright: -0.0024
        Episode_Reward/joint_vel_limits: -0.0005
           Episode_Reward/forward_pitch: -0.1013
     Episode_Reward/completely_airborne: -0.5838
             Episode_Reward/ground_slam: -0.8002
        Episode_Reward/joint_torques_l2: -0.1146
              Episode_Reward/relaxation: -0.9097
              Episode_Reward/torso_roll: -0.1785
              Curriculum/terrain_levels: 0.0000
     Curriculum/polish_action_rate_rate: -0.1500
      Episode_Reward/joint_deviation_l1: -0.1675
  Episode_Reward/feet_distance_standing: -0.0557
        Episode_Reward/joint_pos_limits: -0.0017
           Curriculum/polish_torso_slam: -5.0000
            Episode_Reward/joint_vel_l2: -0.2425
           Episode_Reward/feet_yaw_mean: -0.1263
               Episode_Reward/flat_feet: -0.1859
        Episode_Reward/illegal_contacts: -0.0254
         Episode_Reward/severely_tilted: -0.0172
        Episode_Reward/base_height_fine: 0.4292
--------------------------------------------------------------------------------
                         Iteration time: 1.07s
                           Time elapsed: 0:00:05
                                    ETA: 0:00:37

################################################################################
[1m                            Learning iteration 4/30                             [0m 

                               Run name: height_tracking_g1
                            Total steps: 245760 
                       Steps per second: 37124 
                        Collection time: 1.175s 
                          Learning time: 0.149s 
                        Mean value loss: 2783773910997401.5000
                    Mean surrogate loss: 0.0129
                      Mean entropy loss: 40.8869
                     Mean symmetry loss: 75663139615539.2031
                   Mean l2c2_actor loss: 0.0019
                  Mean l2c2_critic loss: 0.0299
                            Mean reward: -34758883101105647616.00
                    Mean episode length: 72.20
                        Mean action std: 0.99
                    Entropy coefficient: 0.002500
              Episode_Reward/feet_slide: -7214969.0000
            Metrics/height/height_error: nan
      Episode_Termination/invalid_state: 0.0389
         Curriculum/polish_joint_vel_l2: -0.0010
           Episode_Reward/torque_limits: -17498154.0000
           Episode_Reward/feet_distance: -0.0502
         Episode_Reward/ground_unloaded: -0.0776
           Episode_Termination/time_out: 0.1367
               Curriculum/adaptive_lift: 1.0000
              Episode_Reward/not_moving: -0.3997
           Episode_Reward/body_velocity: -120083179607425024.0000
           Curriculum/polish_not_moving: -1.0000
 Episode_Reward/joint_deviation_l1_arms: -0.0960
    Episode_Reward/joint_tracking_error: -895422753329381376.0000
           Episode_Reward/ankle_torques: -0.0359
             Episode_Reward/action_rate: -554862194458624.0000
          Curriculum/polish_ground_slam: -1.0000
              Episode_Reward/torso_slam: -2715.8809
            Episode_Reward/joint_acc_l2: -122481780195328.0000
      Episode_Reward/base_height_medium: 0.2867
        Curriculum/random_fallen_states: 0.0000
       Episode_Reward/base_height_rough: 0.1898
        Episode_Reward/action_rate_rate: -83229335879680.0000
           Episode_Reward/torso_upright: -0.0022
        Episode_Reward/joint_vel_limits: -0.0006
           Episode_Reward/forward_pitch: -0.1143
     Episode_Reward/completely_airborne: -0.5108
             Episode_Reward/ground_slam: -240993398117367808.0000
        Episode_Reward/joint_torques_l2: -0.1180
              Episode_Reward/relaxation: -523026411338858496.0000
              Episode_Reward/torso_roll: -0.1841
              Curriculum/terrain_levels: 0.0000
     Curriculum/polish_action_rate_rate: -0.1500
      Episode_Reward/joint_deviation_l1: -0.1570
  Episode_Reward/feet_distance_standing: -0.0570
        Episode_Reward/joint_pos_limits: -2855976.0000
           Curriculum/polish_torso_slam: -5.0000
            Episode_Reward/joint_vel_l2: -146073435464794112.0000
           Episode_Reward/feet_yaw_mean: -0.1372
               Episode_Reward/flat_feet: -0.1869
        Episode_Reward/illegal_contacts: -0.0254
         Episode_Reward/severely_tilted: -0.0101
        Episode_Reward/base_height_fine: 0.4521
--------------------------------------------------------------------------------
                         Iteration time: 1.32s
                           Time elapsed: 0:00:07
                                    ETA: 0:00:35

################################################################################
[1m                            Learning iteration 5/30                             [0m 

                               Run name: height_tracking_g1
                            Total steps: 294912 
                       Steps per second: 32938 
                        Collection time: 1.344s 
                          Learning time: 0.149s 
                        Mean value loss: 278382166465839104.0000
                    Mean surrogate loss: 0.0198
                      Mean entropy loss: 40.8883
                     Mean symmetry loss: 8430306656360858.0000
                   Mean l2c2_actor loss: 0.0019
                  Mean l2c2_critic loss: 0.0300
                            Mean reward: -2589924486429937238016.00
                    Mean episode length: 91.37
                        Mean action std: 0.99
                    Entropy coefficient: 0.002500
              Episode_Reward/feet_slide: -23960718.0000
            Metrics/height/height_error: nan
      Episode_Termination/invalid_state: 0.0480
         Curriculum/polish_joint_vel_l2: -0.0010
           Episode_Reward/torque_limits: -175318848.0000
           Episode_Reward/feet_distance: -0.0698
         Episode_Reward/ground_unloaded: -0.1081
           Episode_Termination/time_out: 0.1713
               Curriculum/adaptive_lift: 1.0000
              Episode_Reward/not_moving: -0.5971
           Episode_Reward/body_velocity: -1418667005409492992.0000
           Curriculum/polish_not_moving: -1.0000
 Episode_Reward/joint_deviation_l1_arms: -0.1328
    Episode_Reward/joint_tracking_error: -93162790101832433664.0000
           Episode_Reward/ankle_torques: -0.0475
             Episode_Reward/action_rate: -64683646291804160.0000
          Curriculum/polish_ground_slam: -1.0000
              Episode_Reward/torso_slam: -1.7863
            Episode_Reward/joint_acc_l2: -150055671562240.0000
      Episode_Reward/base_height_medium: 0.4170
        Curriculum/random_fallen_states: 0.0000
       Episode_Reward/base_height_rough: 0.2729
        Episode_Reward/action_rate_rate: -9702548017512448.0000
           Episode_Reward/torso_upright: -0.0072
        Episode_Reward/joint_vel_limits: -0.0008
           Episode_Reward/forward_pitch: -0.1439
     Episode_Reward/completely_airborne: -0.6644
             Episode_Reward/ground_slam: -2900583142328893440.0000
        Episode_Reward/joint_torques_l2: -0.1578
              Episode_Reward/relaxation: -45615474085915000832.0000
              Episode_Reward/torso_roll: -0.2543
              Curriculum/terrain_levels: 0.0000
     Curriculum/polish_action_rate_rate: -0.1500
      Episode_Reward/joint_deviation_l1: -0.2184
  Episode_Reward/feet_distance_standing: -0.0843
        Episode_Reward/joint_pos_limits: -35821504.0000
           Curriculum/polish_torso_slam: -5.0000
            Episode_Reward/joint_vel_l2: -1864179083940724736.0000
           Episode_Reward/feet_yaw_mean: -0.1890
               Episode_Reward/flat_feet: -0.2554
        Episode_Reward/illegal_contacts: -0.0345
         Episode_Reward/severely_tilted: -0.0208
        Episode_Reward/base_height_fine: 0.6607
--------------------------------------------------------------------------------
                         Iteration time: 1.49s
                           Time elapsed: 0:00:08
                                    ETA: 0:00:34

################################################################################
[1m                            Learning iteration 6/30                             [0m 

                               Run name: height_tracking_g1
                            Total steps: 344064 
                       Steps per second: 32879 
                        Collection time: 1.344s 
                          Learning time: 0.151s 
                        Mean value loss: 2926405166035265024.0000
                    Mean surrogate loss: 0.0214
                      Mean entropy loss: 40.8903
                     Mean symmetry loss: 86574617643397936.0000
                   Mean l2c2_actor loss: 0.0019
                  Mean l2c2_critic loss: 0.0306
                            Mean reward: -24258988489356290818048.00
                    Mean episode length: 93.73
                        Mean action std: 0.99
                    Entropy coefficient: 0.002500
              Episode_Reward/feet_slide: -59267416.0000
            Metrics/height/height_error: nan
      Episode_Termination/invalid_state: 0.0568
         Curriculum/polish_joint_vel_l2: -0.0010
           Episode_Reward/torque_limits: -714852672.0000
           Episode_Reward/feet_distance: -0.0638
         Episode_Reward/ground_unloaded: -0.1059
           Episode_Termination/time_out: 0.2004
               Curriculum/adaptive_lift: 1.0000
              Episode_Reward/not_moving: -0.6297
           Episode_Reward/body_velocity: -5849351282233442304.0000
           Curriculum/polish_not_moving: -1.0000
 Episode_Reward/joint_deviation_l1_arms: -0.1406
    Episode_Reward/joint_tracking_error: -1158037453046051504128.0000
           Episode_Reward/ankle_torques: -0.0448
             Episode_Reward/action_rate: -848461787073347584.0000
          Curriculum/polish_ground_slam: -1.0000
              Episode_Reward/torso_slam: -1.5865
            Episode_Reward/joint_acc_l2: -192143582822400.0000
      Episode_Reward/base_height_medium: 0.4426
        Curriculum/random_fallen_states: 0.0000
       Episode_Reward/base_height_rough: 0.2832
        Episode_Reward/action_rate_rate: -127269278368923648.0000
           Episode_Reward/torso_upright: -0.0075
        Episode_Reward/joint_vel_limits: -0.0008
           Episode_Reward/forward_pitch: -0.1741
     Episode_Reward/completely_airborne: -0.6548
             Episode_Reward/ground_slam: -12508009093207687168.0000
        Episode_Reward/joint_torques_l2: -0.1590
              Episode_Reward/relaxation: -577997816782496202752.0000
              Episode_Reward/torso_roll: -0.2436
              Curriculum/terrain_levels: 0.0000
     Curriculum/polish_action_rate_rate: -0.1500
      Episode_Reward/joint_deviation_l1: -0.2338
  Episode_Reward/feet_distance_standing: -0.0736
        Episode_Reward/joint_pos_limits: -154998208.0000
           Curriculum/polish_torso_slam: -5.0000
            Episode_Reward/joint_vel_l2: -8096925672733147136.0000
           Episode_Reward/feet_yaw_mean: -0.1746
               Episode_Reward/flat_feet: -0.2673
        Episode_Reward/illegal_contacts: -0.0318
         Episode_Reward/severely_tilted: -0.0177
        Episode_Reward/base_height_fine: 0.7129
--------------------------------------------------------------------------------
                         Iteration time: 1.49s
                           Time elapsed: 0:00:10
                                    ETA: 0:00:33

################################################################################
[1m                            Learning iteration 7/30                             [0m 

                               Run name: height_tracking_g1
                            Total steps: 393216 
                       Steps per second: 32748 
                        Collection time: 1.350s 
                          Learning time: 0.151s 
                        Mean value loss: 13288069657185693696.0000
                    Mean surrogate loss: 0.0218
                      Mean entropy loss: 40.8926
                     Mean symmetry loss: 387185620351660864.0000
                   Mean l2c2_actor loss: 0.0019
                  Mean l2c2_critic loss: 0.0317
                            Mean reward: -97219768437700978278400.00
                    Mean episode length: 99.16
                        Mean action std: 0.99
                    Entropy coefficient: 0.002500
              Episode_Reward/feet_slide: -73735112.0000
            Metrics/height/height_error: nan
      Episode_Termination/invalid_state: 0.0652
         Curriculum/polish_joint_vel_l2: -0.0010
           Episode_Reward/torque_limits: -1191511040.0000
           Episode_Reward/feet_distance: -0.0763
         Episode_Reward/ground_unloaded: -0.1166
           Episode_Termination/time_out: 0.2264
               Curriculum/adaptive_lift: 1.0000
              Episode_Reward/not_moving: -0.6147
           Episode_Reward/body_velocity: -9459547134501060608.0000
           Curriculum/polish_not_moving: -1.0000
 Episode_Reward/joint_deviation_l1_arms: -0.1346
    Episode_Reward/joint_tracking_error: -4017734129596187541504.0000
           Episode_Reward/ankle_torques: -0.0536
             Episode_Reward/action_rate: -3016538738105778176.0000
          Curriculum/polish_ground_slam: -1.0000
              Episode_Reward/torso_slam: -5362274722119680.0000
            Episode_Reward/joint_acc_l2: -414053906251776.0000
      Episode_Reward/base_height_medium: 0.4407
        Curriculum/random_fallen_states: 0.0000
       Episode_Reward/base_height_rough: 0.2924
        Episode_Reward/action_rate_rate: -452480851947552768.0000
           Episode_Reward/torso_upright: -0.0053
        Episode_Reward/joint_vel_limits: -0.0009
           Episode_Reward/forward_pitch: -0.1917
     Episode_Reward/completely_airborne: -0.7351
             Episode_Reward/ground_slam: -19261541563519467520.0000
        Episode_Reward/joint_torques_l2: -0.1780
              Episode_Reward/relaxation: -2511923224562540478464.0000
              Episode_Reward/torso_roll: -0.2923
              Curriculum/terrain_levels: 0.0000
     Curriculum/polish_action_rate_rate: -0.1500
      Episode_Reward/joint_deviation_l1: -0.2071
  Episode_Reward/feet_distance_standing: -0.0755
        Episode_Reward/joint_pos_limits: -263655264.0000
           Curriculum/polish_torso_slam: -5.0000
            Episode_Reward/joint_vel_l2: -13835795827584401408.0000
           Episode_Reward/feet_yaw_mean: -0.2150
               Episode_Reward/flat_feet: -0.3067
        Episode_Reward/illegal_contacts: -0.0430
         Episode_Reward/severely_tilted: -0.0180
        Episode_Reward/base_height_fine: 0.6939
--------------------------------------------------------------------------------
                         Iteration time: 1.50s
                           Time elapsed: 0:00:11
                                    ETA: 0:00:31

################################################################################
[1m                            Learning iteration 8/30                             [0m 

                               Run name: height_tracking_g1
                            Total steps: 442368 
                       Steps per second: 32376 
                        Collection time: 1.369s 
                          Learning time: 0.149s 
                        Mean value loss: 40642578706553896960.0000
                    Mean surrogate loss: 0.0220
                      Mean entropy loss: 40.8950
                     Mean symmetry loss: 1171574231463781888.0000
                   Mean l2c2_actor loss: 0.0019
                  Mean l2c2_critic loss: 0.0319
                            Mean reward: -262190355490312707637248.00
                    Mean episode length: 93.41
                        Mean action std: 0.99
                    Entropy coefficient: 0.002500
              Episode_Reward/feet_slide: -258539200.0000
            Metrics/height/height_error: 0.0405
      Episode_Termination/invalid_state: 0.0734
         Curriculum/polish_joint_vel_l2: -0.0010
           Episode_Reward/torque_limits: -2268633600.0000
           Episode_Reward/feet_distance: -0.0685
         Episode_Reward/ground_unloaded: -0.0921
           Episode_Termination/time_out: 0.2539
               Curriculum/adaptive_lift: 1.0000
              Episode_Reward/not_moving: -0.5640
           Episode_Reward/body_velocity: -49082506927176417280.0000
           Curriculum/polish_not_moving: -1.0000
 Episode_Reward/joint_deviation_l1_arms: -0.1168
    Episode_Reward/joint_tracking_error: -11306374684706363932672.0000
           Episode_Reward/ankle_torques: -0.0537
             Episode_Reward/action_rate: -8597534416371187712.0000
          Curriculum/polish_ground_slam: -1.0000
              Episode_Reward/torso_slam: -1.4024
            Episode_Reward/joint_acc_l2: -845816969297920.0000
      Episode_Reward/base_height_medium: 0.3861
        Curriculum/random_fallen_states: 0.0000
       Episode_Reward/base_height_rough: 0.2564
        Episode_Reward/action_rate_rate: -1289630244919050240.0000
           Episode_Reward/torso_upright: -0.0061
        Episode_Reward/joint_vel_limits: -0.0007
           Episode_Reward/forward_pitch: -0.1876
     Episode_Reward/completely_airborne: -0.6172
             Episode_Reward/ground_slam: -170043378700860260352.0000
        Episode_Reward/joint_torques_l2: -0.1551
              Episode_Reward/relaxation: -3851285590968201379840.0000
              Episode_Reward/torso_roll: -0.2643
              Curriculum/terrain_levels: 0.0000
     Curriculum/polish_action_rate_rate: -0.1500
      Episode_Reward/joint_deviation_l1: -0.1793
  Episode_Reward/feet_distance_standing: -0.0647
        Episode_Reward/joint_pos_limits: -479813120.0000
           Curriculum/polish_torso_slam: -5.0000
            Episode_Reward/joint_vel_l2: -27389415190039625728.0000
           Episode_Reward/feet_yaw_mean: -0.1561
               Episode_Reward/flat_feet: -0.2940
        Episode_Reward/illegal_contacts: -0.0406
         Episode_Reward/severely_tilted: -0.0122
        Episode_Reward/base_height_fine: 0.6204
--------------------------------------------------------------------------------
                         Iteration time: 1.52s
                           Time elapsed: 0:00:13
                                    ETA: 0:00:30

################################################################################
[1m                            Learning iteration 9/30                             [0m 

                               Run name: height_tracking_g1
                            Total steps: 491520 
                       Steps per second: 32277 
                        Collection time: 1.374s 
                          Learning time: 0.149s 
                        Mean value loss: 97344749592729616384.0000
                    Mean surrogate loss: 0.0225
                      Mean entropy loss: 40.8975
                     Mean symmetry loss: 2949867843946859520.0000
                   Mean l2c2_actor loss: 0.0018
                  Mean l2c2_critic loss: 0.0313
                            Mean reward: -588612891198718985895936.00
                    Mean episode length: 130.32
                        Mean action std: 0.99
                    Entropy coefficient: 0.002500
              Episode_Reward/feet_slide: -505657792.0000
            Metrics/height/height_error: nan
      Episode_Termination/invalid_state: 0.0808
         Curriculum/polish_joint_vel_l2: -0.0010
           Episode_Reward/torque_limits: -4700706816.0000
           Episode_Reward/feet_distance: -0.0945
         Episode_Reward/ground_unloaded: -0.1348
           Episode_Termination/time_out: 0.2796
               Curriculum/adaptive_lift: 1.0000
              Episode_Reward/not_moving: -0.8086
           Episode_Reward/body_velocity: -177415050011237941248.0000
           Curriculum/polish_not_moving: -1.0000
 Episode_Reward/joint_deviation_l1_arms: -0.1713
    Episode_Reward/joint_tracking_error: -29882462139713996193792.0000
           Episode_Reward/ankle_torques: -0.0671
             Episode_Reward/action_rate: -22899867321272107008.0000
          Curriculum/polish_ground_slam: -1.0000
              Episode_Reward/torso_slam: -2.0010
            Episode_Reward/joint_acc_l2: -902871784620032.0000
      Episode_Reward/base_height_medium: 0.5467
        Curriculum/random_fallen_states: 0.0000
       Episode_Reward/base_height_rough: 0.3534
        Episode_Reward/action_rate_rate: -3434979878288490496.0000
           Episode_Reward/torso_upright: -0.0113
        Episode_Reward/joint_vel_limits: -0.0010
           Episode_Reward/forward_pitch: -0.2172
     Episode_Reward/completely_airborne: -0.8082
             Episode_Reward/ground_slam: -561836579150933000192.0000
        Episode_Reward/joint_torques_l2: -0.2152
              Episode_Reward/relaxation: -18658758907467365613568.0000
              Episode_Reward/torso_roll: -0.3487
              Curriculum/terrain_levels: 0.0000
     Curriculum/polish_action_rate_rate: -0.1500
      Episode_Reward/joint_deviation_l1: -0.2690
  Episode_Reward/feet_distance_standing: -0.0923
        Episode_Reward/joint_pos_limits: -949521280.0000
           Curriculum/polish_torso_slam: -5.0000
            Episode_Reward/joint_vel_l2: -59668367384892145664.0000
           Episode_Reward/feet_yaw_mean: -0.2273
               Episode_Reward/flat_feet: -0.3718
        Episode_Reward/illegal_contacts: -0.0508
         Episode_Reward/severely_tilted: -0.0167
        Episode_Reward/base_height_fine: 0.8844
--------------------------------------------------------------------------------
                         Iteration time: 1.52s
                           Time elapsed: 0:00:14
                                    ETA: 0:00:29

nefc overflow - please increase njmax to 302
################################################################################
[1m                            Learning iteration 10/30                            [0m 

                               Run name: height_tracking_g1
                            Total steps: 540672 
                       Steps per second: 32392 
                        Collection time: 1.369s 
                          Learning time: 0.149s 
                        Mean value loss: 199939893707484954624.0000
                    Mean surrogate loss: 0.0234
                      Mean entropy loss: 40.9002
                     Mean symmetry loss: 6682637279966737408.0000
                   Mean l2c2_actor loss: 0.0018
                  Mean l2c2_critic loss: 0.0314
                            Mean reward: -1067115145357704015380480.00
                    Mean episode length: 108.31
                        Mean action std: 0.99
                    Entropy coefficient: 0.002500
              Episode_Reward/feet_slide: -617123584.0000
            Metrics/height/height_error: 0.0473
      Episode_Termination/invalid_state: 0.0884
         Curriculum/polish_joint_vel_l2: -0.0010
           Episode_Reward/torque_limits: -6786064384.0000
           Episode_Reward/feet_distance: -0.0700
         Episode_Reward/ground_unloaded: -0.1164
           Episode_Termination/time_out: 0.3066
               Curriculum/adaptive_lift: 1.0000
              Episode_Reward/not_moving: -0.6321
           Episode_Reward/body_velocity: -324751684011175182336.0000
           Curriculum/polish_not_moving: -1.0000
 Episode_Reward/joint_deviation_l1_arms: -0.1376
    Episode_Reward/joint_tracking_error: -55878281772210235375616.0000
           Episode_Reward/ankle_torques: -0.0547
             Episode_Reward/action_rate: -43274486287031074816.0000
          Curriculum/polish_ground_slam: -1.0000
              Episode_Reward/torso_slam: -134741336052989952.0000
            Episode_Reward/joint_acc_l2: -11533339030716416.0000
      Episode_Reward/base_height_medium: 0.4640
        Curriculum/random_fallen_states: 0.0000
       Episode_Reward/base_height_rough: 0.3089
        Episode_Reward/action_rate_rate: -6491173053005824000.0000
           Episode_Reward/torso_upright: -0.0094
        Episode_Reward/joint_vel_limits: -0.0009
           Episode_Reward/forward_pitch: -0.1634
     Episode_Reward/completely_airborne: -0.7360
             Episode_Reward/ground_slam: -1003011731922937184256.0000
        Episode_Reward/joint_torques_l2: -0.1838
              Episode_Reward/relaxation: -23746165784033433223168.0000
              Episode_Reward/torso_roll: -0.2986
              Curriculum/terrain_levels: 0.0000
     Curriculum/polish_action_rate_rate: -0.1500
      Episode_Reward/joint_deviation_l1: -0.2125
  Episode_Reward/feet_distance_standing: -0.0656
        Episode_Reward/joint_pos_limits: -1326802688.0000
           Curriculum/polish_torso_slam: -5.0000
            Episode_Reward/joint_vel_l2: -94412248727358013440.0000
           Episode_Reward/feet_yaw_mean: -0.2012
               Episode_Reward/flat_feet: -0.3213
        Episode_Reward/illegal_contacts: -0.0445
         Episode_Reward/severely_tilted: -0.0187
        Episode_Reward/base_height_fine: 0.7282
--------------------------------------------------------------------------------
                         Iteration time: 1.52s
                           Time elapsed: 0:00:16
                                    ETA: 0:00:27

Traceback (most recent call last):
  File "/workspace/WBC-AGILE-NEWTON/scripts/train.py", line 221, in <module>
    main()
  File "/workspace/WBC-AGILE-NEWTON/.venv/lib/python3.12/site-packages/isaaclab_tasks/utils/hydra.py", line 485, in wrapper
    _run_hydra(task, env_cfg, agent_cfg, hydra_args, lambda e, a: func(e, a, *args, **kwargs))
  File "/workspace/WBC-AGILE-NEWTON/.venv/lib/python3.12/site-packages/isaaclab_tasks/utils/hydra.py", line 426, in _run_hydra
    callback(env_cfg, agent_cfg)
  File "/workspace/WBC-AGILE-NEWTON/.venv/lib/python3.12/site-packages/isaaclab_tasks/utils/hydra.py", line 485, in <lambda>
    _run_hydra(task, env_cfg, agent_cfg, hydra_args, lambda e, a: func(e, a, *args, **kwargs))
                                                                  ^^^^^^^^^^^^^^^^^^^^^^^^^^^
  File "/workspace/WBC-AGILE-NEWTON/scripts/train.py", line 213, in main
    runner.learn(num_learning_iterations=agent_cfg.max_iterations, init_at_random_ep_len=True)
  File "/workspace/WBC-AGILE-NEWTON/.venv/lib/python3.12/site-packages/rsl_rl/runners/on_policy_runner.py", line 100, in learn
    check_nan(obs, rewards, dones)
  File "/workspace/WBC-AGILE-NEWTON/.venv/lib/python3.12/site-packages/rsl_rl/utils/utils.py", line 279, in check_nan
    raise ValueError(
ValueError: The observation group 'policy' returned by the environment contains NaN values. This usually indicates a bug in the environment's step() or reset() function.
